============================= test session starts ==============================
platform linux -- Python 3.14.0, pytest-9.0.2, pluggy-1.6.0
rootdir: /app
configfile: pyproject.toml
collected 53 items

tinyops/image/blur_test.py ......                                        [ 11%]
tinyops/image/box_filter_test.py ......                                  [ 22%]
tinyops/image/cvt_color_test.py ..                                       [ 26%]
tinyops/image/dilate_test.py .....                                       [ 35%]
tinyops/image/equalize_hist_test.py .                                    [ 37%]
tinyops/image/erode_test.py .....                                        [ 47%]
tinyops/image/filter2d_test.py ...                                       [ 52%]
tinyops/image/flip_test.py .                                             [ 54%]
tinyops/image/gaussian_blur_test.py ......                               [ 66%]
tinyops/image/laplacian_test.py ...                                      [ 71%]
tinyops/image/morphology_test.py .....                                   [ 81%]
tinyops/image/normalize_test.py ..                                       [ 84%]
tinyops/image/resize_test.py ..                                          [ 88%]
tinyops/image/rotate_test.py .                                           [ 90%]
tinyops/image/scharr_test.py ....                                        [ 98%]
tinyops/image/threshold_test.py .                                        [100%]

=============================== warnings summary ===============================
tinyops/image/blur_test.py::test_blur_color[ksize0]
  /app/.venv/lib/python3.14/site-packages/tinygrad/runtime/autogen/libc.py:348: DeprecationWarning: Due to '_pack_', the 'struct___locale_struct' Structure will use memory layout compatible with MSVC (Windows). If this is intended, set _layout_ to 'ms'. The implicit default is deprecated and slated to become an error in Python 3.19.
    struct___locale_struct._fields_ = [

tinyops/image/blur_test.py::test_blur_color[ksize0]
  /app/.venv/lib/python3.14/site-packages/tinygrad/runtime/autogen/libc.py:3680: DeprecationWarning: Due to '_pack_', the 'struct_c__SA_Elf32_Ehdr' Structure will use memory layout compatible with MSVC (Windows). If this is intended, set _layout_ to 'ms'. The implicit default is deprecated and slated to become an error in Python 3.19.
    struct_c__SA_Elf32_Ehdr._fields_ = [

tinyops/image/blur_test.py::test_blur_color[ksize0]
  /app/.venv/lib/python3.14/site-packages/tinygrad/runtime/autogen/libc.py:3702: DeprecationWarning: Due to '_pack_', the 'struct_c__SA_Elf64_Ehdr' Structure will use memory layout compatible with MSVC (Windows). If this is intended, set _layout_ to 'ms'. The implicit default is deprecated and slated to become an error in Python 3.19.
    struct_c__SA_Elf64_Ehdr._fields_ = [

tinyops/image/blur_test.py::test_blur_color[ksize0]
  /app/.venv/lib/python3.14/site-packages/tinygrad/runtime/autogen/libc.py:3724: DeprecationWarning: Due to '_pack_', the 'struct_c__SA_Elf32_Shdr' Structure will use memory layout compatible with MSVC (Windows). If this is intended, set _layout_ to 'ms'. The implicit default is deprecated and slated to become an error in Python 3.19.
    struct_c__SA_Elf32_Shdr._fields_ = [

tinyops/image/blur_test.py::test_blur_color[ksize0]
  /app/.venv/lib/python3.14/site-packages/tinygrad/runtime/autogen/libc.py:3742: DeprecationWarning: Due to '_pack_', the 'struct_c__SA_Elf64_Shdr' Structure will use memory layout compatible with MSVC (Windows). If this is intended, set _layout_ to 'ms'. The implicit default is deprecated and slated to become an error in Python 3.19.
    struct_c__SA_Elf64_Shdr._fields_ = [

tinyops/image/blur_test.py::test_blur_color[ksize0]
  /app/.venv/lib/python3.14/site-packages/tinygrad/runtime/autogen/libc.py:3760: DeprecationWarning: Due to '_pack_', the 'struct_c__SA_Elf32_Chdr' Structure will use memory layout compatible with MSVC (Windows). If this is intended, set _layout_ to 'ms'. The implicit default is deprecated and slated to become an error in Python 3.19.
    struct_c__SA_Elf32_Chdr._fields_ = [

tinyops/image/blur_test.py::test_blur_color[ksize0]
  /app/.venv/lib/python3.14/site-packages/tinygrad/runtime/autogen/libc.py:3771: DeprecationWarning: Due to '_pack_', the 'struct_c__SA_Elf64_Chdr' Structure will use memory layout compatible with MSVC (Windows). If this is intended, set _layout_ to 'ms'. The implicit default is deprecated and slated to become an error in Python 3.19.
    struct_c__SA_Elf64_Chdr._fields_ = [

tinyops/image/blur_test.py::test_blur_color[ksize0]
  /app/.venv/lib/python3.14/site-packages/tinygrad/runtime/autogen/libc.py:3783: DeprecationWarning: Due to '_pack_', the 'struct_c__SA_Elf32_Sym' Structure will use memory layout compatible with MSVC (Windows). If this is intended, set _layout_ to 'ms'. The implicit default is deprecated and slated to become an error in Python 3.19.
    struct_c__SA_Elf32_Sym._fields_ = [

tinyops/image/blur_test.py::test_blur_color[ksize0]
  /app/.venv/lib/python3.14/site-packages/tinygrad/runtime/autogen/libc.py:3797: DeprecationWarning: Due to '_pack_', the 'struct_c__SA_Elf64_Sym' Structure will use memory layout compatible with MSVC (Windows). If this is intended, set _layout_ to 'ms'. The implicit default is deprecated and slated to become an error in Python 3.19.
    struct_c__SA_Elf64_Sym._fields_ = [

tinyops/image/blur_test.py::test_blur_color[ksize0]
  /app/.venv/lib/python3.14/site-packages/tinygrad/runtime/autogen/libc.py:3811: DeprecationWarning: Due to '_pack_', the 'struct_c__SA_Elf32_Syminfo' Structure will use memory layout compatible with MSVC (Windows). If this is intended, set _layout_ to 'ms'. The implicit default is deprecated and slated to become an error in Python 3.19.
    struct_c__SA_Elf32_Syminfo._fields_ = [

tinyops/image/blur_test.py::test_blur_color[ksize0]
  /app/.venv/lib/python3.14/site-packages/tinygrad/runtime/autogen/libc.py:3821: DeprecationWarning: Due to '_pack_', the 'struct_c__SA_Elf64_Syminfo' Structure will use memory layout compatible with MSVC (Windows). If this is intended, set _layout_ to 'ms'. The implicit default is deprecated and slated to become an error in Python 3.19.
    struct_c__SA_Elf64_Syminfo._fields_ = [

tinyops/image/blur_test.py::test_blur_color[ksize0]
  /app/.venv/lib/python3.14/site-packages/tinygrad/runtime/autogen/libc.py:3831: DeprecationWarning: Due to '_pack_', the 'struct_c__SA_Elf32_Rel' Structure will use memory layout compatible with MSVC (Windows). If this is intended, set _layout_ to 'ms'. The implicit default is deprecated and slated to become an error in Python 3.19.
    struct_c__SA_Elf32_Rel._fields_ = [

tinyops/image/blur_test.py::test_blur_color[ksize0]
  /app/.venv/lib/python3.14/site-packages/tinygrad/runtime/autogen/libc.py:3841: DeprecationWarning: Due to '_pack_', the 'struct_c__SA_Elf64_Rel' Structure will use memory layout compatible with MSVC (Windows). If this is intended, set _layout_ to 'ms'. The implicit default is deprecated and slated to become an error in Python 3.19.
    struct_c__SA_Elf64_Rel._fields_ = [

tinyops/image/blur_test.py::test_blur_color[ksize0]
  /app/.venv/lib/python3.14/site-packages/tinygrad/runtime/autogen/libc.py:3851: DeprecationWarning: Due to '_pack_', the 'struct_c__SA_Elf32_Rela' Structure will use memory layout compatible with MSVC (Windows). If this is intended, set _layout_ to 'ms'. The implicit default is deprecated and slated to become an error in Python 3.19.
    struct_c__SA_Elf32_Rela._fields_ = [

tinyops/image/blur_test.py::test_blur_color[ksize0]
  /app/.venv/lib/python3.14/site-packages/tinygrad/runtime/autogen/libc.py:3862: DeprecationWarning: Due to '_pack_', the 'struct_c__SA_Elf64_Rela' Structure will use memory layout compatible with MSVC (Windows). If this is intended, set _layout_ to 'ms'. The implicit default is deprecated and slated to become an error in Python 3.19.
    struct_c__SA_Elf64_Rela._fields_ = [

tinyops/image/blur_test.py::test_blur_color[ksize0]
  /app/.venv/lib/python3.14/site-packages/tinygrad/runtime/autogen/libc.py:3875: DeprecationWarning: Due to '_pack_', the 'struct_c__SA_Elf32_Phdr' Structure will use memory layout compatible with MSVC (Windows). If this is intended, set _layout_ to 'ms'. The implicit default is deprecated and slated to become an error in Python 3.19.
    struct_c__SA_Elf32_Phdr._fields_ = [

tinyops/image/blur_test.py::test_blur_color[ksize0]
  /app/.venv/lib/python3.14/site-packages/tinygrad/runtime/autogen/libc.py:3891: DeprecationWarning: Due to '_pack_', the 'struct_c__SA_Elf64_Phdr' Structure will use memory layout compatible with MSVC (Windows). If this is intended, set _layout_ to 'ms'. The implicit default is deprecated and slated to become an error in Python 3.19.
    struct_c__SA_Elf64_Phdr._fields_ = [

tinyops/image/blur_test.py::test_blur_color[ksize0]
  /app/.venv/lib/python3.14/site-packages/tinygrad/runtime/autogen/libc.py:3910: DeprecationWarning: Due to '_pack_', the 'union_c__SA_Elf32_Dyn_d_un' Union will use memory layout compatible with MSVC (Windows). If this is intended, set _layout_ to 'ms'. The implicit default is deprecated and slated to become an error in Python 3.19.
    union_c__SA_Elf32_Dyn_d_un._fields_ = [

tinyops/image/blur_test.py::test_blur_color[ksize0]
  /app/.venv/lib/python3.14/site-packages/tinygrad/runtime/autogen/libc.py:3916: DeprecationWarning: Due to '_pack_', the 'struct_c__SA_Elf32_Dyn' Structure will use memory layout compatible with MSVC (Windows). If this is intended, set _layout_ to 'ms'. The implicit default is deprecated and slated to become an error in Python 3.19.
    struct_c__SA_Elf32_Dyn._fields_ = [

tinyops/image/blur_test.py::test_blur_color[ksize0]
  /app/.venv/lib/python3.14/site-packages/tinygrad/runtime/autogen/libc.py:3929: DeprecationWarning: Due to '_pack_', the 'union_c__SA_Elf64_Dyn_d_un' Union will use memory layout compatible with MSVC (Windows). If this is intended, set _layout_ to 'ms'. The implicit default is deprecated and slated to become an error in Python 3.19.
    union_c__SA_Elf64_Dyn_d_un._fields_ = [

tinyops/image/blur_test.py::test_blur_color[ksize0]
  /app/.venv/lib/python3.14/site-packages/tinygrad/runtime/autogen/libc.py:3935: DeprecationWarning: Due to '_pack_', the 'struct_c__SA_Elf64_Dyn' Structure will use memory layout compatible with MSVC (Windows). If this is intended, set _layout_ to 'ms'. The implicit default is deprecated and slated to become an error in Python 3.19.
    struct_c__SA_Elf64_Dyn._fields_ = [

tinyops/image/blur_test.py::test_blur_color[ksize0]
  /app/.venv/lib/python3.14/site-packages/tinygrad/runtime/autogen/libc.py:3945: DeprecationWarning: Due to '_pack_', the 'struct_c__SA_Elf32_Verdef' Structure will use memory layout compatible with MSVC (Windows). If this is intended, set _layout_ to 'ms'. The implicit default is deprecated and slated to become an error in Python 3.19.
    struct_c__SA_Elf32_Verdef._fields_ = [

tinyops/image/blur_test.py::test_blur_color[ksize0]
  /app/.venv/lib/python3.14/site-packages/tinygrad/runtime/autogen/libc.py:3960: DeprecationWarning: Due to '_pack_', the 'struct_c__SA_Elf64_Verdef' Structure will use memory layout compatible with MSVC (Windows). If this is intended, set _layout_ to 'ms'. The implicit default is deprecated and slated to become an error in Python 3.19.
    struct_c__SA_Elf64_Verdef._fields_ = [

tinyops/image/blur_test.py::test_blur_color[ksize0]
  /app/.venv/lib/python3.14/site-packages/tinygrad/runtime/autogen/libc.py:3975: DeprecationWarning: Due to '_pack_', the 'struct_c__SA_Elf32_Verdaux' Structure will use memory layout compatible with MSVC (Windows). If this is intended, set _layout_ to 'ms'. The implicit default is deprecated and slated to become an error in Python 3.19.
    struct_c__SA_Elf32_Verdaux._fields_ = [

tinyops/image/blur_test.py::test_blur_color[ksize0]
  /app/.venv/lib/python3.14/site-packages/tinygrad/runtime/autogen/libc.py:3985: DeprecationWarning: Due to '_pack_', the 'struct_c__SA_Elf64_Verdaux' Structure will use memory layout compatible with MSVC (Windows). If this is intended, set _layout_ to 'ms'. The implicit default is deprecated and slated to become an error in Python 3.19.
    struct_c__SA_Elf64_Verdaux._fields_ = [

tinyops/image/blur_test.py::test_blur_color[ksize0]
  /app/.venv/lib/python3.14/site-packages/tinygrad/runtime/autogen/libc.py:3995: DeprecationWarning: Due to '_pack_', the 'struct_c__SA_Elf32_Verneed' Structure will use memory layout compatible with MSVC (Windows). If this is intended, set _layout_ to 'ms'. The implicit default is deprecated and slated to become an error in Python 3.19.
    struct_c__SA_Elf32_Verneed._fields_ = [

tinyops/image/blur_test.py::test_blur_color[ksize0]
  /app/.venv/lib/python3.14/site-packages/tinygrad/runtime/autogen/libc.py:4008: DeprecationWarning: Due to '_pack_', the 'struct_c__SA_Elf64_Verneed' Structure will use memory layout compatible with MSVC (Windows). If this is intended, set _layout_ to 'ms'. The implicit default is deprecated and slated to become an error in Python 3.19.
    struct_c__SA_Elf64_Verneed._fields_ = [

tinyops/image/blur_test.py::test_blur_color[ksize0]
  /app/.venv/lib/python3.14/site-packages/tinygrad/runtime/autogen/libc.py:4021: DeprecationWarning: Due to '_pack_', the 'struct_c__SA_Elf32_Vernaux' Structure will use memory layout compatible with MSVC (Windows). If this is intended, set _layout_ to 'ms'. The implicit default is deprecated and slated to become an error in Python 3.19.
    struct_c__SA_Elf32_Vernaux._fields_ = [

tinyops/image/blur_test.py::test_blur_color[ksize0]
  /app/.venv/lib/python3.14/site-packages/tinygrad/runtime/autogen/libc.py:4034: DeprecationWarning: Due to '_pack_', the 'struct_c__SA_Elf64_Vernaux' Structure will use memory layout compatible with MSVC (Windows). If this is intended, set _layout_ to 'ms'. The implicit default is deprecated and slated to become an error in Python 3.19.
    struct_c__SA_Elf64_Vernaux._fields_ = [

tinyops/image/blur_test.py::test_blur_color[ksize0]
  /app/.venv/lib/python3.14/site-packages/tinygrad/runtime/autogen/libc.py:4050: DeprecationWarning: Due to '_pack_', the 'union_c__SA_Elf32_auxv_t_a_un' Union will use memory layout compatible with MSVC (Windows). If this is intended, set _layout_ to 'ms'. The implicit default is deprecated and slated to become an error in Python 3.19.
    union_c__SA_Elf32_auxv_t_a_un._fields_ = [

tinyops/image/blur_test.py::test_blur_color[ksize0]
  /app/.venv/lib/python3.14/site-packages/tinygrad/runtime/autogen/libc.py:4055: DeprecationWarning: Due to '_pack_', the 'struct_c__SA_Elf32_auxv_t' Structure will use memory layout compatible with MSVC (Windows). If this is intended, set _layout_ to 'ms'. The implicit default is deprecated and slated to become an error in Python 3.19.
    struct_c__SA_Elf32_auxv_t._fields_ = [

tinyops/image/blur_test.py::test_blur_color[ksize0]
  /app/.venv/lib/python3.14/site-packages/tinygrad/runtime/autogen/libc.py:4068: DeprecationWarning: Due to '_pack_', the 'union_c__SA_Elf64_auxv_t_a_un' Union will use memory layout compatible with MSVC (Windows). If this is intended, set _layout_ to 'ms'. The implicit default is deprecated and slated to become an error in Python 3.19.
    union_c__SA_Elf64_auxv_t_a_un._fields_ = [

tinyops/image/blur_test.py::test_blur_color[ksize0]
  /app/.venv/lib/python3.14/site-packages/tinygrad/runtime/autogen/libc.py:4073: DeprecationWarning: Due to '_pack_', the 'struct_c__SA_Elf64_auxv_t' Structure will use memory layout compatible with MSVC (Windows). If this is intended, set _layout_ to 'ms'. The implicit default is deprecated and slated to become an error in Python 3.19.
    struct_c__SA_Elf64_auxv_t._fields_ = [

tinyops/image/blur_test.py::test_blur_color[ksize0]
  /app/.venv/lib/python3.14/site-packages/tinygrad/runtime/autogen/libc.py:4083: DeprecationWarning: Due to '_pack_', the 'struct_c__SA_Elf32_Nhdr' Structure will use memory layout compatible with MSVC (Windows). If this is intended, set _layout_ to 'ms'. The implicit default is deprecated and slated to become an error in Python 3.19.
    struct_c__SA_Elf32_Nhdr._fields_ = [

tinyops/image/blur_test.py::test_blur_color[ksize0]
  /app/.venv/lib/python3.14/site-packages/tinygrad/runtime/autogen/libc.py:4094: DeprecationWarning: Due to '_pack_', the 'struct_c__SA_Elf64_Nhdr' Structure will use memory layout compatible with MSVC (Windows). If this is intended, set _layout_ to 'ms'. The implicit default is deprecated and slated to become an error in Python 3.19.
    struct_c__SA_Elf64_Nhdr._fields_ = [

tinyops/image/blur_test.py::test_blur_color[ksize0]
  /app/.venv/lib/python3.14/site-packages/tinygrad/runtime/autogen/libc.py:4105: DeprecationWarning: Due to '_pack_', the 'struct_c__SA_Elf32_Move' Structure will use memory layout compatible with MSVC (Windows). If this is intended, set _layout_ to 'ms'. The implicit default is deprecated and slated to become an error in Python 3.19.
    struct_c__SA_Elf32_Move._fields_ = [

tinyops/image/blur_test.py::test_blur_color[ksize0]
  /app/.venv/lib/python3.14/site-packages/tinygrad/runtime/autogen/libc.py:4119: DeprecationWarning: Due to '_pack_', the 'struct_c__SA_Elf64_Move' Structure will use memory layout compatible with MSVC (Windows). If this is intended, set _layout_ to 'ms'. The implicit default is deprecated and slated to become an error in Python 3.19.
    struct_c__SA_Elf64_Move._fields_ = [

tinyops/image/blur_test.py::test_blur_color[ksize0]
  /app/.venv/lib/python3.14/site-packages/tinygrad/runtime/autogen/libc.py:4136: DeprecationWarning: Due to '_pack_', the 'struct_c__UA_Elf32_gptab_gt_header' Structure will use memory layout compatible with MSVC (Windows). If this is intended, set _layout_ to 'ms'. The implicit default is deprecated and slated to become an error in Python 3.19.
    struct_c__UA_Elf32_gptab_gt_header._fields_ = [

tinyops/image/blur_test.py::test_blur_color[ksize0]
  /app/.venv/lib/python3.14/site-packages/tinygrad/runtime/autogen/libc.py:4145: DeprecationWarning: Due to '_pack_', the 'struct_c__UA_Elf32_gptab_gt_entry' Structure will use memory layout compatible with MSVC (Windows). If this is intended, set _layout_ to 'ms'. The implicit default is deprecated and slated to become an error in Python 3.19.
    struct_c__UA_Elf32_gptab_gt_entry._fields_ = [

tinyops/image/blur_test.py::test_blur_color[ksize0]
  /app/.venv/lib/python3.14/site-packages/tinygrad/runtime/autogen/libc.py:4151: DeprecationWarning: Due to '_pack_', the 'union_c__UA_Elf32_gptab' Union will use memory layout compatible with MSVC (Windows). If this is intended, set _layout_ to 'ms'. The implicit default is deprecated and slated to become an error in Python 3.19.
    union_c__UA_Elf32_gptab._fields_ = [

tinyops/image/blur_test.py::test_blur_color[ksize0]
  /app/.venv/lib/python3.14/site-packages/tinygrad/runtime/autogen/libc.py:4161: DeprecationWarning: Due to '_pack_', the 'struct_c__SA_Elf32_RegInfo' Structure will use memory layout compatible with MSVC (Windows). If this is intended, set _layout_ to 'ms'. The implicit default is deprecated and slated to become an error in Python 3.19.
    struct_c__SA_Elf32_RegInfo._fields_ = [

tinyops/image/blur_test.py::test_blur_color[ksize0]
  /app/.venv/lib/python3.14/site-packages/tinygrad/runtime/autogen/libc.py:4172: DeprecationWarning: Due to '_pack_', the 'struct_c__SA_Elf_Options' Structure will use memory layout compatible with MSVC (Windows). If this is intended, set _layout_ to 'ms'. The implicit default is deprecated and slated to become an error in Python 3.19.
    struct_c__SA_Elf_Options._fields_ = [

tinyops/image/blur_test.py::test_blur_color[ksize0]
  /app/.venv/lib/python3.14/site-packages/tinygrad/runtime/autogen/libc.py:4184: DeprecationWarning: Due to '_pack_', the 'struct_c__SA_Elf_Options_Hw' Structure will use memory layout compatible with MSVC (Windows). If this is intended, set _layout_ to 'ms'. The implicit default is deprecated and slated to become an error in Python 3.19.
    struct_c__SA_Elf_Options_Hw._fields_ = [

tinyops/image/blur_test.py::test_blur_color[ksize0]
  /app/.venv/lib/python3.14/site-packages/tinygrad/runtime/autogen/libc.py:4194: DeprecationWarning: Due to '_pack_', the 'struct_c__SA_Elf32_Lib' Structure will use memory layout compatible with MSVC (Windows). If this is intended, set _layout_ to 'ms'. The implicit default is deprecated and slated to become an error in Python 3.19.
    struct_c__SA_Elf32_Lib._fields_ = [

tinyops/image/blur_test.py::test_blur_color[ksize0]
  /app/.venv/lib/python3.14/site-packages/tinygrad/runtime/autogen/libc.py:4207: DeprecationWarning: Due to '_pack_', the 'struct_c__SA_Elf64_Lib' Structure will use memory layout compatible with MSVC (Windows). If this is intended, set _layout_ to 'ms'. The implicit default is deprecated and slated to become an error in Python 3.19.
    struct_c__SA_Elf64_Lib._fields_ = [

tinyops/image/blur_test.py::test_blur_color[ksize0]
  /app/.venv/lib/python3.14/site-packages/tinygrad/runtime/autogen/libc.py:4221: DeprecationWarning: Due to '_pack_', the 'struct_c__SA_Elf_MIPS_ABIFlags_v0' Structure will use memory layout compatible with MSVC (Windows). If this is intended, set _layout_ to 'ms'. The implicit default is deprecated and slated to become an error in Python 3.19.
    struct_c__SA_Elf_MIPS_ABIFlags_v0._fields_ = [

tinyops/image/blur_test.py::test_blur_color[ksize0]
  /app/.venv/lib/python3.14/site-packages/tinygrad/runtime/autogen/kfd.py:220: DeprecationWarning: Due to '_pack_', the 'struct_kfd_ioctl_get_version_args' Structure will use memory layout compatible with MSVC (Windows). If this is intended, set _layout_ to 'ms'. The implicit default is deprecated and slated to become an error in Python 3.19.
    struct_kfd_ioctl_get_version_args._fields_ = [

tinyops/image/blur_test.py::test_blur_color[ksize0]
  /app/.venv/lib/python3.14/site-packages/tinygrad/runtime/autogen/kfd.py:230: DeprecationWarning: Due to '_pack_', the 'struct_kfd_ioctl_create_queue_args' Structure will use memory layout compatible with MSVC (Windows). If this is intended, set _layout_ to 'ms'. The implicit default is deprecated and slated to become an error in Python 3.19.
    struct_kfd_ioctl_create_queue_args._fields_ = [

tinyops/image/blur_test.py::test_blur_color[ksize0]
  /app/.venv/lib/python3.14/site-packages/tinygrad/runtime/autogen/kfd.py:253: DeprecationWarning: Due to '_pack_', the 'struct_kfd_ioctl_destroy_queue_args' Structure will use memory layout compatible with MSVC (Windows). If this is intended, set _layout_ to 'ms'. The implicit default is deprecated and slated to become an error in Python 3.19.
    struct_kfd_ioctl_destroy_queue_args._fields_ = [

tinyops/image/blur_test.py::test_blur_color[ksize0]
  /app/.venv/lib/python3.14/site-packages/tinygrad/runtime/autogen/kfd.py:263: DeprecationWarning: Due to '_pack_', the 'struct_kfd_ioctl_update_queue_args' Structure will use memory layout compatible with MSVC (Windows). If this is intended, set _layout_ to 'ms'. The implicit default is deprecated and slated to become an error in Python 3.19.
    struct_kfd_ioctl_update_queue_args._fields_ = [

tinyops/image/blur_test.py::test_blur_color[ksize0]
  /app/.venv/lib/python3.14/site-packages/tinygrad/runtime/autogen/kfd.py:276: DeprecationWarning: Due to '_pack_', the 'struct_kfd_ioctl_set_cu_mask_args' Structure will use memory layout compatible with MSVC (Windows). If this is intended, set _layout_ to 'ms'. The implicit default is deprecated and slated to become an error in Python 3.19.
    struct_kfd_ioctl_set_cu_mask_args._fields_ = [

tinyops/image/blur_test.py::test_blur_color[ksize0]
  /app/.venv/lib/python3.14/site-packages/tinygrad/runtime/autogen/kfd.py:287: DeprecationWarning: Due to '_pack_', the 'struct_kfd_ioctl_get_queue_wave_state_args' Structure will use memory layout compatible with MSVC (Windows). If this is intended, set _layout_ to 'ms'. The implicit default is deprecated and slated to become an error in Python 3.19.
    struct_kfd_ioctl_get_queue_wave_state_args._fields_ = [

tinyops/image/blur_test.py::test_blur_color[ksize0]
  /app/.venv/lib/python3.14/site-packages/tinygrad/runtime/autogen/kfd.py:300: DeprecationWarning: Due to '_pack_', the 'struct_kfd_ioctl_get_available_memory_args' Structure will use memory layout compatible with MSVC (Windows). If this is intended, set _layout_ to 'ms'. The implicit default is deprecated and slated to become an error in Python 3.19.
    struct_kfd_ioctl_get_available_memory_args._fields_ = [

tinyops/image/blur_test.py::test_blur_color[ksize0]
  /app/.venv/lib/python3.14/site-packages/tinygrad/runtime/autogen/kfd.py:311: DeprecationWarning: Due to '_pack_', the 'struct_kfd_dbg_device_info_entry' Structure will use memory layout compatible with MSVC (Windows). If this is intended, set _layout_ to 'ms'. The implicit default is deprecated and slated to become an error in Python 3.19.
    struct_kfd_dbg_device_info_entry._fields_ = [

tinyops/image/blur_test.py::test_blur_color[ksize0]
  /app/.venv/lib/python3.14/site-packages/tinygrad/runtime/autogen/kfd.py:341: DeprecationWarning: Due to '_pack_', the 'struct_kfd_ioctl_set_memory_policy_args' Structure will use memory layout compatible with MSVC (Windows). If this is intended, set _layout_ to 'ms'. The implicit default is deprecated and slated to become an error in Python 3.19.
    struct_kfd_ioctl_set_memory_policy_args._fields_ = [

tinyops/image/blur_test.py::test_blur_color[ksize0]
  /app/.venv/lib/python3.14/site-packages/tinygrad/runtime/autogen/kfd.py:355: DeprecationWarning: Due to '_pack_', the 'struct_kfd_ioctl_get_clock_counters_args' Structure will use memory layout compatible with MSVC (Windows). If this is intended, set _layout_ to 'ms'. The implicit default is deprecated and slated to become an error in Python 3.19.
    struct_kfd_ioctl_get_clock_counters_args._fields_ = [

tinyops/image/blur_test.py::test_blur_color[ksize0]
  /app/.venv/lib/python3.14/site-packages/tinygrad/runtime/autogen/kfd.py:369: DeprecationWarning: Due to '_pack_', the 'struct_kfd_process_device_apertures' Structure will use memory layout compatible with MSVC (Windows). If this is intended, set _layout_ to 'ms'. The implicit default is deprecated and slated to become an error in Python 3.19.
    struct_kfd_process_device_apertures._fields_ = [

tinyops/image/blur_test.py::test_blur_color[ksize0]
  /app/.venv/lib/python3.14/site-packages/tinygrad/runtime/autogen/kfd.py:384: DeprecationWarning: Due to '_pack_', the 'struct_kfd_ioctl_get_process_apertures_args' Structure will use memory layout compatible with MSVC (Windows). If this is intended, set _layout_ to 'ms'. The implicit default is deprecated and slated to become an error in Python 3.19.
    struct_kfd_ioctl_get_process_apertures_args._fields_ = [

tinyops/image/blur_test.py::test_blur_color[ksize0]
  /app/.venv/lib/python3.14/site-packages/tinygrad/runtime/autogen/kfd.py:395: DeprecationWarning: Due to '_pack_', the 'struct_kfd_ioctl_get_process_apertures_new_args' Structure will use memory layout compatible with MSVC (Windows). If this is intended, set _layout_ to 'ms'. The implicit default is deprecated and slated to become an error in Python 3.19.
    struct_kfd_ioctl_get_process_apertures_new_args._fields_ = [

tinyops/image/blur_test.py::test_blur_color[ksize0]
  /app/.venv/lib/python3.14/site-packages/tinygrad/runtime/autogen/kfd.py:406: DeprecationWarning: Due to '_pack_', the 'struct_kfd_ioctl_dbg_register_args' Structure will use memory layout compatible with MSVC (Windows). If this is intended, set _layout_ to 'ms'. The implicit default is deprecated and slated to become an error in Python 3.19.
    struct_kfd_ioctl_dbg_register_args._fields_ = [

tinyops/image/blur_test.py::test_blur_color[ksize0]
  /app/.venv/lib/python3.14/site-packages/tinygrad/runtime/autogen/kfd.py:416: DeprecationWarning: Due to '_pack_', the 'struct_kfd_ioctl_dbg_unregister_args' Structure will use memory layout compatible with MSVC (Windows). If this is intended, set _layout_ to 'ms'. The implicit default is deprecated and slated to become an error in Python 3.19.
    struct_kfd_ioctl_dbg_unregister_args._fields_ = [

tinyops/image/blur_test.py::test_blur_color[ksize0]
  /app/.venv/lib/python3.14/site-packages/tinygrad/runtime/autogen/kfd.py:426: DeprecationWarning: Due to '_pack_', the 'struct_kfd_ioctl_dbg_address_watch_args' Structure will use memory layout compatible with MSVC (Windows). If this is intended, set _layout_ to 'ms'. The implicit default is deprecated and slated to become an error in Python 3.19.
    struct_kfd_ioctl_dbg_address_watch_args._fields_ = [

tinyops/image/blur_test.py::test_blur_color[ksize0]
  /app/.venv/lib/python3.14/site-packages/tinygrad/runtime/autogen/kfd.py:437: DeprecationWarning: Due to '_pack_', the 'struct_kfd_ioctl_dbg_wave_control_args' Structure will use memory layout compatible with MSVC (Windows). If this is intended, set _layout_ to 'ms'. The implicit default is deprecated and slated to become an error in Python 3.19.
    struct_kfd_ioctl_dbg_wave_control_args._fields_ = [

tinyops/image/blur_test.py::test_blur_color[ksize0]
  /app/.venv/lib/python3.14/site-packages/tinygrad/runtime/autogen/kfd.py:448: DeprecationWarning: Due to '_pack_', the 'struct_kfd_ioctl_create_event_args' Structure will use memory layout compatible with MSVC (Windows). If this is intended, set _layout_ to 'ms'. The implicit default is deprecated and slated to become an error in Python 3.19.
    struct_kfd_ioctl_create_event_args._fields_ = [

tinyops/image/blur_test.py::test_blur_color[ksize0]
  /app/.venv/lib/python3.14/site-packages/tinygrad/runtime/autogen/kfd.py:463: DeprecationWarning: Due to '_pack_', the 'struct_kfd_ioctl_destroy_event_args' Structure will use memory layout compatible with MSVC (Windows). If this is intended, set _layout_ to 'ms'. The implicit default is deprecated and slated to become an error in Python 3.19.
    struct_kfd_ioctl_destroy_event_args._fields_ = [

tinyops/image/blur_test.py::test_blur_color[ksize0]
  /app/.venv/lib/python3.14/site-packages/tinygrad/runtime/autogen/kfd.py:473: DeprecationWarning: Due to '_pack_', the 'struct_kfd_ioctl_set_event_args' Structure will use memory layout compatible with MSVC (Windows). If this is intended, set _layout_ to 'ms'. The implicit default is deprecated and slated to become an error in Python 3.19.
    struct_kfd_ioctl_set_event_args._fields_ = [

tinyops/image/blur_test.py::test_blur_color[ksize0]
  /app/.venv/lib/python3.14/site-packages/tinygrad/runtime/autogen/kfd.py:483: DeprecationWarning: Due to '_pack_', the 'struct_kfd_ioctl_reset_event_args' Structure will use memory layout compatible with MSVC (Windows). If this is intended, set _layout_ to 'ms'. The implicit default is deprecated and slated to become an error in Python 3.19.
    struct_kfd_ioctl_reset_event_args._fields_ = [

tinyops/image/blur_test.py::test_blur_color[ksize0]
  /app/.venv/lib/python3.14/site-packages/tinygrad/runtime/autogen/kfd.py:493: DeprecationWarning: Due to '_pack_', the 'struct_kfd_memory_exception_failure' Structure will use memory layout compatible with MSVC (Windows). If this is intended, set _layout_ to 'ms'. The implicit default is deprecated and slated to become an error in Python 3.19.
    struct_kfd_memory_exception_failure._fields_ = [

tinyops/image/blur_test.py::test_blur_color[ksize0]
  /app/.venv/lib/python3.14/site-packages/tinygrad/runtime/autogen/kfd.py:504: DeprecationWarning: Due to '_pack_', the 'struct_kfd_hsa_memory_exception_data' Structure will use memory layout compatible with MSVC (Windows). If this is intended, set _layout_ to 'ms'. The implicit default is deprecated and slated to become an error in Python 3.19.
    struct_kfd_hsa_memory_exception_data._fields_ = [

tinyops/image/blur_test.py::test_blur_color[ksize0]
  /app/.venv/lib/python3.14/site-packages/tinygrad/runtime/autogen/kfd.py:515: DeprecationWarning: Due to '_pack_', the 'struct_kfd_hsa_hw_exception_data' Structure will use memory layout compatible with MSVC (Windows). If this is intended, set _layout_ to 'ms'. The implicit default is deprecated and slated to become an error in Python 3.19.
    struct_kfd_hsa_hw_exception_data._fields_ = [

tinyops/image/blur_test.py::test_blur_color[ksize0]
  /app/.venv/lib/python3.14/site-packages/tinygrad/runtime/autogen/kfd.py:526: DeprecationWarning: Due to '_pack_', the 'struct_kfd_hsa_signal_event_data' Structure will use memory layout compatible with MSVC (Windows). If this is intended, set _layout_ to 'ms'. The implicit default is deprecated and slated to become an error in Python 3.19.
    struct_kfd_hsa_signal_event_data._fields_ = [

tinyops/image/blur_test.py::test_blur_color[ksize0]
  /app/.venv/lib/python3.14/site-packages/tinygrad/runtime/autogen/kfd.py:537: DeprecationWarning: Due to '_pack_', the 'union_kfd_event_data_0' Union will use memory layout compatible with MSVC (Windows). If this is intended, set _layout_ to 'ms'. The implicit default is deprecated and slated to become an error in Python 3.19.
    union_kfd_event_data_0._fields_ = [

tinyops/image/blur_test.py::test_blur_color[ksize0]
  /app/.venv/lib/python3.14/site-packages/tinygrad/runtime/autogen/kfd.py:546: DeprecationWarning: Due to '_pack_', the 'struct_kfd_event_data' Structure will use memory layout compatible with MSVC (Windows). If this is intended, set _layout_ to 'ms'. The implicit default is deprecated and slated to become an error in Python 3.19.
    struct_kfd_event_data._fields_ = [

tinyops/image/blur_test.py::test_blur_color[ksize0]
  /app/.venv/lib/python3.14/site-packages/tinygrad/runtime/autogen/kfd.py:557: DeprecationWarning: Due to '_pack_', the 'struct_kfd_ioctl_wait_events_args' Structure will use memory layout compatible with MSVC (Windows). If this is intended, set _layout_ to 'ms'. The implicit default is deprecated and slated to become an error in Python 3.19.
    struct_kfd_ioctl_wait_events_args._fields_ = [

tinyops/image/blur_test.py::test_blur_color[ksize0]
  /app/.venv/lib/python3.14/site-packages/tinygrad/runtime/autogen/kfd.py:570: DeprecationWarning: Due to '_pack_', the 'struct_kfd_ioctl_set_scratch_backing_va_args' Structure will use memory layout compatible with MSVC (Windows). If this is intended, set _layout_ to 'ms'. The implicit default is deprecated and slated to become an error in Python 3.19.
    struct_kfd_ioctl_set_scratch_backing_va_args._fields_ = [

tinyops/image/blur_test.py::test_blur_color[ksize0]
  /app/.venv/lib/python3.14/site-packages/tinygrad/runtime/autogen/kfd.py:581: DeprecationWarning: Due to '_pack_', the 'struct_kfd_ioctl_get_tile_config_args' Structure will use memory layout compatible with MSVC (Windows). If this is intended, set _layout_ to 'ms'. The implicit default is deprecated and slated to become an error in Python 3.19.
    struct_kfd_ioctl_get_tile_config_args._fields_ = [

tinyops/image/blur_test.py::test_blur_color[ksize0]
  /app/.venv/lib/python3.14/site-packages/tinygrad/runtime/autogen/kfd.py:597: DeprecationWarning: Due to '_pack_', the 'struct_kfd_ioctl_set_trap_handler_args' Structure will use memory layout compatible with MSVC (Windows). If this is intended, set _layout_ to 'ms'. The implicit default is deprecated and slated to become an error in Python 3.19.
    struct_kfd_ioctl_set_trap_handler_args._fields_ = [

tinyops/image/blur_test.py::test_blur_color[ksize0]
  /app/.venv/lib/python3.14/site-packages/tinygrad/runtime/autogen/kfd.py:609: DeprecationWarning: Due to '_pack_', the 'struct_kfd_ioctl_acquire_vm_args' Structure will use memory layout compatible with MSVC (Windows). If this is intended, set _layout_ to 'ms'. The implicit default is deprecated and slated to become an error in Python 3.19.
    struct_kfd_ioctl_acquire_vm_args._fields_ = [

tinyops/image/blur_test.py::test_blur_color[ksize0]
  /app/.venv/lib/python3.14/site-packages/tinygrad/runtime/autogen/kfd.py:619: DeprecationWarning: Due to '_pack_', the 'struct_kfd_ioctl_alloc_memory_of_gpu_args' Structure will use memory layout compatible with MSVC (Windows). If this is intended, set _layout_ to 'ms'. The implicit default is deprecated and slated to become an error in Python 3.19.
    struct_kfd_ioctl_alloc_memory_of_gpu_args._fields_ = [

tinyops/image/blur_test.py::test_blur_color[ksize0]
  /app/.venv/lib/python3.14/site-packages/tinygrad/runtime/autogen/kfd.py:633: DeprecationWarning: Due to '_pack_', the 'struct_kfd_ioctl_free_memory_of_gpu_args' Structure will use memory layout compatible with MSVC (Windows). If this is intended, set _layout_ to 'ms'. The implicit default is deprecated and slated to become an error in Python 3.19.
    struct_kfd_ioctl_free_memory_of_gpu_args._fields_ = [

tinyops/image/blur_test.py::test_blur_color[ksize0]
  /app/.venv/lib/python3.14/site-packages/tinygrad/runtime/autogen/kfd.py:642: DeprecationWarning: Due to '_pack_', the 'struct_kfd_ioctl_map_memory_to_gpu_args' Structure will use memory layout compatible with MSVC (Windows). If this is intended, set _layout_ to 'ms'. The implicit default is deprecated and slated to become an error in Python 3.19.
    struct_kfd_ioctl_map_memory_to_gpu_args._fields_ = [

tinyops/image/blur_test.py::test_blur_color[ksize0]
  /app/.venv/lib/python3.14/site-packages/tinygrad/runtime/autogen/kfd.py:654: DeprecationWarning: Due to '_pack_', the 'struct_kfd_ioctl_unmap_memory_from_gpu_args' Structure will use memory layout compatible with MSVC (Windows). If this is intended, set _layout_ to 'ms'. The implicit default is deprecated and slated to become an error in Python 3.19.
    struct_kfd_ioctl_unmap_memory_from_gpu_args._fields_ = [

tinyops/image/blur_test.py::test_blur_color[ksize0]
  /app/.venv/lib/python3.14/site-packages/tinygrad/runtime/autogen/kfd.py:666: DeprecationWarning: Due to '_pack_', the 'struct_kfd_ioctl_alloc_queue_gws_args' Structure will use memory layout compatible with MSVC (Windows). If this is intended, set _layout_ to 'ms'. The implicit default is deprecated and slated to become an error in Python 3.19.
    struct_kfd_ioctl_alloc_queue_gws_args._fields_ = [

tinyops/image/blur_test.py::test_blur_color[ksize0]
  /app/.venv/lib/python3.14/site-packages/tinygrad/runtime/autogen/kfd.py:678: DeprecationWarning: Due to '_pack_', the 'struct_kfd_ioctl_get_dmabuf_info_args' Structure will use memory layout compatible with MSVC (Windows). If this is intended, set _layout_ to 'ms'. The implicit default is deprecated and slated to become an error in Python 3.19.
    struct_kfd_ioctl_get_dmabuf_info_args._fields_ = [

tinyops/image/blur_test.py::test_blur_color[ksize0]
  /app/.venv/lib/python3.14/site-packages/tinygrad/runtime/autogen/kfd.py:692: DeprecationWarning: Due to '_pack_', the 'struct_kfd_ioctl_import_dmabuf_args' Structure will use memory layout compatible with MSVC (Windows). If this is intended, set _layout_ to 'ms'. The implicit default is deprecated and slated to become an error in Python 3.19.
    struct_kfd_ioctl_import_dmabuf_args._fields_ = [

tinyops/image/blur_test.py::test_blur_color[ksize0]
  /app/.venv/lib/python3.14/site-packages/tinygrad/runtime/autogen/kfd.py:704: DeprecationWarning: Due to '_pack_', the 'struct_kfd_ioctl_export_dmabuf_args' Structure will use memory layout compatible with MSVC (Windows). If this is intended, set _layout_ to 'ms'. The implicit default is deprecated and slated to become an error in Python 3.19.
    struct_kfd_ioctl_export_dmabuf_args._fields_ = [

tinyops/image/blur_test.py::test_blur_color[ksize0]
  /app/.venv/lib/python3.14/site-packages/tinygrad/runtime/autogen/kfd.py:787: DeprecationWarning: Due to '_pack_', the 'struct_kfd_ioctl_smi_events_args' Structure will use memory layout compatible with MSVC (Windows). If this is intended, set _layout_ to 'ms'. The implicit default is deprecated and slated to become an error in Python 3.19.
    struct_kfd_ioctl_smi_events_args._fields_ = [

tinyops/image/blur_test.py::test_blur_color[ksize0]
  /app/.venv/lib/python3.14/site-packages/tinygrad/runtime/autogen/kfd.py:812: DeprecationWarning: Due to '_pack_', the 'struct_kfd_ioctl_criu_args' Structure will use memory layout compatible with MSVC (Windows). If this is intended, set _layout_ to 'ms'. The implicit default is deprecated and slated to become an error in Python 3.19.
    struct_kfd_ioctl_criu_args._fields_ = [

tinyops/image/blur_test.py::test_blur_color[ksize0]
  /app/.venv/lib/python3.14/site-packages/tinygrad/runtime/autogen/kfd.py:830: DeprecationWarning: Due to '_pack_', the 'struct_kfd_criu_device_bucket' Structure will use memory layout compatible with MSVC (Windows). If this is intended, set _layout_ to 'ms'. The implicit default is deprecated and slated to become an error in Python 3.19.
    struct_kfd_criu_device_bucket._fields_ = [

tinyops/image/blur_test.py::test_blur_color[ksize0]
  /app/.venv/lib/python3.14/site-packages/tinygrad/runtime/autogen/kfd.py:841: DeprecationWarning: Due to '_pack_', the 'struct_kfd_criu_bo_bucket' Structure will use memory layout compatible with MSVC (Windows). If this is intended, set _layout_ to 'ms'. The implicit default is deprecated and slated to become an error in Python 3.19.
    struct_kfd_criu_bo_bucket._fields_ = [

tinyops/image/blur_test.py::test_blur_color[ksize0]
  /app/.venv/lib/python3.14/site-packages/tinygrad/runtime/autogen/kfd.py:904: DeprecationWarning: Due to '_pack_', the 'struct_kfd_ioctl_svm_attribute' Structure will use memory layout compatible with MSVC (Windows). If this is intended, set _layout_ to 'ms'. The implicit default is deprecated and slated to become an error in Python 3.19.
    struct_kfd_ioctl_svm_attribute._fields_ = [

tinyops/image/blur_test.py::test_blur_color[ksize0]
  /app/.venv/lib/python3.14/site-packages/tinygrad/runtime/autogen/kfd.py:913: DeprecationWarning: Due to '_pack_', the 'struct_kfd_ioctl_svm_args' Structure will use memory layout compatible with MSVC (Windows). If this is intended, set _layout_ to 'ms'. The implicit default is deprecated and slated to become an error in Python 3.19.
    struct_kfd_ioctl_svm_args._fields_ = [

tinyops/image/blur_test.py::test_blur_color[ksize0]
  /app/.venv/lib/python3.14/site-packages/tinygrad/runtime/autogen/kfd.py:926: DeprecationWarning: Due to '_pack_', the 'struct_kfd_ioctl_set_xnack_mode_args' Structure will use memory layout compatible with MSVC (Windows). If this is intended, set _layout_ to 'ms'. The implicit default is deprecated and slated to become an error in Python 3.19.
    struct_kfd_ioctl_set_xnack_mode_args._fields_ = [

tinyops/image/blur_test.py::test_blur_color[ksize0]
  /app/.venv/lib/python3.14/site-packages/tinygrad/runtime/autogen/kfd.py:1084: DeprecationWarning: Due to '_pack_', the 'struct_kfd_runtime_info' Structure will use memory layout compatible with MSVC (Windows). If this is intended, set _layout_ to 'ms'. The implicit default is deprecated and slated to become an error in Python 3.19.
    struct_kfd_runtime_info._fields_ = [

tinyops/image/blur_test.py::test_blur_color[ksize0]
  /app/.venv/lib/python3.14/site-packages/tinygrad/runtime/autogen/kfd.py:1094: DeprecationWarning: Due to '_pack_', the 'struct_kfd_ioctl_runtime_enable_args' Structure will use memory layout compatible with MSVC (Windows). If this is intended, set _layout_ to 'ms'. The implicit default is deprecated and slated to become an error in Python 3.19.
    struct_kfd_ioctl_runtime_enable_args._fields_ = [

tinyops/image/blur_test.py::test_blur_color[ksize0]
  /app/.venv/lib/python3.14/site-packages/tinygrad/runtime/autogen/kfd.py:1105: DeprecationWarning: Due to '_pack_', the 'struct_kfd_queue_snapshot_entry' Structure will use memory layout compatible with MSVC (Windows). If this is intended, set _layout_ to 'ms'. The implicit default is deprecated and slated to become an error in Python 3.19.
    struct_kfd_queue_snapshot_entry._fields_ = [

tinyops/image/blur_test.py::test_blur_color[ksize0]
  /app/.venv/lib/python3.14/site-packages/tinygrad/runtime/autogen/kfd.py:1126: DeprecationWarning: Due to '_pack_', the 'struct_kfd_context_save_area_header_wave_state' Structure will use memory layout compatible with MSVC (Windows). If this is intended, set _layout_ to 'ms'. The implicit default is deprecated and slated to become an error in Python 3.19.
    struct_kfd_context_save_area_header_wave_state._fields_ = [

tinyops/image/blur_test.py::test_blur_color[ksize0]
  /app/.venv/lib/python3.14/site-packages/tinygrad/runtime/autogen/kfd.py:1134: DeprecationWarning: Due to '_pack_', the 'struct_kfd_context_save_area_header' Structure will use memory layout compatible with MSVC (Windows). If this is intended, set _layout_ to 'ms'. The implicit default is deprecated and slated to become an error in Python 3.19.
    struct_kfd_context_save_area_header._fields_ = [

tinyops/image/blur_test.py::test_blur_color[ksize0]
  /app/.venv/lib/python3.14/site-packages/tinygrad/runtime/autogen/kfd.py:1182: DeprecationWarning: Due to '_pack_', the 'struct_kfd_ioctl_dbg_trap_enable_args' Structure will use memory layout compatible with MSVC (Windows). If this is intended, set _layout_ to 'ms'. The implicit default is deprecated and slated to become an error in Python 3.19.
    struct_kfd_ioctl_dbg_trap_enable_args._fields_ = [

tinyops/image/blur_test.py::test_blur_color[ksize0]
  /app/.venv/lib/python3.14/site-packages/tinygrad/runtime/autogen/kfd.py:1193: DeprecationWarning: Due to '_pack_', the 'struct_kfd_ioctl_dbg_trap_send_runtime_event_args' Structure will use memory layout compatible with MSVC (Windows). If this is intended, set _layout_ to 'ms'. The implicit default is deprecated and slated to become an error in Python 3.19.
    struct_kfd_ioctl_dbg_trap_send_runtime_event_args._fields_ = [

tinyops/image/blur_test.py::test_blur_color[ksize0]
  /app/.venv/lib/python3.14/site-packages/tinygrad/runtime/autogen/kfd.py:1203: DeprecationWarning: Due to '_pack_', the 'struct_kfd_ioctl_dbg_trap_set_exceptions_enabled_args' Structure will use memory layout compatible with MSVC (Windows). If this is intended, set _layout_ to 'ms'. The implicit default is deprecated and slated to become an error in Python 3.19.
    struct_kfd_ioctl_dbg_trap_set_exceptions_enabled_args._fields_ = [

tinyops/image/blur_test.py::test_blur_color[ksize0]
  /app/.venv/lib/python3.14/site-packages/tinygrad/runtime/autogen/kfd.py:1211: DeprecationWarning: Due to '_pack_', the 'struct_kfd_ioctl_dbg_trap_set_wave_launch_override_args' Structure will use memory layout compatible with MSVC (Windows). If this is intended, set _layout_ to 'ms'. The implicit default is deprecated and slated to become an error in Python 3.19.
    struct_kfd_ioctl_dbg_trap_set_wave_launch_override_args._fields_ = [

tinyops/image/blur_test.py::test_blur_color[ksize0]
  /app/.venv/lib/python3.14/site-packages/tinygrad/runtime/autogen/kfd.py:1222: DeprecationWarning: Due to '_pack_', the 'struct_kfd_ioctl_dbg_trap_set_wave_launch_mode_args' Structure will use memory layout compatible with MSVC (Windows). If this is intended, set _layout_ to 'ms'. The implicit default is deprecated and slated to become an error in Python 3.19.
    struct_kfd_ioctl_dbg_trap_set_wave_launch_mode_args._fields_ = [

tinyops/image/blur_test.py::test_blur_color[ksize0]
  /app/.venv/lib/python3.14/site-packages/tinygrad/runtime/autogen/kfd.py:1231: DeprecationWarning: Due to '_pack_', the 'struct_kfd_ioctl_dbg_trap_suspend_queues_args' Structure will use memory layout compatible with MSVC (Windows). If this is intended, set _layout_ to 'ms'. The implicit default is deprecated and slated to become an error in Python 3.19.
    struct_kfd_ioctl_dbg_trap_suspend_queues_args._fields_ = [

tinyops/image/blur_test.py::test_blur_color[ksize0]
  /app/.venv/lib/python3.14/site-packages/tinygrad/runtime/autogen/kfd.py:1242: DeprecationWarning: Due to '_pack_', the 'struct_kfd_ioctl_dbg_trap_resume_queues_args' Structure will use memory layout compatible with MSVC (Windows). If this is intended, set _layout_ to 'ms'. The implicit default is deprecated and slated to become an error in Python 3.19.
    struct_kfd_ioctl_dbg_trap_resume_queues_args._fields_ = [

tinyops/image/blur_test.py::test_blur_color[ksize0]
  /app/.venv/lib/python3.14/site-packages/tinygrad/runtime/autogen/kfd.py:1252: DeprecationWarning: Due to '_pack_', the 'struct_kfd_ioctl_dbg_trap_set_node_address_watch_args' Structure will use memory layout compatible with MSVC (Windows). If this is intended, set _layout_ to 'ms'. The implicit default is deprecated and slated to become an error in Python 3.19.
    struct_kfd_ioctl_dbg_trap_set_node_address_watch_args._fields_ = [

tinyops/image/blur_test.py::test_blur_color[ksize0]
  /app/.venv/lib/python3.14/site-packages/tinygrad/runtime/autogen/kfd.py:1264: DeprecationWarning: Due to '_pack_', the 'struct_kfd_ioctl_dbg_trap_clear_node_address_watch_args' Structure will use memory layout compatible with MSVC (Windows). If this is intended, set _layout_ to 'ms'. The implicit default is deprecated and slated to become an error in Python 3.19.
    struct_kfd_ioctl_dbg_trap_clear_node_address_watch_args._fields_ = [

tinyops/image/blur_test.py::test_blur_color[ksize0]
  /app/.venv/lib/python3.14/site-packages/tinygrad/runtime/autogen/kfd.py:1273: DeprecationWarning: Due to '_pack_', the 'struct_kfd_ioctl_dbg_trap_set_flags_args' Structure will use memory layout compatible with MSVC (Windows). If this is intended, set _layout_ to 'ms'. The implicit default is deprecated and slated to become an error in Python 3.19.
    struct_kfd_ioctl_dbg_trap_set_flags_args._fields_ = [

tinyops/image/blur_test.py::test_blur_color[ksize0]
  /app/.venv/lib/python3.14/site-packages/tinygrad/runtime/autogen/kfd.py:1282: DeprecationWarning: Due to '_pack_', the 'struct_kfd_ioctl_dbg_trap_query_debug_event_args' Structure will use memory layout compatible with MSVC (Windows). If this is intended, set _layout_ to 'ms'. The implicit default is deprecated and slated to become an error in Python 3.19.
    struct_kfd_ioctl_dbg_trap_query_debug_event_args._fields_ = [

tinyops/image/blur_test.py::test_blur_color[ksize0]
  /app/.venv/lib/python3.14/site-packages/tinygrad/runtime/autogen/kfd.py:1292: DeprecationWarning: Due to '_pack_', the 'struct_kfd_ioctl_dbg_trap_query_exception_info_args' Structure will use memory layout compatible with MSVC (Windows). If this is intended, set _layout_ to 'ms'. The implicit default is deprecated and slated to become an error in Python 3.19.
    struct_kfd_ioctl_dbg_trap_query_exception_info_args._fields_ = [

tinyops/image/blur_test.py::test_blur_color[ksize0]
  /app/.venv/lib/python3.14/site-packages/tinygrad/runtime/autogen/kfd.py:1304: DeprecationWarning: Due to '_pack_', the 'struct_kfd_ioctl_dbg_trap_queue_snapshot_args' Structure will use memory layout compatible with MSVC (Windows). If this is intended, set _layout_ to 'ms'. The implicit default is deprecated and slated to become an error in Python 3.19.
    struct_kfd_ioctl_dbg_trap_queue_snapshot_args._fields_ = [

tinyops/image/blur_test.py::test_blur_color[ksize0]
  /app/.venv/lib/python3.14/site-packages/tinygrad/runtime/autogen/kfd.py:1315: DeprecationWarning: Due to '_pack_', the 'struct_kfd_ioctl_dbg_trap_device_snapshot_args' Structure will use memory layout compatible with MSVC (Windows). If this is intended, set _layout_ to 'ms'. The implicit default is deprecated and slated to become an error in Python 3.19.
    struct_kfd_ioctl_dbg_trap_device_snapshot_args._fields_ = [

tinyops/image/blur_test.py::test_blur_color[ksize0]
  /app/.venv/lib/python3.14/site-packages/tinygrad/runtime/autogen/kfd.py:1325: DeprecationWarning: Due to '_pack_', the 'union_kfd_ioctl_dbg_trap_args_0' Union will use memory layout compatible with MSVC (Windows). If this is intended, set _layout_ to 'ms'. The implicit default is deprecated and slated to become an error in Python 3.19.
    class union_kfd_ioctl_dbg_trap_args_0(Union):

tinyops/image/blur_test.py::test_blur_color[ksize0]
  /app/.venv/lib/python3.14/site-packages/tinygrad/runtime/autogen/kfd.py:1346: DeprecationWarning: Due to '_pack_', the 'struct_kfd_ioctl_dbg_trap_args' Structure will use memory layout compatible with MSVC (Windows). If this is intended, set _layout_ to 'ms'. The implicit default is deprecated and slated to become an error in Python 3.19.
    struct_kfd_ioctl_dbg_trap_args._fields_ = [

tinyops/image/blur_test.py::test_blur_color[ksize0]
  /app/.venv/lib/python3.14/site-packages/tinygrad/runtime/autogen/hsa.py:248: DeprecationWarning: Due to '_pack_', the 'struct_hsa_dim3_s' Structure will use memory layout compatible with MSVC (Windows). If this is intended, set _layout_ to 'ms'. The implicit default is deprecated and slated to become an error in Python 3.19.
    struct_hsa_dim3_s._fields_ = [

tinyops/image/blur_test.py::test_blur_color[ksize0]
  /app/.venv/lib/python3.14/site-packages/tinygrad/runtime/autogen/hsa.py:428: DeprecationWarning: Due to '_pack_', the 'struct_hsa_agent_s' Structure will use memory layout compatible with MSVC (Windows). If this is intended, set _layout_ to 'ms'. The implicit default is deprecated and slated to become an error in Python 3.19.
    struct_hsa_agent_s._fields_ = [

tinyops/image/blur_test.py::test_blur_color[ksize0]
  /app/.venv/lib/python3.14/site-packages/tinygrad/runtime/autogen/hsa.py:562: DeprecationWarning: Due to '_pack_', the 'struct_hsa_cache_s' Structure will use memory layout compatible with MSVC (Windows). If this is intended, set _layout_ to 'ms'. The implicit default is deprecated and slated to become an error in Python 3.19.
    struct_hsa_cache_s._fields_ = [

tinyops/image/blur_test.py::test_blur_color[ksize0]
  /app/.venv/lib/python3.14/site-packages/tinygrad/runtime/autogen/hsa.py:610: DeprecationWarning: Due to '_pack_', the 'struct_hsa_signal_s' Structure will use memory layout compatible with MSVC (Windows). If this is intended, set _layout_ to 'ms'. The implicit default is deprecated and slated to become an error in Python 3.19.
    struct_hsa_signal_s._fields_ = [

tinyops/image/blur_test.py::test_blur_color[ksize0]
  /app/.venv/lib/python3.14/site-packages/tinygrad/runtime/autogen/hsa.py:1020: DeprecationWarning: Due to '_pack_', the 'struct_hsa_signal_group_s' Structure will use memory layout compatible with MSVC (Windows). If this is intended, set _layout_ to 'ms'. The implicit default is deprecated and slated to become an error in Python 3.19.
    struct_hsa_signal_group_s._fields_ = [

tinyops/image/blur_test.py::test_blur_color[ksize0]
  /app/.venv/lib/python3.14/site-packages/tinygrad/runtime/autogen/hsa.py:1053: DeprecationWarning: Due to '_pack_', the 'struct_hsa_region_s' Structure will use memory layout compatible with MSVC (Windows). If this is intended, set _layout_ to 'ms'. The implicit default is deprecated and slated to become an error in Python 3.19.
    struct_hsa_region_s._fields_ = [

tinyops/image/blur_test.py::test_blur_color[ksize0]
  /app/.venv/lib/python3.14/site-packages/tinygrad/runtime/autogen/hsa.py:1087: DeprecationWarning: Due to '_pack_', the 'struct_hsa_queue_s' Structure will use memory layout compatible with MSVC (Windows). If this is intended, set _layout_ to 'ms'. The implicit default is deprecated and slated to become an error in Python 3.19.
    struct_hsa_queue_s._fields_ = [

tinyops/image/blur_test.py::test_blur_color[ksize0]
  /app/.venv/lib/python3.14/site-packages/tinygrad/runtime/autogen/hsa.py:1370: DeprecationWarning: Due to '_pack_', the 'struct_hsa_kernel_dispatch_packet_s' Structure will use memory layout compatible with MSVC (Windows). If this is intended, set _layout_ to 'ms'. The implicit default is deprecated and slated to become an error in Python 3.19.
    struct_hsa_kernel_dispatch_packet_s._fields_ = [

tinyops/image/blur_test.py::test_blur_color[ksize0]
  /app/.venv/lib/python3.14/site-packages/tinygrad/runtime/autogen/hsa.py:1393: DeprecationWarning: Due to '_pack_', the 'struct_hsa_agent_dispatch_packet_s' Structure will use memory layout compatible with MSVC (Windows). If this is intended, set _layout_ to 'ms'. The implicit default is deprecated and slated to become an error in Python 3.19.
    struct_hsa_agent_dispatch_packet_s._fields_ = [

tinyops/image/blur_test.py::test_blur_color[ksize0]
  /app/.venv/lib/python3.14/site-packages/tinygrad/runtime/autogen/hsa.py:1408: DeprecationWarning: Due to '_pack_', the 'struct_hsa_barrier_and_packet_s' Structure will use memory layout compatible with MSVC (Windows). If this is intended, set _layout_ to 'ms'. The implicit default is deprecated and slated to become an error in Python 3.19.
    struct_hsa_barrier_and_packet_s._fields_ = [

tinyops/image/blur_test.py::test_blur_color[ksize0]
  /app/.venv/lib/python3.14/site-packages/tinygrad/runtime/autogen/hsa.py:1422: DeprecationWarning: Due to '_pack_', the 'struct_hsa_barrier_or_packet_s' Structure will use memory layout compatible with MSVC (Windows). If this is intended, set _layout_ to 'ms'. The implicit default is deprecated and slated to become an error in Python 3.19.
    struct_hsa_barrier_or_packet_s._fields_ = [

tinyops/image/blur_test.py::test_blur_color[ksize0]
  /app/.venv/lib/python3.14/site-packages/tinygrad/runtime/autogen/hsa.py:1539: DeprecationWarning: Due to '_pack_', the 'struct_hsa_isa_s' Structure will use memory layout compatible with MSVC (Windows). If this is intended, set _layout_ to 'ms'. The implicit default is deprecated and slated to become an error in Python 3.19.
    struct_hsa_isa_s._fields_ = [

tinyops/image/blur_test.py::test_blur_color[ksize0]
  /app/.venv/lib/python3.14/site-packages/tinygrad/runtime/autogen/hsa.py:1656: DeprecationWarning: Due to '_pack_', the 'struct_hsa_wavefront_s' Structure will use memory layout compatible with MSVC (Windows). If this is intended, set _layout_ to 'ms'. The implicit default is deprecated and slated to become an error in Python 3.19.
    struct_hsa_wavefront_s._fields_ = [

tinyops/image/blur_test.py::test_blur_color[ksize0]
  /app/.venv/lib/python3.14/site-packages/tinygrad/runtime/autogen/hsa.py:1692: DeprecationWarning: Due to '_pack_', the 'struct_hsa_code_object_reader_s' Structure will use memory layout compatible with MSVC (Windows). If this is intended, set _layout_ to 'ms'. The implicit default is deprecated and slated to become an error in Python 3.19.
    struct_hsa_code_object_reader_s._fields_ = [

tinyops/image/blur_test.py::test_blur_color[ksize0]
  /app/.venv/lib/python3.14/site-packages/tinygrad/runtime/autogen/hsa.py:1719: DeprecationWarning: Due to '_pack_', the 'struct_hsa_executable_s' Structure will use memory layout compatible with MSVC (Windows). If this is intended, set _layout_ to 'ms'. The implicit default is deprecated and slated to become an error in Python 3.19.
    struct_hsa_executable_s._fields_ = [

tinyops/image/blur_test.py::test_blur_color[ksize0]
  /app/.venv/lib/python3.14/site-packages/tinygrad/runtime/autogen/hsa.py:1757: DeprecationWarning: Due to '_pack_', the 'struct_hsa_loaded_code_object_s' Structure will use memory layout compatible with MSVC (Windows). If this is intended, set _layout_ to 'ms'. The implicit default is deprecated and slated to become an error in Python 3.19.
    struct_hsa_loaded_code_object_s._fields_ = [

tinyops/image/blur_test.py::test_blur_color[ksize0]
  /app/.venv/lib/python3.14/site-packages/tinygrad/runtime/autogen/hsa.py:1833: DeprecationWarning: Due to '_pack_', the 'struct_hsa_executable_symbol_s' Structure will use memory layout compatible with MSVC (Windows). If this is intended, set _layout_ to 'ms'. The implicit default is deprecated and slated to become an error in Python 3.19.
    struct_hsa_executable_symbol_s._fields_ = [

tinyops/image/blur_test.py::test_blur_color[ksize0]
  /app/.venv/lib/python3.14/site-packages/tinygrad/runtime/autogen/hsa.py:1978: DeprecationWarning: Due to '_pack_', the 'struct_hsa_code_object_s' Structure will use memory layout compatible with MSVC (Windows). If this is intended, set _layout_ to 'ms'. The implicit default is deprecated and slated to become an error in Python 3.19.
    struct_hsa_code_object_s._fields_ = [

tinyops/image/blur_test.py::test_blur_color[ksize0]
  /app/.venv/lib/python3.14/site-packages/tinygrad/runtime/autogen/hsa.py:1987: DeprecationWarning: Due to '_pack_', the 'struct_hsa_callback_data_s' Structure will use memory layout compatible with MSVC (Windows). If this is intended, set _layout_ to 'ms'. The implicit default is deprecated and slated to become an error in Python 3.19.
    struct_hsa_callback_data_s._fields_ = [

tinyops/image/blur_test.py::test_blur_color[ksize0]
  /app/.venv/lib/python3.14/site-packages/tinygrad/runtime/autogen/hsa.py:2054: DeprecationWarning: Due to '_pack_', the 'struct_hsa_code_symbol_s' Structure will use memory layout compatible with MSVC (Windows). If this is intended, set _layout_ to 'ms'. The implicit default is deprecated and slated to become an error in Python 3.19.
    struct_hsa_code_symbol_s._fields_ = [

tinyops/image/blur_test.py::test_blur_color[ksize0]
  /app/.venv/lib/python3.14/site-packages/tinygrad/runtime/autogen/hsa.py:2178: DeprecationWarning: Due to '_pack_', the 'struct_hsa_ext_image_s' Structure will use memory layout compatible with MSVC (Windows). If this is intended, set _layout_ to 'ms'. The implicit default is deprecated and slated to become an error in Python 3.19.
    struct_hsa_ext_image_s._fields_ = [

tinyops/image/blur_test.py::test_blur_color[ksize0]
  /app/.venv/lib/python3.14/site-packages/tinygrad/runtime/autogen/hsa.py:2298: DeprecationWarning: Due to '_pack_', the 'struct_hsa_ext_image_format_s' Structure will use memory layout compatible with MSVC (Windows). If this is intended, set _layout_ to 'ms'. The implicit default is deprecated and slated to become an error in Python 3.19.
    struct_hsa_ext_image_format_s._fields_ = [

tinyops/image/blur_test.py::test_blur_color[ksize0]
  /app/.venv/lib/python3.14/site-packages/tinygrad/runtime/autogen/hsa.py:2308: DeprecationWarning: Due to '_pack_', the 'struct_hsa_ext_image_descriptor_s' Structure will use memory layout compatible with MSVC (Windows). If this is intended, set _layout_ to 'ms'. The implicit default is deprecated and slated to become an error in Python 3.19.
    struct_hsa_ext_image_descriptor_s._fields_ = [

tinyops/image/blur_test.py::test_blur_color[ksize0]
  /app/.venv/lib/python3.14/site-packages/tinygrad/runtime/autogen/hsa.py:2365: DeprecationWarning: Due to '_pack_', the 'struct_hsa_ext_image_data_info_s' Structure will use memory layout compatible with MSVC (Windows). If this is intended, set _layout_ to 'ms'. The implicit default is deprecated and slated to become an error in Python 3.19.
    struct_hsa_ext_image_data_info_s._fields_ = [

tinyops/image/blur_test.py::test_blur_color[ksize0]
  /app/.venv/lib/python3.14/site-packages/tinygrad/runtime/autogen/hsa.py:2407: DeprecationWarning: Due to '_pack_', the 'struct_hsa_ext_image_region_s' Structure will use memory layout compatible with MSVC (Windows). If this is intended, set _layout_ to 'ms'. The implicit default is deprecated and slated to become an error in Python 3.19.
    class struct_hsa_ext_image_region_s(Structure):

tinyops/image/blur_test.py::test_blur_color[ksize0]
  /app/.venv/lib/python3.14/site-packages/tinygrad/runtime/autogen/hsa.py:2437: DeprecationWarning: Due to '_pack_', the 'struct_hsa_ext_sampler_s' Structure will use memory layout compatible with MSVC (Windows). If this is intended, set _layout_ to 'ms'. The implicit default is deprecated and slated to become an error in Python 3.19.
    struct_hsa_ext_sampler_s._fields_ = [

tinyops/image/blur_test.py::test_blur_color[ksize0]
  /app/.venv/lib/python3.14/site-packages/tinygrad/runtime/autogen/hsa.py:2488: DeprecationWarning: Due to '_pack_', the 'struct_hsa_ext_sampler_descriptor_s' Structure will use memory layout compatible with MSVC (Windows). If this is intended, set _layout_ to 'ms'. The implicit default is deprecated and slated to become an error in Python 3.19.
    struct_hsa_ext_sampler_descriptor_s._fields_ = [

tinyops/image/blur_test.py::test_blur_color[ksize0]
  /app/.venv/lib/python3.14/site-packages/tinygrad/runtime/autogen/hsa.py:2511: DeprecationWarning: Due to '_pack_', the 'struct_hsa_ext_images_1_00_pfn_s' Structure will use memory layout compatible with MSVC (Windows). If this is intended, set _layout_ to 'ms'. The implicit default is deprecated and slated to become an error in Python 3.19.
    struct_hsa_ext_images_1_00_pfn_s._fields_ = [

tinyops/image/blur_test.py::test_blur_color[ksize0]
  /app/.venv/lib/python3.14/site-packages/tinygrad/runtime/autogen/hsa.py:2529: DeprecationWarning: Due to '_pack_', the 'struct_hsa_ext_images_1_pfn_s' Structure will use memory layout compatible with MSVC (Windows). If this is intended, set _layout_ to 'ms'. The implicit default is deprecated and slated to become an error in Python 3.19.
    struct_hsa_ext_images_1_pfn_s._fields_ = [

tinyops/image/blur_test.py::test_blur_color[ksize0]
  /app/.venv/lib/python3.14/site-packages/tinygrad/runtime/autogen/hsa.py:2567: DeprecationWarning: Due to '_pack_', the 'struct_hsa_amd_packet_header_s' Structure will use memory layout compatible with MSVC (Windows). If this is intended, set _layout_ to 'ms'. The implicit default is deprecated and slated to become an error in Python 3.19.
    struct_hsa_amd_packet_header_s._fields_ = [

tinyops/image/blur_test.py::test_blur_color[ksize0]
  /app/.venv/lib/python3.14/site-packages/tinygrad/runtime/autogen/hsa.py:2578: DeprecationWarning: Due to '_pack_', the 'struct_hsa_amd_barrier_value_packet_s' Structure will use memory layout compatible with MSVC (Windows). If this is intended, set _layout_ to 'ms'. The implicit default is deprecated and slated to become an error in Python 3.19.
    struct_hsa_amd_barrier_value_packet_s._fields_ = [

tinyops/image/blur_test.py::test_blur_color[ksize0]
  /app/.venv/lib/python3.14/site-packages/tinygrad/runtime/autogen/hsa.py:2749: DeprecationWarning: Due to '_pack_', the 'struct_hsa_amd_hdp_flush_s' Structure will use memory layout compatible with MSVC (Windows). If this is intended, set _layout_ to 'ms'. The implicit default is deprecated and slated to become an error in Python 3.19.
    struct_hsa_amd_hdp_flush_s._fields_ = [

tinyops/image/blur_test.py::test_blur_color[ksize0]
  /app/.venv/lib/python3.14/site-packages/tinygrad/runtime/autogen/hsa.py:2797: DeprecationWarning: Due to '_pack_', the 'struct_hsa_amd_profiling_dispatch_time_s' Structure will use memory layout compatible with MSVC (Windows). If this is intended, set _layout_ to 'ms'. The implicit default is deprecated and slated to become an error in Python 3.19.
    struct_hsa_amd_profiling_dispatch_time_s._fields_ = [

tinyops/image/blur_test.py::test_blur_color[ksize0]
  /app/.venv/lib/python3.14/site-packages/tinygrad/runtime/autogen/hsa.py:2807: DeprecationWarning: Due to '_pack_', the 'struct_hsa_amd_profiling_async_copy_time_s' Structure will use memory layout compatible with MSVC (Windows). If this is intended, set _layout_ to 'ms'. The implicit default is deprecated and slated to become an error in Python 3.19.
    struct_hsa_amd_profiling_async_copy_time_s._fields_ = [

tinyops/image/blur_test.py::test_blur_color[ksize0]
  /app/.venv/lib/python3.14/site-packages/tinygrad/runtime/autogen/hsa.py:2922: DeprecationWarning: Due to '_pack_', the 'struct_hsa_amd_memory_pool_s' Structure will use memory layout compatible with MSVC (Windows). If this is intended, set _layout_ to 'ms'. The implicit default is deprecated and slated to become an error in Python 3.19.
    struct_hsa_amd_memory_pool_s._fields_ = [

tinyops/image/blur_test.py::test_blur_color[ksize0]
  /app/.venv/lib/python3.14/site-packages/tinygrad/runtime/autogen/hsa.py:3039: DeprecationWarning: Due to '_pack_', the 'struct_hsa_pitched_ptr_s' Structure will use memory layout compatible with MSVC (Windows). If this is intended, set _layout_ to 'ms'. The implicit default is deprecated and slated to become an error in Python 3.19.
    struct_hsa_pitched_ptr_s._fields_ = [

tinyops/image/blur_test.py::test_blur_color[ksize0]
  /app/.venv/lib/python3.14/site-packages/tinygrad/runtime/autogen/hsa.py:3101: DeprecationWarning: Due to '_pack_', the 'struct_hsa_amd_memory_pool_link_info_s' Structure will use memory layout compatible with MSVC (Windows). If this is intended, set _layout_ to 'ms'. The implicit default is deprecated and slated to become an error in Python 3.19.
    struct_hsa_amd_memory_pool_link_info_s._fields_ = [

tinyops/image/blur_test.py::test_blur_color[ksize0]
  /app/.venv/lib/python3.14/site-packages/tinygrad/runtime/autogen/hsa.py:3192: DeprecationWarning: Due to '_pack_', the 'struct_hsa_amd_image_descriptor_s' Structure will use memory layout compatible with MSVC (Windows). If this is intended, set _layout_ to 'ms'. The implicit default is deprecated and slated to become an error in Python 3.19.
    struct_hsa_amd_image_descriptor_s._fields_ = [

tinyops/image/blur_test.py::test_blur_color[ksize0]
  /app/.venv/lib/python3.14/site-packages/tinygrad/runtime/autogen/hsa.py:3226: DeprecationWarning: Due to '_pack_', the 'struct_hsa_amd_pointer_info_s' Structure will use memory layout compatible with MSVC (Windows). If this is intended, set _layout_ to 'ms'. The implicit default is deprecated and slated to become an error in Python 3.19.
    struct_hsa_amd_pointer_info_s._fields_ = [

tinyops/image/blur_test.py::test_blur_color[ksize0]
  /app/.venv/lib/python3.14/site-packages/tinygrad/runtime/autogen/hsa.py:3255: DeprecationWarning: Due to '_pack_', the 'struct_hsa_amd_ipc_memory_s' Structure will use memory layout compatible with MSVC (Windows). If this is intended, set _layout_ to 'ms'. The implicit default is deprecated and slated to become an error in Python 3.19.
    struct_hsa_amd_ipc_memory_s._fields_ = [

tinyops/image/blur_test.py::test_blur_color[ksize0]
  /app/.venv/lib/python3.14/site-packages/tinygrad/runtime/autogen/hsa.py:3329: DeprecationWarning: Due to '_pack_', the 'struct_hsa_amd_gpu_memory_fault_info_s' Structure will use memory layout compatible with MSVC (Windows). If this is intended, set _layout_ to 'ms'. The implicit default is deprecated and slated to become an error in Python 3.19.
    struct_hsa_amd_gpu_memory_fault_info_s._fields_ = [

tinyops/image/blur_test.py::test_blur_color[ksize0]
  /app/.venv/lib/python3.14/site-packages/tinygrad/runtime/autogen/hsa.py:3357: DeprecationWarning: Due to '_pack_', the 'struct_hsa_amd_gpu_hw_exception_info_s' Structure will use memory layout compatible with MSVC (Windows). If this is intended, set _layout_ to 'ms'. The implicit default is deprecated and slated to become an error in Python 3.19.
    class struct_hsa_amd_gpu_hw_exception_info_s(Structure):

tinyops/image/blur_test.py::test_blur_color[ksize0]
  /app/.venv/lib/python3.14/site-packages/tinygrad/runtime/autogen/hsa.py:3373: DeprecationWarning: Due to '_pack_', the 'union_hsa_amd_event_s_0' Union will use memory layout compatible with MSVC (Windows). If this is intended, set _layout_ to 'ms'. The implicit default is deprecated and slated to become an error in Python 3.19.
    union_hsa_amd_event_s_0._fields_ = [

tinyops/image/blur_test.py::test_blur_color[ksize0]
  /app/.venv/lib/python3.14/site-packages/tinygrad/runtime/autogen/hsa.py:3381: DeprecationWarning: Due to '_pack_', the 'struct_hsa_amd_event_s' Structure will use memory layout compatible with MSVC (Windows). If this is intended, set _layout_ to 'ms'. The implicit default is deprecated and slated to become an error in Python 3.19.
    struct_hsa_amd_event_s._fields_ = [

tinyops/image/blur_test.py::test_blur_color[ksize0]
  /app/.venv/lib/python3.14/site-packages/tinygrad/runtime/autogen/hsa.py:3475: DeprecationWarning: Due to '_pack_', the 'struct_hsa_amd_svm_attribute_pair_s' Structure will use memory layout compatible with MSVC (Windows). If this is intended, set _layout_ to 'ms'. The implicit default is deprecated and slated to become an error in Python 3.19.
    struct_hsa_amd_svm_attribute_pair_s._fields_ = [

tinyops/image/blur_test.py::test_blur_color[ksize0]
  /app/.venv/lib/python3.14/site-packages/tinygrad/runtime/autogen/hsa.py:3551: DeprecationWarning: Due to '_pack_', the 'struct_hsa_amd_vmem_alloc_handle_s' Structure will use memory layout compatible with MSVC (Windows). If this is intended, set _layout_ to 'ms'. The implicit default is deprecated and slated to become an error in Python 3.19.
    struct_hsa_amd_vmem_alloc_handle_s._fields_ = [

tinyops/image/blur_test.py::test_blur_color[ksize0]
  /app/.venv/lib/python3.14/site-packages/tinygrad/runtime/autogen/hsa.py:3595: DeprecationWarning: Due to '_pack_', the 'struct_hsa_amd_memory_access_desc_s' Structure will use memory layout compatible with MSVC (Windows). If this is intended, set _layout_ to 'ms'. The implicit default is deprecated and slated to become an error in Python 3.19.
    struct_hsa_amd_memory_access_desc_s._fields_ = [

tinyops/image/blur_test.py::test_blur_color[ksize0]
  /app/.venv/lib/python3.14/site-packages/tinygrad/runtime/autogen/hsa.py:3719: DeprecationWarning: Due to '_pack_', the 'struct_amd_queue_s' Structure will use memory layout compatible with MSVC (Windows). If this is intended, set _layout_ to 'ms'. The implicit default is deprecated and slated to become an error in Python 3.19.
    struct_amd_queue_s._fields_ = [

tinyops/image/blur_test.py::test_blur_color[ksize0]
  /app/.venv/lib/python3.14/site-packages/tinygrad/runtime/autogen/hsa.py:3775: DeprecationWarning: Due to '_pack_', the 'union_amd_signal_s_0' Union will use memory layout compatible with MSVC (Windows). If this is intended, set _layout_ to 'ms'. The implicit default is deprecated and slated to become an error in Python 3.19.
    union_amd_signal_s_0._fields_ = [

tinyops/image/blur_test.py::test_blur_color[ksize0]
  /app/.venv/lib/python3.14/site-packages/tinygrad/runtime/autogen/hsa.py:3785: DeprecationWarning: Due to '_pack_', the 'union_amd_signal_s_1' Union will use memory layout compatible with MSVC (Windows). If this is intended, set _layout_ to 'ms'. The implicit default is deprecated and slated to become an error in Python 3.19.
    union_amd_signal_s_1._fields_ = [

tinyops/image/blur_test.py::test_blur_color[ksize0]
  /app/.venv/lib/python3.14/site-packages/tinygrad/runtime/autogen/hsa.py:3792: DeprecationWarning: Due to '_pack_', the 'struct_amd_signal_s' Structure will use memory layout compatible with MSVC (Windows). If this is intended, set _layout_ to 'ms'. The implicit default is deprecated and slated to become an error in Python 3.19.
    struct_amd_signal_s._fields_ = [

tinyops/image/blur_test.py::test_blur_color[ksize0]
  /app/.venv/lib/python3.14/site-packages/tinygrad/runtime/autogen/hsa.py:4270: DeprecationWarning: Due to '_pack_', the 'struct_amd_control_directives_s' Structure will use memory layout compatible with MSVC (Windows). If this is intended, set _layout_ to 'ms'. The implicit default is deprecated and slated to become an error in Python 3.19.
    struct_amd_control_directives_s._fields_ = [

tinyops/image/blur_test.py::test_blur_color[ksize0]
  /app/.venv/lib/python3.14/site-packages/tinygrad/runtime/autogen/hsa.py:4289: DeprecationWarning: Due to '_pack_', the 'struct_amd_kernel_code_s' Structure will use memory layout compatible with MSVC (Windows). If this is intended, set _layout_ to 'ms'. The implicit default is deprecated and slated to become an error in Python 3.19.
    struct_amd_kernel_code_s._fields_ = [

tinyops/image/blur_test.py::test_blur_color[ksize0]
  /app/.venv/lib/python3.14/site-packages/tinygrad/runtime/autogen/hsa.py:4331: DeprecationWarning: Due to '_pack_', the 'struct_amd_runtime_loader_debug_info_s' Structure will use memory layout compatible with MSVC (Windows). If this is intended, set _layout_ to 'ms'. The implicit default is deprecated and slated to become an error in Python 3.19.
    struct_amd_runtime_loader_debug_info_s._fields_ = [

tinyops/image/blur_test.py::test_blur_color[ksize0]
  /app/.venv/lib/python3.14/site-packages/tinygrad/runtime/autogen/hsa.py:4367: DeprecationWarning: Due to '_pack_', the 'struct_hsa_ext_program_s' Structure will use memory layout compatible with MSVC (Windows). If this is intended, set _layout_ to 'ms'. The implicit default is deprecated and slated to become an error in Python 3.19.
    struct_hsa_ext_program_s._fields_ = [

tinyops/image/blur_test.py::test_blur_color[ksize0]
  /app/.venv/lib/python3.14/site-packages/tinygrad/runtime/autogen/hsa.py:4428: DeprecationWarning: Due to '_pack_', the 'struct_hsa_ext_control_directives_s' Structure will use memory layout compatible with MSVC (Windows). If this is intended, set _layout_ to 'ms'. The implicit default is deprecated and slated to become an error in Python 3.19.
    struct_hsa_ext_control_directives_s._fields_ = [

tinyops/image/blur_test.py::test_blur_color[ksize0]
  /app/.venv/lib/python3.14/site-packages/tinygrad/runtime/autogen/hsa.py:4453: DeprecationWarning: Due to '_pack_', the 'struct_hsa_ext_finalizer_1_00_pfn_s' Structure will use memory layout compatible with MSVC (Windows). If this is intended, set _layout_ to 'ms'. The implicit default is deprecated and slated to become an error in Python 3.19.
    struct_hsa_ext_finalizer_1_00_pfn_s._fields_ = [

tinyops/image/blur_test.py::test_blur_color[ksize0]
  /app/.venv/lib/python3.14/site-packages/tinygrad/runtime/autogen/hsa.py:4567: DeprecationWarning: Due to '_pack_', the 'struct_c__SA_hsa_ven_amd_aqlprofile_event_t' Structure will use memory layout compatible with MSVC (Windows). If this is intended, set _layout_ to 'ms'. The implicit default is deprecated and slated to become an error in Python 3.19.
    struct_c__SA_hsa_ven_amd_aqlprofile_event_t._fields_ = [

tinyops/image/blur_test.py::test_blur_color[ksize0]
  /app/.venv/lib/python3.14/site-packages/tinygrad/runtime/autogen/hsa.py:4619: DeprecationWarning: Due to '_pack_', the 'struct_c__SA_hsa_ven_amd_aqlprofile_parameter_t' Structure will use memory layout compatible with MSVC (Windows). If this is intended, set _layout_ to 'ms'. The implicit default is deprecated and slated to become an error in Python 3.19.
    struct_c__SA_hsa_ven_amd_aqlprofile_parameter_t._fields_ = [

tinyops/image/blur_test.py::test_blur_color[ksize0]
  /app/.venv/lib/python3.14/site-packages/tinygrad/runtime/autogen/hsa.py:4644: DeprecationWarning: Due to '_pack_', the 'struct_c__SA_hsa_ven_amd_aqlprofile_descriptor_t' Structure will use memory layout compatible with MSVC (Windows). If this is intended, set _layout_ to 'ms'. The implicit default is deprecated and slated to become an error in Python 3.19.
    struct_c__SA_hsa_ven_amd_aqlprofile_descriptor_t._fields_ = [

tinyops/image/blur_test.py::test_blur_color[ksize0]
  /app/.venv/lib/python3.14/site-packages/tinygrad/runtime/autogen/hsa.py:4655: DeprecationWarning: Due to '_pack_', the 'struct_c__SA_hsa_ven_amd_aqlprofile_profile_t' Structure will use memory layout compatible with MSVC (Windows). If this is intended, set _layout_ to 'ms'. The implicit default is deprecated and slated to become an error in Python 3.19.
    struct_c__SA_hsa_ven_amd_aqlprofile_profile_t._fields_ = [

tinyops/image/blur_test.py::test_blur_color[ksize0]
  /app/.venv/lib/python3.14/site-packages/tinygrad/runtime/autogen/hsa.py:4674: DeprecationWarning: Due to '_pack_', the 'struct_c__SA_hsa_ext_amd_aql_pm4_packet_t' Structure will use memory layout compatible with MSVC (Windows). If this is intended, set _layout_ to 'ms'. The implicit default is deprecated and slated to become an error in Python 3.19.
    struct_c__SA_hsa_ext_amd_aql_pm4_packet_t._fields_ = [

tinyops/image/blur_test.py::test_blur_color[ksize0]
  /app/.venv/lib/python3.14/site-packages/tinygrad/runtime/autogen/hsa.py:4722: DeprecationWarning: Due to '_pack_', the 'struct_c__SA_hsa_ven_amd_aqlprofile_info_data_t_0_pmc_data' Structure will use memory layout compatible with MSVC (Windows). If this is intended, set _layout_ to 'ms'. The implicit default is deprecated and slated to become an error in Python 3.19.
    struct_c__SA_hsa_ven_amd_aqlprofile_info_data_t_0_pmc_data._fields_ = [

tinyops/image/blur_test.py::test_blur_color[ksize0]
  /app/.venv/lib/python3.14/site-packages/tinygrad/runtime/autogen/hsa.py:4729: DeprecationWarning: Due to '_pack_', the 'union_c__SA_hsa_ven_amd_aqlprofile_info_data_t_0' Union will use memory layout compatible with MSVC (Windows). If this is intended, set _layout_ to 'ms'. The implicit default is deprecated and slated to become an error in Python 3.19.
    union_c__SA_hsa_ven_amd_aqlprofile_info_data_t_0._fields_ = [

tinyops/image/blur_test.py::test_blur_color[ksize0]
  /app/.venv/lib/python3.14/site-packages/tinygrad/runtime/autogen/hsa.py:4737: DeprecationWarning: Due to '_pack_', the 'struct_c__SA_hsa_ven_amd_aqlprofile_info_data_t' Structure will use memory layout compatible with MSVC (Windows). If this is intended, set _layout_ to 'ms'. The implicit default is deprecated and slated to become an error in Python 3.19.
    struct_c__SA_hsa_ven_amd_aqlprofile_info_data_t._fields_ = [

tinyops/image/blur_test.py::test_blur_color[ksize0]
  /app/.venv/lib/python3.14/site-packages/tinygrad/runtime/autogen/hsa.py:4748: DeprecationWarning: Due to '_pack_', the 'struct_c__SA_hsa_ven_amd_aqlprofile_id_query_t' Structure will use memory layout compatible with MSVC (Windows). If this is intended, set _layout_ to 'ms'. The implicit default is deprecated and slated to become an error in Python 3.19.
    struct_c__SA_hsa_ven_amd_aqlprofile_id_query_t._fields_ = [

tinyops/image/blur_test.py::test_blur_color[ksize0]
  /app/.venv/lib/python3.14/site-packages/tinygrad/runtime/autogen/hsa.py:4816: DeprecationWarning: Due to '_pack_', the 'struct_hsa_ven_amd_aqlprofile_1_00_pfn_s' Structure will use memory layout compatible with MSVC (Windows). If this is intended, set _layout_ to 'ms'. The implicit default is deprecated and slated to become an error in Python 3.19.
    struct_hsa_ven_amd_aqlprofile_1_00_pfn_s._fields_ = [

tinyops/image/blur_test.py::test_blur_color[ksize0]
  /app/.venv/lib/python3.14/site-packages/tinygrad/runtime/autogen/sqtt.py:144: DeprecationWarning: Due to '_pack_', the 'union_sqtt_data_info_0' Union will use memory layout compatible with MSVC (Windows). If this is intended, set _layout_ to 'ms'. The implicit default is deprecated and slated to become an error in Python 3.19.
    union_sqtt_data_info_0._fields_ = [

tinyops/image/blur_test.py::test_blur_color[ksize0]
  /app/.venv/lib/python3.14/site-packages/tinygrad/runtime/autogen/sqtt.py:151: DeprecationWarning: Due to '_pack_', the 'struct_sqtt_data_info' Structure will use memory layout compatible with MSVC (Windows). If this is intended, set _layout_ to 'ms'. The implicit default is deprecated and slated to become an error in Python 3.19.
    struct_sqtt_data_info._fields_ = [

tinyops/image/blur_test.py::test_blur_color[ksize0]
  /app/.venv/lib/python3.14/site-packages/tinygrad/runtime/autogen/sqtt.py:161: DeprecationWarning: Due to '_pack_', the 'struct_sqtt_data_se' Structure will use memory layout compatible with MSVC (Windows). If this is intended, set _layout_ to 'ms'. The implicit default is deprecated and slated to become an error in Python 3.19.
    struct_sqtt_data_se._fields_ = [

tinyops/image/blur_test.py::test_blur_color[ksize0]
  /app/.venv/lib/python3.14/site-packages/tinygrad/runtime/autogen/sqtt.py:221: DeprecationWarning: Due to '_pack_', the 'struct_sqtt_file_chunk_id' Structure will use memory layout compatible with MSVC (Windows). If this is intended, set _layout_ to 'ms'. The implicit default is deprecated and slated to become an error in Python 3.19.
    struct_sqtt_file_chunk_id._fields_ = [

tinyops/image/blur_test.py::test_blur_color[ksize0]
  /app/.venv/lib/python3.14/site-packages/tinygrad/runtime/autogen/sqtt.py:231: DeprecationWarning: Due to '_pack_', the 'struct_sqtt_file_chunk_header' Structure will use memory layout compatible with MSVC (Windows). If this is intended, set _layout_ to 'ms'. The implicit default is deprecated and slated to become an error in Python 3.19.
    struct_sqtt_file_chunk_header._fields_ = [

tinyops/image/blur_test.py::test_blur_color[ksize0]
  /app/.venv/lib/python3.14/site-packages/tinygrad/runtime/autogen/sqtt.py:249: DeprecationWarning: Due to '_pack_', the 'struct_sqtt_file_header_flags_0_0' Structure will use memory layout compatible with MSVC (Windows). If this is intended, set _layout_ to 'ms'. The implicit default is deprecated and slated to become an error in Python 3.19.
    struct_sqtt_file_header_flags_0_0._fields_ = [

tinyops/image/blur_test.py::test_blur_color[ksize0]
  /app/.venv/lib/python3.14/site-packages/tinygrad/runtime/autogen/sqtt.py:257: DeprecationWarning: Due to '_pack_', the 'union_sqtt_file_header_flags_0' Union will use memory layout compatible with MSVC (Windows). If this is intended, set _layout_ to 'ms'. The implicit default is deprecated and slated to become an error in Python 3.19.
    union_sqtt_file_header_flags_0._fields_ = [

tinyops/image/blur_test.py::test_blur_color[ksize0]
  /app/.venv/lib/python3.14/site-packages/tinygrad/runtime/autogen/sqtt.py:264: DeprecationWarning: Due to '_pack_', the 'struct_sqtt_file_header_flags' Structure will use memory layout compatible with MSVC (Windows). If this is intended, set _layout_ to 'ms'. The implicit default is deprecated and slated to become an error in Python 3.19.
    struct_sqtt_file_header_flags._fields_ = [

tinyops/image/blur_test.py::test_blur_color[ksize0]
  /app/.venv/lib/python3.14/site-packages/tinygrad/runtime/autogen/sqtt.py:272: DeprecationWarning: Due to '_pack_', the 'struct_sqtt_file_header' Structure will use memory layout compatible with MSVC (Windows). If this is intended, set _layout_ to 'ms'. The implicit default is deprecated and slated to become an error in Python 3.19.
    struct_sqtt_file_header._fields_ = [

tinyops/image/blur_test.py::test_blur_color[ksize0]
  /app/.venv/lib/python3.14/site-packages/tinygrad/runtime/autogen/sqtt.py:293: DeprecationWarning: Due to '_pack_', the 'struct_sqtt_file_chunk_cpu_info' Structure will use memory layout compatible with MSVC (Windows). If this is intended, set _layout_ to 'ms'. The implicit default is deprecated and slated to become an error in Python 3.19.
    struct_sqtt_file_chunk_cpu_info._fields_ = [

tinyops/image/blur_test.py::test_blur_color[ksize0]
  /app/.venv/lib/python3.14/site-packages/tinygrad/runtime/autogen/sqtt.py:389: DeprecationWarning: Due to '_pack_', the 'struct_sqtt_file_chunk_asic_info' Structure will use memory layout compatible with MSVC (Windows). If this is intended, set _layout_ to 'ms'. The implicit default is deprecated and slated to become an error in Python 3.19.
    struct_sqtt_file_chunk_asic_info._fields_ = [

tinyops/image/blur_test.py::test_blur_color[ksize0]
  /app/.venv/lib/python3.14/site-packages/tinygrad/runtime/autogen/sqtt.py:487: DeprecationWarning: Due to '_pack_', the 'struct_sqtt_profiling_mode_data_user_marker_profiling_data' Structure will use memory layout compatible with MSVC (Windows). If this is intended, set _layout_ to 'ms'. The implicit default is deprecated and slated to become an error in Python 3.19.
    struct_sqtt_profiling_mode_data_user_marker_profiling_data._fields_ = [

tinyops/image/blur_test.py::test_blur_color[ksize0]
  /app/.venv/lib/python3.14/site-packages/tinygrad/runtime/autogen/sqtt.py:496: DeprecationWarning: Due to '_pack_', the 'struct_sqtt_profiling_mode_data_index_profiling_data' Structure will use memory layout compatible with MSVC (Windows). If this is intended, set _layout_ to 'ms'. The implicit default is deprecated and slated to become an error in Python 3.19.
    struct_sqtt_profiling_mode_data_index_profiling_data._fields_ = [

tinyops/image/blur_test.py::test_blur_color[ksize0]
  /app/.venv/lib/python3.14/site-packages/tinygrad/runtime/autogen/sqtt.py:505: DeprecationWarning: Due to '_pack_', the 'struct_sqtt_profiling_mode_data_tag_profiling_data' Structure will use memory layout compatible with MSVC (Windows). If this is intended, set _layout_ to 'ms'. The implicit default is deprecated and slated to become an error in Python 3.19.
    struct_sqtt_profiling_mode_data_tag_profiling_data._fields_ = [

tinyops/image/blur_test.py::test_blur_color[ksize0]
  /app/.venv/lib/python3.14/site-packages/tinygrad/runtime/autogen/sqtt.py:513: DeprecationWarning: Due to '_pack_', the 'union_sqtt_profiling_mode_data' Union will use memory layout compatible with MSVC (Windows). If this is intended, set _layout_ to 'ms'. The implicit default is deprecated and slated to become an error in Python 3.19.
    union_sqtt_profiling_mode_data._fields_ = [

tinyops/image/blur_test.py::test_blur_color[ksize0]
  /app/.venv/lib/python3.14/site-packages/tinygrad/runtime/autogen/sqtt.py:527: DeprecationWarning: Due to '_pack_', the 'struct_sqtt_instruction_trace_data_api_pso_data' Structure will use memory layout compatible with MSVC (Windows). If this is intended, set _layout_ to 'ms'. The implicit default is deprecated and slated to become an error in Python 3.19.
    struct_sqtt_instruction_trace_data_api_pso_data._fields_ = [

tinyops/image/blur_test.py::test_blur_color[ksize0]
  /app/.venv/lib/python3.14/site-packages/tinygrad/runtime/autogen/sqtt.py:535: DeprecationWarning: Due to '_pack_', the 'struct_sqtt_instruction_trace_data_shader_engine_filter' Structure will use memory layout compatible with MSVC (Windows). If this is intended, set _layout_ to 'ms'. The implicit default is deprecated and slated to become an error in Python 3.19.
    struct_sqtt_instruction_trace_data_shader_engine_filter._fields_ = [

tinyops/image/blur_test.py::test_blur_color[ksize0]
  /app/.venv/lib/python3.14/site-packages/tinygrad/runtime/autogen/sqtt.py:540: DeprecationWarning: Due to '_pack_', the 'union_sqtt_instruction_trace_data' Union will use memory layout compatible with MSVC (Windows). If this is intended, set _layout_ to 'ms'. The implicit default is deprecated and slated to become an error in Python 3.19.
    union_sqtt_instruction_trace_data._fields_ = [

tinyops/image/blur_test.py::test_blur_color[ksize0]
  /app/.venv/lib/python3.14/site-packages/tinygrad/runtime/autogen/sqtt.py:550: DeprecationWarning: Due to '_pack_', the 'struct_sqtt_file_chunk_api_info' Structure will use memory layout compatible with MSVC (Windows). If this is intended, set _layout_ to 'ms'. The implicit default is deprecated and slated to become an error in Python 3.19.
    struct_sqtt_file_chunk_api_info._fields_ = [

tinyops/image/blur_test.py::test_blur_color[ksize0]
  /app/.venv/lib/python3.14/site-packages/tinygrad/runtime/autogen/sqtt.py:567: DeprecationWarning: Due to '_pack_', the 'struct_sqtt_code_object_database_record' Structure will use memory layout compatible with MSVC (Windows). If this is intended, set _layout_ to 'ms'. The implicit default is deprecated and slated to become an error in Python 3.19.
    struct_sqtt_code_object_database_record._fields_ = [

tinyops/image/blur_test.py::test_blur_color[ksize0]
  /app/.venv/lib/python3.14/site-packages/tinygrad/runtime/autogen/sqtt.py:575: DeprecationWarning: Due to '_pack_', the 'struct_sqtt_file_chunk_code_object_database' Structure will use memory layout compatible with MSVC (Windows). If this is intended, set _layout_ to 'ms'. The implicit default is deprecated and slated to become an error in Python 3.19.
    struct_sqtt_file_chunk_code_object_database._fields_ = [

tinyops/image/blur_test.py::test_blur_color[ksize0]
  /app/.venv/lib/python3.14/site-packages/tinygrad/runtime/autogen/sqtt.py:587: DeprecationWarning: Due to '_pack_', the 'struct_sqtt_code_object_loader_events_record' Structure will use memory layout compatible with MSVC (Windows). If this is intended, set _layout_ to 'ms'. The implicit default is deprecated and slated to become an error in Python 3.19.
    struct_sqtt_code_object_loader_events_record._fields_ = [

tinyops/image/blur_test.py::test_blur_color[ksize0]
  /app/.venv/lib/python3.14/site-packages/tinygrad/runtime/autogen/sqtt.py:599: DeprecationWarning: Due to '_pack_', the 'struct_sqtt_file_chunk_code_object_loader_events' Structure will use memory layout compatible with MSVC (Windows). If this is intended, set _layout_ to 'ms'. The implicit default is deprecated and slated to become an error in Python 3.19.
    struct_sqtt_file_chunk_code_object_loader_events._fields_ = [

tinyops/image/blur_test.py::test_blur_color[ksize0]
  /app/.venv/lib/python3.14/site-packages/tinygrad/runtime/autogen/sqtt.py:611: DeprecationWarning: Due to '_pack_', the 'struct_sqtt_pso_correlation_record' Structure will use memory layout compatible with MSVC (Windows). If this is intended, set _layout_ to 'ms'. The implicit default is deprecated and slated to become an error in Python 3.19.
    struct_sqtt_pso_correlation_record._fields_ = [

tinyops/image/blur_test.py::test_blur_color[ksize0]
  /app/.venv/lib/python3.14/site-packages/tinygrad/runtime/autogen/sqtt.py:621: DeprecationWarning: Due to '_pack_', the 'struct_sqtt_file_chunk_pso_correlation' Structure will use memory layout compatible with MSVC (Windows). If this is intended, set _layout_ to 'ms'. The implicit default is deprecated and slated to become an error in Python 3.19.
    struct_sqtt_file_chunk_pso_correlation._fields_ = [

tinyops/image/blur_test.py::test_blur_color[ksize0]
  /app/.venv/lib/python3.14/site-packages/tinygrad/runtime/autogen/sqtt.py:639: DeprecationWarning: Due to '_pack_', the 'struct_sqtt_file_chunk_sqtt_desc_0_v0' Structure will use memory layout compatible with MSVC (Windows). If this is intended, set _layout_ to 'ms'. The implicit default is deprecated and slated to become an error in Python 3.19.
    struct_sqtt_file_chunk_sqtt_desc_0_v0._fields_ = [

tinyops/image/blur_test.py::test_blur_color[ksize0]
  /app/.venv/lib/python3.14/site-packages/tinygrad/runtime/autogen/sqtt.py:647: DeprecationWarning: Due to '_pack_', the 'struct_sqtt_file_chunk_sqtt_desc_0_v1' Structure will use memory layout compatible with MSVC (Windows). If this is intended, set _layout_ to 'ms'. The implicit default is deprecated and slated to become an error in Python 3.19.
    struct_sqtt_file_chunk_sqtt_desc_0_v1._fields_ = [

tinyops/image/blur_test.py::test_blur_color[ksize0]
  /app/.venv/lib/python3.14/site-packages/tinygrad/runtime/autogen/sqtt.py:654: DeprecationWarning: Due to '_pack_', the 'union_sqtt_file_chunk_sqtt_desc_0' Union will use memory layout compatible with MSVC (Windows). If this is intended, set _layout_ to 'ms'. The implicit default is deprecated and slated to become an error in Python 3.19.
    union_sqtt_file_chunk_sqtt_desc_0._fields_ = [

tinyops/image/blur_test.py::test_blur_color[ksize0]
  /app/.venv/lib/python3.14/site-packages/tinygrad/runtime/autogen/sqtt.py:661: DeprecationWarning: Due to '_pack_', the 'struct_sqtt_file_chunk_sqtt_desc' Structure will use memory layout compatible with MSVC (Windows). If this is intended, set _layout_ to 'ms'. The implicit default is deprecated and slated to become an error in Python 3.19.
    struct_sqtt_file_chunk_sqtt_desc._fields_ = [

tinyops/image/blur_test.py::test_blur_color[ksize0]
  /app/.venv/lib/python3.14/site-packages/tinygrad/runtime/autogen/sqtt.py:672: DeprecationWarning: Due to '_pack_', the 'struct_sqtt_file_chunk_sqtt_data' Structure will use memory layout compatible with MSVC (Windows). If this is intended, set _layout_ to 'ms'. The implicit default is deprecated and slated to become an error in Python 3.19.
    struct_sqtt_file_chunk_sqtt_data._fields_ = [

tinyops/image/blur_test.py::test_blur_color[ksize0]
  /app/.venv/lib/python3.14/site-packages/tinygrad/runtime/autogen/sqtt.py:682: DeprecationWarning: Due to '_pack_', the 'struct_sqtt_file_chunk_queue_event_timings' Structure will use memory layout compatible with MSVC (Windows). If this is intended, set _layout_ to 'ms'. The implicit default is deprecated and slated to become an error in Python 3.19.
    struct_sqtt_file_chunk_queue_event_timings._fields_ = [

tinyops/image/blur_test.py::test_blur_color[ksize0]
  /app/.venv/lib/python3.14/site-packages/tinygrad/runtime/autogen/sqtt.py:732: DeprecationWarning: Due to '_pack_', the 'struct_sqtt_queue_hardware_info_0_0' Structure will use memory layout compatible with MSVC (Windows). If this is intended, set _layout_ to 'ms'. The implicit default is deprecated and slated to become an error in Python 3.19.
    struct_sqtt_queue_hardware_info_0_0._fields_ = [

tinyops/image/blur_test.py::test_blur_color[ksize0]
  /app/.venv/lib/python3.14/site-packages/tinygrad/runtime/autogen/sqtt.py:740: DeprecationWarning: Due to '_pack_', the 'union_sqtt_queue_hardware_info_0' Union will use memory layout compatible with MSVC (Windows). If this is intended, set _layout_ to 'ms'. The implicit default is deprecated and slated to become an error in Python 3.19.
    union_sqtt_queue_hardware_info_0._fields_ = [

tinyops/image/blur_test.py::test_blur_color[ksize0]
  /app/.venv/lib/python3.14/site-packages/tinygrad/runtime/autogen/sqtt.py:747: DeprecationWarning: Due to '_pack_', the 'struct_sqtt_queue_hardware_info' Structure will use memory layout compatible with MSVC (Windows). If this is intended, set _layout_ to 'ms'. The implicit default is deprecated and slated to become an error in Python 3.19.
    struct_sqtt_queue_hardware_info._fields_ = [

tinyops/image/blur_test.py::test_blur_color[ksize0]
  /app/.venv/lib/python3.14/site-packages/tinygrad/runtime/autogen/sqtt.py:755: DeprecationWarning: Due to '_pack_', the 'struct_sqtt_queue_info_record' Structure will use memory layout compatible with MSVC (Windows). If this is intended, set _layout_ to 'ms'. The implicit default is deprecated and slated to become an error in Python 3.19.
    struct_sqtt_queue_info_record._fields_ = [

tinyops/image/blur_test.py::test_blur_color[ksize0]
  /app/.venv/lib/python3.14/site-packages/tinygrad/runtime/autogen/sqtt.py:779: DeprecationWarning: Due to '_pack_', the 'struct_sqtt_queue_event_record' Structure will use memory layout compatible with MSVC (Windows). If this is intended, set _layout_ to 'ms'. The implicit default is deprecated and slated to become an error in Python 3.19.
    struct_sqtt_queue_event_record._fields_ = [

tinyops/image/blur_test.py::test_blur_color[ksize0]
  /app/.venv/lib/python3.14/site-packages/tinygrad/runtime/autogen/sqtt.py:794: DeprecationWarning: Due to '_pack_', the 'struct_sqtt_file_chunk_clock_calibration' Structure will use memory layout compatible with MSVC (Windows). If this is intended, set _layout_ to 'ms'. The implicit default is deprecated and slated to become an error in Python 3.19.
    struct_sqtt_file_chunk_clock_calibration._fields_ = [

tinyops/image/blur_test.py::test_blur_color[ksize0]
  /app/.venv/lib/python3.14/site-packages/tinygrad/runtime/autogen/sqtt.py:820: DeprecationWarning: Due to '_pack_', the 'struct_sqtt_file_chunk_spm_db' Structure will use memory layout compatible with MSVC (Windows). If this is intended, set _layout_ to 'ms'. The implicit default is deprecated and slated to become an error in Python 3.19.
    struct_sqtt_file_chunk_spm_db._fields_ = [

tinyops/image/blur_test.py::test_blur_color[ksize0]
  /app/.venv/lib/python3.14/site-packages/tinygrad/runtime/autogen/sqtt.py:874: DeprecationWarning: Due to '_pack_', the 'struct_rgp_sqtt_marker_cb_id_per_frame_cb_id' Structure will use memory layout compatible with MSVC (Windows). If this is intended, set _layout_ to 'ms'. The implicit default is deprecated and slated to become an error in Python 3.19.
    struct_rgp_sqtt_marker_cb_id_per_frame_cb_id._fields_ = [

tinyops/image/blur_test.py::test_blur_color[ksize0]
  /app/.venv/lib/python3.14/site-packages/tinygrad/runtime/autogen/sqtt.py:885: DeprecationWarning: Due to '_pack_', the 'struct_rgp_sqtt_marker_cb_id_global_cb_id' Structure will use memory layout compatible with MSVC (Windows). If this is intended, set _layout_ to 'ms'. The implicit default is deprecated and slated to become an error in Python 3.19.
    struct_rgp_sqtt_marker_cb_id_global_cb_id._fields_ = [

tinyops/image/blur_test.py::test_blur_color[ksize0]
  /app/.venv/lib/python3.14/site-packages/tinygrad/runtime/autogen/sqtt.py:892: DeprecationWarning: Due to '_pack_', the 'union_rgp_sqtt_marker_cb_id' Union will use memory layout compatible with MSVC (Windows). If this is intended, set _layout_ to 'ms'. The implicit default is deprecated and slated to become an error in Python 3.19.
    union_rgp_sqtt_marker_cb_id._fields_ = [

tinyops/image/blur_test.py::test_blur_color[ksize0]
  /app/.venv/lib/python3.14/site-packages/tinygrad/runtime/autogen/sqtt.py:908: DeprecationWarning: Due to '_pack_', the 'struct_rgp_sqtt_marker_cb_start_0_0' Structure will use memory layout compatible with MSVC (Windows). If this is intended, set _layout_ to 'ms'. The implicit default is deprecated and slated to become an error in Python 3.19.
    struct_rgp_sqtt_marker_cb_start_0_0._fields_ = [

tinyops/image/blur_test.py::test_blur_color[ksize0]
  /app/.venv/lib/python3.14/site-packages/tinygrad/runtime/autogen/sqtt.py:917: DeprecationWarning: Due to '_pack_', the 'union_rgp_sqtt_marker_cb_start_0' Union will use memory layout compatible with MSVC (Windows). If this is intended, set _layout_ to 'ms'. The implicit default is deprecated and slated to become an error in Python 3.19.
    union_rgp_sqtt_marker_cb_start_0._fields_ = [

tinyops/image/blur_test.py::test_blur_color[ksize0]
  /app/.venv/lib/python3.14/site-packages/tinygrad/runtime/autogen/sqtt.py:926: DeprecationWarning: Due to '_pack_', the 'union_rgp_sqtt_marker_cb_start_1' Union will use memory layout compatible with MSVC (Windows). If this is intended, set _layout_ to 'ms'. The implicit default is deprecated and slated to become an error in Python 3.19.
    union_rgp_sqtt_marker_cb_start_1._fields_ = [

tinyops/image/blur_test.py::test_blur_color[ksize0]
  /app/.venv/lib/python3.14/site-packages/tinygrad/runtime/autogen/sqtt.py:935: DeprecationWarning: Due to '_pack_', the 'union_rgp_sqtt_marker_cb_start_2' Union will use memory layout compatible with MSVC (Windows). If this is intended, set _layout_ to 'ms'. The implicit default is deprecated and slated to become an error in Python 3.19.
    union_rgp_sqtt_marker_cb_start_2._fields_ = [

tinyops/image/blur_test.py::test_blur_color[ksize0]
  /app/.venv/lib/python3.14/site-packages/tinygrad/runtime/autogen/sqtt.py:944: DeprecationWarning: Due to '_pack_', the 'union_rgp_sqtt_marker_cb_start_3' Union will use memory layout compatible with MSVC (Windows). If this is intended, set _layout_ to 'ms'. The implicit default is deprecated and slated to become an error in Python 3.19.
    union_rgp_sqtt_marker_cb_start_3._fields_ = [

tinyops/image/blur_test.py::test_blur_color[ksize0]
  /app/.venv/lib/python3.14/site-packages/tinygrad/runtime/autogen/sqtt.py:951: DeprecationWarning: Due to '_pack_', the 'struct_rgp_sqtt_marker_cb_start' Structure will use memory layout compatible with MSVC (Windows). If this is intended, set _layout_ to 'ms'. The implicit default is deprecated and slated to become an error in Python 3.19.
    struct_rgp_sqtt_marker_cb_start._fields_ = [

tinyops/image/blur_test.py::test_blur_color[ksize0]
  /app/.venv/lib/python3.14/site-packages/tinygrad/runtime/autogen/sqtt.py:968: DeprecationWarning: Due to '_pack_', the 'struct_rgp_sqtt_marker_cb_end_0_0' Structure will use memory layout compatible with MSVC (Windows). If this is intended, set _layout_ to 'ms'. The implicit default is deprecated and slated to become an error in Python 3.19.
    struct_rgp_sqtt_marker_cb_end_0_0._fields_ = [

tinyops/image/blur_test.py::test_blur_color[ksize0]
  /app/.venv/lib/python3.14/site-packages/tinygrad/runtime/autogen/sqtt.py:977: DeprecationWarning: Due to '_pack_', the 'union_rgp_sqtt_marker_cb_end_0' Union will use memory layout compatible with MSVC (Windows). If this is intended, set _layout_ to 'ms'. The implicit default is deprecated and slated to become an error in Python 3.19.
    union_rgp_sqtt_marker_cb_end_0._fields_ = [

tinyops/image/blur_test.py::test_blur_color[ksize0]
  /app/.venv/lib/python3.14/site-packages/tinygrad/runtime/autogen/sqtt.py:986: DeprecationWarning: Due to '_pack_', the 'union_rgp_sqtt_marker_cb_end_1' Union will use memory layout compatible with MSVC (Windows). If this is intended, set _layout_ to 'ms'. The implicit default is deprecated and slated to become an error in Python 3.19.
    union_rgp_sqtt_marker_cb_end_1._fields_ = [

tinyops/image/blur_test.py::test_blur_color[ksize0]
  /app/.venv/lib/python3.14/site-packages/tinygrad/runtime/autogen/sqtt.py:995: DeprecationWarning: Due to '_pack_', the 'union_rgp_sqtt_marker_cb_end_2' Union will use memory layout compatible with MSVC (Windows). If this is intended, set _layout_ to 'ms'. The implicit default is deprecated and slated to become an error in Python 3.19.
    union_rgp_sqtt_marker_cb_end_2._fields_ = [

tinyops/image/blur_test.py::test_blur_color[ksize0]
  /app/.venv/lib/python3.14/site-packages/tinygrad/runtime/autogen/sqtt.py:1002: DeprecationWarning: Due to '_pack_', the 'struct_rgp_sqtt_marker_cb_end' Structure will use memory layout compatible with MSVC (Windows). If this is intended, set _layout_ to 'ms'. The implicit default is deprecated and slated to become an error in Python 3.19.
    struct_rgp_sqtt_marker_cb_end._fields_ = [

tinyops/image/blur_test.py::test_blur_color[ksize0]
  /app/.venv/lib/python3.14/site-packages/tinygrad/runtime/autogen/sqtt.py:1125: DeprecationWarning: Due to '_pack_', the 'struct_rgp_sqtt_marker_general_api_0_0' Structure will use memory layout compatible with MSVC (Windows). If this is intended, set _layout_ to 'ms'. The implicit default is deprecated and slated to become an error in Python 3.19.
    struct_rgp_sqtt_marker_general_api_0_0._fields_ = [

tinyops/image/blur_test.py::test_blur_color[ksize0]
  /app/.venv/lib/python3.14/site-packages/tinygrad/runtime/autogen/sqtt.py:1135: DeprecationWarning: Due to '_pack_', the 'union_rgp_sqtt_marker_general_api_0' Union will use memory layout compatible with MSVC (Windows). If this is intended, set _layout_ to 'ms'. The implicit default is deprecated and slated to become an error in Python 3.19.
    union_rgp_sqtt_marker_general_api_0._fields_ = [

tinyops/image/blur_test.py::test_blur_color[ksize0]
  /app/.venv/lib/python3.14/site-packages/tinygrad/runtime/autogen/sqtt.py:1142: DeprecationWarning: Due to '_pack_', the 'struct_rgp_sqtt_marker_general_api' Structure will use memory layout compatible with MSVC (Windows). If this is intended, set _layout_ to 'ms'. The implicit default is deprecated and slated to become an error in Python 3.19.
    struct_rgp_sqtt_marker_general_api._fields_ = [

tinyops/image/blur_test.py::test_blur_color[ksize0]
  /app/.venv/lib/python3.14/site-packages/tinygrad/runtime/autogen/sqtt.py:1243: DeprecationWarning: Due to '_pack_', the 'struct_rgp_sqtt_marker_event_0_0' Structure will use memory layout compatible with MSVC (Windows). If this is intended, set _layout_ to 'ms'. The implicit default is deprecated and slated to become an error in Python 3.19.
    struct_rgp_sqtt_marker_event_0_0._fields_ = [

tinyops/image/blur_test.py::test_blur_color[ksize0]
  /app/.venv/lib/python3.14/site-packages/tinygrad/runtime/autogen/sqtt.py:1252: DeprecationWarning: Due to '_pack_', the 'union_rgp_sqtt_marker_event_0' Union will use memory layout compatible with MSVC (Windows). If this is intended, set _layout_ to 'ms'. The implicit default is deprecated and slated to become an error in Python 3.19.
    union_rgp_sqtt_marker_event_0._fields_ = [

tinyops/image/blur_test.py::test_blur_color[ksize0]
  /app/.venv/lib/python3.14/site-packages/tinygrad/runtime/autogen/sqtt.py:1264: DeprecationWarning: Due to '_pack_', the 'struct_rgp_sqtt_marker_event_1_0' Structure will use memory layout compatible with MSVC (Windows). If this is intended, set _layout_ to 'ms'. The implicit default is deprecated and slated to become an error in Python 3.19.
    struct_rgp_sqtt_marker_event_1_0._fields_ = [

tinyops/image/blur_test.py::test_blur_color[ksize0]
  /app/.venv/lib/python3.14/site-packages/tinygrad/runtime/autogen/sqtt.py:1273: DeprecationWarning: Due to '_pack_', the 'union_rgp_sqtt_marker_event_1' Union will use memory layout compatible with MSVC (Windows). If this is intended, set _layout_ to 'ms'. The implicit default is deprecated and slated to become an error in Python 3.19.
    union_rgp_sqtt_marker_event_1._fields_ = [

tinyops/image/blur_test.py::test_blur_color[ksize0]
  /app/.venv/lib/python3.14/site-packages/tinygrad/runtime/autogen/sqtt.py:1282: DeprecationWarning: Due to '_pack_', the 'union_rgp_sqtt_marker_event_2' Union will use memory layout compatible with MSVC (Windows). If this is intended, set _layout_ to 'ms'. The implicit default is deprecated and slated to become an error in Python 3.19.
    union_rgp_sqtt_marker_event_2._fields_ = [

tinyops/image/blur_test.py::test_blur_color[ksize0]
  /app/.venv/lib/python3.14/site-packages/tinygrad/runtime/autogen/sqtt.py:1289: DeprecationWarning: Due to '_pack_', the 'struct_rgp_sqtt_marker_event' Structure will use memory layout compatible with MSVC (Windows). If this is intended, set _layout_ to 'ms'. The implicit default is deprecated and slated to become an error in Python 3.19.
    struct_rgp_sqtt_marker_event._fields_ = [

tinyops/image/blur_test.py::test_blur_color[ksize0]
  /app/.venv/lib/python3.14/site-packages/tinygrad/runtime/autogen/sqtt.py:1299: DeprecationWarning: Due to '_pack_', the 'struct_rgp_sqtt_marker_event_with_dims' Structure will use memory layout compatible with MSVC (Windows). If this is intended, set _layout_ to 'ms'. The implicit default is deprecated and slated to become an error in Python 3.19.
    struct_rgp_sqtt_marker_event_with_dims._fields_ = [

tinyops/image/blur_test.py::test_blur_color[ksize0]
  /app/.venv/lib/python3.14/site-packages/tinygrad/runtime/autogen/sqtt.py:1316: DeprecationWarning: Due to '_pack_', the 'struct_rgp_sqtt_marker_barrier_start_0_0' Structure will use memory layout compatible with MSVC (Windows). If this is intended, set _layout_ to 'ms'. The implicit default is deprecated and slated to become an error in Python 3.19.
    struct_rgp_sqtt_marker_barrier_start_0_0._fields_ = [

tinyops/image/blur_test.py::test_blur_color[ksize0]
  /app/.venv/lib/python3.14/site-packages/tinygrad/runtime/autogen/sqtt.py:1325: DeprecationWarning: Due to '_pack_', the 'union_rgp_sqtt_marker_barrier_start_0' Union will use memory layout compatible with MSVC (Windows). If this is intended, set _layout_ to 'ms'. The implicit default is deprecated and slated to become an error in Python 3.19.
    union_rgp_sqtt_marker_barrier_start_0._fields_ = [

tinyops/image/blur_test.py::test_blur_color[ksize0]
  /app/.venv/lib/python3.14/site-packages/tinygrad/runtime/autogen/sqtt.py:1337: DeprecationWarning: Due to '_pack_', the 'struct_rgp_sqtt_marker_barrier_start_1_0' Structure will use memory layout compatible with MSVC (Windows). If this is intended, set _layout_ to 'ms'. The implicit default is deprecated and slated to become an error in Python 3.19.
    struct_rgp_sqtt_marker_barrier_start_1_0._fields_ = [

tinyops/image/blur_test.py::test_blur_color[ksize0]
  /app/.venv/lib/python3.14/site-packages/tinygrad/runtime/autogen/sqtt.py:1344: DeprecationWarning: Due to '_pack_', the 'union_rgp_sqtt_marker_barrier_start_1' Union will use memory layout compatible with MSVC (Windows). If this is intended, set _layout_ to 'ms'. The implicit default is deprecated and slated to become an error in Python 3.19.
    union_rgp_sqtt_marker_barrier_start_1._fields_ = [

tinyops/image/blur_test.py::test_blur_color[ksize0]
  /app/.venv/lib/python3.14/site-packages/tinygrad/runtime/autogen/sqtt.py:1351: DeprecationWarning: Due to '_pack_', the 'struct_rgp_sqtt_marker_barrier_start' Structure will use memory layout compatible with MSVC (Windows). If this is intended, set _layout_ to 'ms'. The implicit default is deprecated and slated to become an error in Python 3.19.
    struct_rgp_sqtt_marker_barrier_start._fields_ = [

tinyops/image/blur_test.py::test_blur_color[ksize0]
  /app/.venv/lib/python3.14/site-packages/tinygrad/runtime/autogen/sqtt.py:1366: DeprecationWarning: Due to '_pack_', the 'struct_rgp_sqtt_marker_barrier_end_0_0' Structure will use memory layout compatible with MSVC (Windows). If this is intended, set _layout_ to 'ms'. The implicit default is deprecated and slated to become an error in Python 3.19.
    struct_rgp_sqtt_marker_barrier_end_0_0._fields_ = [

tinyops/image/blur_test.py::test_blur_color[ksize0]
  /app/.venv/lib/python3.14/site-packages/tinygrad/runtime/autogen/sqtt.py:1379: DeprecationWarning: Due to '_pack_', the 'union_rgp_sqtt_marker_barrier_end_0' Union will use memory layout compatible with MSVC (Windows). If this is intended, set _layout_ to 'ms'. The implicit default is deprecated and slated to become an error in Python 3.19.
    union_rgp_sqtt_marker_barrier_end_0._fields_ = [

tinyops/image/blur_test.py::test_blur_color[ksize0]
  /app/.venv/lib/python3.14/site-packages/tinygrad/runtime/autogen/sqtt.py:1391: DeprecationWarning: Due to '_pack_', the 'struct_rgp_sqtt_marker_barrier_end_1_0' Structure will use memory layout compatible with MSVC (Windows). If this is intended, set _layout_ to 'ms'. The implicit default is deprecated and slated to become an error in Python 3.19.
    struct_rgp_sqtt_marker_barrier_end_1_0._fields_ = [

tinyops/image/blur_test.py::test_blur_color[ksize0]
  /app/.venv/lib/python3.14/site-packages/tinygrad/runtime/autogen/sqtt.py:1413: DeprecationWarning: Due to '_pack_', the 'union_rgp_sqtt_marker_barrier_end_1' Union will use memory layout compatible with MSVC (Windows). If this is intended, set _layout_ to 'ms'. The implicit default is deprecated and slated to become an error in Python 3.19.
    union_rgp_sqtt_marker_barrier_end_1._fields_ = [

tinyops/image/blur_test.py::test_blur_color[ksize0]
  /app/.venv/lib/python3.14/site-packages/tinygrad/runtime/autogen/sqtt.py:1420: DeprecationWarning: Due to '_pack_', the 'struct_rgp_sqtt_marker_barrier_end' Structure will use memory layout compatible with MSVC (Windows). If this is intended, set _layout_ to 'ms'. The implicit default is deprecated and slated to become an error in Python 3.19.
    struct_rgp_sqtt_marker_barrier_end._fields_ = [

tinyops/image/blur_test.py::test_blur_color[ksize0]
  /app/.venv/lib/python3.14/site-packages/tinygrad/runtime/autogen/sqtt.py:1435: DeprecationWarning: Due to '_pack_', the 'struct_rgp_sqtt_marker_layout_transition_0_0' Structure will use memory layout compatible with MSVC (Windows). If this is intended, set _layout_ to 'ms'. The implicit default is deprecated and slated to become an error in Python 3.19.
    struct_rgp_sqtt_marker_layout_transition_0_0._fields_ = [

tinyops/image/blur_test.py::test_blur_color[ksize0]
  /app/.venv/lib/python3.14/site-packages/tinygrad/runtime/autogen/sqtt.py:1451: DeprecationWarning: Due to '_pack_', the 'union_rgp_sqtt_marker_layout_transition_0' Union will use memory layout compatible with MSVC (Windows). If this is intended, set _layout_ to 'ms'. The implicit default is deprecated and slated to become an error in Python 3.19.
    union_rgp_sqtt_marker_layout_transition_0._fields_ = [

tinyops/image/blur_test.py::test_blur_color[ksize0]
  /app/.venv/lib/python3.14/site-packages/tinygrad/runtime/autogen/sqtt.py:1463: DeprecationWarning: Due to '_pack_', the 'struct_rgp_sqtt_marker_layout_transition_1_0' Structure will use memory layout compatible with MSVC (Windows). If this is intended, set _layout_ to 'ms'. The implicit default is deprecated and slated to become an error in Python 3.19.
    struct_rgp_sqtt_marker_layout_transition_1_0._fields_ = [

tinyops/image/blur_test.py::test_blur_color[ksize0]
  /app/.venv/lib/python3.14/site-packages/tinygrad/runtime/autogen/sqtt.py:1469: DeprecationWarning: Due to '_pack_', the 'union_rgp_sqtt_marker_layout_transition_1' Union will use memory layout compatible with MSVC (Windows). If this is intended, set _layout_ to 'ms'. The implicit default is deprecated and slated to become an error in Python 3.19.
    union_rgp_sqtt_marker_layout_transition_1._fields_ = [

tinyops/image/blur_test.py::test_blur_color[ksize0]
  /app/.venv/lib/python3.14/site-packages/tinygrad/runtime/autogen/sqtt.py:1476: DeprecationWarning: Due to '_pack_', the 'struct_rgp_sqtt_marker_layout_transition' Structure will use memory layout compatible with MSVC (Windows). If this is intended, set _layout_ to 'ms'. The implicit default is deprecated and slated to become an error in Python 3.19.
    struct_rgp_sqtt_marker_layout_transition._fields_ = [

tinyops/image/blur_test.py::test_blur_color[ksize0]
  /app/.venv/lib/python3.14/site-packages/tinygrad/runtime/autogen/sqtt.py:1491: DeprecationWarning: Due to '_pack_', the 'struct_rgp_sqtt_marker_user_event_0_0' Structure will use memory layout compatible with MSVC (Windows). If this is intended, set _layout_ to 'ms'. The implicit default is deprecated and slated to become an error in Python 3.19.
    struct_rgp_sqtt_marker_user_event_0_0._fields_ = [

tinyops/image/blur_test.py::test_blur_color[ksize0]
  /app/.venv/lib/python3.14/site-packages/tinygrad/runtime/autogen/sqtt.py:1500: DeprecationWarning: Due to '_pack_', the 'union_rgp_sqtt_marker_user_event_0' Union will use memory layout compatible with MSVC (Windows). If this is intended, set _layout_ to 'ms'. The implicit default is deprecated and slated to become an error in Python 3.19.
    union_rgp_sqtt_marker_user_event_0._fields_ = [

tinyops/image/blur_test.py::test_blur_color[ksize0]
  /app/.venv/lib/python3.14/site-packages/tinygrad/runtime/autogen/sqtt.py:1507: DeprecationWarning: Due to '_pack_', the 'struct_rgp_sqtt_marker_user_event' Structure will use memory layout compatible with MSVC (Windows). If this is intended, set _layout_ to 'ms'. The implicit default is deprecated and slated to become an error in Python 3.19.
    struct_rgp_sqtt_marker_user_event._fields_ = [

tinyops/image/blur_test.py::test_blur_color[ksize0]
  /app/.venv/lib/python3.14/site-packages/tinygrad/runtime/autogen/sqtt.py:1515: DeprecationWarning: Due to '_pack_', the 'struct_rgp_sqtt_marker_user_event_with_length' Structure will use memory layout compatible with MSVC (Windows). If this is intended, set _layout_ to 'ms'. The implicit default is deprecated and slated to become an error in Python 3.19.
    struct_rgp_sqtt_marker_user_event_with_length._fields_ = [

tinyops/image/blur_test.py::test_blur_color[ksize0]
  /app/.venv/lib/python3.14/site-packages/tinygrad/runtime/autogen/sqtt.py:1543: DeprecationWarning: Due to '_pack_', the 'struct_rgp_sqtt_marker_pipeline_bind_0_0' Structure will use memory layout compatible with MSVC (Windows). If this is intended, set _layout_ to 'ms'. The implicit default is deprecated and slated to become an error in Python 3.19.
    struct_rgp_sqtt_marker_pipeline_bind_0_0._fields_ = [

tinyops/image/blur_test.py::test_blur_color[ksize0]
  /app/.venv/lib/python3.14/site-packages/tinygrad/runtime/autogen/sqtt.py:1553: DeprecationWarning: Due to '_pack_', the 'union_rgp_sqtt_marker_pipeline_bind_0' Union will use memory layout compatible with MSVC (Windows). If this is intended, set _layout_ to 'ms'. The implicit default is deprecated and slated to become an error in Python 3.19.
    union_rgp_sqtt_marker_pipeline_bind_0._fields_ = [

tinyops/image/blur_test.py::test_blur_color[ksize0]
  /app/.venv/lib/python3.14/site-packages/tinygrad/runtime/autogen/sqtt.py:1565: DeprecationWarning: Due to '_pack_', the 'struct_rgp_sqtt_marker_pipeline_bind_1_0' Structure will use memory layout compatible with MSVC (Windows). If this is intended, set _layout_ to 'ms'. The implicit default is deprecated and slated to become an error in Python 3.19.
    struct_rgp_sqtt_marker_pipeline_bind_1_0._fields_ = [

tinyops/image/blur_test.py::test_blur_color[ksize0]
  /app/.venv/lib/python3.14/site-packages/tinygrad/runtime/autogen/sqtt.py:1572: DeprecationWarning: Due to '_pack_', the 'union_rgp_sqtt_marker_pipeline_bind_1' Union will use memory layout compatible with MSVC (Windows). If this is intended, set _layout_ to 'ms'. The implicit default is deprecated and slated to become an error in Python 3.19.
    union_rgp_sqtt_marker_pipeline_bind_1._fields_ = [

tinyops/image/blur_test.py::test_blur_color[ksize0]
  /app/.venv/lib/python3.14/site-packages/tinygrad/runtime/autogen/sqtt.py:1579: DeprecationWarning: Due to '_pack_', the 'struct_rgp_sqtt_marker_pipeline_bind' Structure will use memory layout compatible with MSVC (Windows). If this is intended, set _layout_ to 'ms'. The implicit default is deprecated and slated to become an error in Python 3.19.
    struct_rgp_sqtt_marker_pipeline_bind._fields_ = [

tinyops/image/blur_test.py::test_blur_color[ksize0]
  /app/.venv/lib/python3.14/site-packages/tinygrad/runtime/autogen/am/am.py:158: DeprecationWarning: Due to '_pack_', the 'struct_v11_gfx_mqd' Structure will use memory layout compatible with MSVC (Windows). If this is intended, set _layout_ to 'ms'. The implicit default is deprecated and slated to become an error in Python 3.19.
    struct_v11_gfx_mqd._fields_ = [

tinyops/image/blur_test.py::test_blur_color[ksize0]
  /app/.venv/lib/python3.14/site-packages/tinygrad/runtime/autogen/am/am.py:677: DeprecationWarning: Due to '_pack_', the 'struct_v11_sdma_mqd' Structure will use memory layout compatible with MSVC (Windows). If this is intended, set _layout_ to 'ms'. The implicit default is deprecated and slated to become an error in Python 3.19.
    struct_v11_sdma_mqd._fields_ = [

tinyops/image/blur_test.py::test_blur_color[ksize0]
  /app/.venv/lib/python3.14/site-packages/tinygrad/runtime/autogen/am/am.py:812: DeprecationWarning: Due to '_pack_', the 'struct_v11_compute_mqd' Structure will use memory layout compatible with MSVC (Windows). If this is intended, set _layout_ to 'ms'. The implicit default is deprecated and slated to become an error in Python 3.19.
    struct_v11_compute_mqd._fields_ = [

tinyops/image/blur_test.py::test_blur_color[ksize0]
  /app/.venv/lib/python3.14/site-packages/tinygrad/runtime/autogen/am/am.py:1332: DeprecationWarning: Due to '_pack_', the 'struct_v12_gfx_mqd' Structure will use memory layout compatible with MSVC (Windows). If this is intended, set _layout_ to 'ms'. The implicit default is deprecated and slated to become an error in Python 3.19.
    struct_v12_gfx_mqd._fields_ = [

tinyops/image/blur_test.py::test_blur_color[ksize0]
  /app/.venv/lib/python3.14/site-packages/tinygrad/runtime/autogen/am/am.py:1851: DeprecationWarning: Due to '_pack_', the 'struct_v12_sdma_mqd' Structure will use memory layout compatible with MSVC (Windows). If this is intended, set _layout_ to 'ms'. The implicit default is deprecated and slated to become an error in Python 3.19.
    struct_v12_sdma_mqd._fields_ = [

tinyops/image/blur_test.py::test_blur_color[ksize0]
  /app/.venv/lib/python3.14/site-packages/tinygrad/runtime/autogen/am/am.py:1986: DeprecationWarning: Due to '_pack_', the 'struct_v12_compute_mqd' Structure will use memory layout compatible with MSVC (Windows). If this is intended, set _layout_ to 'ms'. The implicit default is deprecated and slated to become an error in Python 3.19.
    struct_v12_compute_mqd._fields_ = [

tinyops/image/blur_test.py::test_blur_color[ksize0]
  /app/.venv/lib/python3.14/site-packages/tinygrad/runtime/autogen/am/am.py:2708: DeprecationWarning: Due to '_pack_', the 'struct_table_info' Structure will use memory layout compatible with MSVC (Windows). If this is intended, set _layout_ to 'ms'. The implicit default is deprecated and slated to become an error in Python 3.19.
    struct_table_info._fields_ = [

tinyops/image/blur_test.py::test_blur_color[ksize0]
  /app/.venv/lib/python3.14/site-packages/tinygrad/runtime/autogen/am/am.py:2720: DeprecationWarning: Due to '_pack_', the 'struct_binary_header' Structure will use memory layout compatible with MSVC (Windows). If this is intended, set _layout_ to 'ms'. The implicit default is deprecated and slated to become an error in Python 3.19.
    struct_binary_header._fields_ = [

tinyops/image/blur_test.py::test_blur_color[ksize0]
  /app/.venv/lib/python3.14/site-packages/tinygrad/runtime/autogen/am/am.py:2734: DeprecationWarning: Due to '_pack_', the 'struct_die_info' Structure will use memory layout compatible with MSVC (Windows). If this is intended, set _layout_ to 'ms'. The implicit default is deprecated and slated to become an error in Python 3.19.
    struct_die_info._fields_ = [

tinyops/image/blur_test.py::test_blur_color[ksize0]
  /app/.venv/lib/python3.14/site-packages/tinygrad/runtime/autogen/am/am.py:2750: DeprecationWarning: Due to '_pack_', the 'struct_ip_discovery_header_0_0' Structure will use memory layout compatible with MSVC (Windows). If this is intended, set _layout_ to 'ms'. The implicit default is deprecated and slated to become an error in Python 3.19.
    struct_ip_discovery_header_0_0._fields_ = [

tinyops/image/blur_test.py::test_blur_color[ksize0]
  /app/.venv/lib/python3.14/site-packages/tinygrad/runtime/autogen/am/am.py:2758: DeprecationWarning: Due to '_pack_', the 'union_ip_discovery_header_0' Union will use memory layout compatible with MSVC (Windows). If this is intended, set _layout_ to 'ms'. The implicit default is deprecated and slated to become an error in Python 3.19.
    union_ip_discovery_header_0._fields_ = [

tinyops/image/blur_test.py::test_blur_color[ksize0]
  /app/.venv/lib/python3.14/site-packages/tinygrad/runtime/autogen/am/am.py:2765: DeprecationWarning: Due to '_pack_', the 'struct_ip_discovery_header' Structure will use memory layout compatible with MSVC (Windows). If this is intended, set _layout_ to 'ms'. The implicit default is deprecated and slated to become an error in Python 3.19.
    struct_ip_discovery_header._fields_ = [

tinyops/image/blur_test.py::test_blur_color[ksize0]
  /app/.venv/lib/python3.14/site-packages/tinygrad/runtime/autogen/am/am.py:2780: DeprecationWarning: Due to '_pack_', the 'struct_ip' Structure will use memory layout compatible with MSVC (Windows). If this is intended, set _layout_ to 'ms'. The implicit default is deprecated and slated to become an error in Python 3.19.
    struct_ip._fields_ = [

tinyops/image/blur_test.py::test_blur_color[ksize0]
  /app/.venv/lib/python3.14/site-packages/tinygrad/runtime/autogen/am/am.py:2797: DeprecationWarning: Due to '_pack_', the 'struct_ip_v3' Structure will use memory layout compatible with MSVC (Windows). If this is intended, set _layout_ to 'ms'. The implicit default is deprecated and slated to become an error in Python 3.19.
    struct_ip_v3._fields_ = [

tinyops/image/blur_test.py::test_blur_color[ksize0]
  /app/.venv/lib/python3.14/site-packages/tinygrad/runtime/autogen/am/am.py:2814: DeprecationWarning: Due to '_pack_', the 'struct_ip_v4' Structure will use memory layout compatible with MSVC (Windows). If this is intended, set _layout_ to 'ms'. The implicit default is deprecated and slated to become an error in Python 3.19.
    struct_ip_v4._fields_ = [

tinyops/image/blur_test.py::test_blur_color[ksize0]
  /app/.venv/lib/python3.14/site-packages/tinygrad/runtime/autogen/am/am.py:2828: DeprecationWarning: Due to '_pack_', the 'struct_die_header' Structure will use memory layout compatible with MSVC (Windows). If this is intended, set _layout_ to 'ms'. The implicit default is deprecated and slated to become an error in Python 3.19.
    struct_die_header._fields_ = [

tinyops/image/blur_test.py::test_blur_color[ksize0]
  /app/.venv/lib/python3.14/site-packages/tinygrad/runtime/autogen/am/am.py:2844: DeprecationWarning: Due to '_pack_', the 'union_die_0' Union will use memory layout compatible with MSVC (Windows). If this is intended, set _layout_ to 'ms'. The implicit default is deprecated and slated to become an error in Python 3.19.
    union_die_0._fields_ = [

tinyops/image/blur_test.py::test_blur_color[ksize0]
  /app/.venv/lib/python3.14/site-packages/tinygrad/runtime/autogen/am/am.py:2852: DeprecationWarning: Due to '_pack_', the 'struct_die' Structure will use memory layout compatible with MSVC (Windows). If this is intended, set _layout_ to 'ms'. The implicit default is deprecated and slated to become an error in Python 3.19.
    struct_die._fields_ = [

tinyops/image/blur_test.py::test_blur_color[ksize0]
  /app/.venv/lib/python3.14/site-packages/tinygrad/runtime/autogen/am/am.py:2858: DeprecationWarning: Due to '_pack_', the 'struct_ip_structure' Structure will use memory layout compatible with MSVC (Windows). If this is intended, set _layout_ to 'ms'. The implicit default is deprecated and slated to become an error in Python 3.19.
    struct_ip_structure._fields_ = [

tinyops/image/blur_test.py::test_blur_color[ksize0]
  /app/.venv/lib/python3.14/site-packages/tinygrad/runtime/autogen/am/am.py:2868: DeprecationWarning: Due to '_pack_', the 'struct_gpu_info_header' Structure will use memory layout compatible with MSVC (Windows). If this is intended, set _layout_ to 'ms'. The implicit default is deprecated and slated to become an error in Python 3.19.
    struct_gpu_info_header._fields_ = [

tinyops/image/blur_test.py::test_blur_color[ksize0]
  /app/.venv/lib/python3.14/site-packages/tinygrad/runtime/autogen/am/am.py:2879: DeprecationWarning: Due to '_pack_', the 'struct_gc_info_v1_0' Structure will use memory layout compatible with MSVC (Windows). If this is intended, set _layout_ to 'ms'. The implicit default is deprecated and slated to become an error in Python 3.19.
    struct_gc_info_v1_0._fields_ = [

tinyops/image/blur_test.py::test_blur_color[ksize0]
  /app/.venv/lib/python3.14/site-packages/tinygrad/runtime/autogen/am/am.py:2906: DeprecationWarning: Due to '_pack_', the 'struct_gc_info_v1_1' Structure will use memory layout compatible with MSVC (Windows). If this is intended, set _layout_ to 'ms'. The implicit default is deprecated and slated to become an error in Python 3.19.
    struct_gc_info_v1_1._fields_ = [

tinyops/image/blur_test.py::test_blur_color[ksize0]
  /app/.venv/lib/python3.14/site-packages/tinygrad/runtime/autogen/am/am.py:2936: DeprecationWarning: Due to '_pack_', the 'struct_gc_info_v1_2' Structure will use memory layout compatible with MSVC (Windows). If this is intended, set _layout_ to 'ms'. The implicit default is deprecated and slated to become an error in Python 3.19.
    struct_gc_info_v1_2._fields_ = [

tinyops/image/blur_test.py::test_blur_color[ksize0]
  /app/.venv/lib/python3.14/site-packages/tinygrad/runtime/autogen/am/am.py:2974: DeprecationWarning: Due to '_pack_', the 'struct_gc_info_v1_3' Structure will use memory layout compatible with MSVC (Windows). If this is intended, set _layout_ to 'ms'. The implicit default is deprecated and slated to become an error in Python 3.19.
    struct_gc_info_v1_3._fields_ = [

tinyops/image/blur_test.py::test_blur_color[ksize0]
  /app/.venv/lib/python3.14/site-packages/tinygrad/runtime/autogen/am/am.py:3020: DeprecationWarning: Due to '_pack_', the 'struct_gc_info_v2_0' Structure will use memory layout compatible with MSVC (Windows). If this is intended, set _layout_ to 'ms'. The implicit default is deprecated and slated to become an error in Python 3.19.
    struct_gc_info_v2_0._fields_ = [

tinyops/image/blur_test.py::test_blur_color[ksize0]
  /app/.venv/lib/python3.14/site-packages/tinygrad/runtime/autogen/am/am.py:3045: DeprecationWarning: Due to '_pack_', the 'struct_gc_info_v2_1' Structure will use memory layout compatible with MSVC (Windows). If this is intended, set _layout_ to 'ms'. The implicit default is deprecated and slated to become an error in Python 3.19.
    struct_gc_info_v2_1._fields_ = [

tinyops/image/blur_test.py::test_blur_color[ksize0]
  /app/.venv/lib/python3.14/site-packages/tinygrad/runtime/autogen/am/am.py:3077: DeprecationWarning: Due to '_pack_', the 'struct_harvest_info_header' Structure will use memory layout compatible with MSVC (Windows). If this is intended, set _layout_ to 'ms'. The implicit default is deprecated and slated to become an error in Python 3.19.
    struct_harvest_info_header._fields_ = [

tinyops/image/blur_test.py::test_blur_color[ksize0]
  /app/.venv/lib/python3.14/site-packages/tinygrad/runtime/autogen/am/am.py:3087: DeprecationWarning: Due to '_pack_', the 'struct_harvest_info' Structure will use memory layout compatible with MSVC (Windows). If this is intended, set _layout_ to 'ms'. The implicit default is deprecated and slated to become an error in Python 3.19.
    struct_harvest_info._fields_ = [

tinyops/image/blur_test.py::test_blur_color[ksize0]
  /app/.venv/lib/python3.14/site-packages/tinygrad/runtime/autogen/am/am.py:3094: DeprecationWarning: Due to '_pack_', the 'struct_harvest_table' Structure will use memory layout compatible with MSVC (Windows). If this is intended, set _layout_ to 'ms'. The implicit default is deprecated and slated to become an error in Python 3.19.
    class struct_harvest_table(Structure):

tinyops/image/blur_test.py::test_blur_color[ksize0]
  /app/.venv/lib/python3.14/site-packages/tinygrad/runtime/autogen/am/am.py:3106: DeprecationWarning: Due to '_pack_', the 'struct_mall_info_header' Structure will use memory layout compatible with MSVC (Windows). If this is intended, set _layout_ to 'ms'. The implicit default is deprecated and slated to become an error in Python 3.19.
    struct_mall_info_header._fields_ = [

tinyops/image/blur_test.py::test_blur_color[ksize0]
  /app/.venv/lib/python3.14/site-packages/tinygrad/runtime/autogen/am/am.py:3117: DeprecationWarning: Due to '_pack_', the 'struct_mall_info_v1_0' Structure will use memory layout compatible with MSVC (Windows). If this is intended, set _layout_ to 'ms'. The implicit default is deprecated and slated to become an error in Python 3.19.
    struct_mall_info_v1_0._fields_ = [

tinyops/image/blur_test.py::test_blur_color[ksize0]
  /app/.venv/lib/python3.14/site-packages/tinygrad/runtime/autogen/am/am.py:3130: DeprecationWarning: Due to '_pack_', the 'struct_mall_info_v2_0' Structure will use memory layout compatible with MSVC (Windows). If this is intended, set _layout_ to 'ms'. The implicit default is deprecated and slated to become an error in Python 3.19.
    struct_mall_info_v2_0._fields_ = [

tinyops/image/blur_test.py::test_blur_color[ksize0]
  /app/.venv/lib/python3.14/site-packages/tinygrad/runtime/autogen/am/am.py:3140: DeprecationWarning: Due to '_pack_', the 'struct_vcn_info_header' Structure will use memory layout compatible with MSVC (Windows). If this is intended, set _layout_ to 'ms'. The implicit default is deprecated and slated to become an error in Python 3.19.
    struct_vcn_info_header._fields_ = [

tinyops/image/blur_test.py::test_blur_color[ksize0]
  /app/.venv/lib/python3.14/site-packages/tinygrad/runtime/autogen/am/am.py:3157: DeprecationWarning: Due to '_pack_', the 'struct__fuse_data_bits' Structure will use memory layout compatible with MSVC (Windows). If this is intended, set _layout_ to 'ms'. The implicit default is deprecated and slated to become an error in Python 3.19.
    struct__fuse_data_bits._fields_ = [

tinyops/image/blur_test.py::test_blur_color[ksize0]
  /app/.venv/lib/python3.14/site-packages/tinygrad/runtime/autogen/am/am.py:3166: DeprecationWarning: Due to '_pack_', the 'union__fuse_data' Union will use memory layout compatible with MSVC (Windows). If this is intended, set _layout_ to 'ms'. The implicit default is deprecated and slated to become an error in Python 3.19.
    union__fuse_data._fields_ = [

tinyops/image/blur_test.py::test_blur_color[ksize0]
  /app/.venv/lib/python3.14/site-packages/tinygrad/runtime/autogen/am/am.py:3172: DeprecationWarning: Due to '_pack_', the 'struct_vcn_instance_info_v1_0' Structure will use memory layout compatible with MSVC (Windows). If this is intended, set _layout_ to 'ms'. The implicit default is deprecated and slated to become an error in Python 3.19.
    struct_vcn_instance_info_v1_0._fields_ = [

tinyops/image/blur_test.py::test_blur_color[ksize0]
  /app/.venv/lib/python3.14/site-packages/tinygrad/runtime/autogen/am/am.py:3182: DeprecationWarning: Due to '_pack_', the 'struct_vcn_info_v1_0' Structure will use memory layout compatible with MSVC (Windows). If this is intended, set _layout_ to 'ms'. The implicit default is deprecated and slated to become an error in Python 3.19.
    struct_vcn_info_v1_0._fields_ = [

tinyops/image/blur_test.py::test_blur_color[ksize0]
  /app/.venv/lib/python3.14/site-packages/tinygrad/runtime/autogen/am/am.py:3193: DeprecationWarning: Due to '_pack_', the 'struct_nps_info_header' Structure will use memory layout compatible with MSVC (Windows). If this is intended, set _layout_ to 'ms'. The implicit default is deprecated and slated to become an error in Python 3.19.
    struct_nps_info_header._fields_ = [

tinyops/image/blur_test.py::test_blur_color[ksize0]
  /app/.venv/lib/python3.14/site-packages/tinygrad/runtime/autogen/am/am.py:3204: DeprecationWarning: Due to '_pack_', the 'struct_nps_instance_info_v1_0' Structure will use memory layout compatible with MSVC (Windows). If this is intended, set _layout_ to 'ms'. The implicit default is deprecated and slated to become an error in Python 3.19.
    struct_nps_instance_info_v1_0._fields_ = [

tinyops/image/blur_test.py::test_blur_color[ksize0]
  /app/.venv/lib/python3.14/site-packages/tinygrad/runtime/autogen/am/am.py:3213: DeprecationWarning: Due to '_pack_', the 'struct_nps_info_v1_0' Structure will use memory layout compatible with MSVC (Windows). If this is intended, set _layout_ to 'ms'. The implicit default is deprecated and slated to become an error in Python 3.19.
    struct_nps_info_v1_0._fields_ = [

tinyops/image/blur_test.py::test_blur_color[ksize0]
  /app/.venv/lib/python3.14/site-packages/tinygrad/runtime/autogen/am/am.py:3324: DeprecationWarning: Due to '_pack_', the 'struct_common_firmware_header' Structure will use memory layout compatible with MSVC (Windows). If this is intended, set _layout_ to 'ms'. The implicit default is deprecated and slated to become an error in Python 3.19.
    struct_common_firmware_header._fields_ = [

tinyops/image/blur_test.py::test_blur_color[ksize0]
  /app/.venv/lib/python3.14/site-packages/tinygrad/runtime/autogen/am/am.py:3341: DeprecationWarning: Due to '_pack_', the 'struct_mc_firmware_header_v1_0' Structure will use memory layout compatible with MSVC (Windows). If this is intended, set _layout_ to 'ms'. The implicit default is deprecated and slated to become an error in Python 3.19.
    struct_mc_firmware_header_v1_0._fields_ = [

tinyops/image/blur_test.py::test_blur_color[ksize0]
  /app/.venv/lib/python3.14/site-packages/tinygrad/runtime/autogen/am/am.py:3351: DeprecationWarning: Due to '_pack_', the 'struct_smc_firmware_header_v1_0' Structure will use memory layout compatible with MSVC (Windows). If this is intended, set _layout_ to 'ms'. The implicit default is deprecated and slated to become an error in Python 3.19.
    struct_smc_firmware_header_v1_0._fields_ = [

tinyops/image/blur_test.py::test_blur_color[ksize0]
  /app/.venv/lib/python3.14/site-packages/tinygrad/runtime/autogen/am/am.py:3360: DeprecationWarning: Due to '_pack_', the 'struct_smc_firmware_header_v2_0' Structure will use memory layout compatible with MSVC (Windows). If this is intended, set _layout_ to 'ms'. The implicit default is deprecated and slated to become an error in Python 3.19.
    struct_smc_firmware_header_v2_0._fields_ = [

tinyops/image/blur_test.py::test_blur_color[ksize0]
  /app/.venv/lib/python3.14/site-packages/tinygrad/runtime/autogen/am/am.py:3370: DeprecationWarning: Due to '_pack_', the 'struct_smc_soft_pptable_entry' Structure will use memory layout compatible with MSVC (Windows). If this is intended, set _layout_ to 'ms'. The implicit default is deprecated and slated to become an error in Python 3.19.
    struct_smc_soft_pptable_entry._fields_ = [

tinyops/image/blur_test.py::test_blur_color[ksize0]
  /app/.venv/lib/python3.14/site-packages/tinygrad/runtime/autogen/am/am.py:3380: DeprecationWarning: Due to '_pack_', the 'struct_smc_firmware_header_v2_1' Structure will use memory layout compatible with MSVC (Windows). If this is intended, set _layout_ to 'ms'. The implicit default is deprecated and slated to become an error in Python 3.19.
    struct_smc_firmware_header_v2_1._fields_ = [

tinyops/image/blur_test.py::test_blur_color[ksize0]
  /app/.venv/lib/python3.14/site-packages/tinygrad/runtime/autogen/am/am.py:3390: DeprecationWarning: Due to '_pack_', the 'struct_psp_fw_legacy_bin_desc' Structure will use memory layout compatible with MSVC (Windows). If this is intended, set _layout_ to 'ms'. The implicit default is deprecated and slated to become an error in Python 3.19.
    struct_psp_fw_legacy_bin_desc._fields_ = [

tinyops/image/blur_test.py::test_blur_color[ksize0]
  /app/.venv/lib/python3.14/site-packages/tinygrad/runtime/autogen/am/am.py:3396: DeprecationWarning: Due to '_pack_', the 'struct_psp_firmware_header_v1_0' Structure will use memory layout compatible with MSVC (Windows). If this is intended, set _layout_ to 'ms'. The implicit default is deprecated and slated to become an error in Python 3.19.
    class struct_psp_firmware_header_v1_0(Structure):

tinyops/image/blur_test.py::test_blur_color[ksize0]
  /app/.venv/lib/python3.14/site-packages/tinygrad/runtime/autogen/am/am.py:3403: DeprecationWarning: Due to '_pack_', the 'struct_psp_firmware_header_v1_1' Structure will use memory layout compatible with MSVC (Windows). If this is intended, set _layout_ to 'ms'. The implicit default is deprecated and slated to become an error in Python 3.19.
    class struct_psp_firmware_header_v1_1(Structure):

tinyops/image/blur_test.py::test_blur_color[ksize0]
  /app/.venv/lib/python3.14/site-packages/tinygrad/runtime/autogen/am/am.py:3411: DeprecationWarning: Due to '_pack_', the 'struct_psp_firmware_header_v1_2' Structure will use memory layout compatible with MSVC (Windows). If this is intended, set _layout_ to 'ms'. The implicit default is deprecated and slated to become an error in Python 3.19.
    class struct_psp_firmware_header_v1_2(Structure):

tinyops/image/blur_test.py::test_blur_color[ksize0]
  /app/.venv/lib/python3.14/site-packages/tinygrad/runtime/autogen/am/am.py:3419: DeprecationWarning: Due to '_pack_', the 'struct_psp_firmware_header_v1_3' Structure will use memory layout compatible with MSVC (Windows). If this is intended, set _layout_ to 'ms'. The implicit default is deprecated and slated to become an error in Python 3.19.
    class struct_psp_firmware_header_v1_3(Structure):

tinyops/image/blur_test.py::test_blur_color[ksize0]
  /app/.venv/lib/python3.14/site-packages/tinygrad/runtime/autogen/am/am.py:3433: DeprecationWarning: Due to '_pack_', the 'struct_psp_fw_bin_desc' Structure will use memory layout compatible with MSVC (Windows). If this is intended, set _layout_ to 'ms'. The implicit default is deprecated and slated to become an error in Python 3.19.
    struct_psp_fw_bin_desc._fields_ = [

tinyops/image/blur_test.py::test_blur_color[ksize0]
  /app/.venv/lib/python3.14/site-packages/tinygrad/runtime/autogen/am/am.py:3476: DeprecationWarning: Due to '_pack_', the 'struct_psp_firmware_header_v2_0' Structure will use memory layout compatible with MSVC (Windows). If this is intended, set _layout_ to 'ms'. The implicit default is deprecated and slated to become an error in Python 3.19.
    struct_psp_firmware_header_v2_0._fields_ = [

tinyops/image/blur_test.py::test_blur_color[ksize0]
  /app/.venv/lib/python3.14/site-packages/tinygrad/runtime/autogen/am/am.py:3486: DeprecationWarning: Due to '_pack_', the 'struct_psp_firmware_header_v2_1' Structure will use memory layout compatible with MSVC (Windows). If this is intended, set _layout_ to 'ms'. The implicit default is deprecated and slated to become an error in Python 3.19.
    struct_psp_firmware_header_v2_1._fields_ = [

tinyops/image/blur_test.py::test_blur_color[ksize0]
  /app/.venv/lib/python3.14/site-packages/tinygrad/runtime/autogen/am/am.py:3493: DeprecationWarning: Due to '_pack_', the 'struct_ta_firmware_header_v1_0' Structure will use memory layout compatible with MSVC (Windows). If this is intended, set _layout_ to 'ms'. The implicit default is deprecated and slated to become an error in Python 3.19.
    class struct_ta_firmware_header_v1_0(Structure):

tinyops/image/blur_test.py::test_blur_color[ksize0]
  /app/.venv/lib/python3.14/site-packages/tinygrad/runtime/autogen/am/am.py:3531: DeprecationWarning: Due to '_pack_', the 'struct_ta_firmware_header_v2_0' Structure will use memory layout compatible with MSVC (Windows). If this is intended, set _layout_ to 'ms'. The implicit default is deprecated and slated to become an error in Python 3.19.
    struct_ta_firmware_header_v2_0._fields_ = [

tinyops/image/blur_test.py::test_blur_color[ksize0]
  /app/.venv/lib/python3.14/site-packages/tinygrad/runtime/autogen/am/am.py:3541: DeprecationWarning: Due to '_pack_', the 'struct_gfx_firmware_header_v1_0' Structure will use memory layout compatible with MSVC (Windows). If this is intended, set _layout_ to 'ms'. The implicit default is deprecated and slated to become an error in Python 3.19.
    struct_gfx_firmware_header_v1_0._fields_ = [

tinyops/image/blur_test.py::test_blur_color[ksize0]
  /app/.venv/lib/python3.14/site-packages/tinygrad/runtime/autogen/am/am.py:3552: DeprecationWarning: Due to '_pack_', the 'struct_gfx_firmware_header_v2_0' Structure will use memory layout compatible with MSVC (Windows). If this is intended, set _layout_ to 'ms'. The implicit default is deprecated and slated to become an error in Python 3.19.
    struct_gfx_firmware_header_v2_0._fields_ = [

tinyops/image/blur_test.py::test_blur_color[ksize0]
  /app/.venv/lib/python3.14/site-packages/tinygrad/runtime/autogen/am/am.py:3567: DeprecationWarning: Due to '_pack_', the 'struct_mes_firmware_header_v1_0' Structure will use memory layout compatible with MSVC (Windows). If this is intended, set _layout_ to 'ms'. The implicit default is deprecated and slated to become an error in Python 3.19.
    struct_mes_firmware_header_v1_0._fields_ = [

tinyops/image/blur_test.py::test_blur_color[ksize0]
  /app/.venv/lib/python3.14/site-packages/tinygrad/runtime/autogen/am/am.py:3585: DeprecationWarning: Due to '_pack_', the 'struct_rlc_firmware_header_v1_0' Structure will use memory layout compatible with MSVC (Windows). If this is intended, set _layout_ to 'ms'. The implicit default is deprecated and slated to become an error in Python 3.19.
    struct_rlc_firmware_header_v1_0._fields_ = [

tinyops/image/blur_test.py::test_blur_color[ksize0]
  /app/.venv/lib/python3.14/site-packages/tinygrad/runtime/autogen/am/am.py:3598: DeprecationWarning: Due to '_pack_', the 'struct_rlc_firmware_header_v2_0' Structure will use memory layout compatible with MSVC (Windows). If this is intended, set _layout_ to 'ms'. The implicit default is deprecated and slated to become an error in Python 3.19.
    struct_rlc_firmware_header_v2_0._fields_ = [

tinyops/image/blur_test.py::test_blur_color[ksize0]
  /app/.venv/lib/python3.14/site-packages/tinygrad/runtime/autogen/am/am.py:3624: DeprecationWarning: Due to '_pack_', the 'struct_rlc_firmware_header_v2_1' Structure will use memory layout compatible with MSVC (Windows). If this is intended, set _layout_ to 'ms'. The implicit default is deprecated and slated to become an error in Python 3.19.
    struct_rlc_firmware_header_v2_1._fields_ = [

tinyops/image/blur_test.py::test_blur_color[ksize0]
  /app/.venv/lib/python3.14/site-packages/tinygrad/runtime/autogen/am/am.py:3645: DeprecationWarning: Due to '_pack_', the 'struct_rlc_firmware_header_v2_2' Structure will use memory layout compatible with MSVC (Windows). If this is intended, set _layout_ to 'ms'. The implicit default is deprecated and slated to become an error in Python 3.19.
    struct_rlc_firmware_header_v2_2._fields_ = [

tinyops/image/blur_test.py::test_blur_color[ksize0]
  /app/.venv/lib/python3.14/site-packages/tinygrad/runtime/autogen/am/am.py:3657: DeprecationWarning: Due to '_pack_', the 'struct_rlc_firmware_header_v2_3' Structure will use memory layout compatible with MSVC (Windows). If this is intended, set _layout_ to 'ms'. The implicit default is deprecated and slated to become an error in Python 3.19.
    struct_rlc_firmware_header_v2_3._fields_ = [

tinyops/image/blur_test.py::test_blur_color[ksize0]
  /app/.venv/lib/python3.14/site-packages/tinygrad/runtime/autogen/am/am.py:3673: DeprecationWarning: Due to '_pack_', the 'struct_rlc_firmware_header_v2_4' Structure will use memory layout compatible with MSVC (Windows). If this is intended, set _layout_ to 'ms'. The implicit default is deprecated and slated to become an error in Python 3.19.
    struct_rlc_firmware_header_v2_4._fields_ = [

tinyops/image/blur_test.py::test_blur_color[ksize0]
  /app/.venv/lib/python3.14/site-packages/tinygrad/runtime/autogen/am/am.py:3691: DeprecationWarning: Due to '_pack_', the 'struct_sdma_firmware_header_v1_0' Structure will use memory layout compatible with MSVC (Windows). If this is intended, set _layout_ to 'ms'. The implicit default is deprecated and slated to become an error in Python 3.19.
    struct_sdma_firmware_header_v1_0._fields_ = [

tinyops/image/blur_test.py::test_blur_color[ksize0]
  /app/.venv/lib/python3.14/site-packages/tinygrad/runtime/autogen/am/am.py:3703: DeprecationWarning: Due to '_pack_', the 'struct_sdma_firmware_header_v1_1' Structure will use memory layout compatible with MSVC (Windows). If this is intended, set _layout_ to 'ms'. The implicit default is deprecated and slated to become an error in Python 3.19.
    struct_sdma_firmware_header_v1_1._fields_ = [

tinyops/image/blur_test.py::test_blur_color[ksize0]
  /app/.venv/lib/python3.14/site-packages/tinygrad/runtime/autogen/am/am.py:3712: DeprecationWarning: Due to '_pack_', the 'struct_sdma_firmware_header_v2_0' Structure will use memory layout compatible with MSVC (Windows). If this is intended, set _layout_ to 'ms'. The implicit default is deprecated and slated to become an error in Python 3.19.
    struct_sdma_firmware_header_v2_0._fields_ = [

tinyops/image/blur_test.py::test_blur_color[ksize0]
  /app/.venv/lib/python3.14/site-packages/tinygrad/runtime/autogen/am/am.py:3728: DeprecationWarning: Due to '_pack_', the 'struct_vpe_firmware_header_v1_0' Structure will use memory layout compatible with MSVC (Windows). If this is intended, set _layout_ to 'ms'. The implicit default is deprecated and slated to become an error in Python 3.19.
    struct_vpe_firmware_header_v1_0._fields_ = [

tinyops/image/blur_test.py::test_blur_color[ksize0]
  /app/.venv/lib/python3.14/site-packages/tinygrad/runtime/autogen/am/am.py:3744: DeprecationWarning: Due to '_pack_', the 'struct_umsch_mm_firmware_header_v1_0' Structure will use memory layout compatible with MSVC (Windows). If this is intended, set _layout_ to 'ms'. The implicit default is deprecated and slated to become an error in Python 3.19.
    struct_umsch_mm_firmware_header_v1_0._fields_ = [

tinyops/image/blur_test.py::test_blur_color[ksize0]
  /app/.venv/lib/python3.14/site-packages/tinygrad/runtime/autogen/am/am.py:3764: DeprecationWarning: Due to '_pack_', the 'struct_sdma_firmware_header_v3_0' Structure will use memory layout compatible with MSVC (Windows). If this is intended, set _layout_ to 'ms'. The implicit default is deprecated and slated to become an error in Python 3.19.
    struct_sdma_firmware_header_v3_0._fields_ = [

tinyops/image/blur_test.py::test_blur_color[ksize0]
  /app/.venv/lib/python3.14/site-packages/tinygrad/runtime/autogen/am/am.py:3775: DeprecationWarning: Due to '_pack_', the 'struct_gpu_info_firmware_v1_0' Structure will use memory layout compatible with MSVC (Windows). If this is intended, set _layout_ to 'ms'. The implicit default is deprecated and slated to become an error in Python 3.19.
    struct_gpu_info_firmware_v1_0._fields_ = [

tinyops/image/blur_test.py::test_blur_color[ksize0]
  /app/.venv/lib/python3.14/site-packages/tinygrad/runtime/autogen/am/am.py:3797: DeprecationWarning: Due to '_pack_', the 'struct_gpu_info_firmware_v1_1' Structure will use memory layout compatible with MSVC (Windows). If this is intended, set _layout_ to 'ms'. The implicit default is deprecated and slated to become an error in Python 3.19.
    struct_gpu_info_firmware_v1_1._fields_ = [

tinyops/image/blur_test.py::test_blur_color[ksize0]
  /app/.venv/lib/python3.14/site-packages/tinygrad/runtime/autogen/am/am.py:3807: DeprecationWarning: Due to '_pack_', the 'struct_gpu_info_firmware_header_v1_0' Structure will use memory layout compatible with MSVC (Windows). If this is intended, set _layout_ to 'ms'. The implicit default is deprecated and slated to become an error in Python 3.19.
    struct_gpu_info_firmware_header_v1_0._fields_ = [

tinyops/image/blur_test.py::test_blur_color[ksize0]
  /app/.venv/lib/python3.14/site-packages/tinygrad/runtime/autogen/am/am.py:3817: DeprecationWarning: Due to '_pack_', the 'struct_dmcu_firmware_header_v1_0' Structure will use memory layout compatible with MSVC (Windows). If this is intended, set _layout_ to 'ms'. The implicit default is deprecated and slated to become an error in Python 3.19.
    struct_dmcu_firmware_header_v1_0._fields_ = [

tinyops/image/blur_test.py::test_blur_color[ksize0]
  /app/.venv/lib/python3.14/site-packages/tinygrad/runtime/autogen/am/am.py:3827: DeprecationWarning: Due to '_pack_', the 'struct_dmcub_firmware_header_v1_0' Structure will use memory layout compatible with MSVC (Windows). If this is intended, set _layout_ to 'ms'. The implicit default is deprecated and slated to become an error in Python 3.19.
    struct_dmcub_firmware_header_v1_0._fields_ = [

tinyops/image/blur_test.py::test_blur_color[ksize0]
  /app/.venv/lib/python3.14/site-packages/tinygrad/runtime/autogen/am/am.py:3837: DeprecationWarning: Due to '_pack_', the 'struct_imu_firmware_header_v1_0' Structure will use memory layout compatible with MSVC (Windows). If this is intended, set _layout_ to 'ms'. The implicit default is deprecated and slated to become an error in Python 3.19.
    struct_imu_firmware_header_v1_0._fields_ = [

tinyops/image/blur_test.py::test_blur_color[ksize0]
  /app/.venv/lib/python3.14/site-packages/tinygrad/runtime/autogen/am/am.py:3849: DeprecationWarning: Due to '_pack_', the 'union_amdgpu_firmware_header' Union will use memory layout compatible with MSVC (Windows). If this is intended, set _layout_ to 'ms'. The implicit default is deprecated and slated to become an error in Python 3.19.
    union_amdgpu_firmware_header._fields_ = [

tinyops/image/blur_test.py::test_blur_color[ksize0]
  /app/.venv/lib/python3.14/site-packages/tinygrad/runtime/autogen/am/am.py:4060: DeprecationWarning: Due to '_pack_', the 'struct_amdgpu_firmware_info' Structure will use memory layout compatible with MSVC (Windows). If this is intended, set _layout_ to 'ms'. The implicit default is deprecated and slated to become an error in Python 3.19.
    struct_amdgpu_firmware_info._fields_ = [

tinyops/image/blur_test.py::test_blur_color[ksize0]
  /app/.venv/lib/python3.14/site-packages/tinygrad/runtime/autogen/am/am.py:4114: DeprecationWarning: Due to '_pack_', the 'struct_psp_gfx_ctrl' Structure will use memory layout compatible with MSVC (Windows). If this is intended, set _layout_ to 'ms'. The implicit default is deprecated and slated to become an error in Python 3.19.
    struct_psp_gfx_ctrl._fields_ = [

tinyops/image/blur_test.py::test_blur_color[ksize0]
  /app/.venv/lib/python3.14/site-packages/tinygrad/runtime/autogen/am/am.py:4184: DeprecationWarning: Due to '_pack_', the 'struct_psp_gfx_cmd_load_ta' Structure will use memory layout compatible with MSVC (Windows). If this is intended, set _layout_ to 'ms'. The implicit default is deprecated and slated to become an error in Python 3.19.
    struct_psp_gfx_cmd_load_ta._fields_ = [

tinyops/image/blur_test.py::test_blur_color[ksize0]
  /app/.venv/lib/python3.14/site-packages/tinygrad/runtime/autogen/am/am.py:4197: DeprecationWarning: Due to '_pack_', the 'struct_psp_gfx_cmd_unload_ta' Structure will use memory layout compatible with MSVC (Windows). If this is intended, set _layout_ to 'ms'. The implicit default is deprecated and slated to become an error in Python 3.19.
    struct_psp_gfx_cmd_unload_ta._fields_ = [

tinyops/image/blur_test.py::test_blur_color[ksize0]
  /app/.venv/lib/python3.14/site-packages/tinygrad/runtime/autogen/am/am.py:4205: DeprecationWarning: Due to '_pack_', the 'struct_psp_gfx_buf_desc' Structure will use memory layout compatible with MSVC (Windows). If this is intended, set _layout_ to 'ms'. The implicit default is deprecated and slated to become an error in Python 3.19.
    struct_psp_gfx_buf_desc._fields_ = [

tinyops/image/blur_test.py::test_blur_color[ksize0]
  /app/.venv/lib/python3.14/site-packages/tinygrad/runtime/autogen/am/am.py:4215: DeprecationWarning: Due to '_pack_', the 'struct_psp_gfx_buf_list' Structure will use memory layout compatible with MSVC (Windows). If this is intended, set _layout_ to 'ms'. The implicit default is deprecated and slated to become an error in Python 3.19.
    struct_psp_gfx_buf_list._fields_ = [

tinyops/image/blur_test.py::test_blur_color[ksize0]
  /app/.venv/lib/python3.14/site-packages/tinygrad/runtime/autogen/am/am.py:4225: DeprecationWarning: Due to '_pack_', the 'struct_psp_gfx_cmd_invoke_cmd' Structure will use memory layout compatible with MSVC (Windows). If this is intended, set _layout_ to 'ms'. The implicit default is deprecated and slated to become an error in Python 3.19.
    struct_psp_gfx_cmd_invoke_cmd._fields_ = [

tinyops/image/blur_test.py::test_blur_color[ksize0]
  /app/.venv/lib/python3.14/site-packages/tinygrad/runtime/autogen/am/am.py:4241: DeprecationWarning: Due to '_pack_', the 'struct_psp_gfx_cmd_setup_tmr_0_bitfield' Structure will use memory layout compatible with MSVC (Windows). If this is intended, set _layout_ to 'ms'. The implicit default is deprecated and slated to become an error in Python 3.19.
    struct_psp_gfx_cmd_setup_tmr_0_bitfield._fields_ = [

tinyops/image/blur_test.py::test_blur_color[ksize0]
  /app/.venv/lib/python3.14/site-packages/tinygrad/runtime/autogen/am/am.py:4248: DeprecationWarning: Due to '_pack_', the 'union_psp_gfx_cmd_setup_tmr_0' Union will use memory layout compatible with MSVC (Windows). If this is intended, set _layout_ to 'ms'. The implicit default is deprecated and slated to become an error in Python 3.19.
    union_psp_gfx_cmd_setup_tmr_0._fields_ = [

tinyops/image/blur_test.py::test_blur_color[ksize0]
  /app/.venv/lib/python3.14/site-packages/tinygrad/runtime/autogen/am/am.py:4255: DeprecationWarning: Due to '_pack_', the 'struct_psp_gfx_cmd_setup_tmr' Structure will use memory layout compatible with MSVC (Windows). If this is intended, set _layout_ to 'ms'. The implicit default is deprecated and slated to become an error in Python 3.19.
    struct_psp_gfx_cmd_setup_tmr._fields_ = [

tinyops/image/blur_test.py::test_blur_color[ksize0]
  /app/.venv/lib/python3.14/site-packages/tinygrad/runtime/autogen/am/am.py:4471: DeprecationWarning: Due to '_pack_', the 'struct_psp_gfx_cmd_load_ip_fw' Structure will use memory layout compatible with MSVC (Windows). If this is intended, set _layout_ to 'ms'. The implicit default is deprecated and slated to become an error in Python 3.19.
    struct_psp_gfx_cmd_load_ip_fw._fields_ = [

tinyops/image/blur_test.py::test_blur_color[ksize0]
  /app/.venv/lib/python3.14/site-packages/tinygrad/runtime/autogen/am/am.py:4482: DeprecationWarning: Due to '_pack_', the 'struct_psp_gfx_cmd_save_restore_ip_fw' Structure will use memory layout compatible with MSVC (Windows). If this is intended, set _layout_ to 'ms'. The implicit default is deprecated and slated to become an error in Python 3.19.
    struct_psp_gfx_cmd_save_restore_ip_fw._fields_ = [

tinyops/image/blur_test.py::test_blur_color[ksize0]
  /app/.venv/lib/python3.14/site-packages/tinygrad/runtime/autogen/am/am.py:4494: DeprecationWarning: Due to '_pack_', the 'struct_psp_gfx_cmd_reg_prog' Structure will use memory layout compatible with MSVC (Windows). If this is intended, set _layout_ to 'ms'. The implicit default is deprecated and slated to become an error in Python 3.19.
    struct_psp_gfx_cmd_reg_prog._fields_ = [

tinyops/image/blur_test.py::test_blur_color[ksize0]
  /app/.venv/lib/python3.14/site-packages/tinygrad/runtime/autogen/am/am.py:4503: DeprecationWarning: Due to '_pack_', the 'struct_psp_gfx_cmd_load_toc' Structure will use memory layout compatible with MSVC (Windows). If this is intended, set _layout_ to 'ms'. The implicit default is deprecated and slated to become an error in Python 3.19.
    struct_psp_gfx_cmd_load_toc._fields_ = [

tinyops/image/blur_test.py::test_blur_color[ksize0]
  /app/.venv/lib/python3.14/site-packages/tinygrad/runtime/autogen/am/am.py:4513: DeprecationWarning: Due to '_pack_', the 'struct_psp_gfx_cmd_boot_cfg' Structure will use memory layout compatible with MSVC (Windows). If this is intended, set _layout_ to 'ms'. The implicit default is deprecated and slated to become an error in Python 3.19.
    struct_psp_gfx_cmd_boot_cfg._fields_ = [

tinyops/image/blur_test.py::test_blur_color[ksize0]
  /app/.venv/lib/python3.14/site-packages/tinygrad/runtime/autogen/am/am.py:4524: DeprecationWarning: Due to '_pack_', the 'struct_psp_gfx_cmd_sriov_spatial_part' Structure will use memory layout compatible with MSVC (Windows). If this is intended, set _layout_ to 'ms'. The implicit default is deprecated and slated to become an error in Python 3.19.
    struct_psp_gfx_cmd_sriov_spatial_part._fields_ = [

tinyops/image/blur_test.py::test_blur_color[ksize0]
  /app/.venv/lib/python3.14/site-packages/tinygrad/runtime/autogen/am/am.py:4535: DeprecationWarning: Due to '_pack_', the 'union_psp_gfx_commands' Union will use memory layout compatible with MSVC (Windows). If this is intended, set _layout_ to 'ms'. The implicit default is deprecated and slated to become an error in Python 3.19.
    union_psp_gfx_commands._fields_ = [

tinyops/image/blur_test.py::test_blur_color[ksize0]
  /app/.venv/lib/python3.14/site-packages/tinygrad/runtime/autogen/am/am.py:4554: DeprecationWarning: Due to '_pack_', the 'struct_psp_gfx_uresp_reserved' Structure will use memory layout compatible with MSVC (Windows). If this is intended, set _layout_ to 'ms'. The implicit default is deprecated and slated to become an error in Python 3.19.
    struct_psp_gfx_uresp_reserved._fields_ = [

tinyops/image/blur_test.py::test_blur_color[ksize0]
  /app/.venv/lib/python3.14/site-packages/tinygrad/runtime/autogen/am/am.py:4562: DeprecationWarning: Due to '_pack_', the 'struct_psp_gfx_uresp_fwar_db_info' Structure will use memory layout compatible with MSVC (Windows). If this is intended, set _layout_ to 'ms'. The implicit default is deprecated and slated to become an error in Python 3.19.
    struct_psp_gfx_uresp_fwar_db_info._fields_ = [

tinyops/image/blur_test.py::test_blur_color[ksize0]
  /app/.venv/lib/python3.14/site-packages/tinygrad/runtime/autogen/am/am.py:4571: DeprecationWarning: Due to '_pack_', the 'struct_psp_gfx_uresp_bootcfg' Structure will use memory layout compatible with MSVC (Windows). If this is intended, set _layout_ to 'ms'. The implicit default is deprecated and slated to become an error in Python 3.19.
    struct_psp_gfx_uresp_bootcfg._fields_ = [

tinyops/image/blur_test.py::test_blur_color[ksize0]
  /app/.venv/lib/python3.14/site-packages/tinygrad/runtime/autogen/am/am.py:4579: DeprecationWarning: Due to '_pack_', the 'union_psp_gfx_uresp' Union will use memory layout compatible with MSVC (Windows). If this is intended, set _layout_ to 'ms'. The implicit default is deprecated and slated to become an error in Python 3.19.
    union_psp_gfx_uresp._fields_ = [

tinyops/image/blur_test.py::test_blur_color[ksize0]
  /app/.venv/lib/python3.14/site-packages/tinygrad/runtime/autogen/am/am.py:4590: DeprecationWarning: Due to '_pack_', the 'struct_psp_gfx_resp' Structure will use memory layout compatible with MSVC (Windows). If this is intended, set _layout_ to 'ms'. The implicit default is deprecated and slated to become an error in Python 3.19.
    struct_psp_gfx_resp._fields_ = [

tinyops/image/blur_test.py::test_blur_color[ksize0]
  /app/.venv/lib/python3.14/site-packages/tinygrad/runtime/autogen/am/am.py:4604: DeprecationWarning: Due to '_pack_', the 'struct_psp_gfx_cmd_resp' Structure will use memory layout compatible with MSVC (Windows). If this is intended, set _layout_ to 'ms'. The implicit default is deprecated and slated to become an error in Python 3.19.
    struct_psp_gfx_cmd_resp._fields_ = [

tinyops/image/blur_test.py::test_blur_color[ksize0]
  /app/.venv/lib/python3.14/site-packages/tinygrad/runtime/autogen/am/am.py:4622: DeprecationWarning: Due to '_pack_', the 'struct_psp_gfx_rb_frame' Structure will use memory layout compatible with MSVC (Windows). If this is intended, set _layout_ to 'ms'. The implicit default is deprecated and slated to become an error in Python 3.19.
    struct_psp_gfx_rb_frame._fields_ = [

tinyops/image/blur_test.py::test_blur_color[ksize0]
  /app/.venv/lib/python3.14/site-packages/tinygrad/runtime/autogen/am/am.py:4859: DeprecationWarning: Due to '_pack_', the 'struct_amdgpu_iv_entry' Structure will use memory layout compatible with MSVC (Windows). If this is intended, set _layout_ to 'ms'. The implicit default is deprecated and slated to become an error in Python 3.19.
    struct_amdgpu_iv_entry._fields_ = [

tinyops/image/blur_test.py::test_blur_color[ksize0]
  /app/.venv/lib/python3.14/site-packages/tinygrad/runtime/autogen/comgr.py:255: DeprecationWarning: Due to '_pack_', the 'struct_amd_comgr_data_s' Structure will use memory layout compatible with MSVC (Windows). If this is intended, set _layout_ to 'ms'. The implicit default is deprecated and slated to become an error in Python 3.19.
    struct_amd_comgr_data_s._fields_ = [

tinyops/image/blur_test.py::test_blur_color[ksize0]
  /app/.venv/lib/python3.14/site-packages/tinygrad/runtime/autogen/comgr.py:264: DeprecationWarning: Due to '_pack_', the 'struct_amd_comgr_data_set_s' Structure will use memory layout compatible with MSVC (Windows). If this is intended, set _layout_ to 'ms'. The implicit default is deprecated and slated to become an error in Python 3.19.
    struct_amd_comgr_data_set_s._fields_ = [

tinyops/image/blur_test.py::test_blur_color[ksize0]
  /app/.venv/lib/python3.14/site-packages/tinygrad/runtime/autogen/comgr.py:273: DeprecationWarning: Due to '_pack_', the 'struct_amd_comgr_action_info_s' Structure will use memory layout compatible with MSVC (Windows). If this is intended, set _layout_ to 'ms'. The implicit default is deprecated and slated to become an error in Python 3.19.
    struct_amd_comgr_action_info_s._fields_ = [

tinyops/image/blur_test.py::test_blur_color[ksize0]
  /app/.venv/lib/python3.14/site-packages/tinygrad/runtime/autogen/comgr.py:282: DeprecationWarning: Due to '_pack_', the 'struct_amd_comgr_metadata_node_s' Structure will use memory layout compatible with MSVC (Windows). If this is intended, set _layout_ to 'ms'. The implicit default is deprecated and slated to become an error in Python 3.19.
    struct_amd_comgr_metadata_node_s._fields_ = [

tinyops/image/blur_test.py::test_blur_color[ksize0]
  /app/.venv/lib/python3.14/site-packages/tinygrad/runtime/autogen/comgr.py:291: DeprecationWarning: Due to '_pack_', the 'struct_amd_comgr_symbol_s' Structure will use memory layout compatible with MSVC (Windows). If this is intended, set _layout_ to 'ms'. The implicit default is deprecated and slated to become an error in Python 3.19.
    struct_amd_comgr_symbol_s._fields_ = [

tinyops/image/blur_test.py::test_blur_color[ksize0]
  /app/.venv/lib/python3.14/site-packages/tinygrad/runtime/autogen/comgr.py:300: DeprecationWarning: Due to '_pack_', the 'struct_amd_comgr_disassembly_info_s' Structure will use memory layout compatible with MSVC (Windows). If this is intended, set _layout_ to 'ms'. The implicit default is deprecated and slated to become an error in Python 3.19.
    struct_amd_comgr_disassembly_info_s._fields_ = [

tinyops/image/blur_test.py::test_blur_color[ksize0]
  /app/.venv/lib/python3.14/site-packages/tinygrad/runtime/autogen/comgr.py:309: DeprecationWarning: Due to '_pack_', the 'struct_amd_comgr_symbolizer_info_s' Structure will use memory layout compatible with MSVC (Windows). If this is intended, set _layout_ to 'ms'. The implicit default is deprecated and slated to become an error in Python 3.19.
    struct_amd_comgr_symbolizer_info_s._fields_ = [

tinyops/image/blur_test.py::test_blur_color[ksize0]
  /app/.venv/lib/python3.14/site-packages/tinygrad/runtime/autogen/comgr.py:788: DeprecationWarning: Due to '_pack_', the 'struct_code_object_info_s' Structure will use memory layout compatible with MSVC (Windows). If this is intended, set _layout_ to 'ms'. The implicit default is deprecated and slated to become an error in Python 3.19.
    struct_code_object_info_s._fields_ = [

tinyops/image/blur_test.py::test_blur_color[ksize0]
  /app/.venv/lib/python3.14/site-packages/tinygrad/runtime/autogen/llvm.py:6197: DeprecationWarning: Due to '_pack_', the 'struct_LLVMOpInfoSymbol1' Structure will use memory layout compatible with MSVC (Windows). If this is intended, set _layout_ to 'ms'. The implicit default is deprecated and slated to become an error in Python 3.19.
    struct_LLVMOpInfoSymbol1._fields_ = [

tinyops/image/blur_test.py::test_blur_color[ksize0]
  /app/.venv/lib/python3.14/site-packages/tinygrad/runtime/autogen/llvm.py:6207: DeprecationWarning: Due to '_pack_', the 'struct_LLVMOpInfo1' Structure will use memory layout compatible with MSVC (Windows). If this is intended, set _layout_ to 'ms'. The implicit default is deprecated and slated to become an error in Python 3.19.
    struct_LLVMOpInfo1._fields_ = [

tinyops/image/blur_test.py::test_blur_color[ksize0]
  /app/.venv/lib/python3.14/site-packages/tinygrad/runtime/autogen/llvm.py:7428: DeprecationWarning: Due to '_pack_', the 'struct_LLVMMCJITCompilerOptions' Structure will use memory layout compatible with MSVC (Windows). If this is intended, set _layout_ to 'ms'. The implicit default is deprecated and slated to become an error in Python 3.19.
    struct_LLVMMCJITCompilerOptions._fields_ = [

tinyops/image/blur_test.py::test_blur_color[ksize0]
  /app/.venv/lib/python3.14/site-packages/tinygrad/runtime/autogen/llvm.py:7760: DeprecationWarning: Due to '_pack_', the 'struct_c__SA_LLVMJITSymbolFlags' Structure will use memory layout compatible with MSVC (Windows). If this is intended, set _layout_ to 'ms'. The implicit default is deprecated and slated to become an error in Python 3.19.
    struct_c__SA_LLVMJITSymbolFlags._fields_ = [

tinyops/image/blur_test.py::test_blur_color[ksize0]
  /app/.venv/lib/python3.14/site-packages/tinygrad/runtime/autogen/llvm.py:7770: DeprecationWarning: Due to '_pack_', the 'struct_c__SA_LLVMJITEvaluatedSymbol' Structure will use memory layout compatible with MSVC (Windows). If this is intended, set _layout_ to 'ms'. The implicit default is deprecated and slated to become an error in Python 3.19.
    struct_c__SA_LLVMJITEvaluatedSymbol._fields_ = [

tinyops/image/blur_test.py::test_blur_color[ksize0]
  /app/.venv/lib/python3.14/site-packages/tinygrad/runtime/autogen/llvm.py:7794: DeprecationWarning: Due to '_pack_', the 'struct_c__SA_LLVMOrcCSymbolFlagsMapPair' Structure will use memory layout compatible with MSVC (Windows). If this is intended, set _layout_ to 'ms'. The implicit default is deprecated and slated to become an error in Python 3.19.
    struct_c__SA_LLVMOrcCSymbolFlagsMapPair._fields_ = [

tinyops/image/blur_test.py::test_blur_color[ksize0]
  /app/.venv/lib/python3.14/site-packages/tinygrad/runtime/autogen/llvm.py:7806: DeprecationWarning: Due to '_pack_', the 'struct_c__SA_LLVMJITCSymbolMapPair' Structure will use memory layout compatible with MSVC (Windows). If this is intended, set _layout_ to 'ms'. The implicit default is deprecated and slated to become an error in Python 3.19.
    struct_c__SA_LLVMJITCSymbolMapPair._fields_ = [

tinyops/image/blur_test.py::test_blur_color[ksize0]
  /app/.venv/lib/python3.14/site-packages/tinygrad/runtime/autogen/llvm.py:7817: DeprecationWarning: Due to '_pack_', the 'struct_c__SA_LLVMOrcCSymbolAliasMapEntry' Structure will use memory layout compatible with MSVC (Windows). If this is intended, set _layout_ to 'ms'. The implicit default is deprecated and slated to become an error in Python 3.19.
    struct_c__SA_LLVMOrcCSymbolAliasMapEntry._fields_ = [

tinyops/image/blur_test.py::test_blur_color[ksize0]
  /app/.venv/lib/python3.14/site-packages/tinygrad/runtime/autogen/llvm.py:7828: DeprecationWarning: Due to '_pack_', the 'struct_c__SA_LLVMOrcCSymbolAliasMapPair' Structure will use memory layout compatible with MSVC (Windows). If this is intended, set _layout_ to 'ms'. The implicit default is deprecated and slated to become an error in Python 3.19.
    struct_c__SA_LLVMOrcCSymbolAliasMapPair._fields_ = [

tinyops/image/blur_test.py::test_blur_color[ksize0]
  /app/.venv/lib/python3.14/site-packages/tinygrad/runtime/autogen/llvm.py:7843: DeprecationWarning: Due to '_pack_', the 'struct_c__SA_LLVMOrcCSymbolsList' Structure will use memory layout compatible with MSVC (Windows). If this is intended, set _layout_ to 'ms'. The implicit default is deprecated and slated to become an error in Python 3.19.
    struct_c__SA_LLVMOrcCSymbolsList._fields_ = [

tinyops/image/blur_test.py::test_blur_color[ksize0]
  /app/.venv/lib/python3.14/site-packages/tinygrad/runtime/autogen/llvm.py:7853: DeprecationWarning: Due to '_pack_', the 'struct_c__SA_LLVMOrcCDependenceMapPair' Structure will use memory layout compatible with MSVC (Windows). If this is intended, set _layout_ to 'ms'. The implicit default is deprecated and slated to become an error in Python 3.19.
    struct_c__SA_LLVMOrcCDependenceMapPair._fields_ = [

tinyops/image/blur_test.py::test_blur_color[ksize0]
  /app/.venv/lib/python3.14/site-packages/tinygrad/runtime/autogen/llvm.py:7897: DeprecationWarning: Due to '_pack_', the 'struct_c__SA_LLVMOrcCLookupSetElement' Structure will use memory layout compatible with MSVC (Windows). If this is intended, set _layout_ to 'ms'. The implicit default is deprecated and slated to become an error in Python 3.19.
    struct_c__SA_LLVMOrcCLookupSetElement._fields_ = [

tinyops/image/blur_test.py::test_blur_color[ksize0]
  /app/.venv/lib/python3.14/site-packages/tinygrad/runtime/autogen/llvm.py:10043: DeprecationWarning: Due to '_pack_', the 'struct_c__SA_LTOObjectBuffer' Structure will use memory layout compatible with MSVC (Windows). If this is intended, set _layout_ to 'ms'. The implicit default is deprecated and slated to become an error in Python 3.19.
    struct_c__SA_LTOObjectBuffer._fields_ = [

tinyops/image/blur_test.py::test_blur_color[ksize0]
  /app/.venv/lib/python3.14/site-packages/tinygrad/runtime/autogen/libusb.py:420: DeprecationWarning: Due to '_pack_', the 'struct_libusb_device_descriptor' Structure will use memory layout compatible with MSVC (Windows). If this is intended, set _layout_ to 'ms'. The implicit default is deprecated and slated to become an error in Python 3.19.
    struct_libusb_device_descriptor._fields_ = [

tinyops/image/blur_test.py::test_blur_color[ksize0]
  /app/.venv/lib/python3.14/site-packages/tinygrad/runtime/autogen/libusb.py:441: DeprecationWarning: Due to '_pack_', the 'struct_libusb_endpoint_descriptor' Structure will use memory layout compatible with MSVC (Windows). If this is intended, set _layout_ to 'ms'. The implicit default is deprecated and slated to become an error in Python 3.19.
    struct_libusb_endpoint_descriptor._fields_ = [

tinyops/image/blur_test.py::test_blur_color[ksize0]
  /app/.venv/lib/python3.14/site-packages/tinygrad/runtime/autogen/libusb.py:460: DeprecationWarning: Due to '_pack_', the 'struct_libusb_interface_descriptor' Structure will use memory layout compatible with MSVC (Windows). If this is intended, set _layout_ to 'ms'. The implicit default is deprecated and slated to become an error in Python 3.19.
    struct_libusb_interface_descriptor._fields_ = [

tinyops/image/blur_test.py::test_blur_color[ksize0]
  /app/.venv/lib/python3.14/site-packages/tinygrad/runtime/autogen/libusb.py:481: DeprecationWarning: Due to '_pack_', the 'struct_libusb_interface' Structure will use memory layout compatible with MSVC (Windows). If this is intended, set _layout_ to 'ms'. The implicit default is deprecated and slated to become an error in Python 3.19.
    struct_libusb_interface._fields_ = [

tinyops/image/blur_test.py::test_blur_color[ksize0]
  /app/.venv/lib/python3.14/site-packages/tinygrad/runtime/autogen/libusb.py:491: DeprecationWarning: Due to '_pack_', the 'struct_libusb_config_descriptor' Structure will use memory layout compatible with MSVC (Windows). If this is intended, set _layout_ to 'ms'. The implicit default is deprecated and slated to become an error in Python 3.19.
    struct_libusb_config_descriptor._fields_ = [

tinyops/image/blur_test.py::test_blur_color[ksize0]
  /app/.venv/lib/python3.14/site-packages/tinygrad/runtime/autogen/libusb.py:511: DeprecationWarning: Due to '_pack_', the 'struct_libusb_ss_endpoint_companion_descriptor' Structure will use memory layout compatible with MSVC (Windows). If this is intended, set _layout_ to 'ms'. The implicit default is deprecated and slated to become an error in Python 3.19.
    struct_libusb_ss_endpoint_companion_descriptor._fields_ = [

tinyops/image/blur_test.py::test_blur_color[ksize0]
  /app/.venv/lib/python3.14/site-packages/tinygrad/runtime/autogen/libusb.py:523: DeprecationWarning: Due to '_pack_', the 'struct_libusb_bos_dev_capability_descriptor' Structure will use memory layout compatible with MSVC (Windows). If this is intended, set _layout_ to 'ms'. The implicit default is deprecated and slated to become an error in Python 3.19.
    struct_libusb_bos_dev_capability_descriptor._fields_ = [

tinyops/image/blur_test.py::test_blur_color[ksize0]
  /app/.venv/lib/python3.14/site-packages/tinygrad/runtime/autogen/libusb.py:534: DeprecationWarning: Due to '_pack_', the 'struct_libusb_bos_descriptor' Structure will use memory layout compatible with MSVC (Windows). If this is intended, set _layout_ to 'ms'. The implicit default is deprecated and slated to become an error in Python 3.19.
    struct_libusb_bos_descriptor._fields_ = [

tinyops/image/blur_test.py::test_blur_color[ksize0]
  /app/.venv/lib/python3.14/site-packages/tinygrad/runtime/autogen/libusb.py:547: DeprecationWarning: Due to '_pack_', the 'struct_libusb_usb_2_0_extension_descriptor' Structure will use memory layout compatible with MSVC (Windows). If this is intended, set _layout_ to 'ms'. The implicit default is deprecated and slated to become an error in Python 3.19.
    struct_libusb_usb_2_0_extension_descriptor._fields_ = [

tinyops/image/blur_test.py::test_blur_color[ksize0]
  /app/.venv/lib/python3.14/site-packages/tinygrad/runtime/autogen/libusb.py:559: DeprecationWarning: Due to '_pack_', the 'struct_libusb_ss_usb_device_capability_descriptor' Structure will use memory layout compatible with MSVC (Windows). If this is intended, set _layout_ to 'ms'. The implicit default is deprecated and slated to become an error in Python 3.19.
    struct_libusb_ss_usb_device_capability_descriptor._fields_ = [

tinyops/image/blur_test.py::test_blur_color[ksize0]
  /app/.venv/lib/python3.14/site-packages/tinygrad/runtime/autogen/libusb.py:574: DeprecationWarning: Due to '_pack_', the 'struct_libusb_container_id_descriptor' Structure will use memory layout compatible with MSVC (Windows). If this is intended, set _layout_ to 'ms'. The implicit default is deprecated and slated to become an error in Python 3.19.
    struct_libusb_container_id_descriptor._fields_ = [

tinyops/image/blur_test.py::test_blur_color[ksize0]
  /app/.venv/lib/python3.14/site-packages/tinygrad/runtime/autogen/libusb.py:586: DeprecationWarning: Due to '_pack_', the 'struct_libusb_control_setup' Structure will use memory layout compatible with MSVC (Windows). If this is intended, set _layout_ to 'ms'. The implicit default is deprecated and slated to become an error in Python 3.19.
    struct_libusb_control_setup._fields_ = [

tinyops/image/blur_test.py::test_blur_color[ksize0]
  /app/.venv/lib/python3.14/site-packages/tinygrad/runtime/autogen/libusb.py:608: DeprecationWarning: Due to '_pack_', the 'struct_libusb_version' Structure will use memory layout compatible with MSVC (Windows). If this is intended, set _layout_ to 'ms'. The implicit default is deprecated and slated to become an error in Python 3.19.
    struct_libusb_version._fields_ = [

tinyops/image/blur_test.py::test_blur_color[ksize0]
  /app/.venv/lib/python3.14/site-packages/tinygrad/runtime/autogen/libusb.py:721: DeprecationWarning: Due to '_pack_', the 'struct_libusb_iso_packet_descriptor' Structure will use memory layout compatible with MSVC (Windows). If this is intended, set _layout_ to 'ms'. The implicit default is deprecated and slated to become an error in Python 3.19.
    struct_libusb_iso_packet_descriptor._fields_ = [

tinyops/image/blur_test.py::test_blur_color[ksize0]
  /app/.venv/lib/python3.14/site-packages/tinygrad/runtime/autogen/libusb.py:1306: DeprecationWarning: Due to '_pack_', the 'struct_timeval' Structure will use memory layout compatible with MSVC (Windows). If this is intended, set _layout_ to 'ms'. The implicit default is deprecated and slated to become an error in Python 3.19.
    struct_timeval._fields_ = [

tinyops/image/blur_test.py::test_blur_color[ksize0]
  /app/.venv/lib/python3.14/site-packages/tinygrad/runtime/autogen/libusb.py:1363: DeprecationWarning: Due to '_pack_', the 'struct_libusb_pollfd' Structure will use memory layout compatible with MSVC (Windows). If this is intended, set _layout_ to 'ms'. The implicit default is deprecated and slated to become an error in Python 3.19.
    struct_libusb_pollfd._fields_ = [

tinyops/image/blur_test.py::test_blur_color[ksize0]
  /app/.venv/lib/python3.14/site-packages/tinygrad/runtime/autogen/libusb.py:1450: DeprecationWarning: Due to '_pack_', the 'struct_libusb_transfer' Structure will use memory layout compatible with MSVC (Windows). If this is intended, set _layout_ to 'ms'. The implicit default is deprecated and slated to become an error in Python 3.19.
    struct_libusb_transfer._fields_ = [

tinyops/image/blur_test.py::test_blur_color[ksize0]
  /app/.venv/lib/python3.14/site-packages/tinygrad/runtime/autogen/vfio.py:297: DeprecationWarning: Due to '_pack_', the 'struct_vfio_info_cap_header' Structure will use memory layout compatible with MSVC (Windows). If this is intended, set _layout_ to 'ms'. The implicit default is deprecated and slated to become an error in Python 3.19.
    struct_vfio_info_cap_header._fields_ = [

tinyops/image/blur_test.py::test_blur_color[ksize0]
  /app/.venv/lib/python3.14/site-packages/tinygrad/runtime/autogen/vfio.py:307: DeprecationWarning: Due to '_pack_', the 'struct_vfio_group_status' Structure will use memory layout compatible with MSVC (Windows). If this is intended, set _layout_ to 'ms'. The implicit default is deprecated and slated to become an error in Python 3.19.
    struct_vfio_group_status._fields_ = [

tinyops/image/blur_test.py::test_blur_color[ksize0]
  /app/.venv/lib/python3.14/site-packages/tinygrad/runtime/autogen/vfio.py:316: DeprecationWarning: Due to '_pack_', the 'struct_vfio_device_info' Structure will use memory layout compatible with MSVC (Windows). If this is intended, set _layout_ to 'ms'. The implicit default is deprecated and slated to become an error in Python 3.19.
    struct_vfio_device_info._fields_ = [

tinyops/image/blur_test.py::test_blur_color[ksize0]
  /app/.venv/lib/python3.14/site-packages/tinygrad/runtime/autogen/vfio.py:328: DeprecationWarning: Due to '_pack_', the 'struct_vfio_region_info' Structure will use memory layout compatible with MSVC (Windows). If this is intended, set _layout_ to 'ms'. The implicit default is deprecated and slated to become an error in Python 3.19.
    struct_vfio_region_info._fields_ = [

tinyops/image/blur_test.py::test_blur_color[ksize0]
  /app/.venv/lib/python3.14/site-packages/tinygrad/runtime/autogen/vfio.py:341: DeprecationWarning: Due to '_pack_', the 'struct_vfio_region_sparse_mmap_area' Structure will use memory layout compatible with MSVC (Windows). If this is intended, set _layout_ to 'ms'. The implicit default is deprecated and slated to become an error in Python 3.19.
    struct_vfio_region_sparse_mmap_area._fields_ = [

tinyops/image/blur_test.py::test_blur_color[ksize0]
  /app/.venv/lib/python3.14/site-packages/tinygrad/runtime/autogen/vfio.py:350: DeprecationWarning: Due to '_pack_', the 'struct_vfio_region_info_cap_sparse_mmap' Structure will use memory layout compatible with MSVC (Windows). If this is intended, set _layout_ to 'ms'. The implicit default is deprecated and slated to become an error in Python 3.19.
    struct_vfio_region_info_cap_sparse_mmap._fields_ = [

tinyops/image/blur_test.py::test_blur_color[ksize0]
  /app/.venv/lib/python3.14/site-packages/tinygrad/runtime/autogen/vfio.py:361: DeprecationWarning: Due to '_pack_', the 'struct_vfio_region_info_cap_type' Structure will use memory layout compatible with MSVC (Windows). If this is intended, set _layout_ to 'ms'. The implicit default is deprecated and slated to become an error in Python 3.19.
    struct_vfio_region_info_cap_type._fields_ = [

tinyops/image/blur_test.py::test_blur_color[ksize0]
  /app/.venv/lib/python3.14/site-packages/tinygrad/runtime/autogen/vfio.py:371: DeprecationWarning: Due to '_pack_', the 'struct_vfio_region_gfx_edid' Structure will use memory layout compatible with MSVC (Windows). If this is intended, set _layout_ to 'ms'. The implicit default is deprecated and slated to become an error in Python 3.19.
    struct_vfio_region_gfx_edid._fields_ = [

tinyops/image/blur_test.py::test_blur_color[ksize0]
  /app/.venv/lib/python3.14/site-packages/tinygrad/runtime/autogen/vfio.py:384: DeprecationWarning: Due to '_pack_', the 'struct_vfio_device_migration_info' Structure will use memory layout compatible with MSVC (Windows). If this is intended, set _layout_ to 'ms'. The implicit default is deprecated and slated to become an error in Python 3.19.
    struct_vfio_device_migration_info._fields_ = [

tinyops/image/blur_test.py::test_blur_color[ksize0]
  /app/.venv/lib/python3.14/site-packages/tinygrad/runtime/autogen/vfio.py:396: DeprecationWarning: Due to '_pack_', the 'struct_vfio_region_info_cap_nvlink2_ssatgt' Structure will use memory layout compatible with MSVC (Windows). If this is intended, set _layout_ to 'ms'. The implicit default is deprecated and slated to become an error in Python 3.19.
    struct_vfio_region_info_cap_nvlink2_ssatgt._fields_ = [

tinyops/image/blur_test.py::test_blur_color[ksize0]
  /app/.venv/lib/python3.14/site-packages/tinygrad/runtime/autogen/vfio.py:405: DeprecationWarning: Due to '_pack_', the 'struct_vfio_region_info_cap_nvlink2_lnkspd' Structure will use memory layout compatible with MSVC (Windows). If this is intended, set _layout_ to 'ms'. The implicit default is deprecated and slated to become an error in Python 3.19.
    struct_vfio_region_info_cap_nvlink2_lnkspd._fields_ = [

tinyops/image/blur_test.py::test_blur_color[ksize0]
  /app/.venv/lib/python3.14/site-packages/tinygrad/runtime/autogen/vfio.py:415: DeprecationWarning: Due to '_pack_', the 'struct_vfio_irq_info' Structure will use memory layout compatible with MSVC (Windows). If this is intended, set _layout_ to 'ms'. The implicit default is deprecated and slated to become an error in Python 3.19.
    struct_vfio_irq_info._fields_ = [

tinyops/image/blur_test.py::test_blur_color[ksize0]
  /app/.venv/lib/python3.14/site-packages/tinygrad/runtime/autogen/vfio.py:426: DeprecationWarning: Due to '_pack_', the 'struct_vfio_irq_set' Structure will use memory layout compatible with MSVC (Windows). If this is intended, set _layout_ to 'ms'. The implicit default is deprecated and slated to become an error in Python 3.19.
    struct_vfio_irq_set._fields_ = [

tinyops/image/blur_test.py::test_blur_color[ksize0]
  /app/.venv/lib/python3.14/site-packages/tinygrad/runtime/autogen/vfio.py:503: DeprecationWarning: Due to '_pack_', the 'struct_vfio_pci_dependent_device' Structure will use memory layout compatible with MSVC (Windows). If this is intended, set _layout_ to 'ms'. The implicit default is deprecated and slated to become an error in Python 3.19.
    struct_vfio_pci_dependent_device._fields_ = [

tinyops/image/blur_test.py::test_blur_color[ksize0]
  /app/.venv/lib/python3.14/site-packages/tinygrad/runtime/autogen/vfio.py:514: DeprecationWarning: Due to '_pack_', the 'struct_vfio_pci_hot_reset_info' Structure will use memory layout compatible with MSVC (Windows). If this is intended, set _layout_ to 'ms'. The implicit default is deprecated and slated to become an error in Python 3.19.
    struct_vfio_pci_hot_reset_info._fields_ = [

tinyops/image/blur_test.py::test_blur_color[ksize0]
  /app/.venv/lib/python3.14/site-packages/tinygrad/runtime/autogen/vfio.py:525: DeprecationWarning: Due to '_pack_', the 'struct_vfio_pci_hot_reset' Structure will use memory layout compatible with MSVC (Windows). If this is intended, set _layout_ to 'ms'. The implicit default is deprecated and slated to become an error in Python 3.19.
    struct_vfio_pci_hot_reset._fields_ = [

tinyops/image/blur_test.py::test_blur_color[ksize0]
  /app/.venv/lib/python3.14/site-packages/tinygrad/runtime/autogen/vfio.py:539: DeprecationWarning: Due to '_pack_', the 'union_vfio_device_gfx_plane_info_0' Union will use memory layout compatible with MSVC (Windows). If this is intended, set _layout_ to 'ms'. The implicit default is deprecated and slated to become an error in Python 3.19.
    union_vfio_device_gfx_plane_info_0._fields_ = [

tinyops/image/blur_test.py::test_blur_color[ksize0]
  /app/.venv/lib/python3.14/site-packages/tinygrad/runtime/autogen/vfio.py:546: DeprecationWarning: Due to '_pack_', the 'struct_vfio_device_gfx_plane_info' Structure will use memory layout compatible with MSVC (Windows). If this is intended, set _layout_ to 'ms'. The implicit default is deprecated and slated to become an error in Python 3.19.
    struct_vfio_device_gfx_plane_info._fields_ = [

tinyops/image/blur_test.py::test_blur_color[ksize0]
  /app/.venv/lib/python3.14/site-packages/tinygrad/runtime/autogen/vfio.py:568: DeprecationWarning: Due to '_pack_', the 'struct_vfio_device_ioeventfd' Structure will use memory layout compatible with MSVC (Windows). If this is intended, set _layout_ to 'ms'. The implicit default is deprecated and slated to become an error in Python 3.19.
    struct_vfio_device_ioeventfd._fields_ = [

tinyops/image/blur_test.py::test_blur_color[ksize0]
  /app/.venv/lib/python3.14/site-packages/tinygrad/runtime/autogen/vfio.py:581: DeprecationWarning: Due to '_pack_', the 'struct_vfio_device_feature' Structure will use memory layout compatible with MSVC (Windows). If this is intended, set _layout_ to 'ms'. The implicit default is deprecated and slated to become an error in Python 3.19.
    struct_vfio_device_feature._fields_ = [

tinyops/image/blur_test.py::test_blur_color[ksize0]
  /app/.venv/lib/python3.14/site-packages/tinygrad/runtime/autogen/vfio.py:591: DeprecationWarning: Due to '_pack_', the 'struct_vfio_iommu_type1_info' Structure will use memory layout compatible with MSVC (Windows). If this is intended, set _layout_ to 'ms'. The implicit default is deprecated and slated to become an error in Python 3.19.
    struct_vfio_iommu_type1_info._fields_ = [

tinyops/image/blur_test.py::test_blur_color[ksize0]
  /app/.venv/lib/python3.14/site-packages/tinygrad/runtime/autogen/vfio.py:603: DeprecationWarning: Due to '_pack_', the 'struct_vfio_iova_range' Structure will use memory layout compatible with MSVC (Windows). If this is intended, set _layout_ to 'ms'. The implicit default is deprecated and slated to become an error in Python 3.19.
    struct_vfio_iova_range._fields_ = [

tinyops/image/blur_test.py::test_blur_color[ksize0]
  /app/.venv/lib/python3.14/site-packages/tinygrad/runtime/autogen/vfio.py:612: DeprecationWarning: Due to '_pack_', the 'struct_vfio_iommu_type1_info_cap_iova_range' Structure will use memory layout compatible with MSVC (Windows). If this is intended, set _layout_ to 'ms'. The implicit default is deprecated and slated to become an error in Python 3.19.
    struct_vfio_iommu_type1_info_cap_iova_range._fields_ = [

tinyops/image/blur_test.py::test_blur_color[ksize0]
  /app/.venv/lib/python3.14/site-packages/tinygrad/runtime/autogen/vfio.py:623: DeprecationWarning: Due to '_pack_', the 'struct_vfio_iommu_type1_info_cap_migration' Structure will use memory layout compatible with MSVC (Windows). If this is intended, set _layout_ to 'ms'. The implicit default is deprecated and slated to become an error in Python 3.19.
    struct_vfio_iommu_type1_info_cap_migration._fields_ = [

tinyops/image/blur_test.py::test_blur_color[ksize0]
  /app/.venv/lib/python3.14/site-packages/tinygrad/runtime/autogen/vfio.py:635: DeprecationWarning: Due to '_pack_', the 'struct_vfio_iommu_type1_info_dma_avail' Structure will use memory layout compatible with MSVC (Windows). If this is intended, set _layout_ to 'ms'. The implicit default is deprecated and slated to become an error in Python 3.19.
    struct_vfio_iommu_type1_info_dma_avail._fields_ = [

tinyops/image/blur_test.py::test_blur_color[ksize0]
  /app/.venv/lib/python3.14/site-packages/tinygrad/runtime/autogen/vfio.py:644: DeprecationWarning: Due to '_pack_', the 'struct_vfio_iommu_type1_dma_map' Structure will use memory layout compatible with MSVC (Windows). If this is intended, set _layout_ to 'ms'. The implicit default is deprecated and slated to become an error in Python 3.19.
    struct_vfio_iommu_type1_dma_map._fields_ = [

tinyops/image/blur_test.py::test_blur_color[ksize0]
  /app/.venv/lib/python3.14/site-packages/tinygrad/runtime/autogen/vfio.py:656: DeprecationWarning: Due to '_pack_', the 'struct_vfio_bitmap' Structure will use memory layout compatible with MSVC (Windows). If this is intended, set _layout_ to 'ms'. The implicit default is deprecated and slated to become an error in Python 3.19.
    struct_vfio_bitmap._fields_ = [

tinyops/image/blur_test.py::test_blur_color[ksize0]
  /app/.venv/lib/python3.14/site-packages/tinygrad/runtime/autogen/vfio.py:666: DeprecationWarning: Due to '_pack_', the 'struct_vfio_iommu_type1_dma_unmap' Structure will use memory layout compatible with MSVC (Windows). If this is intended, set _layout_ to 'ms'. The implicit default is deprecated and slated to become an error in Python 3.19.
    struct_vfio_iommu_type1_dma_unmap._fields_ = [

tinyops/image/blur_test.py::test_blur_color[ksize0]
  /app/.venv/lib/python3.14/site-packages/tinygrad/runtime/autogen/vfio.py:678: DeprecationWarning: Due to '_pack_', the 'struct_vfio_iommu_type1_dirty_bitmap' Structure will use memory layout compatible with MSVC (Windows). If this is intended, set _layout_ to 'ms'. The implicit default is deprecated and slated to become an error in Python 3.19.
    struct_vfio_iommu_type1_dirty_bitmap._fields_ = [

tinyops/image/blur_test.py::test_blur_color[ksize0]
  /app/.venv/lib/python3.14/site-packages/tinygrad/runtime/autogen/vfio.py:688: DeprecationWarning: Due to '_pack_', the 'struct_vfio_iommu_type1_dirty_bitmap_get' Structure will use memory layout compatible with MSVC (Windows). If this is intended, set _layout_ to 'ms'. The implicit default is deprecated and slated to become an error in Python 3.19.
    struct_vfio_iommu_type1_dirty_bitmap_get._fields_ = [

tinyops/image/blur_test.py::test_blur_color[ksize0]
  /app/.venv/lib/python3.14/site-packages/tinygrad/runtime/autogen/vfio.py:698: DeprecationWarning: Due to '_pack_', the 'struct_vfio_iommu_spapr_tce_ddw_info' Structure will use memory layout compatible with MSVC (Windows). If this is intended, set _layout_ to 'ms'. The implicit default is deprecated and slated to become an error in Python 3.19.
    struct_vfio_iommu_spapr_tce_ddw_info._fields_ = [

tinyops/image/blur_test.py::test_blur_color[ksize0]
  /app/.venv/lib/python3.14/site-packages/tinygrad/runtime/autogen/vfio.py:708: DeprecationWarning: Due to '_pack_', the 'struct_vfio_iommu_spapr_tce_info' Structure will use memory layout compatible with MSVC (Windows). If this is intended, set _layout_ to 'ms'. The implicit default is deprecated and slated to become an error in Python 3.19.
    struct_vfio_iommu_spapr_tce_info._fields_ = [

tinyops/image/blur_test.py::test_blur_color[ksize0]
  /app/.venv/lib/python3.14/site-packages/tinygrad/runtime/autogen/vfio.py:720: DeprecationWarning: Due to '_pack_', the 'struct_vfio_eeh_pe_err' Structure will use memory layout compatible with MSVC (Windows). If this is intended, set _layout_ to 'ms'. The implicit default is deprecated and slated to become an error in Python 3.19.
    struct_vfio_eeh_pe_err._fields_ = [

tinyops/image/blur_test.py::test_blur_color[ksize0]
  /app/.venv/lib/python3.14/site-packages/tinygrad/runtime/autogen/vfio.py:730: DeprecationWarning: Due to '_pack_', the 'union_vfio_eeh_pe_op_0' Union will use memory layout compatible with MSVC (Windows). If this is intended, set _layout_ to 'ms'. The implicit default is deprecated and slated to become an error in Python 3.19.
    class union_vfio_eeh_pe_op_0(Union):

tinyops/image/blur_test.py::test_blur_color[ksize0]
  /app/.venv/lib/python3.14/site-packages/tinygrad/runtime/autogen/vfio.py:738: DeprecationWarning: Due to '_pack_', the 'struct_vfio_eeh_pe_op' Structure will use memory layout compatible with MSVC (Windows). If this is intended, set _layout_ to 'ms'. The implicit default is deprecated and slated to become an error in Python 3.19.
    struct_vfio_eeh_pe_op._fields_ = [

tinyops/image/blur_test.py::test_blur_color[ksize0]
  /app/.venv/lib/python3.14/site-packages/tinygrad/runtime/autogen/vfio.py:750: DeprecationWarning: Due to '_pack_', the 'struct_vfio_iommu_spapr_register_memory' Structure will use memory layout compatible with MSVC (Windows). If this is intended, set _layout_ to 'ms'. The implicit default is deprecated and slated to become an error in Python 3.19.
    struct_vfio_iommu_spapr_register_memory._fields_ = [

tinyops/image/blur_test.py::test_blur_color[ksize0]
  /app/.venv/lib/python3.14/site-packages/tinygrad/runtime/autogen/vfio.py:761: DeprecationWarning: Due to '_pack_', the 'struct_vfio_iommu_spapr_tce_create' Structure will use memory layout compatible with MSVC (Windows). If this is intended, set _layout_ to 'ms'. The implicit default is deprecated and slated to become an error in Python 3.19.
    struct_vfio_iommu_spapr_tce_create._fields_ = [

tinyops/image/blur_test.py::test_blur_color[ksize0]
  /app/.venv/lib/python3.14/site-packages/tinygrad/runtime/autogen/vfio.py:776: DeprecationWarning: Due to '_pack_', the 'struct_vfio_iommu_spapr_tce_remove' Structure will use memory layout compatible with MSVC (Windows). If this is intended, set _layout_ to 'ms'. The implicit default is deprecated and slated to become an error in Python 3.19.
    struct_vfio_iommu_spapr_tce_remove._fields_ = [

tinyops/image/blur_test.py::test_blur_color[ksize0]
  /app/.venv/lib/python3.14/site-packages/tinygrad/runtime/autogen/nv_gpu.py:1778: DeprecationWarning: Due to '_pack_', the 'struct_NV0000_ALLOC_PARAMETERS' Structure will use memory layout compatible with MSVC (Windows). If this is intended, set _layout_ to 'ms'. The implicit default is deprecated and slated to become an error in Python 3.19.
    struct_NV0000_ALLOC_PARAMETERS._fields_ = [

tinyops/image/blur_test.py::test_blur_color[ksize0]
  /app/.venv/lib/python3.14/site-packages/tinygrad/runtime/autogen/nv_gpu.py:1794: DeprecationWarning: Due to '_pack_', the 'struct_NV0080_ALLOC_PARAMETERS' Structure will use memory layout compatible with MSVC (Windows). If this is intended, set _layout_ to 'ms'. The implicit default is deprecated and slated to become an error in Python 3.19.
    struct_NV0080_ALLOC_PARAMETERS._fields_ = [

tinyops/image/blur_test.py::test_blur_color[ksize0]
  /app/.venv/lib/python3.14/site-packages/tinygrad/runtime/autogen/nv_gpu.py:2227: DeprecationWarning: Due to '_pack_', the 'struct__cl2080_tag0' Structure will use memory layout compatible with MSVC (Windows). If this is intended, set _layout_ to 'ms'. The implicit default is deprecated and slated to become an error in Python 3.19.
    struct__cl2080_tag0._fields_ = [

tinyops/image/blur_test.py::test_blur_color[ksize0]
  /app/.venv/lib/python3.14/site-packages/tinygrad/runtime/autogen/nv_gpu.py:2238: DeprecationWarning: Due to '_pack_', the 'struct_Nv2080HdcpStatusChangeNotificationRec' Structure will use memory layout compatible with MSVC (Windows). If this is intended, set _layout_ to 'ms'. The implicit default is deprecated and slated to become an error in Python 3.19.
    struct_Nv2080HdcpStatusChangeNotificationRec._fields_ = [

tinyops/image/blur_test.py::test_blur_color[ksize0]
  /app/.venv/lib/python3.14/site-packages/tinygrad/runtime/autogen/nv_gpu.py:2251: DeprecationWarning: Due to '_pack_', the 'struct_Nv2080PStateChangeNotificationRec_timeStamp' Structure will use memory layout compatible with MSVC (Windows). If this is intended, set _layout_ to 'ms'. The implicit default is deprecated and slated to become an error in Python 3.19.
    struct_Nv2080PStateChangeNotificationRec_timeStamp._fields_ = [

tinyops/image/blur_test.py::test_blur_color[ksize0]
  /app/.venv/lib/python3.14/site-packages/tinygrad/runtime/autogen/nv_gpu.py:2256: DeprecationWarning: Due to '_pack_', the 'struct_Nv2080PStateChangeNotificationRec' Structure will use memory layout compatible with MSVC (Windows). If this is intended, set _layout_ to 'ms'. The implicit default is deprecated and slated to become an error in Python 3.19.
    struct_Nv2080PStateChangeNotificationRec._fields_ = [

tinyops/image/blur_test.py::test_blur_color[ksize0]
  /app/.venv/lib/python3.14/site-packages/tinygrad/runtime/autogen/nv_gpu.py:2269: DeprecationWarning: Due to '_pack_', the 'struct_Nv2080ClocksChangeNotificationRec_timeStamp' Structure will use memory layout compatible with MSVC (Windows). If this is intended, set _layout_ to 'ms'. The implicit default is deprecated and slated to become an error in Python 3.19.
    struct_Nv2080ClocksChangeNotificationRec_timeStamp._fields_ = [

tinyops/image/blur_test.py::test_blur_color[ksize0]
  /app/.venv/lib/python3.14/site-packages/tinygrad/runtime/autogen/nv_gpu.py:2274: DeprecationWarning: Due to '_pack_', the 'struct_Nv2080ClocksChangeNotificationRec' Structure will use memory layout compatible with MSVC (Windows). If this is intended, set _layout_ to 'ms'. The implicit default is deprecated and slated to become an error in Python 3.19.
    struct_Nv2080ClocksChangeNotificationRec._fields_ = [

tinyops/image/blur_test.py::test_blur_color[ksize0]
  /app/.venv/lib/python3.14/site-packages/tinygrad/runtime/autogen/nv_gpu.py:2286: DeprecationWarning: Due to '_pack_', the 'struct_Nv2080WorkloadModulationChangeNotificationRec_timeStamp' Structure will use memory layout compatible with MSVC (Windows). If this is intended, set _layout_ to 'ms'. The implicit default is deprecated and slated to become an error in Python 3.19.
    struct_Nv2080WorkloadModulationChangeNotificationRec_timeStamp._fields_ = [

tinyops/image/blur_test.py::test_blur_color[ksize0]
  /app/.venv/lib/python3.14/site-packages/tinygrad/runtime/autogen/nv_gpu.py:2291: DeprecationWarning: Due to '_pack_', the 'struct_Nv2080WorkloadModulationChangeNotificationRec' Structure will use memory layout compatible with MSVC (Windows). If this is intended, set _layout_ to 'ms'. The implicit default is deprecated and slated to become an error in Python 3.19.
    struct_Nv2080WorkloadModulationChangeNotificationRec._fields_ = [

tinyops/image/blur_test.py::test_blur_color[ksize0]
  /app/.venv/lib/python3.14/site-packages/tinygrad/runtime/autogen/nv_gpu.py:2302: DeprecationWarning: Due to '_pack_', the 'struct_c__SA_Nv2080HotplugNotification' Structure will use memory layout compatible with MSVC (Windows). If this is intended, set _layout_ to 'ms'. The implicit default is deprecated and slated to become an error in Python 3.19.
    struct_c__SA_Nv2080HotplugNotification._fields_ = [

tinyops/image/blur_test.py::test_blur_color[ksize0]
  /app/.venv/lib/python3.14/site-packages/tinygrad/runtime/autogen/nv_gpu.py:2312: DeprecationWarning: Due to '_pack_', the 'struct_c__SA_Nv2080PowerEventNotification' Structure will use memory layout compatible with MSVC (Windows). If this is intended, set _layout_ to 'ms'. The implicit default is deprecated and slated to become an error in Python 3.19.
    struct_c__SA_Nv2080PowerEventNotification._fields_ = [

tinyops/image/blur_test.py::test_blur_color[ksize0]
  /app/.venv/lib/python3.14/site-packages/tinygrad/runtime/autogen/nv_gpu.py:2324: DeprecationWarning: Due to '_pack_', the 'struct_Nv2080DpIrqNotificationRec' Structure will use memory layout compatible with MSVC (Windows). If this is intended, set _layout_ to 'ms'. The implicit default is deprecated and slated to become an error in Python 3.19.
    struct_Nv2080DpIrqNotificationRec._fields_ = [

tinyops/image/blur_test.py::test_blur_color[ksize0]
  /app/.venv/lib/python3.14/site-packages/tinygrad/runtime/autogen/nv_gpu.py:2333: DeprecationWarning: Due to '_pack_', the 'struct_Nv2080DstateXusbPpcNotificationRec' Structure will use memory layout compatible with MSVC (Windows). If this is intended, set _layout_ to 'ms'. The implicit default is deprecated and slated to become an error in Python 3.19.
    struct_Nv2080DstateXusbPpcNotificationRec._fields_ = [

tinyops/image/blur_test.py::test_blur_color[ksize0]
  /app/.venv/lib/python3.14/site-packages/tinygrad/runtime/autogen/nv_gpu.py:2343: DeprecationWarning: Due to '_pack_', the 'struct_Nv2080XusbPpcConnectStateNotificationRec' Structure will use memory layout compatible with MSVC (Windows). If this is intended, set _layout_ to 'ms'. The implicit default is deprecated and slated to become an error in Python 3.19.
    struct_Nv2080XusbPpcConnectStateNotificationRec._fields_ = [

tinyops/image/blur_test.py::test_blur_color[ksize0]
  /app/.venv/lib/python3.14/site-packages/tinygrad/runtime/autogen/nv_gpu.py:2352: DeprecationWarning: Due to '_pack_', the 'struct_Nv2080ACPIEvent' Structure will use memory layout compatible with MSVC (Windows). If this is intended, set _layout_ to 'ms'. The implicit default is deprecated and slated to become an error in Python 3.19.
    struct_Nv2080ACPIEvent._fields_ = [

tinyops/image/blur_test.py::test_blur_color[ksize0]
  /app/.venv/lib/python3.14/site-packages/tinygrad/runtime/autogen/nv_gpu.py:2361: DeprecationWarning: Due to '_pack_', the 'struct__NV2080_COOLER_DIAG_ZONE_NOTIFICATION_REC' Structure will use memory layout compatible with MSVC (Windows). If this is intended, set _layout_ to 'ms'. The implicit default is deprecated and slated to become an error in Python 3.19.
    struct__NV2080_COOLER_DIAG_ZONE_NOTIFICATION_REC._fields_ = [

tinyops/image/blur_test.py::test_blur_color[ksize0]
  /app/.venv/lib/python3.14/site-packages/tinygrad/runtime/autogen/nv_gpu.py:2370: DeprecationWarning: Due to '_pack_', the 'struct__NV2080_THERM_DIAG_ZONE_NOTIFICATION_REC' Structure will use memory layout compatible with MSVC (Windows). If this is intended, set _layout_ to 'ms'. The implicit default is deprecated and slated to become an error in Python 3.19.
    struct__NV2080_THERM_DIAG_ZONE_NOTIFICATION_REC._fields_ = [

tinyops/image/blur_test.py::test_blur_color[ksize0]
  /app/.venv/lib/python3.14/site-packages/tinygrad/runtime/autogen/nv_gpu.py:2379: DeprecationWarning: Due to '_pack_', the 'struct_Nv2080AudioHdcpRequestRec' Structure will use memory layout compatible with MSVC (Windows). If this is intended, set _layout_ to 'ms'. The implicit default is deprecated and slated to become an error in Python 3.19.
    struct_Nv2080AudioHdcpRequestRec._fields_ = [

tinyops/image/blur_test.py::test_blur_color[ksize0]
  /app/.venv/lib/python3.14/site-packages/tinygrad/runtime/autogen/nv_gpu.py:2389: DeprecationWarning: Due to '_pack_', the 'struct_Nv2080GC5GpuReadyParams' Structure will use memory layout compatible with MSVC (Windows). If this is intended, set _layout_ to 'ms'. The implicit default is deprecated and slated to become an error in Python 3.19.
    struct_Nv2080GC5GpuReadyParams._fields_ = [

tinyops/image/blur_test.py::test_blur_color[ksize0]
  /app/.venv/lib/python3.14/site-packages/tinygrad/runtime/autogen/nv_gpu.py:2400: DeprecationWarning: Due to '_pack_', the 'struct_c__SA_Nv2080PrivRegAccessFaultNotification' Structure will use memory layout compatible with MSVC (Windows). If this is intended, set _layout_ to 'ms'. The implicit default is deprecated and slated to become an error in Python 3.19.
    struct_c__SA_Nv2080PrivRegAccessFaultNotification._fields_ = [

tinyops/image/blur_test.py::test_blur_color[ksize0]
  /app/.venv/lib/python3.14/site-packages/tinygrad/runtime/autogen/nv_gpu.py:2409: DeprecationWarning: Due to '_pack_', the 'struct_Nv2080DstateHdaCodecNotificationRec' Structure will use memory layout compatible with MSVC (Windows). If this is intended, set _layout_ to 'ms'. The implicit default is deprecated and slated to become an error in Python 3.19.
    struct_Nv2080DstateHdaCodecNotificationRec._fields_ = [

tinyops/image/blur_test.py::test_blur_color[ksize0]
  /app/.venv/lib/python3.14/site-packages/tinygrad/runtime/autogen/nv_gpu.py:2418: DeprecationWarning: Due to '_pack_', the 'struct_Nv2080HdmiFrlRequestNotificationRec' Structure will use memory layout compatible with MSVC (Windows). If this is intended, set _layout_ to 'ms'. The implicit default is deprecated and slated to become an error in Python 3.19.
    struct_Nv2080HdmiFrlRequestNotificationRec._fields_ = [

tinyops/image/blur_test.py::test_blur_color[ksize0]
  /app/.venv/lib/python3.14/site-packages/tinygrad/runtime/autogen/nv_gpu.py:2427: DeprecationWarning: Due to '_pack_', the 'struct__NV2080_PLATFORM_POWER_MODE_CHANGE_STATUS' Structure will use memory layout compatible with MSVC (Windows). If this is intended, set _layout_ to 'ms'. The implicit default is deprecated and slated to become an error in Python 3.19.
    struct__NV2080_PLATFORM_POWER_MODE_CHANGE_STATUS._fields_ = [

tinyops/image/blur_test.py::test_blur_color[ksize0]
  /app/.venv/lib/python3.14/site-packages/tinygrad/runtime/autogen/nv_gpu.py:2438: DeprecationWarning: Due to '_pack_', the 'struct__NV2080_NOTIFIERS_USE_GC6_REDUCED_THRESHOLD_UPDATE' Structure will use memory layout compatible with MSVC (Windows). If this is intended, set _layout_ to 'ms'. The implicit default is deprecated and slated to become an error in Python 3.19.
    struct__NV2080_NOTIFIERS_USE_GC6_REDUCED_THRESHOLD_UPDATE._fields_ = [

tinyops/image/blur_test.py::test_blur_color[ksize0]
  /app/.venv/lib/python3.14/site-packages/tinygrad/runtime/autogen/nv_gpu.py:2447: DeprecationWarning: Due to '_pack_', the 'struct_c__SA_Nv2080QosIntrNotification' Structure will use memory layout compatible with MSVC (Windows). If this is intended, set _layout_ to 'ms'. The implicit default is deprecated and slated to become an error in Python 3.19.
    struct_c__SA_Nv2080QosIntrNotification._fields_ = [

tinyops/image/blur_test.py::test_blur_color[ksize0]
  /app/.venv/lib/python3.14/site-packages/tinygrad/runtime/autogen/nv_gpu.py:2456: DeprecationWarning: Due to '_pack_', the 'struct_c__SA_Nv2080EccDbeNotification' Structure will use memory layout compatible with MSVC (Windows). If this is intended, set _layout_ to 'ms'. The implicit default is deprecated and slated to become an error in Python 3.19.
    struct_c__SA_Nv2080EccDbeNotification._fields_ = [

tinyops/image/blur_test.py::test_blur_color[ksize0]
  /app/.venv/lib/python3.14/site-packages/tinygrad/runtime/autogen/nv_gpu.py:2465: DeprecationWarning: Due to '_pack_', the 'struct_c__SA_Nv2080LpwrDifrPrefetchNotification' Structure will use memory layout compatible with MSVC (Windows). If this is intended, set _layout_ to 'ms'. The implicit default is deprecated and slated to become an error in Python 3.19.
    struct_c__SA_Nv2080LpwrDifrPrefetchNotification._fields_ = [

tinyops/image/blur_test.py::test_blur_color[ksize0]
  /app/.venv/lib/python3.14/site-packages/tinygrad/runtime/autogen/nv_gpu.py:2474: DeprecationWarning: Due to '_pack_', the 'struct_c__SA_Nv2080NvlinkLnkChangeNotification' Structure will use memory layout compatible with MSVC (Windows). If this is intended, set _layout_ to 'ms'. The implicit default is deprecated and slated to become an error in Python 3.19.
    struct_c__SA_Nv2080NvlinkLnkChangeNotification._fields_ = [

tinyops/image/blur_test.py::test_blur_color[ksize0]
  /app/.venv/lib/python3.14/site-packages/tinygrad/runtime/autogen/nv_gpu.py:2484: DeprecationWarning: Due to '_pack_', the 'struct_c__SA_Nv2080VrrSetTimeoutNotification' Structure will use memory layout compatible with MSVC (Windows). If this is intended, set _layout_ to 'ms'. The implicit default is deprecated and slated to become an error in Python 3.19.
    struct_c__SA_Nv2080VrrSetTimeoutNotification._fields_ = [

tinyops/image/blur_test.py::test_blur_color[ksize0]
  /app/.venv/lib/python3.14/site-packages/tinygrad/runtime/autogen/nv_gpu.py:2493: DeprecationWarning: Due to '_pack_', the 'struct_NV2080_ALLOC_PARAMETERS' Structure will use memory layout compatible with MSVC (Windows). If this is intended, set _layout_ to 'ms'. The implicit default is deprecated and slated to become an error in Python 3.19.
    struct_NV2080_ALLOC_PARAMETERS._fields_ = [

tinyops/image/blur_test.py::test_blur_color[ksize0]
  /app/.venv/lib/python3.14/site-packages/tinygrad/runtime/autogen/nv_gpu.py:2775: DeprecationWarning: Due to '_pack_', the 'struct_Nvc56fControl_struct' Structure will use memory layout compatible with MSVC (Windows). If this is intended, set _layout_ to 'ms'. The implicit default is deprecated and slated to become an error in Python 3.19.
    struct_Nvc56fControl_struct._fields_ = [

tinyops/image/blur_test.py::test_blur_color[ksize0]
  /app/.venv/lib/python3.14/site-packages/tinygrad/runtime/autogen/nv_gpu.py:2929: DeprecationWarning: Due to '_pack_', the 'struct_Nvc86fControl_struct' Structure will use memory layout compatible with MSVC (Windows). If this is intended, set _layout_ to 'ms'. The implicit default is deprecated and slated to become an error in Python 3.19.
    struct_Nvc86fControl_struct._fields_ = [

tinyops/image/blur_test.py::test_blur_color[ksize0]
  /app/.venv/lib/python3.14/site-packages/tinygrad/runtime/autogen/nv_gpu.py:2991: DeprecationWarning: Due to '_pack_', the 'struct_Nvc96fControl_struct' Structure will use memory layout compatible with MSVC (Windows). If this is intended, set _layout_ to 'ms'. The implicit default is deprecated and slated to become an error in Python 3.19.
    struct_Nvc96fControl_struct._fields_ = [

tinyops/image/blur_test.py::test_blur_color[ksize0]
  /app/.venv/lib/python3.14/site-packages/tinygrad/runtime/autogen/nv_gpu.py:3007: DeprecationWarning: Due to '_pack_', the 'struct_NV83DE_ALLOC_PARAMETERS' Structure will use memory layout compatible with MSVC (Windows). If this is intended, set _layout_ to 'ms'. The implicit default is deprecated and slated to become an error in Python 3.19.
    struct_NV83DE_ALLOC_PARAMETERS._fields_ = [

tinyops/image/blur_test.py::test_blur_color[ksize0]
  /app/.venv/lib/python3.14/site-packages/tinygrad/runtime/autogen/nv_gpu.py:4326: DeprecationWarning: Due to '_pack_', the 'struct__clc9b5_tag0' Structure will use memory layout compatible with MSVC (Windows). If this is intended, set _layout_ to 'ms'. The implicit default is deprecated and slated to become an error in Python 3.19.
    struct__clc9b5_tag0._fields_ = [

tinyops/image/blur_test.py::test_blur_color[ksize0]
  /app/.venv/lib/python3.14/site-packages/tinygrad/runtime/autogen/nv_gpu.py:4498: DeprecationWarning: Due to '_pack_', the 'struct_c__SA_UVM_RESERVE_VA_PARAMS' Structure will use memory layout compatible with MSVC (Windows). If this is intended, set _layout_ to 'ms'. The implicit default is deprecated and slated to become an error in Python 3.19.
    struct_c__SA_UVM_RESERVE_VA_PARAMS._fields_ = [

tinyops/image/blur_test.py::test_blur_color[ksize0]
  /app/.venv/lib/python3.14/site-packages/tinygrad/runtime/autogen/nv_gpu.py:4510: DeprecationWarning: Due to '_pack_', the 'struct_c__SA_UVM_RELEASE_VA_PARAMS' Structure will use memory layout compatible with MSVC (Windows). If this is intended, set _layout_ to 'ms'. The implicit default is deprecated and slated to become an error in Python 3.19.
    struct_c__SA_UVM_RELEASE_VA_PARAMS._fields_ = [

tinyops/image/blur_test.py::test_blur_color[ksize0]
  /app/.venv/lib/python3.14/site-packages/tinygrad/runtime/autogen/nv_gpu.py:4525: DeprecationWarning: Due to '_pack_', the 'struct_nv_uuid' Structure will use memory layout compatible with MSVC (Windows). If this is intended, set _layout_ to 'ms'. The implicit default is deprecated and slated to become an error in Python 3.19.
    struct_nv_uuid._fields_ = [

tinyops/image/blur_test.py::test_blur_color[ksize0]
  /app/.venv/lib/python3.14/site-packages/tinygrad/runtime/autogen/nv_gpu.py:4530: DeprecationWarning: Due to '_pack_', the 'struct_c__SA_UVM_REGION_COMMIT_PARAMS' Structure will use memory layout compatible with MSVC (Windows). If this is intended, set _layout_ to 'ms'. The implicit default is deprecated and slated to become an error in Python 3.19.
    struct_c__SA_UVM_REGION_COMMIT_PARAMS._fields_ = [

tinyops/image/blur_test.py::test_blur_color[ksize0]
  /app/.venv/lib/python3.14/site-packages/tinygrad/runtime/autogen/nv_gpu.py:4544: DeprecationWarning: Due to '_pack_', the 'struct_c__SA_UVM_REGION_DECOMMIT_PARAMS' Structure will use memory layout compatible with MSVC (Windows). If this is intended, set _layout_ to 'ms'. The implicit default is deprecated and slated to become an error in Python 3.19.
    struct_c__SA_UVM_REGION_DECOMMIT_PARAMS._fields_ = [

tinyops/image/blur_test.py::test_blur_color[ksize0]
  /app/.venv/lib/python3.14/site-packages/tinygrad/runtime/autogen/nv_gpu.py:4556: DeprecationWarning: Due to '_pack_', the 'struct_c__SA_UVM_REGION_SET_STREAM_PARAMS' Structure will use memory layout compatible with MSVC (Windows). If this is intended, set _layout_ to 'ms'. The implicit default is deprecated and slated to become an error in Python 3.19.
    struct_c__SA_UVM_REGION_SET_STREAM_PARAMS._fields_ = [

tinyops/image/blur_test.py::test_blur_color[ksize0]
  /app/.venv/lib/python3.14/site-packages/tinygrad/runtime/autogen/nv_gpu.py:4570: DeprecationWarning: Due to '_pack_', the 'struct_c__SA_UVM_SET_STREAM_RUNNING_PARAMS' Structure will use memory layout compatible with MSVC (Windows). If this is intended, set _layout_ to 'ms'. The implicit default is deprecated and slated to become an error in Python 3.19.
    struct_c__SA_UVM_SET_STREAM_RUNNING_PARAMS._fields_ = [

tinyops/image/blur_test.py::test_blur_color[ksize0]
  /app/.venv/lib/python3.14/site-packages/tinygrad/runtime/autogen/nv_gpu.py:4581: DeprecationWarning: Due to '_pack_', the 'struct_c__SA_UVM_SET_STREAM_STOPPED_PARAMS' Structure will use memory layout compatible with MSVC (Windows). If this is intended, set _layout_ to 'ms'. The implicit default is deprecated and slated to become an error in Python 3.19.
    struct_c__SA_UVM_SET_STREAM_STOPPED_PARAMS._fields_ = [

tinyops/image/blur_test.py::test_blur_color[ksize0]
  /app/.venv/lib/python3.14/site-packages/tinygrad/runtime/autogen/nv_gpu.py:4596: DeprecationWarning: Due to '_pack_', the 'struct_c__SA_UVM_RUN_TEST_PARAMS_multiGpu' Structure will use memory layout compatible with MSVC (Windows). If this is intended, set _layout_ to 'ms'. The implicit default is deprecated and slated to become an error in Python 3.19.
    struct_c__SA_UVM_RUN_TEST_PARAMS_multiGpu._fields_ = [

tinyops/image/blur_test.py::test_blur_color[ksize0]
  /app/.venv/lib/python3.14/site-packages/tinygrad/runtime/autogen/nv_gpu.py:4602: DeprecationWarning: Due to '_pack_', the 'struct_c__SA_UVM_RUN_TEST_PARAMS' Structure will use memory layout compatible with MSVC (Windows). If this is intended, set _layout_ to 'ms'. The implicit default is deprecated and slated to become an error in Python 3.19.
    struct_c__SA_UVM_RUN_TEST_PARAMS._fields_ = [

tinyops/image/blur_test.py::test_blur_color[ksize0]
  /app/.venv/lib/python3.14/site-packages/tinygrad/runtime/autogen/nv_gpu.py:4614: DeprecationWarning: Due to '_pack_', the 'struct_c__SA_UVM_ADD_SESSION_PARAMS' Structure will use memory layout compatible with MSVC (Windows). If this is intended, set _layout_ to 'ms'. The implicit default is deprecated and slated to become an error in Python 3.19.
    struct_c__SA_UVM_ADD_SESSION_PARAMS._fields_ = [

tinyops/image/blur_test.py::test_blur_color[ksize0]
  /app/.venv/lib/python3.14/site-packages/tinygrad/runtime/autogen/nv_gpu.py:4627: DeprecationWarning: Due to '_pack_', the 'struct_c__SA_UVM_REMOVE_SESSION_PARAMS' Structure will use memory layout compatible with MSVC (Windows). If this is intended, set _layout_ to 'ms'. The implicit default is deprecated and slated to become an error in Python 3.19.
    struct_c__SA_UVM_REMOVE_SESSION_PARAMS._fields_ = [

tinyops/image/blur_test.py::test_blur_color[ksize0]
  /app/.venv/lib/python3.14/site-packages/tinygrad/runtime/autogen/nv_gpu.py:4640: DeprecationWarning: Due to '_pack_', the 'struct_c__SA_UvmCounterConfig' Structure will use memory layout compatible with MSVC (Windows). If this is intended, set _layout_ to 'ms'. The implicit default is deprecated and slated to become an error in Python 3.19.
    struct_c__SA_UvmCounterConfig._fields_ = [

tinyops/image/blur_test.py::test_blur_color[ksize0]
  /app/.venv/lib/python3.14/site-packages/tinygrad/runtime/autogen/nv_gpu.py:4648: DeprecationWarning: Due to '_pack_', the 'struct_c__SA_UVM_ENABLE_COUNTERS_PARAMS' Structure will use memory layout compatible with MSVC (Windows). If this is intended, set _layout_ to 'ms'. The implicit default is deprecated and slated to become an error in Python 3.19.
    struct_c__SA_UVM_ENABLE_COUNTERS_PARAMS._fields_ = [

tinyops/image/blur_test.py::test_blur_color[ksize0]
  /app/.venv/lib/python3.14/site-packages/tinygrad/runtime/autogen/nv_gpu.py:4660: DeprecationWarning: Due to '_pack_', the 'struct_c__SA_UVM_MAP_COUNTER_PARAMS' Structure will use memory layout compatible with MSVC (Windows). If this is intended, set _layout_ to 'ms'. The implicit default is deprecated and slated to become an error in Python 3.19.
    struct_c__SA_UVM_MAP_COUNTER_PARAMS._fields_ = [

tinyops/image/blur_test.py::test_blur_color[ksize0]
  /app/.venv/lib/python3.14/site-packages/tinygrad/runtime/autogen/nv_gpu.py:4676: DeprecationWarning: Due to '_pack_', the 'struct_c__SA_UVM_CREATE_EVENT_QUEUE_PARAMS' Structure will use memory layout compatible with MSVC (Windows). If this is intended, set _layout_ to 'ms'. The implicit default is deprecated and slated to become an error in Python 3.19.
    struct_c__SA_UVM_CREATE_EVENT_QUEUE_PARAMS._fields_ = [

tinyops/image/blur_test.py::test_blur_color[ksize0]
  /app/.venv/lib/python3.14/site-packages/tinygrad/runtime/autogen/nv_gpu.py:4690: DeprecationWarning: Due to '_pack_', the 'struct_c__SA_UVM_REMOVE_EVENT_QUEUE_PARAMS' Structure will use memory layout compatible with MSVC (Windows). If this is intended, set _layout_ to 'ms'. The implicit default is deprecated and slated to become an error in Python 3.19.
    struct_c__SA_UVM_REMOVE_EVENT_QUEUE_PARAMS._fields_ = [

tinyops/image/blur_test.py::test_blur_color[ksize0]
  /app/.venv/lib/python3.14/site-packages/tinygrad/runtime/autogen/nv_gpu.py:4701: DeprecationWarning: Due to '_pack_', the 'struct_c__SA_UVM_MAP_EVENT_QUEUE_PARAMS' Structure will use memory layout compatible with MSVC (Windows). If this is intended, set _layout_ to 'ms'. The implicit default is deprecated and slated to become an error in Python 3.19.
    struct_c__SA_UVM_MAP_EVENT_QUEUE_PARAMS._fields_ = [

tinyops/image/blur_test.py::test_blur_color[ksize0]
  /app/.venv/lib/python3.14/site-packages/tinygrad/runtime/autogen/nv_gpu.py:4718: DeprecationWarning: Due to '_pack_', the 'struct_c__SA_UVM_EVENT_CTRL_PARAMS' Structure will use memory layout compatible with MSVC (Windows). If this is intended, set _layout_ to 'ms'. The implicit default is deprecated and slated to become an error in Python 3.19.
    struct_c__SA_UVM_EVENT_CTRL_PARAMS._fields_ = [

tinyops/image/blur_test.py::test_blur_color[ksize0]
  /app/.venv/lib/python3.14/site-packages/tinygrad/runtime/autogen/nv_gpu.py:4731: DeprecationWarning: Due to '_pack_', the 'struct_c__SA_UVM_REGISTER_MPS_SERVER_PARAMS' Structure will use memory layout compatible with MSVC (Windows). If this is intended, set _layout_ to 'ms'. The implicit default is deprecated and slated to become an error in Python 3.19.
    struct_c__SA_UVM_REGISTER_MPS_SERVER_PARAMS._fields_ = [

tinyops/image/blur_test.py::test_blur_color[ksize0]
  /app/.venv/lib/python3.14/site-packages/tinygrad/runtime/autogen/nv_gpu.py:4745: DeprecationWarning: Due to '_pack_', the 'struct_c__SA_UVM_REGISTER_MPS_CLIENT_PARAMS' Structure will use memory layout compatible with MSVC (Windows). If this is intended, set _layout_ to 'ms'. The implicit default is deprecated and slated to become an error in Python 3.19.
    struct_c__SA_UVM_REGISTER_MPS_CLIENT_PARAMS._fields_ = [

tinyops/image/blur_test.py::test_blur_color[ksize0]
  /app/.venv/lib/python3.14/site-packages/tinygrad/runtime/autogen/nv_gpu.py:4756: DeprecationWarning: Due to '_pack_', the 'struct_c__SA_UVM_GET_GPU_UUID_TABLE_PARAMS' Structure will use memory layout compatible with MSVC (Windows). If this is intended, set _layout_ to 'ms'. The implicit default is deprecated and slated to become an error in Python 3.19.
    struct_c__SA_UVM_GET_GPU_UUID_TABLE_PARAMS._fields_ = [

tinyops/image/blur_test.py::test_blur_color[ksize0]
  /app/.venv/lib/python3.14/site-packages/tinygrad/runtime/autogen/nv_gpu.py:4767: DeprecationWarning: Due to '_pack_', the 'struct_c__SA_UVM_CREATE_RANGE_GROUP_PARAMS' Structure will use memory layout compatible with MSVC (Windows). If this is intended, set _layout_ to 'ms'. The implicit default is deprecated and slated to become an error in Python 3.19.
    struct_c__SA_UVM_CREATE_RANGE_GROUP_PARAMS._fields_ = [

tinyops/image/blur_test.py::test_blur_color[ksize0]
  /app/.venv/lib/python3.14/site-packages/tinygrad/runtime/autogen/nv_gpu.py:4778: DeprecationWarning: Due to '_pack_', the 'struct_c__SA_UVM_DESTROY_RANGE_GROUP_PARAMS' Structure will use memory layout compatible with MSVC (Windows). If this is intended, set _layout_ to 'ms'. The implicit default is deprecated and slated to become an error in Python 3.19.
    struct_c__SA_UVM_DESTROY_RANGE_GROUP_PARAMS._fields_ = [

tinyops/image/blur_test.py::test_blur_color[ksize0]
  /app/.venv/lib/python3.14/site-packages/tinygrad/runtime/autogen/nv_gpu.py:4789: DeprecationWarning: Due to '_pack_', the 'struct_c__SA_UVM_REGISTER_GPU_VASPACE_PARAMS' Structure will use memory layout compatible with MSVC (Windows). If this is intended, set _layout_ to 'ms'. The implicit default is deprecated and slated to become an error in Python 3.19.
    struct_c__SA_UVM_REGISTER_GPU_VASPACE_PARAMS._fields_ = [

tinyops/image/blur_test.py::test_blur_color[ksize0]
  /app/.venv/lib/python3.14/site-packages/tinygrad/runtime/autogen/nv_gpu.py:4802: DeprecationWarning: Due to '_pack_', the 'struct_c__SA_UVM_UNREGISTER_GPU_VASPACE_PARAMS' Structure will use memory layout compatible with MSVC (Windows). If this is intended, set _layout_ to 'ms'. The implicit default is deprecated and slated to become an error in Python 3.19.
    struct_c__SA_UVM_UNREGISTER_GPU_VASPACE_PARAMS._fields_ = [

tinyops/image/blur_test.py::test_blur_color[ksize0]
  /app/.venv/lib/python3.14/site-packages/tinygrad/runtime/autogen/nv_gpu.py:4812: DeprecationWarning: Due to '_pack_', the 'struct_c__SA_UVM_REGISTER_CHANNEL_PARAMS' Structure will use memory layout compatible with MSVC (Windows). If this is intended, set _layout_ to 'ms'. The implicit default is deprecated and slated to become an error in Python 3.19.
    struct_c__SA_UVM_REGISTER_CHANNEL_PARAMS._fields_ = [

tinyops/image/blur_test.py::test_blur_color[ksize0]
  /app/.venv/lib/python3.14/site-packages/tinygrad/runtime/autogen/nv_gpu.py:4829: DeprecationWarning: Due to '_pack_', the 'struct_c__SA_UVM_UNREGISTER_CHANNEL_PARAMS' Structure will use memory layout compatible with MSVC (Windows). If this is intended, set _layout_ to 'ms'. The implicit default is deprecated and slated to become an error in Python 3.19.
    struct_c__SA_UVM_UNREGISTER_CHANNEL_PARAMS._fields_ = [

tinyops/image/blur_test.py::test_blur_color[ksize0]
  /app/.venv/lib/python3.14/site-packages/tinygrad/runtime/autogen/nv_gpu.py:4841: DeprecationWarning: Due to '_pack_', the 'struct_c__SA_UVM_ENABLE_PEER_ACCESS_PARAMS' Structure will use memory layout compatible with MSVC (Windows). If this is intended, set _layout_ to 'ms'. The implicit default is deprecated and slated to become an error in Python 3.19.
    struct_c__SA_UVM_ENABLE_PEER_ACCESS_PARAMS._fields_ = [

tinyops/image/blur_test.py::test_blur_color[ksize0]
  /app/.venv/lib/python3.14/site-packages/tinygrad/runtime/autogen/nv_gpu.py:4852: DeprecationWarning: Due to '_pack_', the 'struct_c__SA_UVM_DISABLE_PEER_ACCESS_PARAMS' Structure will use memory layout compatible with MSVC (Windows). If this is intended, set _layout_ to 'ms'. The implicit default is deprecated and slated to become an error in Python 3.19.
    struct_c__SA_UVM_DISABLE_PEER_ACCESS_PARAMS._fields_ = [

tinyops/image/blur_test.py::test_blur_color[ksize0]
  /app/.venv/lib/python3.14/site-packages/tinygrad/runtime/autogen/nv_gpu.py:4863: DeprecationWarning: Due to '_pack_', the 'struct_c__SA_UVM_SET_RANGE_GROUP_PARAMS' Structure will use memory layout compatible with MSVC (Windows). If this is intended, set _layout_ to 'ms'. The implicit default is deprecated and slated to become an error in Python 3.19.
    struct_c__SA_UVM_SET_RANGE_GROUP_PARAMS._fields_ = [

tinyops/image/blur_test.py::test_blur_color[ksize0]
  /app/.venv/lib/python3.14/site-packages/tinygrad/runtime/autogen/nv_gpu.py:4879: DeprecationWarning: Due to '_pack_', the 'struct_c__SA_UvmGpuMappingAttributes' Structure will use memory layout compatible with MSVC (Windows). If this is intended, set _layout_ to 'ms'. The implicit default is deprecated and slated to become an error in Python 3.19.
    struct_c__SA_UvmGpuMappingAttributes._fields_ = [

tinyops/image/blur_test.py::test_blur_color[ksize0]
  /app/.venv/lib/python3.14/site-packages/tinygrad/runtime/autogen/nv_gpu.py:4889: DeprecationWarning: Due to '_pack_', the 'struct_c__SA_UVM_MAP_EXTERNAL_ALLOCATION_PARAMS' Structure will use memory layout compatible with MSVC (Windows). If this is intended, set _layout_ to 'ms'. The implicit default is deprecated and slated to become an error in Python 3.19.
    struct_c__SA_UVM_MAP_EXTERNAL_ALLOCATION_PARAMS._fields_ = [

tinyops/image/blur_test.py::test_blur_color[ksize0]
  /app/.venv/lib/python3.14/site-packages/tinygrad/runtime/autogen/nv_gpu.py:4906: DeprecationWarning: Due to '_pack_', the 'struct_c__SA_UVM_FREE_PARAMS' Structure will use memory layout compatible with MSVC (Windows). If this is intended, set _layout_ to 'ms'. The implicit default is deprecated and slated to become an error in Python 3.19.
    struct_c__SA_UVM_FREE_PARAMS._fields_ = [

tinyops/image/blur_test.py::test_blur_color[ksize0]
  /app/.venv/lib/python3.14/site-packages/tinygrad/runtime/autogen/nv_gpu.py:4918: DeprecationWarning: Due to '_pack_', the 'struct_c__SA_UVM_MEM_MAP_PARAMS' Structure will use memory layout compatible with MSVC (Windows). If this is intended, set _layout_ to 'ms'. The implicit default is deprecated and slated to become an error in Python 3.19.
    struct_c__SA_UVM_MEM_MAP_PARAMS._fields_ = [

tinyops/image/blur_test.py::test_blur_color[ksize0]
  /app/.venv/lib/python3.14/site-packages/tinygrad/runtime/autogen/nv_gpu.py:4930: DeprecationWarning: Due to '_pack_', the 'struct_c__SA_UVM_DEBUG_ACCESS_MEMORY_PARAMS' Structure will use memory layout compatible with MSVC (Windows). If this is intended, set _layout_ to 'ms'. The implicit default is deprecated and slated to become an error in Python 3.19.
    struct_c__SA_UVM_DEBUG_ACCESS_MEMORY_PARAMS._fields_ = [

tinyops/image/blur_test.py::test_blur_color[ksize0]
  /app/.venv/lib/python3.14/site-packages/tinygrad/runtime/autogen/nv_gpu.py:4950: DeprecationWarning: Due to '_pack_', the 'struct_c__SA_UVM_REGISTER_GPU_PARAMS' Structure will use memory layout compatible with MSVC (Windows). If this is intended, set _layout_ to 'ms'. The implicit default is deprecated and slated to become an error in Python 3.19.
    struct_c__SA_UVM_REGISTER_GPU_PARAMS._fields_ = [

tinyops/image/blur_test.py::test_blur_color[ksize0]
  /app/.venv/lib/python3.14/site-packages/tinygrad/runtime/autogen/nv_gpu.py:4966: DeprecationWarning: Due to '_pack_', the 'struct_c__SA_UVM_UNREGISTER_GPU_PARAMS' Structure will use memory layout compatible with MSVC (Windows). If this is intended, set _layout_ to 'ms'. The implicit default is deprecated and slated to become an error in Python 3.19.
    struct_c__SA_UVM_UNREGISTER_GPU_PARAMS._fields_ = [

tinyops/image/blur_test.py::test_blur_color[ksize0]
  /app/.venv/lib/python3.14/site-packages/tinygrad/runtime/autogen/nv_gpu.py:4976: DeprecationWarning: Due to '_pack_', the 'struct_c__SA_UVM_PAGEABLE_MEM_ACCESS_PARAMS' Structure will use memory layout compatible with MSVC (Windows). If this is intended, set _layout_ to 'ms'. The implicit default is deprecated and slated to become an error in Python 3.19.
    struct_c__SA_UVM_PAGEABLE_MEM_ACCESS_PARAMS._fields_ = [

tinyops/image/blur_test.py::test_blur_color[ksize0]
  /app/.venv/lib/python3.14/site-packages/tinygrad/runtime/autogen/nv_gpu.py:4987: DeprecationWarning: Due to '_pack_', the 'struct_c__SA_UVM_PREVENT_MIGRATION_RANGE_GROUPS_PARAMS' Structure will use memory layout compatible with MSVC (Windows). If this is intended, set _layout_ to 'ms'. The implicit default is deprecated and slated to become an error in Python 3.19.
    struct_c__SA_UVM_PREVENT_MIGRATION_RANGE_GROUPS_PARAMS._fields_ = [

tinyops/image/blur_test.py::test_blur_color[ksize0]
  /app/.venv/lib/python3.14/site-packages/tinygrad/runtime/autogen/nv_gpu.py:4999: DeprecationWarning: Due to '_pack_', the 'struct_c__SA_UVM_ALLOW_MIGRATION_RANGE_GROUPS_PARAMS' Structure will use memory layout compatible with MSVC (Windows). If this is intended, set _layout_ to 'ms'. The implicit default is deprecated and slated to become an error in Python 3.19.
    struct_c__SA_UVM_ALLOW_MIGRATION_RANGE_GROUPS_PARAMS._fields_ = [

tinyops/image/blur_test.py::test_blur_color[ksize0]
  /app/.venv/lib/python3.14/site-packages/tinygrad/runtime/autogen/nv_gpu.py:5011: DeprecationWarning: Due to '_pack_', the 'struct_c__SA_UVM_SET_PREFERRED_LOCATION_PARAMS' Structure will use memory layout compatible with MSVC (Windows). If this is intended, set _layout_ to 'ms'. The implicit default is deprecated and slated to become an error in Python 3.19.
    struct_c__SA_UVM_SET_PREFERRED_LOCATION_PARAMS._fields_ = [

tinyops/image/blur_test.py::test_blur_color[ksize0]
  /app/.venv/lib/python3.14/site-packages/tinygrad/runtime/autogen/nv_gpu.py:5024: DeprecationWarning: Due to '_pack_', the 'struct_c__SA_UVM_UNSET_PREFERRED_LOCATION_PARAMS' Structure will use memory layout compatible with MSVC (Windows). If this is intended, set _layout_ to 'ms'. The implicit default is deprecated and slated to become an error in Python 3.19.
    struct_c__SA_UVM_UNSET_PREFERRED_LOCATION_PARAMS._fields_ = [

tinyops/image/blur_test.py::test_blur_color[ksize0]
  /app/.venv/lib/python3.14/site-packages/tinygrad/runtime/autogen/nv_gpu.py:5036: DeprecationWarning: Due to '_pack_', the 'struct_c__SA_UVM_ENABLE_READ_DUPLICATION_PARAMS' Structure will use memory layout compatible with MSVC (Windows). If this is intended, set _layout_ to 'ms'. The implicit default is deprecated and slated to become an error in Python 3.19.
    struct_c__SA_UVM_ENABLE_READ_DUPLICATION_PARAMS._fields_ = [

tinyops/image/blur_test.py::test_blur_color[ksize0]
  /app/.venv/lib/python3.14/site-packages/tinygrad/runtime/autogen/nv_gpu.py:5048: DeprecationWarning: Due to '_pack_', the 'struct_c__SA_UVM_DISABLE_READ_DUPLICATION_PARAMS' Structure will use memory layout compatible with MSVC (Windows). If this is intended, set _layout_ to 'ms'. The implicit default is deprecated and slated to become an error in Python 3.19.
    struct_c__SA_UVM_DISABLE_READ_DUPLICATION_PARAMS._fields_ = [

tinyops/image/blur_test.py::test_blur_color[ksize0]
  /app/.venv/lib/python3.14/site-packages/tinygrad/runtime/autogen/nv_gpu.py:5060: DeprecationWarning: Due to '_pack_', the 'struct_c__SA_UVM_SET_ACCESSED_BY_PARAMS' Structure will use memory layout compatible with MSVC (Windows). If this is intended, set _layout_ to 'ms'. The implicit default is deprecated and slated to become an error in Python 3.19.
    struct_c__SA_UVM_SET_ACCESSED_BY_PARAMS._fields_ = [

tinyops/image/blur_test.py::test_blur_color[ksize0]
  /app/.venv/lib/python3.14/site-packages/tinygrad/runtime/autogen/nv_gpu.py:5073: DeprecationWarning: Due to '_pack_', the 'struct_c__SA_UVM_UNSET_ACCESSED_BY_PARAMS' Structure will use memory layout compatible with MSVC (Windows). If this is intended, set _layout_ to 'ms'. The implicit default is deprecated and slated to become an error in Python 3.19.
    struct_c__SA_UVM_UNSET_ACCESSED_BY_PARAMS._fields_ = [

tinyops/image/blur_test.py::test_blur_color[ksize0]
  /app/.venv/lib/python3.14/site-packages/tinygrad/runtime/autogen/nv_gpu.py:5086: DeprecationWarning: Due to '_pack_', the 'struct_c__SA_UVM_MIGRATE_PARAMS' Structure will use memory layout compatible with MSVC (Windows). If this is intended, set _layout_ to 'ms'. The implicit default is deprecated and slated to become an error in Python 3.19.
    struct_c__SA_UVM_MIGRATE_PARAMS._fields_ = [

tinyops/image/blur_test.py::test_blur_color[ksize0]
  /app/.venv/lib/python3.14/site-packages/tinygrad/runtime/autogen/nv_gpu.py:5106: DeprecationWarning: Due to '_pack_', the 'struct_c__SA_UVM_MIGRATE_RANGE_GROUP_PARAMS' Structure will use memory layout compatible with MSVC (Windows). If this is intended, set _layout_ to 'ms'. The implicit default is deprecated and slated to become an error in Python 3.19.
    struct_c__SA_UVM_MIGRATE_RANGE_GROUP_PARAMS._fields_ = [

tinyops/image/blur_test.py::test_blur_color[ksize0]
  /app/.venv/lib/python3.14/site-packages/tinygrad/runtime/autogen/nv_gpu.py:5118: DeprecationWarning: Due to '_pack_', the 'struct_c__SA_UVM_ENABLE_SYSTEM_WIDE_ATOMICS_PARAMS' Structure will use memory layout compatible with MSVC (Windows). If this is intended, set _layout_ to 'ms'. The implicit default is deprecated and slated to become an error in Python 3.19.
    struct_c__SA_UVM_ENABLE_SYSTEM_WIDE_ATOMICS_PARAMS._fields_ = [

tinyops/image/blur_test.py::test_blur_color[ksize0]
  /app/.venv/lib/python3.14/site-packages/tinygrad/runtime/autogen/nv_gpu.py:5128: DeprecationWarning: Due to '_pack_', the 'struct_c__SA_UVM_DISABLE_SYSTEM_WIDE_ATOMICS_PARAMS' Structure will use memory layout compatible with MSVC (Windows). If this is intended, set _layout_ to 'ms'. The implicit default is deprecated and slated to become an error in Python 3.19.
    struct_c__SA_UVM_DISABLE_SYSTEM_WIDE_ATOMICS_PARAMS._fields_ = [

tinyops/image/blur_test.py::test_blur_color[ksize0]
  /app/.venv/lib/python3.14/site-packages/tinygrad/runtime/autogen/nv_gpu.py:5138: DeprecationWarning: Due to '_pack_', the 'struct_c__SA_UVM_TOOLS_INIT_EVENT_TRACKER_PARAMS' Structure will use memory layout compatible with MSVC (Windows). If this is intended, set _layout_ to 'ms'. The implicit default is deprecated and slated to become an error in Python 3.19.
    struct_c__SA_UVM_TOOLS_INIT_EVENT_TRACKER_PARAMS._fields_ = [

tinyops/image/blur_test.py::test_blur_color[ksize0]
  /app/.venv/lib/python3.14/site-packages/tinygrad/runtime/autogen/nv_gpu.py:5154: DeprecationWarning: Due to '_pack_', the 'struct_c__SA_UVM_TOOLS_SET_NOTIFICATION_THRESHOLD_PARAMS' Structure will use memory layout compatible with MSVC (Windows). If this is intended, set _layout_ to 'ms'. The implicit default is deprecated and slated to become an error in Python 3.19.
    struct_c__SA_UVM_TOOLS_SET_NOTIFICATION_THRESHOLD_PARAMS._fields_ = [

tinyops/image/blur_test.py::test_blur_color[ksize0]
  /app/.venv/lib/python3.14/site-packages/tinygrad/runtime/autogen/nv_gpu.py:5164: DeprecationWarning: Due to '_pack_', the 'struct_c__SA_UVM_TOOLS_EVENT_QUEUE_ENABLE_EVENTS_PARAMS' Structure will use memory layout compatible with MSVC (Windows). If this is intended, set _layout_ to 'ms'. The implicit default is deprecated and slated to become an error in Python 3.19.
    struct_c__SA_UVM_TOOLS_EVENT_QUEUE_ENABLE_EVENTS_PARAMS._fields_ = [

tinyops/image/blur_test.py::test_blur_color[ksize0]
  /app/.venv/lib/python3.14/site-packages/tinygrad/runtime/autogen/nv_gpu.py:5175: DeprecationWarning: Due to '_pack_', the 'struct_c__SA_UVM_TOOLS_EVENT_QUEUE_DISABLE_EVENTS_PARAMS' Structure will use memory layout compatible with MSVC (Windows). If this is intended, set _layout_ to 'ms'. The implicit default is deprecated and slated to become an error in Python 3.19.
    struct_c__SA_UVM_TOOLS_EVENT_QUEUE_DISABLE_EVENTS_PARAMS._fields_ = [

tinyops/image/blur_test.py::test_blur_color[ksize0]
  /app/.venv/lib/python3.14/site-packages/tinygrad/runtime/autogen/nv_gpu.py:5186: DeprecationWarning: Due to '_pack_', the 'struct_c__SA_UVM_TOOLS_ENABLE_COUNTERS_PARAMS' Structure will use memory layout compatible with MSVC (Windows). If this is intended, set _layout_ to 'ms'. The implicit default is deprecated and slated to become an error in Python 3.19.
    struct_c__SA_UVM_TOOLS_ENABLE_COUNTERS_PARAMS._fields_ = [

tinyops/image/blur_test.py::test_blur_color[ksize0]
  /app/.venv/lib/python3.14/site-packages/tinygrad/runtime/autogen/nv_gpu.py:5197: DeprecationWarning: Due to '_pack_', the 'struct_c__SA_UVM_TOOLS_DISABLE_COUNTERS_PARAMS' Structure will use memory layout compatible with MSVC (Windows). If this is intended, set _layout_ to 'ms'. The implicit default is deprecated and slated to become an error in Python 3.19.
    struct_c__SA_UVM_TOOLS_DISABLE_COUNTERS_PARAMS._fields_ = [

tinyops/image/blur_test.py::test_blur_color[ksize0]
  /app/.venv/lib/python3.14/site-packages/tinygrad/runtime/autogen/nv_gpu.py:5208: DeprecationWarning: Due to '_pack_', the 'struct_c__SA_UVM_TOOLS_READ_PROCESS_MEMORY_PARAMS' Structure will use memory layout compatible with MSVC (Windows). If this is intended, set _layout_ to 'ms'. The implicit default is deprecated and slated to become an error in Python 3.19.
    struct_c__SA_UVM_TOOLS_READ_PROCESS_MEMORY_PARAMS._fields_ = [

tinyops/image/blur_test.py::test_blur_color[ksize0]
  /app/.venv/lib/python3.14/site-packages/tinygrad/runtime/autogen/nv_gpu.py:5222: DeprecationWarning: Due to '_pack_', the 'struct_c__SA_UVM_TOOLS_WRITE_PROCESS_MEMORY_PARAMS' Structure will use memory layout compatible with MSVC (Windows). If this is intended, set _layout_ to 'ms'. The implicit default is deprecated and slated to become an error in Python 3.19.
    struct_c__SA_UVM_TOOLS_WRITE_PROCESS_MEMORY_PARAMS._fields_ = [

tinyops/image/blur_test.py::test_blur_color[ksize0]
  /app/.venv/lib/python3.14/site-packages/tinygrad/runtime/autogen/nv_gpu.py:5236: DeprecationWarning: Due to '_pack_', the 'struct_c__SA_UVM_TOOLS_GET_PROCESSOR_UUID_TABLE_PARAMS' Structure will use memory layout compatible with MSVC (Windows). If this is intended, set _layout_ to 'ms'. The implicit default is deprecated and slated to become an error in Python 3.19.
    struct_c__SA_UVM_TOOLS_GET_PROCESSOR_UUID_TABLE_PARAMS._fields_ = [

tinyops/image/blur_test.py::test_blur_color[ksize0]
  /app/.venv/lib/python3.14/site-packages/tinygrad/runtime/autogen/nv_gpu.py:5247: DeprecationWarning: Due to '_pack_', the 'struct_c__SA_UVM_MAP_DYNAMIC_PARALLELISM_REGION_PARAMS' Structure will use memory layout compatible with MSVC (Windows). If this is intended, set _layout_ to 'ms'. The implicit default is deprecated and slated to become an error in Python 3.19.
    struct_c__SA_UVM_MAP_DYNAMIC_PARALLELISM_REGION_PARAMS._fields_ = [

tinyops/image/blur_test.py::test_blur_color[ksize0]
  /app/.venv/lib/python3.14/site-packages/tinygrad/runtime/autogen/nv_gpu.py:5260: DeprecationWarning: Due to '_pack_', the 'struct_c__SA_UVM_UNMAP_EXTERNAL_PARAMS' Structure will use memory layout compatible with MSVC (Windows). If this is intended, set _layout_ to 'ms'. The implicit default is deprecated and slated to become an error in Python 3.19.
    struct_c__SA_UVM_UNMAP_EXTERNAL_PARAMS._fields_ = [

tinyops/image/blur_test.py::test_blur_color[ksize0]
  /app/.venv/lib/python3.14/site-packages/tinygrad/runtime/autogen/nv_gpu.py:5273: DeprecationWarning: Due to '_pack_', the 'struct_c__SA_UVM_TOOLS_FLUSH_EVENTS_PARAMS' Structure will use memory layout compatible with MSVC (Windows). If this is intended, set _layout_ to 'ms'. The implicit default is deprecated and slated to become an error in Python 3.19.
    struct_c__SA_UVM_TOOLS_FLUSH_EVENTS_PARAMS._fields_ = [

tinyops/image/blur_test.py::test_blur_color[ksize0]
  /app/.venv/lib/python3.14/site-packages/tinygrad/runtime/autogen/nv_gpu.py:5282: DeprecationWarning: Due to '_pack_', the 'struct_c__SA_UVM_ALLOC_SEMAPHORE_POOL_PARAMS' Structure will use memory layout compatible with MSVC (Windows). If this is intended, set _layout_ to 'ms'. The implicit default is deprecated and slated to become an error in Python 3.19.
    struct_c__SA_UVM_ALLOC_SEMAPHORE_POOL_PARAMS._fields_ = [

tinyops/image/blur_test.py::test_blur_color[ksize0]
  /app/.venv/lib/python3.14/site-packages/tinygrad/runtime/autogen/nv_gpu.py:5296: DeprecationWarning: Due to '_pack_', the 'struct_c__SA_UVM_CLEAN_UP_ZOMBIE_RESOURCES_PARAMS' Structure will use memory layout compatible with MSVC (Windows). If this is intended, set _layout_ to 'ms'. The implicit default is deprecated and slated to become an error in Python 3.19.
    struct_c__SA_UVM_CLEAN_UP_ZOMBIE_RESOURCES_PARAMS._fields_ = [

tinyops/image/blur_test.py::test_blur_color[ksize0]
  /app/.venv/lib/python3.14/site-packages/tinygrad/runtime/autogen/nv_gpu.py:5305: DeprecationWarning: Due to '_pack_', the 'struct_c__SA_UVM_PAGEABLE_MEM_ACCESS_ON_GPU_PARAMS' Structure will use memory layout compatible with MSVC (Windows). If this is intended, set _layout_ to 'ms'. The implicit default is deprecated and slated to become an error in Python 3.19.
    struct_c__SA_UVM_PAGEABLE_MEM_ACCESS_ON_GPU_PARAMS._fields_ = [

tinyops/image/blur_test.py::test_blur_color[ksize0]
  /app/.venv/lib/python3.14/site-packages/tinygrad/runtime/autogen/nv_gpu.py:5317: DeprecationWarning: Due to '_pack_', the 'struct_c__SA_UVM_POPULATE_PAGEABLE_PARAMS' Structure will use memory layout compatible with MSVC (Windows). If this is intended, set _layout_ to 'ms'. The implicit default is deprecated and slated to become an error in Python 3.19.
    struct_c__SA_UVM_POPULATE_PAGEABLE_PARAMS._fields_ = [

tinyops/image/blur_test.py::test_blur_color[ksize0]
  /app/.venv/lib/python3.14/site-packages/tinygrad/runtime/autogen/nv_gpu.py:5329: DeprecationWarning: Due to '_pack_', the 'struct_c__SA_UVM_VALIDATE_VA_RANGE_PARAMS' Structure will use memory layout compatible with MSVC (Windows). If this is intended, set _layout_ to 'ms'. The implicit default is deprecated and slated to become an error in Python 3.19.
    struct_c__SA_UVM_VALIDATE_VA_RANGE_PARAMS._fields_ = [

tinyops/image/blur_test.py::test_blur_color[ksize0]
  /app/.venv/lib/python3.14/site-packages/tinygrad/runtime/autogen/nv_gpu.py:5341: DeprecationWarning: Due to '_pack_', the 'struct_c__SA_UVM_CREATE_EXTERNAL_RANGE_PARAMS' Structure will use memory layout compatible with MSVC (Windows). If this is intended, set _layout_ to 'ms'. The implicit default is deprecated and slated to become an error in Python 3.19.
    struct_c__SA_UVM_CREATE_EXTERNAL_RANGE_PARAMS._fields_ = [

tinyops/image/blur_test.py::test_blur_color[ksize0]
  /app/.venv/lib/python3.14/site-packages/tinygrad/runtime/autogen/nv_gpu.py:5353: DeprecationWarning: Due to '_pack_', the 'struct_c__SA_UVM_MAP_EXTERNAL_SPARSE_PARAMS' Structure will use memory layout compatible with MSVC (Windows). If this is intended, set _layout_ to 'ms'. The implicit default is deprecated and slated to become an error in Python 3.19.
    struct_c__SA_UVM_MAP_EXTERNAL_SPARSE_PARAMS._fields_ = [

tinyops/image/blur_test.py::test_blur_color[ksize0]
  /app/.venv/lib/python3.14/site-packages/tinygrad/runtime/autogen/nv_gpu.py:5366: DeprecationWarning: Due to '_pack_', the 'struct_c__SA_UVM_MM_INITIALIZE_PARAMS' Structure will use memory layout compatible with MSVC (Windows). If this is intended, set _layout_ to 'ms'. The implicit default is deprecated and slated to become an error in Python 3.19.
    struct_c__SA_UVM_MM_INITIALIZE_PARAMS._fields_ = [

tinyops/image/blur_test.py::test_blur_color[ksize0]
  /app/.venv/lib/python3.14/site-packages/tinygrad/runtime/autogen/nv_gpu.py:5378: DeprecationWarning: Due to '_pack_', the 'struct_c__SA_UVM_ALLOC_DEVICE_P2P_PARAMS' Structure will use memory layout compatible with MSVC (Windows). If this is intended, set _layout_ to 'ms'. The implicit default is deprecated and slated to become an error in Python 3.19.
    struct_c__SA_UVM_ALLOC_DEVICE_P2P_PARAMS._fields_ = [

tinyops/image/blur_test.py::test_blur_color[ksize0]
  /app/.venv/lib/python3.14/site-packages/tinygrad/runtime/autogen/nv_gpu.py:5394: DeprecationWarning: Due to '_pack_', the 'struct_c__SA_UVM_CLEAR_ALL_ACCESS_COUNTERS_PARAMS' Structure will use memory layout compatible with MSVC (Windows). If this is intended, set _layout_ to 'ms'. The implicit default is deprecated and slated to become an error in Python 3.19.
    struct_c__SA_UVM_CLEAR_ALL_ACCESS_COUNTERS_PARAMS._fields_ = [

tinyops/image/blur_test.py::test_blur_color[ksize0]
  /app/.venv/lib/python3.14/site-packages/tinygrad/runtime/autogen/nv_gpu.py:5403: DeprecationWarning: Due to '_pack_', the 'struct_c__SA_UVM_IS_8_SUPPORTED_PARAMS' Structure will use memory layout compatible with MSVC (Windows). If this is intended, set _layout_ to 'ms'. The implicit default is deprecated and slated to become an error in Python 3.19.
    struct_c__SA_UVM_IS_8_SUPPORTED_PARAMS._fields_ = [

tinyops/image/blur_test.py::test_blur_color[ksize0]
  /app/.venv/lib/python3.14/site-packages/tinygrad/runtime/autogen/nv_gpu.py:5416: DeprecationWarning: Due to '_pack_', the 'struct_c__SA_UVM_INITIALIZE_PARAMS' Structure will use memory layout compatible with MSVC (Windows). If this is intended, set _layout_ to 'ms'. The implicit default is deprecated and slated to become an error in Python 3.19.
    struct_c__SA_UVM_INITIALIZE_PARAMS._fields_ = [

tinyops/image/blur_test.py::test_blur_color[ksize0]
  /app/.venv/lib/python3.14/site-packages/tinygrad/runtime/autogen/nv_gpu.py:5918: DeprecationWarning: Due to '_pack_', the 'struct_c__SA_nv_pci_info_t' Structure will use memory layout compatible with MSVC (Windows). If this is intended, set _layout_ to 'ms'. The implicit default is deprecated and slated to become an error in Python 3.19.
    struct_c__SA_nv_pci_info_t._fields_ = [

tinyops/image/blur_test.py::test_blur_color[ksize0]
  /app/.venv/lib/python3.14/site-packages/tinygrad/runtime/autogen/nv_gpu.py:5933: DeprecationWarning: Due to '_pack_', the 'struct_nv_ioctl_xfer' Structure will use memory layout compatible with MSVC (Windows). If this is intended, set _layout_ to 'ms'. The implicit default is deprecated and slated to become an error in Python 3.19.
    struct_nv_ioctl_xfer._fields_ = [

tinyops/image/blur_test.py::test_blur_color[ksize0]
  /app/.venv/lib/python3.14/site-packages/tinygrad/runtime/autogen/nv_gpu.py:5944: DeprecationWarning: Due to '_pack_', the 'struct_nv_ioctl_card_info' Structure will use memory layout compatible with MSVC (Windows). If this is intended, set _layout_ to 'ms'. The implicit default is deprecated and slated to become an error in Python 3.19.
    struct_nv_ioctl_card_info._fields_ = [

tinyops/image/blur_test.py::test_blur_color[ksize0]
  /app/.venv/lib/python3.14/site-packages/tinygrad/runtime/autogen/nv_gpu.py:5965: DeprecationWarning: Due to '_pack_', the 'struct_nv_ioctl_alloc_os_event' Structure will use memory layout compatible with MSVC (Windows). If this is intended, set _layout_ to 'ms'. The implicit default is deprecated and slated to become an error in Python 3.19.
    struct_nv_ioctl_alloc_os_event._fields_ = [

tinyops/image/blur_test.py::test_blur_color[ksize0]
  /app/.venv/lib/python3.14/site-packages/tinygrad/runtime/autogen/nv_gpu.py:5977: DeprecationWarning: Due to '_pack_', the 'struct_nv_ioctl_free_os_event' Structure will use memory layout compatible with MSVC (Windows). If this is intended, set _layout_ to 'ms'. The implicit default is deprecated and slated to become an error in Python 3.19.
    struct_nv_ioctl_free_os_event._fields_ = [

tinyops/image/blur_test.py::test_blur_color[ksize0]
  /app/.venv/lib/python3.14/site-packages/tinygrad/runtime/autogen/nv_gpu.py:5989: DeprecationWarning: Due to '_pack_', the 'struct_nv_ioctl_status_code' Structure will use memory layout compatible with MSVC (Windows). If this is intended, set _layout_ to 'ms'. The implicit default is deprecated and slated to become an error in Python 3.19.
    struct_nv_ioctl_status_code._fields_ = [

tinyops/image/blur_test.py::test_blur_color[ksize0]
  /app/.venv/lib/python3.14/site-packages/tinygrad/runtime/autogen/nv_gpu.py:6002: DeprecationWarning: Due to '_pack_', the 'struct_nv_ioctl_rm_api_version' Structure will use memory layout compatible with MSVC (Windows). If this is intended, set _layout_ to 'ms'. The implicit default is deprecated and slated to become an error in Python 3.19.
    struct_nv_ioctl_rm_api_version._fields_ = [

tinyops/image/blur_test.py::test_blur_color[ksize0]
  /app/.venv/lib/python3.14/site-packages/tinygrad/runtime/autogen/nv_gpu.py:6013: DeprecationWarning: Due to '_pack_', the 'struct_nv_ioctl_query_device_intr' Structure will use memory layout compatible with MSVC (Windows). If this is intended, set _layout_ to 'ms'. The implicit default is deprecated and slated to become an error in Python 3.19.
    struct_nv_ioctl_query_device_intr._fields_ = [

tinyops/image/blur_test.py::test_blur_color[ksize0]
  /app/.venv/lib/python3.14/site-packages/tinygrad/runtime/autogen/nv_gpu.py:6023: DeprecationWarning: Due to '_pack_', the 'struct_nv_ioctl_sys_params' Structure will use memory layout compatible with MSVC (Windows). If this is intended, set _layout_ to 'ms'. The implicit default is deprecated and slated to become an error in Python 3.19.
    struct_nv_ioctl_sys_params._fields_ = [

tinyops/image/blur_test.py::test_blur_color[ksize0]
  /app/.venv/lib/python3.14/site-packages/tinygrad/runtime/autogen/nv_gpu.py:6032: DeprecationWarning: Due to '_pack_', the 'struct_nv_ioctl_register_fd' Structure will use memory layout compatible with MSVC (Windows). If this is intended, set _layout_ to 'ms'. The implicit default is deprecated and slated to become an error in Python 3.19.
    struct_nv_ioctl_register_fd._fields_ = [

tinyops/image/blur_test.py::test_blur_color[ksize0]
  /app/.venv/lib/python3.14/site-packages/tinygrad/runtime/autogen/nv_gpu.py:6041: DeprecationWarning: Due to '_pack_', the 'struct_nv_ioctl_export_to_dma_buf_fd' Structure will use memory layout compatible with MSVC (Windows). If this is intended, set _layout_ to 'ms'. The implicit default is deprecated and slated to become an error in Python 3.19.
    struct_nv_ioctl_export_to_dma_buf_fd._fields_ = [

tinyops/image/blur_test.py::test_blur_color[ksize0]
  /app/.venv/lib/python3.14/site-packages/tinygrad/runtime/autogen/nv_gpu.py:6064: DeprecationWarning: Due to '_pack_', the 'struct_nv_ioctl_wait_open_complete' Structure will use memory layout compatible with MSVC (Windows). If this is intended, set _layout_ to 'ms'. The implicit default is deprecated and slated to become an error in Python 3.19.
    struct_nv_ioctl_wait_open_complete._fields_ = [

tinyops/image/blur_test.py::test_blur_color[ksize0]
  /app/.venv/lib/python3.14/site-packages/tinygrad/runtime/autogen/nv_gpu.py:6102: DeprecationWarning: Due to '_pack_', the 'struct_offline_addresses' Structure will use memory layout compatible with MSVC (Windows). If this is intended, set _layout_ to 'ms'. The implicit default is deprecated and slated to become an error in Python 3.19.
    struct_offline_addresses._fields_ = [

tinyops/image/blur_test.py::test_blur_color[ksize0]
  /app/.venv/lib/python3.14/site-packages/tinygrad/runtime/autogen/nv_gpu.py:6113: DeprecationWarning: Due to '_pack_', the 'struct_nv_ioctl_numa_info' Structure will use memory layout compatible with MSVC (Windows). If this is intended, set _layout_ to 'ms'. The implicit default is deprecated and slated to become an error in Python 3.19.
    struct_nv_ioctl_numa_info._fields_ = [

tinyops/image/blur_test.py::test_blur_color[ksize0]
  /app/.venv/lib/python3.14/site-packages/tinygrad/runtime/autogen/nv_gpu.py:6129: DeprecationWarning: Due to '_pack_', the 'struct_nv_ioctl_set_numa_status' Structure will use memory layout compatible with MSVC (Windows). If this is intended, set _layout_ to 'ms'. The implicit default is deprecated and slated to become an error in Python 3.19.
    struct_nv_ioctl_set_numa_status._fields_ = [

tinyops/image/blur_test.py::test_blur_color[ksize0]
  /app/.venv/lib/python3.14/site-packages/tinygrad/runtime/autogen/nv_gpu.py:6914: DeprecationWarning: Due to '_pack_', the 'struct_NV_MEMORY_DESC_PARAMS' Structure will use memory layout compatible with MSVC (Windows). If this is intended, set _layout_ to 'ms'. The implicit default is deprecated and slated to become an error in Python 3.19.
    struct_NV_MEMORY_DESC_PARAMS._fields_ = [

tinyops/image/blur_test.py::test_blur_color[ksize0]
  /app/.venv/lib/python3.14/site-packages/tinygrad/runtime/autogen/nv_gpu.py:6926: DeprecationWarning: Due to '_pack_', the 'struct_NV_CHANNEL_ALLOC_PARAMS' Structure will use memory layout compatible with MSVC (Windows). If this is intended, set _layout_ to 'ms'. The implicit default is deprecated and slated to become an error in Python 3.19.
    struct_NV_CHANNEL_ALLOC_PARAMS._fields_ = [

tinyops/image/blur_test.py::test_blur_color[ksize0]
  /app/.venv/lib/python3.14/site-packages/tinygrad/runtime/autogen/nv_gpu.py:6963: DeprecationWarning: Due to '_pack_', the 'struct_c__SA_NVOS00_PARAMETERS' Structure will use memory layout compatible with MSVC (Windows). If this is intended, set _layout_ to 'ms'. The implicit default is deprecated and slated to become an error in Python 3.19.
    struct_c__SA_NVOS00_PARAMETERS._fields_ = [

tinyops/image/blur_test.py::test_blur_color[ksize0]
  /app/.venv/lib/python3.14/site-packages/tinygrad/runtime/autogen/nv_gpu.py:6975: DeprecationWarning: Due to '_pack_', the 'struct_c__SA_NVOS02_PARAMETERS' Structure will use memory layout compatible with MSVC (Windows). If this is intended, set _layout_ to 'ms'. The implicit default is deprecated and slated to become an error in Python 3.19.
    struct_c__SA_NVOS02_PARAMETERS._fields_ = [

tinyops/image/blur_test.py::test_blur_color[ksize0]
  /app/.venv/lib/python3.14/site-packages/tinygrad/runtime/autogen/nv_gpu.py:6993: DeprecationWarning: Due to '_pack_', the 'struct_c__SA_NVOS05_PARAMETERS' Structure will use memory layout compatible with MSVC (Windows). If this is intended, set _layout_ to 'ms'. The implicit default is deprecated and slated to become an error in Python 3.19.
    struct_c__SA_NVOS05_PARAMETERS._fields_ = [

tinyops/image/blur_test.py::test_blur_color[ksize0]
  /app/.venv/lib/python3.14/site-packages/tinygrad/runtime/autogen/nv_gpu.py:7008: DeprecationWarning: Due to '_pack_', the 'struct_c__SA_NVOS10_EVENT_KERNEL_CALLBACK' Structure will use memory layout compatible with MSVC (Windows). If this is intended, set _layout_ to 'ms'. The implicit default is deprecated and slated to become an error in Python 3.19.
    struct_c__SA_NVOS10_EVENT_KERNEL_CALLBACK._fields_ = [

tinyops/image/blur_test.py::test_blur_color[ksize0]
  /app/.venv/lib/python3.14/site-packages/tinygrad/runtime/autogen/nv_gpu.py:7018: DeprecationWarning: Due to '_pack_', the 'struct_c__SA_NVOS10_EVENT_KERNEL_CALLBACK_EX' Structure will use memory layout compatible with MSVC (Windows). If this is intended, set _layout_ to 'ms'. The implicit default is deprecated and slated to become an error in Python 3.19.
    struct_c__SA_NVOS10_EVENT_KERNEL_CALLBACK_EX._fields_ = [

tinyops/image/blur_test.py::test_blur_color[ksize0]
  /app/.venv/lib/python3.14/site-packages/tinygrad/runtime/autogen/nv_gpu.py:7028: DeprecationWarning: Due to '_pack_', the 'struct_c__SA_NVOS_I2C_ACCESS_PARAMS' Structure will use memory layout compatible with MSVC (Windows). If this is intended, set _layout_ to 'ms'. The implicit default is deprecated and slated to become an error in Python 3.19.
    struct_c__SA_NVOS_I2C_ACCESS_PARAMS._fields_ = [

tinyops/image/blur_test.py::test_blur_color[ksize0]
  /app/.venv/lib/python3.14/site-packages/tinygrad/runtime/autogen/nv_gpu.py:7043: DeprecationWarning: Due to '_pack_', the 'struct_c__SA_NVOS21_PARAMETERS' Structure will use memory layout compatible with MSVC (Windows). If this is intended, set _layout_ to 'ms'. The implicit default is deprecated and slated to become an error in Python 3.19.
    struct_c__SA_NVOS21_PARAMETERS._fields_ = [

tinyops/image/blur_test.py::test_blur_color[ksize0]
  /app/.venv/lib/python3.14/site-packages/tinygrad/runtime/autogen/nv_gpu.py:7058: DeprecationWarning: Due to '_pack_', the 'struct_c__SA_NVOS64_PARAMETERS' Structure will use memory layout compatible with MSVC (Windows). If this is intended, set _layout_ to 'ms'. The implicit default is deprecated and slated to become an error in Python 3.19.
    struct_c__SA_NVOS64_PARAMETERS._fields_ = [

tinyops/image/blur_test.py::test_blur_color[ksize0]
  /app/.venv/lib/python3.14/site-packages/tinygrad/runtime/autogen/nv_gpu.py:7076: DeprecationWarning: Due to '_pack_', the 'struct_c__SA_NVOS62_PARAMETERS' Structure will use memory layout compatible with MSVC (Windows). If this is intended, set _layout_ to 'ms'. The implicit default is deprecated and slated to become an error in Python 3.19.
    struct_c__SA_NVOS62_PARAMETERS._fields_ = [

tinyops/image/blur_test.py::test_blur_color[ksize0]
  /app/.venv/lib/python3.14/site-packages/tinygrad/runtime/autogen/nv_gpu.py:7090: DeprecationWarning: Due to '_pack_', the 'struct_c__SA_NVOS65_PARAMETERS' Structure will use memory layout compatible with MSVC (Windows). If this is intended, set _layout_ to 'ms'. The implicit default is deprecated and slated to become an error in Python 3.19.
    struct_c__SA_NVOS65_PARAMETERS._fields_ = [

tinyops/image/blur_test.py::test_blur_color[ksize0]
  /app/.venv/lib/python3.14/site-packages/tinygrad/runtime/autogen/nv_gpu.py:7106: DeprecationWarning: Due to '_pack_', the 'struct_c__SA_NVOS30_PARAMETERS' Structure will use memory layout compatible with MSVC (Windows). If this is intended, set _layout_ to 'ms'. The implicit default is deprecated and slated to become an error in Python 3.19.
    struct_c__SA_NVOS30_PARAMETERS._fields_ = [

tinyops/image/blur_test.py::test_blur_color[ksize0]
  /app/.venv/lib/python3.14/site-packages/tinygrad/runtime/autogen/nv_gpu.py:7126: DeprecationWarning: Due to '_pack_', the 'struct_c__SA_NVOS32_DESCRIPTOR_TYPE_OS_SGT_PTR_PARAMETERS' Structure will use memory layout compatible with MSVC (Windows). If this is intended, set _layout_ to 'ms'. The implicit default is deprecated and slated to become an error in Python 3.19.
    struct_c__SA_NVOS32_DESCRIPTOR_TYPE_OS_SGT_PTR_PARAMETERS._fields_ = [

tinyops/image/blur_test.py::test_blur_color[ksize0]
  /app/.venv/lib/python3.14/site-packages/tinygrad/runtime/autogen/nv_gpu.py:7136: DeprecationWarning: Due to '_pack_', the 'struct_c__SA_NVOS32_BLOCKINFO' Structure will use memory layout compatible with MSVC (Windows). If this is intended, set _layout_ to 'ms'. The implicit default is deprecated and slated to become an error in Python 3.19.
    struct_c__SA_NVOS32_BLOCKINFO._fields_ = [

tinyops/image/blur_test.py::test_blur_color[ksize0]
  /app/.venv/lib/python3.14/site-packages/tinygrad/runtime/autogen/nv_gpu.py:7154: DeprecationWarning: Due to '_pack_', the 'struct_c__SA_NVOS32_PARAMETERS_0_AllocSize' Structure will use memory layout compatible with MSVC (Windows). If this is intended, set _layout_ to 'ms'. The implicit default is deprecated and slated to become an error in Python 3.19.
    struct_c__SA_NVOS32_PARAMETERS_0_AllocSize._fields_ = [

tinyops/image/blur_test.py::test_blur_color[ksize0]
  /app/.venv/lib/python3.14/site-packages/tinygrad/runtime/autogen/nv_gpu.py:7184: DeprecationWarning: Due to '_pack_', the 'struct_c__SA_NVOS32_PARAMETERS_0_AllocTiledPitchHeight' Structure will use memory layout compatible with MSVC (Windows). If this is intended, set _layout_ to 'ms'. The implicit default is deprecated and slated to become an error in Python 3.19.
    struct_c__SA_NVOS32_PARAMETERS_0_AllocTiledPitchHeight._fields_ = [

tinyops/image/blur_test.py::test_blur_color[ksize0]
  /app/.venv/lib/python3.14/site-packages/tinygrad/runtime/autogen/nv_gpu.py:7214: DeprecationWarning: Due to '_pack_', the 'struct_c__SA_NVOS32_PARAMETERS_0_Free' Structure will use memory layout compatible with MSVC (Windows). If this is intended, set _layout_ to 'ms'. The implicit default is deprecated and slated to become an error in Python 3.19.
    struct_c__SA_NVOS32_PARAMETERS_0_Free._fields_ = [

tinyops/image/blur_test.py::test_blur_color[ksize0]
  /app/.venv/lib/python3.14/site-packages/tinygrad/runtime/autogen/nv_gpu.py:7224: DeprecationWarning: Due to '_pack_', the 'struct_c__SA_NVOS32_PARAMETERS_0_ReleaseCompr' Structure will use memory layout compatible with MSVC (Windows). If this is intended, set _layout_ to 'ms'. The implicit default is deprecated and slated to become an error in Python 3.19.
    struct_c__SA_NVOS32_PARAMETERS_0_ReleaseCompr._fields_ = [

tinyops/image/blur_test.py::test_blur_color[ksize0]
  /app/.venv/lib/python3.14/site-packages/tinygrad/runtime/autogen/nv_gpu.py:7234: DeprecationWarning: Due to '_pack_', the 'struct_c__SA_NVOS32_PARAMETERS_0_ReacquireCompr' Structure will use memory layout compatible with MSVC (Windows). If this is intended, set _layout_ to 'ms'. The implicit default is deprecated and slated to become an error in Python 3.19.
    struct_c__SA_NVOS32_PARAMETERS_0_ReacquireCompr._fields_ = [

tinyops/image/blur_test.py::test_blur_color[ksize0]
  /app/.venv/lib/python3.14/site-packages/tinygrad/runtime/autogen/nv_gpu.py:7244: DeprecationWarning: Due to '_pack_', the 'struct_c__SA_NVOS32_PARAMETERS_0_Info' Structure will use memory layout compatible with MSVC (Windows). If this is intended, set _layout_ to 'ms'. The implicit default is deprecated and slated to become an error in Python 3.19.
    struct_c__SA_NVOS32_PARAMETERS_0_Info._fields_ = [

tinyops/image/blur_test.py::test_blur_color[ksize0]
  /app/.venv/lib/python3.14/site-packages/tinygrad/runtime/autogen/nv_gpu.py:7256: DeprecationWarning: Due to '_pack_', the 'struct_c__SA_NVOS32_PARAMETERS_0_Dump' Structure will use memory layout compatible with MSVC (Windows). If this is intended, set _layout_ to 'ms'. The implicit default is deprecated and slated to become an error in Python 3.19.
    struct_c__SA_NVOS32_PARAMETERS_0_Dump._fields_ = [

tinyops/image/blur_test.py::test_blur_color[ksize0]
  /app/.venv/lib/python3.14/site-packages/tinygrad/runtime/autogen/nv_gpu.py:7268: DeprecationWarning: Due to '_pack_', the 'struct_c__SA_NVOS32_PARAMETERS_0_AllocSizeRange' Structure will use memory layout compatible with MSVC (Windows). If this is intended, set _layout_ to 'ms'. The implicit default is deprecated and slated to become an error in Python 3.19.
    struct_c__SA_NVOS32_PARAMETERS_0_AllocSizeRange._fields_ = [

tinyops/image/blur_test.py::test_blur_color[ksize0]
  /app/.venv/lib/python3.14/site-packages/tinygrad/runtime/autogen/nv_gpu.py:7296: DeprecationWarning: Due to '_pack_', the 'struct_c__SA_NVOS32_PARAMETERS_0_AllocHintAlignment' Structure will use memory layout compatible with MSVC (Windows). If this is intended, set _layout_ to 'ms'. The implicit default is deprecated and slated to become an error in Python 3.19.
    struct_c__SA_NVOS32_PARAMETERS_0_AllocHintAlignment._fields_ = [

tinyops/image/blur_test.py::test_blur_color[ksize0]
  /app/.venv/lib/python3.14/site-packages/tinygrad/runtime/autogen/nv_gpu.py:7321: DeprecationWarning: Due to '_pack_', the 'struct_c__SA_NVOS32_PARAMETERS_0_9_comprInfo' Structure will use memory layout compatible with MSVC (Windows). If this is intended, set _layout_ to 'ms'. The implicit default is deprecated and slated to become an error in Python 3.19.
    struct_c__SA_NVOS32_PARAMETERS_0_9_comprInfo._fields_ = [

tinyops/image/blur_test.py::test_blur_color[ksize0]
  /app/.venv/lib/python3.14/site-packages/tinygrad/runtime/autogen/nv_gpu.py:7331: DeprecationWarning: Due to '_pack_', the 'struct_c__SA_NVOS32_PARAMETERS_0_HwAlloc' Structure will use memory layout compatible with MSVC (Windows). If this is intended, set _layout_ to 'ms'. The implicit default is deprecated and slated to become an error in Python 3.19.
    struct_c__SA_NVOS32_PARAMETERS_0_HwAlloc._fields_ = [

tinyops/image/blur_test.py::test_blur_color[ksize0]
  /app/.venv/lib/python3.14/site-packages/tinygrad/runtime/autogen/nv_gpu.py:7364: DeprecationWarning: Due to '_pack_', the 'struct_c__SA_NVOS32_PARAMETERS_0_HwFree' Structure will use memory layout compatible with MSVC (Windows). If this is intended, set _layout_ to 'ms'. The implicit default is deprecated and slated to become an error in Python 3.19.
    struct_c__SA_NVOS32_PARAMETERS_0_HwFree._fields_ = [

tinyops/image/blur_test.py::test_blur_color[ksize0]
  /app/.venv/lib/python3.14/site-packages/tinygrad/runtime/autogen/nv_gpu.py:7373: DeprecationWarning: Due to '_pack_', the 'struct_c__SA_NVOS32_PARAMETERS_0_AllocOsDesc' Structure will use memory layout compatible with MSVC (Windows). If this is intended, set _layout_ to 'ms'. The implicit default is deprecated and slated to become an error in Python 3.19.
    struct_c__SA_NVOS32_PARAMETERS_0_AllocOsDesc._fields_ = [

tinyops/image/blur_test.py::test_blur_color[ksize0]
  /app/.venv/lib/python3.14/site-packages/tinygrad/runtime/autogen/nv_gpu.py:7387: DeprecationWarning: Due to '_pack_', the 'union_c__SA_NVOS32_PARAMETERS_data' Union will use memory layout compatible with MSVC (Windows). If this is intended, set _layout_ to 'ms'. The implicit default is deprecated and slated to become an error in Python 3.19.
    union_c__SA_NVOS32_PARAMETERS_data._fields_ = [

tinyops/image/blur_test.py::test_blur_color[ksize0]
  /app/.venv/lib/python3.14/site-packages/tinygrad/runtime/autogen/nv_gpu.py:7404: DeprecationWarning: Due to '_pack_', the 'struct_c__SA_NVOS32_PARAMETERS' Structure will use memory layout compatible with MSVC (Windows). If this is intended, set _layout_ to 'ms'. The implicit default is deprecated and slated to become an error in Python 3.19.
    struct_c__SA_NVOS32_PARAMETERS._fields_ = [

tinyops/image/blur_test.py::test_blur_color[ksize0]
  /app/.venv/lib/python3.14/site-packages/tinygrad/runtime/autogen/nv_gpu.py:7422: DeprecationWarning: Due to '_pack_', the 'struct_c__SA_NVOS32_HEAP_DUMP_BLOCK' Structure will use memory layout compatible with MSVC (Windows). If this is intended, set _layout_ to 'ms'. The implicit default is deprecated and slated to become an error in Python 3.19.
    struct_c__SA_NVOS32_HEAP_DUMP_BLOCK._fields_ = [

tinyops/image/blur_test.py::test_blur_color[ksize0]
  /app/.venv/lib/python3.14/site-packages/tinygrad/runtime/autogen/nv_gpu.py:7435: DeprecationWarning: Due to '_pack_', the 'struct_c__SA_NV_CONTEXT_DMA_ALLOCATION_PARAMS' Structure will use memory layout compatible with MSVC (Windows). If this is intended, set _layout_ to 'ms'. The implicit default is deprecated and slated to become an error in Python 3.19.
    struct_c__SA_NV_CONTEXT_DMA_ALLOCATION_PARAMS._fields_ = [

tinyops/image/blur_test.py::test_blur_color[ksize0]
  /app/.venv/lib/python3.14/site-packages/tinygrad/runtime/autogen/nv_gpu.py:7449: DeprecationWarning: Due to '_pack_', the 'struct_c__SA_NV_MEMORY_ALLOCATION_PARAMS' Structure will use memory layout compatible with MSVC (Windows). If this is intended, set _layout_ to 'ms'. The implicit default is deprecated and slated to become an error in Python 3.19.
    struct_c__SA_NV_MEMORY_ALLOCATION_PARAMS._fields_ = [

tinyops/image/blur_test.py::test_blur_color[ksize0]
  /app/.venv/lib/python3.14/site-packages/tinygrad/runtime/autogen/nv_gpu.py:7482: DeprecationWarning: Due to '_pack_', the 'struct_c__SA_NV_OS_DESC_MEMORY_ALLOCATION_PARAMS' Structure will use memory layout compatible with MSVC (Windows). If this is intended, set _layout_ to 'ms'. The implicit default is deprecated and slated to become an error in Python 3.19.
    struct_c__SA_NV_OS_DESC_MEMORY_ALLOCATION_PARAMS._fields_ = [

tinyops/image/blur_test.py::test_blur_color[ksize0]
  /app/.venv/lib/python3.14/site-packages/tinygrad/runtime/autogen/nv_gpu.py:7498: DeprecationWarning: Due to '_pack_', the 'struct_c__SA_NV_USER_LOCAL_DESC_MEMORY_ALLOCATION_PARAMS' Structure will use memory layout compatible with MSVC (Windows). If this is intended, set _layout_ to 'ms'. The implicit default is deprecated and slated to become an error in Python 3.19.
    struct_c__SA_NV_USER_LOCAL_DESC_MEMORY_ALLOCATION_PARAMS._fields_ = [

tinyops/image/blur_test.py::test_blur_color[ksize0]
  /app/.venv/lib/python3.14/site-packages/tinygrad/runtime/autogen/nv_gpu.py:7513: DeprecationWarning: Due to '_pack_', the 'struct_c__SA_NV_MEMORY_HW_RESOURCES_ALLOCATION_PARAMS' Structure will use memory layout compatible with MSVC (Windows). If this is intended, set _layout_ to 'ms'. The implicit default is deprecated and slated to become an error in Python 3.19.
    struct_c__SA_NV_MEMORY_HW_RESOURCES_ALLOCATION_PARAMS._fields_ = [

tinyops/image/blur_test.py::test_blur_color[ksize0]
  /app/.venv/lib/python3.14/site-packages/tinygrad/runtime/autogen/nv_gpu.py:7546: DeprecationWarning: Due to '_pack_', the 'struct_c__SA_NVOS33_PARAMETERS' Structure will use memory layout compatible with MSVC (Windows). If this is intended, set _layout_ to 'ms'. The implicit default is deprecated and slated to become an error in Python 3.19.
    struct_c__SA_NVOS33_PARAMETERS._fields_ = [

tinyops/image/blur_test.py::test_blur_color[ksize0]
  /app/.venv/lib/python3.14/site-packages/tinygrad/runtime/autogen/nv_gpu.py:7563: DeprecationWarning: Due to '_pack_', the 'struct_c__SA_NVOS34_PARAMETERS' Structure will use memory layout compatible with MSVC (Windows). If this is intended, set _layout_ to 'ms'. The implicit default is deprecated and slated to become an error in Python 3.19.
    struct_c__SA_NVOS34_PARAMETERS._fields_ = [

tinyops/image/blur_test.py::test_blur_color[ksize0]
  /app/.venv/lib/python3.14/site-packages/tinygrad/runtime/autogen/nv_gpu.py:7578: DeprecationWarning: Due to '_pack_', the 'struct_c__SA_NVOS38_PARAMETERS' Structure will use memory layout compatible with MSVC (Windows). If this is intended, set _layout_ to 'ms'. The implicit default is deprecated and slated to become an error in Python 3.19.
    struct_c__SA_NVOS38_PARAMETERS._fields_ = [

tinyops/image/blur_test.py::test_blur_color[ksize0]
  /app/.venv/lib/python3.14/site-packages/tinygrad/runtime/autogen/nv_gpu.py:7601: DeprecationWarning: Due to '_pack_', the 'struct_c__SA_NVOS39_PARAMETERS' Structure will use memory layout compatible with MSVC (Windows). If this is intended, set _layout_ to 'ms'. The implicit default is deprecated and slated to become an error in Python 3.19.
    struct_c__SA_NVOS39_PARAMETERS._fields_ = [

tinyops/image/blur_test.py::test_blur_color[ksize0]
  /app/.venv/lib/python3.14/site-packages/tinygrad/runtime/autogen/nv_gpu.py:7621: DeprecationWarning: Due to '_pack_', the 'struct_c__SA_NvUnixEvent' Structure will use memory layout compatible with MSVC (Windows). If this is intended, set _layout_ to 'ms'. The implicit default is deprecated and slated to become an error in Python 3.19.
    struct_c__SA_NvUnixEvent._fields_ = [

tinyops/image/blur_test.py::test_blur_color[ksize0]
  /app/.venv/lib/python3.14/site-packages/tinygrad/runtime/autogen/nv_gpu.py:7634: DeprecationWarning: Due to '_pack_', the 'struct_c__SA_NVOS41_PARAMETERS' Structure will use memory layout compatible with MSVC (Windows). If this is intended, set _layout_ to 'ms'. The implicit default is deprecated and slated to become an error in Python 3.19.
    struct_c__SA_NVOS41_PARAMETERS._fields_ = [

tinyops/image/blur_test.py::test_blur_color[ksize0]
  /app/.venv/lib/python3.14/site-packages/tinygrad/runtime/autogen/nv_gpu.py:7645: DeprecationWarning: Due to '_pack_', the 'struct_c__SA_NVOS2C_PARAMETERS' Structure will use memory layout compatible with MSVC (Windows). If this is intended, set _layout_ to 'ms'. The implicit default is deprecated and slated to become an error in Python 3.19.
    struct_c__SA_NVOS2C_PARAMETERS._fields_ = [

tinyops/image/blur_test.py::test_blur_color[ksize0]
  /app/.venv/lib/python3.14/site-packages/tinygrad/runtime/autogen/nv_gpu.py:7661: DeprecationWarning: Due to '_pack_', the 'struct_c__SA_NVOS46_PARAMETERS' Structure will use memory layout compatible with MSVC (Windows). If this is intended, set _layout_ to 'ms'. The implicit default is deprecated and slated to become an error in Python 3.19.
    struct_c__SA_NVOS46_PARAMETERS._fields_ = [

tinyops/image/blur_test.py::test_blur_color[ksize0]
  /app/.venv/lib/python3.14/site-packages/tinygrad/runtime/autogen/nv_gpu.py:7680: DeprecationWarning: Due to '_pack_', the 'struct_c__SA_NVOS47_PARAMETERS' Structure will use memory layout compatible with MSVC (Windows). If this is intended, set _layout_ to 'ms'. The implicit default is deprecated and slated to become an error in Python 3.19.
    struct_c__SA_NVOS47_PARAMETERS._fields_ = [

tinyops/image/blur_test.py::test_blur_color[ksize0]
  /app/.venv/lib/python3.14/site-packages/tinygrad/runtime/autogen/nv_gpu.py:7698: DeprecationWarning: Due to '_pack_', the 'struct_c__SA_NVOS49_PARAMETERS' Structure will use memory layout compatible with MSVC (Windows). If this is intended, set _layout_ to 'ms'. The implicit default is deprecated and slated to become an error in Python 3.19.
    struct_c__SA_NVOS49_PARAMETERS._fields_ = [

tinyops/image/blur_test.py::test_blur_color[ksize0]
  /app/.venv/lib/python3.14/site-packages/tinygrad/runtime/autogen/nv_gpu.py:7710: DeprecationWarning: Due to '_pack_', the 'struct_c__SA_NVOS54_PARAMETERS' Structure will use memory layout compatible with MSVC (Windows). If this is intended, set _layout_ to 'ms'. The implicit default is deprecated and slated to become an error in Python 3.19.
    struct_c__SA_NVOS54_PARAMETERS._fields_ = [

tinyops/image/blur_test.py::test_blur_color[ksize0]
  /app/.venv/lib/python3.14/site-packages/tinygrad/runtime/autogen/nv_gpu.py:7725: DeprecationWarning: Due to '_pack_', the 'struct_c__SA_NVOS63_PARAMETERS' Structure will use memory layout compatible with MSVC (Windows). If this is intended, set _layout_ to 'ms'. The implicit default is deprecated and slated to become an error in Python 3.19.
    struct_c__SA_NVOS63_PARAMETERS._fields_ = [

tinyops/image/blur_test.py::test_blur_color[ksize0]
  /app/.venv/lib/python3.14/site-packages/tinygrad/runtime/autogen/nv_gpu.py:7738: DeprecationWarning: Due to '_pack_', the 'struct_c__SA_NVOS55_PARAMETERS' Structure will use memory layout compatible with MSVC (Windows). If this is intended, set _layout_ to 'ms'. The implicit default is deprecated and slated to become an error in Python 3.19.
    struct_c__SA_NVOS55_PARAMETERS._fields_ = [

tinyops/image/blur_test.py::test_blur_color[ksize0]
  /app/.venv/lib/python3.14/site-packages/tinygrad/runtime/autogen/nv_gpu.py:7753: DeprecationWarning: Due to '_pack_', the 'struct_c__SA_NVOS56_PARAMETERS' Structure will use memory layout compatible with MSVC (Windows). If this is intended, set _layout_ to 'ms'. The implicit default is deprecated and slated to become an error in Python 3.19.
    struct_c__SA_NVOS56_PARAMETERS._fields_ = [

tinyops/image/blur_test.py::test_blur_color[ksize0]
  /app/.venv/lib/python3.14/site-packages/tinygrad/runtime/autogen/nv_gpu.py:7775: DeprecationWarning: Due to '_pack_', the 'struct_RS_ACCESS_MASK' Structure will use memory layout compatible with MSVC (Windows). If this is intended, set _layout_ to 'ms'. The implicit default is deprecated and slated to become an error in Python 3.19.
    struct_RS_ACCESS_MASK._fields_ = [

tinyops/image/blur_test.py::test_blur_color[ksize0]
  /app/.venv/lib/python3.14/site-packages/tinygrad/runtime/autogen/nv_gpu.py:7780: DeprecationWarning: Due to '_pack_', the 'struct_RS_SHARE_POLICY' Structure will use memory layout compatible with MSVC (Windows). If this is intended, set _layout_ to 'ms'. The implicit default is deprecated and slated to become an error in Python 3.19.
    struct_RS_SHARE_POLICY._fields_ = [

tinyops/image/blur_test.py::test_blur_color[ksize0]
  /app/.venv/lib/python3.14/site-packages/tinygrad/runtime/autogen/nv_gpu.py:7789: DeprecationWarning: Due to '_pack_', the 'struct_c__SA_NVOS57_PARAMETERS' Structure will use memory layout compatible with MSVC (Windows). If this is intended, set _layout_ to 'ms'. The implicit default is deprecated and slated to become an error in Python 3.19.
    struct_c__SA_NVOS57_PARAMETERS._fields_ = [

tinyops/image/blur_test.py::test_blur_color[ksize0]
  /app/.venv/lib/python3.14/site-packages/tinygrad/runtime/autogen/nv_gpu.py:7801: DeprecationWarning: Due to '_pack_', the 'struct_c__SA_NVPOWERSTATE_PARAMETERS' Structure will use memory layout compatible with MSVC (Windows). If this is intended, set _layout_ to 'ms'. The implicit default is deprecated and slated to become an error in Python 3.19.
    struct_c__SA_NVPOWERSTATE_PARAMETERS._fields_ = [

tinyops/image/blur_test.py::test_blur_color[ksize0]
  /app/.venv/lib/python3.14/site-packages/tinygrad/runtime/autogen/nv_gpu.py:7822: DeprecationWarning: Due to '_pack_', the 'struct_c__SA_NV_GR_ALLOCATION_PARAMETERS' Structure will use memory layout compatible with MSVC (Windows). If this is intended, set _layout_ to 'ms'. The implicit default is deprecated and slated to become an error in Python 3.19.
    struct_c__SA_NV_GR_ALLOCATION_PARAMETERS._fields_ = [

tinyops/image/blur_test.py::test_blur_color[ksize0]
  /app/.venv/lib/python3.14/site-packages/tinygrad/runtime/autogen/nv_gpu.py:7851: DeprecationWarning: Due to '_pack_', the 'struct_c__SA_NV50VAIO_CHANNELDMA_ALLOCATION_PARAMETERS' Structure will use memory layout compatible with MSVC (Windows). If this is intended, set _layout_ to 'ms'. The implicit default is deprecated and slated to become an error in Python 3.19.
    struct_c__SA_NV50VAIO_CHANNELDMA_ALLOCATION_PARAMETERS._fields_ = [

tinyops/image/blur_test.py::test_blur_color[ksize0]
  /app/.venv/lib/python3.14/site-packages/tinygrad/runtime/autogen/nv_gpu.py:7868: DeprecationWarning: Due to '_pack_', the 'struct_c__SA_NV50VAIO_CHANNELPIO_ALLOCATION_PARAMETERS' Structure will use memory layout compatible with MSVC (Windows). If this is intended, set _layout_ to 'ms'. The implicit default is deprecated and slated to become an error in Python 3.19.
    struct_c__SA_NV50VAIO_CHANNELPIO_ALLOCATION_PARAMETERS._fields_ = [

tinyops/image/blur_test.py::test_blur_color[ksize0]
  /app/.venv/lib/python3.14/site-packages/tinygrad/runtime/autogen/nv_gpu.py:7879: DeprecationWarning: Due to '_pack_', the 'struct_c__SA_NV_CHANNEL_GROUP_ALLOCATION_PARAMETERS' Structure will use memory layout compatible with MSVC (Windows). If this is intended, set _layout_ to 'ms'. The implicit default is deprecated and slated to become an error in Python 3.19.
    struct_c__SA_NV_CHANNEL_GROUP_ALLOCATION_PARAMETERS._fields_ = [

tinyops/image/blur_test.py::test_blur_color[ksize0]
  /app/.venv/lib/python3.14/site-packages/tinygrad/runtime/autogen/nv_gpu.py:7893: DeprecationWarning: Due to '_pack_', the 'struct_c__SA_NV_SWRUNLIST_ALLOCATION_PARAMS' Structure will use memory layout compatible with MSVC (Windows). If this is intended, set _layout_ to 'ms'. The implicit default is deprecated and slated to become an error in Python 3.19.
    struct_c__SA_NV_SWRUNLIST_ALLOCATION_PARAMS._fields_ = [

tinyops/image/blur_test.py::test_blur_color[ksize0]
  /app/.venv/lib/python3.14/site-packages/tinygrad/runtime/autogen/nv_gpu.py:7904: DeprecationWarning: Due to '_pack_', the 'struct_c__SA_NV_ME_ALLOCATION_PARAMETERS' Structure will use memory layout compatible with MSVC (Windows). If this is intended, set _layout_ to 'ms'. The implicit default is deprecated and slated to become an error in Python 3.19.
    struct_c__SA_NV_ME_ALLOCATION_PARAMETERS._fields_ = [

tinyops/image/blur_test.py::test_blur_color[ksize0]
  /app/.venv/lib/python3.14/site-packages/tinygrad/runtime/autogen/nv_gpu.py:7914: DeprecationWarning: Due to '_pack_', the 'struct_c__SA_NV_BSP_ALLOCATION_PARAMETERS' Structure will use memory layout compatible with MSVC (Windows). If this is intended, set _layout_ to 'ms'. The implicit default is deprecated and slated to become an error in Python 3.19.
    struct_c__SA_NV_BSP_ALLOCATION_PARAMETERS._fields_ = [

tinyops/image/blur_test.py::test_blur_color[ksize0]
  /app/.venv/lib/python3.14/site-packages/tinygrad/runtime/autogen/nv_gpu.py:7925: DeprecationWarning: Due to '_pack_', the 'struct_c__SA_NV_VP_ALLOCATION_PARAMETERS' Structure will use memory layout compatible with MSVC (Windows). If this is intended, set _layout_ to 'ms'. The implicit default is deprecated and slated to become an error in Python 3.19.
    struct_c__SA_NV_VP_ALLOCATION_PARAMETERS._fields_ = [

tinyops/image/blur_test.py::test_blur_color[ksize0]
  /app/.venv/lib/python3.14/site-packages/tinygrad/runtime/autogen/nv_gpu.py:7949: DeprecationWarning: Due to '_pack_', the 'struct_c__SA_NV_PPP_ALLOCATION_PARAMETERS' Structure will use memory layout compatible with MSVC (Windows). If this is intended, set _layout_ to 'ms'. The implicit default is deprecated and slated to become an error in Python 3.19.
    struct_c__SA_NV_PPP_ALLOCATION_PARAMETERS._fields_ = [

tinyops/image/blur_test.py::test_blur_color[ksize0]
  /app/.venv/lib/python3.14/site-packages/tinygrad/runtime/autogen/nv_gpu.py:7959: DeprecationWarning: Due to '_pack_', the 'struct_c__SA_NV_MSENC_ALLOCATION_PARAMETERS' Structure will use memory layout compatible with MSVC (Windows). If this is intended, set _layout_ to 'ms'. The implicit default is deprecated and slated to become an error in Python 3.19.
    struct_c__SA_NV_MSENC_ALLOCATION_PARAMETERS._fields_ = [

tinyops/image/blur_test.py::test_blur_color[ksize0]
  /app/.venv/lib/python3.14/site-packages/tinygrad/runtime/autogen/nv_gpu.py:7970: DeprecationWarning: Due to '_pack_', the 'struct_c__SA_NV_SEC2_ALLOCATION_PARAMETERS' Structure will use memory layout compatible with MSVC (Windows). If this is intended, set _layout_ to 'ms'. The implicit default is deprecated and slated to become an error in Python 3.19.
    struct_c__SA_NV_SEC2_ALLOCATION_PARAMETERS._fields_ = [

tinyops/image/blur_test.py::test_blur_color[ksize0]
  /app/.venv/lib/python3.14/site-packages/tinygrad/runtime/autogen/nv_gpu.py:7980: DeprecationWarning: Due to '_pack_', the 'struct_c__SA_NV_NVJPG_ALLOCATION_PARAMETERS' Structure will use memory layout compatible with MSVC (Windows). If this is intended, set _layout_ to 'ms'. The implicit default is deprecated and slated to become an error in Python 3.19.
    struct_c__SA_NV_NVJPG_ALLOCATION_PARAMETERS._fields_ = [

tinyops/image/blur_test.py::test_blur_color[ksize0]
  /app/.venv/lib/python3.14/site-packages/tinygrad/runtime/autogen/nv_gpu.py:7991: DeprecationWarning: Due to '_pack_', the 'struct_c__SA_NV_OFA_ALLOCATION_PARAMETERS' Structure will use memory layout compatible with MSVC (Windows). If this is intended, set _layout_ to 'ms'. The implicit default is deprecated and slated to become an error in Python 3.19.
    struct_c__SA_NV_OFA_ALLOCATION_PARAMETERS._fields_ = [

tinyops/image/blur_test.py::test_blur_color[ksize0]
  /app/.venv/lib/python3.14/site-packages/tinygrad/runtime/autogen/nv_gpu.py:8002: DeprecationWarning: Due to '_pack_', the 'struct_c__SA_NVOS61_PARAMETERS' Structure will use memory layout compatible with MSVC (Windows). If this is intended, set _layout_ to 'ms'. The implicit default is deprecated and slated to become an error in Python 3.19.
    struct_c__SA_NVOS61_PARAMETERS._fields_ = [

tinyops/image/blur_test.py::test_blur_color[ksize0]
  /app/.venv/lib/python3.14/site-packages/tinygrad/runtime/autogen/nv_gpu.py:8021: DeprecationWarning: Due to '_pack_', the 'struct_c__SA_NV_VASPACE_ALLOCATION_PARAMETERS' Structure will use memory layout compatible with MSVC (Windows). If this is intended, set _layout_ to 'ms'. The implicit default is deprecated and slated to become an error in Python 3.19.
    struct_c__SA_NV_VASPACE_ALLOCATION_PARAMETERS._fields_ = [

tinyops/image/blur_test.py::test_blur_color[ksize0]
  /app/.venv/lib/python3.14/site-packages/tinygrad/runtime/autogen/nv_gpu.py:8037: DeprecationWarning: Due to '_pack_', the 'struct_c__SA_NV_CTXSHARE_ALLOCATION_PARAMETERS' Structure will use memory layout compatible with MSVC (Windows). If this is intended, set _layout_ to 'ms'. The implicit default is deprecated and slated to become an error in Python 3.19.
    struct_c__SA_NV_CTXSHARE_ALLOCATION_PARAMETERS._fields_ = [

tinyops/image/blur_test.py::test_blur_color[ksize0]
  /app/.venv/lib/python3.14/site-packages/tinygrad/runtime/autogen/nv_gpu.py:8048: DeprecationWarning: Due to '_pack_', the 'struct_c__SA_NV_TIMEOUT_CONTROL_PARAMETERS' Structure will use memory layout compatible with MSVC (Windows). If this is intended, set _layout_ to 'ms'. The implicit default is deprecated and slated to become an error in Python 3.19.
    struct_c__SA_NV_TIMEOUT_CONTROL_PARAMETERS._fields_ = [

tinyops/image/blur_test.py::test_blur_color[ksize0]
  /app/.venv/lib/python3.14/site-packages/tinygrad/runtime/autogen/nv_gpu.py:8074: DeprecationWarning: Due to '_pack_', the 'struct_c__SA_NV_VIDMEM_ACCESS_BIT_ALLOCATION_PARAMS' Structure will use memory layout compatible with MSVC (Windows). If this is intended, set _layout_ to 'ms'. The implicit default is deprecated and slated to become an error in Python 3.19.
    struct_c__SA_NV_VIDMEM_ACCESS_BIT_ALLOCATION_PARAMS._fields_ = [

tinyops/image/blur_test.py::test_blur_color[ksize0]
  /app/.venv/lib/python3.14/site-packages/tinygrad/runtime/autogen/nv_gpu.py:8088: DeprecationWarning: Due to '_pack_', the 'struct_c__SA_NV_HOPPER_USERMODE_A_PARAMS' Structure will use memory layout compatible with MSVC (Windows). If this is intended, set _layout_ to 'ms'. The implicit default is deprecated and slated to become an error in Python 3.19.
    struct_c__SA_NV_HOPPER_USERMODE_A_PARAMS._fields_ = [

tinyops/image/blur_test.py::test_blur_color[ksize0]
  /app/.venv/lib/python3.14/site-packages/tinygrad/runtime/autogen/nv_gpu.py:8098: DeprecationWarning: Due to '_pack_', the 'struct_c__SA_nv_ioctl_nvos02_parameters_with_fd' Structure will use memory layout compatible with MSVC (Windows). If this is intended, set _layout_ to 'ms'. The implicit default is deprecated and slated to become an error in Python 3.19.
    struct_c__SA_nv_ioctl_nvos02_parameters_with_fd._fields_ = [

tinyops/image/blur_test.py::test_blur_color[ksize0]
  /app/.venv/lib/python3.14/site-packages/tinygrad/runtime/autogen/nv_gpu.py:8109: DeprecationWarning: Due to '_pack_', the 'struct_c__SA_nv_ioctl_nvos33_parameters_with_fd' Structure will use memory layout compatible with MSVC (Windows). If this is intended, set _layout_ to 'ms'. The implicit default is deprecated and slated to become an error in Python 3.19.
    struct_c__SA_nv_ioctl_nvos33_parameters_with_fd._fields_ = [

tinyops/image/blur_test.py::test_blur_color[ksize0]
  /app/.venv/lib/python3.14/site-packages/tinygrad/runtime/autogen/nv_gpu.py:8163: DeprecationWarning: Due to '_pack_', the 'struct_NV0000_CTRL_CLIENT_GET_ADDR_SPACE_TYPE_PARAMS' Structure will use memory layout compatible with MSVC (Windows). If this is intended, set _layout_ to 'ms'. The implicit default is deprecated and slated to become an error in Python 3.19.
    struct_NV0000_CTRL_CLIENT_GET_ADDR_SPACE_TYPE_PARAMS._fields_ = [

tinyops/image/blur_test.py::test_blur_color[ksize0]
  /app/.venv/lib/python3.14/site-packages/tinygrad/runtime/autogen/nv_gpu.py:8177: DeprecationWarning: Due to '_pack_', the 'union_NV0000_CTRL_CLIENT_GET_HANDLE_INFO_PARAMS_data' Union will use memory layout compatible with MSVC (Windows). If this is intended, set _layout_ to 'ms'. The implicit default is deprecated and slated to become an error in Python 3.19.
    union_NV0000_CTRL_CLIENT_GET_HANDLE_INFO_PARAMS_data._fields_ = [

tinyops/image/blur_test.py::test_blur_color[ksize0]
  /app/.venv/lib/python3.14/site-packages/tinygrad/runtime/autogen/nv_gpu.py:8183: DeprecationWarning: Due to '_pack_', the 'struct_NV0000_CTRL_CLIENT_GET_HANDLE_INFO_PARAMS' Structure will use memory layout compatible with MSVC (Windows). If this is intended, set _layout_ to 'ms'. The implicit default is deprecated and slated to become an error in Python 3.19.
    struct_NV0000_CTRL_CLIENT_GET_HANDLE_INFO_PARAMS._fields_ = [

tinyops/image/blur_test.py::test_blur_color[ksize0]
  /app/.venv/lib/python3.14/site-packages/tinygrad/runtime/autogen/nv_gpu.py:8194: DeprecationWarning: Due to '_pack_', the 'struct_NV0000_CTRL_CLIENT_GET_ACCESS_RIGHTS_PARAMS' Structure will use memory layout compatible with MSVC (Windows). If this is intended, set _layout_ to 'ms'. The implicit default is deprecated and slated to become an error in Python 3.19.
    struct_NV0000_CTRL_CLIENT_GET_ACCESS_RIGHTS_PARAMS._fields_ = [

tinyops/image/blur_test.py::test_blur_color[ksize0]
  /app/.venv/lib/python3.14/site-packages/tinygrad/runtime/autogen/nv_gpu.py:8201: DeprecationWarning: Due to '_pack_', the 'struct_NV0000_CTRL_CLIENT_SET_INHERITED_SHARE_POLICY_PARAMS' Structure will use memory layout compatible with MSVC (Windows). If this is intended, set _layout_ to 'ms'. The implicit default is deprecated and slated to become an error in Python 3.19.
    class struct_NV0000_CTRL_CLIENT_SET_INHERITED_SHARE_POLICY_PARAMS(Structure):

tinyops/image/blur_test.py::test_blur_color[ksize0]
  /app/.venv/lib/python3.14/site-packages/tinygrad/runtime/autogen/nv_gpu.py:8212: DeprecationWarning: Due to '_pack_', the 'struct_NV0000_CTRL_CMD_CLIENT_GET_CHILD_HANDLE_PARAMS' Structure will use memory layout compatible with MSVC (Windows). If this is intended, set _layout_ to 'ms'. The implicit default is deprecated and slated to become an error in Python 3.19.
    struct_NV0000_CTRL_CMD_CLIENT_GET_CHILD_HANDLE_PARAMS._fields_ = [

tinyops/image/blur_test.py::test_blur_color[ksize0]
  /app/.venv/lib/python3.14/site-packages/tinygrad/runtime/autogen/nv_gpu.py:8223: DeprecationWarning: Due to '_pack_', the 'struct_NV0000_CTRL_CLIENT_SHARE_OBJECT_PARAMS' Structure will use memory layout compatible with MSVC (Windows). If this is intended, set _layout_ to 'ms'. The implicit default is deprecated and slated to become an error in Python 3.19.
    struct_NV0000_CTRL_CLIENT_SHARE_OBJECT_PARAMS._fields_ = [

tinyops/image/blur_test.py::test_blur_color[ksize0]
  /app/.venv/lib/python3.14/site-packages/tinygrad/runtime/autogen/nv_gpu.py:8233: DeprecationWarning: Due to '_pack_', the 'struct_NV0000_CTRL_CLIENT_OBJECTS_ARE_DUPLICATES_PARAMS' Structure will use memory layout compatible with MSVC (Windows). If this is intended, set _layout_ to 'ms'. The implicit default is deprecated and slated to become an error in Python 3.19.
    struct_NV0000_CTRL_CLIENT_OBJECTS_ARE_DUPLICATES_PARAMS._fields_ = [

tinyops/image/blur_test.py::test_blur_color[ksize0]
  /app/.venv/lib/python3.14/site-packages/tinygrad/runtime/autogen/nv_gpu.py:8245: DeprecationWarning: Due to '_pack_', the 'struct_NV0000_CTRL_CLIENT_SUBSCRIBE_TO_IMEX_CHANNEL_PARAMS' Structure will use memory layout compatible with MSVC (Windows). If this is intended, set _layout_ to 'ms'. The implicit default is deprecated and slated to become an error in Python 3.19.
    struct_NV0000_CTRL_CLIENT_SUBSCRIBE_TO_IMEX_CHANNEL_PARAMS._fields_ = [

tinyops/image/blur_test.py::test_blur_color[ksize0]
  /app/.venv/lib/python3.14/site-packages/tinygrad/runtime/autogen/nv_gpu.py:8318: DeprecationWarning: Due to '_pack_', the 'struct_NV0000_CTRL_DIAG_GET_LOCK_METER_STATE_PARAMS' Structure will use memory layout compatible with MSVC (Windows). If this is intended, set _layout_ to 'ms'. The implicit default is deprecated and slated to become an error in Python 3.19.
    struct_NV0000_CTRL_DIAG_GET_LOCK_METER_STATE_PARAMS._fields_ = [

tinyops/image/blur_test.py::test_blur_color[ksize0]
  /app/.venv/lib/python3.14/site-packages/tinygrad/runtime/autogen/nv_gpu.py:8331: DeprecationWarning: Due to '_pack_', the 'struct_NV0000_CTRL_DIAG_SET_LOCK_METER_STATE_PARAMS' Structure will use memory layout compatible with MSVC (Windows). If this is intended, set _layout_ to 'ms'. The implicit default is deprecated and slated to become an error in Python 3.19.
    struct_NV0000_CTRL_DIAG_SET_LOCK_METER_STATE_PARAMS._fields_ = [

tinyops/image/blur_test.py::test_blur_color[ksize0]
  /app/.venv/lib/python3.14/site-packages/tinygrad/runtime/autogen/nv_gpu.py:8342: DeprecationWarning: Due to '_pack_', the 'struct_NV0000_CTRL_DIAG_LOCK_METER_ENTRY' Structure will use memory layout compatible with MSVC (Windows). If this is intended, set _layout_ to 'ms'. The implicit default is deprecated and slated to become an error in Python 3.19.
    struct_NV0000_CTRL_DIAG_LOCK_METER_ENTRY._fields_ = [

tinyops/image/blur_test.py::test_blur_color[ksize0]
  /app/.venv/lib/python3.14/site-packages/tinygrad/runtime/autogen/nv_gpu.py:8362: DeprecationWarning: Due to '_pack_', the 'struct_NV0000_CTRL_DIAG_GET_LOCK_METER_ENTRIES_PARAMS' Structure will use memory layout compatible with MSVC (Windows). If this is intended, set _layout_ to 'ms'. The implicit default is deprecated and slated to become an error in Python 3.19.
    struct_NV0000_CTRL_DIAG_GET_LOCK_METER_ENTRIES_PARAMS._fields_ = [

tinyops/image/blur_test.py::test_blur_color[ksize0]
  /app/.venv/lib/python3.14/site-packages/tinygrad/runtime/autogen/nv_gpu.py:8373: DeprecationWarning: Due to '_pack_', the 'struct_RPC_METER_ENTRY' Structure will use memory layout compatible with MSVC (Windows). If this is intended, set _layout_ to 'ms'. The implicit default is deprecated and slated to become an error in Python 3.19.
    struct_RPC_METER_ENTRY._fields_ = [

tinyops/image/blur_test.py::test_blur_color[ksize0]
  /app/.venv/lib/python3.14/site-packages/tinygrad/runtime/autogen/nv_gpu.py:8385: DeprecationWarning: Due to '_pack_', the 'struct_NV0000_CTRL_DIAG_PROFILE_RPC_PARAMS' Structure will use memory layout compatible with MSVC (Windows). If this is intended, set _layout_ to 'ms'. The implicit default is deprecated and slated to become an error in Python 3.19.
    struct_NV0000_CTRL_DIAG_PROFILE_RPC_PARAMS._fields_ = [

tinyops/image/blur_test.py::test_blur_color[ksize0]
  /app/.venv/lib/python3.14/site-packages/tinygrad/runtime/autogen/nv_gpu.py:8394: DeprecationWarning: Due to '_pack_', the 'struct_NV0000_CTRL_DIAG_DUMP_RPC_PARAMS' Structure will use memory layout compatible with MSVC (Windows). If this is intended, set _layout_ to 'ms'. The implicit default is deprecated and slated to become an error in Python 3.19.
    struct_NV0000_CTRL_DIAG_DUMP_RPC_PARAMS._fields_ = [

tinyops/image/blur_test.py::test_blur_color[ksize0]
  /app/.venv/lib/python3.14/site-packages/tinygrad/runtime/autogen/nv_gpu.py:8415: DeprecationWarning: Due to '_pack_', the 'struct_NV0000_CTRL_EVENT_SET_NOTIFICATION_PARAMS' Structure will use memory layout compatible with MSVC (Windows). If this is intended, set _layout_ to 'ms'. The implicit default is deprecated and slated to become an error in Python 3.19.
    struct_NV0000_CTRL_EVENT_SET_NOTIFICATION_PARAMS._fields_ = [

tinyops/image/blur_test.py::test_blur_color[ksize0]
  /app/.venv/lib/python3.14/site-packages/tinygrad/runtime/autogen/nv_gpu.py:8425: DeprecationWarning: Due to '_pack_', the 'struct_NV0000_CTRL_GET_SYSTEM_EVENT_STATUS_PARAMS' Structure will use memory layout compatible with MSVC (Windows). If this is intended, set _layout_ to 'ms'. The implicit default is deprecated and slated to become an error in Python 3.19.
    struct_NV0000_CTRL_GET_SYSTEM_EVENT_STATUS_PARAMS._fields_ = [

tinyops/image/blur_test.py::test_blur_color[ksize0]
  /app/.venv/lib/python3.14/site-packages/tinygrad/runtime/autogen/nv_gpu.py:9305: DeprecationWarning: Due to '_pack_', the 'struct_NV0000_CTRL_SYSTEM_GET_FEATURES_PARAMS' Structure will use memory layout compatible with MSVC (Windows). If this is intended, set _layout_ to 'ms'. The implicit default is deprecated and slated to become an error in Python 3.19.
    struct_NV0000_CTRL_SYSTEM_GET_FEATURES_PARAMS._fields_ = [

tinyops/image/blur_test.py::test_blur_color[ksize0]
  /app/.venv/lib/python3.14/site-packages/tinygrad/runtime/autogen/nv_gpu.py:9314: DeprecationWarning: Due to '_pack_', the 'struct_NV0000_CTRL_SYSTEM_GET_BUILD_VERSION_PARAMS' Structure will use memory layout compatible with MSVC (Windows). If this is intended, set _layout_ to 'ms'. The implicit default is deprecated and slated to become an error in Python 3.19.
    struct_NV0000_CTRL_SYSTEM_GET_BUILD_VERSION_PARAMS._fields_ = [

tinyops/image/blur_test.py::test_blur_color[ksize0]
  /app/.venv/lib/python3.14/site-packages/tinygrad/runtime/autogen/nv_gpu.py:9338: DeprecationWarning: Due to '_pack_', the 'struct_NV0000_CTRL_SYSTEM_GET_CPU_INFO_PARAMS' Structure will use memory layout compatible with MSVC (Windows). If this is intended, set _layout_ to 'ms'. The implicit default is deprecated and slated to become an error in Python 3.19.
    struct_NV0000_CTRL_SYSTEM_GET_CPU_INFO_PARAMS._fields_ = [

tinyops/image/blur_test.py::test_blur_color[ksize0]
  /app/.venv/lib/python3.14/site-packages/tinygrad/runtime/autogen/nv_gpu.py:9363: DeprecationWarning: Due to '_pack_', the 'struct_NV0000_CTRL_SYSTEM_GET_CHIPSET_INFO_PARAMS' Structure will use memory layout compatible with MSVC (Windows). If this is intended, set _layout_ to 'ms'. The implicit default is deprecated and slated to become an error in Python 3.19.
    struct_NV0000_CTRL_SYSTEM_GET_CHIPSET_INFO_PARAMS._fields_ = [

tinyops/image/blur_test.py::test_blur_color[ksize0]
  /app/.venv/lib/python3.14/site-packages/tinygrad/runtime/autogen/nv_gpu.py:9385: DeprecationWarning: Due to '_pack_', the 'struct_NV0000_CTRL_SYSTEM_GET_VRR_COOKIE_PRESENT_PARAMS' Structure will use memory layout compatible with MSVC (Windows). If this is intended, set _layout_ to 'ms'. The implicit default is deprecated and slated to become an error in Python 3.19.
    struct_NV0000_CTRL_SYSTEM_GET_VRR_COOKIE_PRESENT_PARAMS._fields_ = [

tinyops/image/blur_test.py::test_blur_color[ksize0]
  /app/.venv/lib/python3.14/site-packages/tinygrad/runtime/autogen/nv_gpu.py:9394: DeprecationWarning: Due to '_pack_', the 'struct_NV0000_CTRL_SYSTEM_GET_LOCK_TIMES_PARAMS' Structure will use memory layout compatible with MSVC (Windows). If this is intended, set _layout_ to 'ms'. The implicit default is deprecated and slated to become an error in Python 3.19.
    struct_NV0000_CTRL_SYSTEM_GET_LOCK_TIMES_PARAMS._fields_ = [

tinyops/image/blur_test.py::test_blur_color[ksize0]
  /app/.venv/lib/python3.14/site-packages/tinygrad/runtime/autogen/nv_gpu.py:9407: DeprecationWarning: Due to '_pack_', the 'struct_NV0000_CTRL_SYSTEM_GET_CLASSLIST_PARAMS' Structure will use memory layout compatible with MSVC (Windows). If this is intended, set _layout_ to 'ms'. The implicit default is deprecated and slated to become an error in Python 3.19.
    struct_NV0000_CTRL_SYSTEM_GET_CLASSLIST_PARAMS._fields_ = [

tinyops/image/blur_test.py::test_blur_color[ksize0]
  /app/.venv/lib/python3.14/site-packages/tinygrad/runtime/autogen/nv_gpu.py:9417: DeprecationWarning: Due to '_pack_', the 'struct_NV0000_CTRL_SYSTEM_NOTIFY_EVENT_PARAMS' Structure will use memory layout compatible with MSVC (Windows). If this is intended, set _layout_ to 'ms'. The implicit default is deprecated and slated to become an error in Python 3.19.
    struct_NV0000_CTRL_SYSTEM_NOTIFY_EVENT_PARAMS._fields_ = [

tinyops/image/blur_test.py::test_blur_color[ksize0]
  /app/.venv/lib/python3.14/site-packages/tinygrad/runtime/autogen/nv_gpu.py:9429: DeprecationWarning: Due to '_pack_', the 'struct_NV0000_CTRL_CMD_SYSTEM_GET_PLATFORM_TYPE_PARAMS' Structure will use memory layout compatible with MSVC (Windows). If this is intended, set _layout_ to 'ms'. The implicit default is deprecated and slated to become an error in Python 3.19.
    struct_NV0000_CTRL_CMD_SYSTEM_GET_PLATFORM_TYPE_PARAMS._fields_ = [

tinyops/image/blur_test.py::test_blur_color[ksize0]
  /app/.venv/lib/python3.14/site-packages/tinygrad/runtime/autogen/nv_gpu.py:9438: DeprecationWarning: Due to '_pack_', the 'struct_NV0000_CTRL_SYSTEM_DEBUG_RMMSG_CTRL_PARAMS' Structure will use memory layout compatible with MSVC (Windows). If this is intended, set _layout_ to 'ms'. The implicit default is deprecated and slated to become an error in Python 3.19.
    struct_NV0000_CTRL_SYSTEM_DEBUG_RMMSG_CTRL_PARAMS._fields_ = [

tinyops/image/blur_test.py::test_blur_color[ksize0]
  /app/.venv/lib/python3.14/site-packages/tinygrad/runtime/autogen/nv_gpu.py:9449: DeprecationWarning: Due to '_pack_', the 'struct_NV0000_CTRL_SYSTEM_HWBC_INFO' Structure will use memory layout compatible with MSVC (Windows). If this is intended, set _layout_ to 'ms'. The implicit default is deprecated and slated to become an error in Python 3.19.
    struct_NV0000_CTRL_SYSTEM_HWBC_INFO._fields_ = [

tinyops/image/blur_test.py::test_blur_color[ksize0]
  /app/.venv/lib/python3.14/site-packages/tinygrad/runtime/autogen/nv_gpu.py:9457: DeprecationWarning: Due to '_pack_', the 'struct_NV0000_CTRL_SYSTEM_GET_HWBC_INFO_PARAMS' Structure will use memory layout compatible with MSVC (Windows). If this is intended, set _layout_ to 'ms'. The implicit default is deprecated and slated to become an error in Python 3.19.
    class struct_NV0000_CTRL_SYSTEM_GET_HWBC_INFO_PARAMS(Structure):

tinyops/image/blur_test.py::test_blur_color[ksize0]
  /app/.venv/lib/python3.14/site-packages/tinygrad/runtime/autogen/nv_gpu.py:9468: DeprecationWarning: Due to '_pack_', the 'struct_NV0000_CTRL_SYSTEM_GPS_CONTROL_PARAMS' Structure will use memory layout compatible with MSVC (Windows). If this is intended, set _layout_ to 'ms'. The implicit default is deprecated and slated to become an error in Python 3.19.
    struct_NV0000_CTRL_SYSTEM_GPS_CONTROL_PARAMS._fields_ = [

tinyops/image/blur_test.py::test_blur_color[ksize0]
  /app/.venv/lib/python3.14/site-packages/tinygrad/runtime/autogen/nv_gpu.py:9482: DeprecationWarning: Due to '_pack_', the 'struct_NV0000_CTRL_SYSTEM_GPS_BATCH_CONTROL_PARAMS_0' Structure will use memory layout compatible with MSVC (Windows). If this is intended, set _layout_ to 'ms'. The implicit default is deprecated and slated to become an error in Python 3.19.
    struct_NV0000_CTRL_SYSTEM_GPS_BATCH_CONTROL_PARAMS_0._fields_ = [

tinyops/image/blur_test.py::test_blur_color[ksize0]
  /app/.venv/lib/python3.14/site-packages/tinygrad/runtime/autogen/nv_gpu.py:9489: DeprecationWarning: Due to '_pack_', the 'struct_NV0000_CTRL_SYSTEM_GPS_BATCH_CONTROL_PARAMS' Structure will use memory layout compatible with MSVC (Windows). If this is intended, set _layout_ to 'ms'. The implicit default is deprecated and slated to become an error in Python 3.19.
    struct_NV0000_CTRL_SYSTEM_GPS_BATCH_CONTROL_PARAMS._fields_ = [

tinyops/image/blur_test.py::test_blur_color[ksize0]
  /app/.venv/lib/python3.14/site-packages/tinygrad/runtime/autogen/nv_gpu.py:9500: DeprecationWarning: Due to '_pack_', the 'struct_NV0000_CTRL_SYSTEM_GET_P2P_CAPS_PARAMS' Structure will use memory layout compatible with MSVC (Windows). If this is intended, set _layout_ to 'ms'. The implicit default is deprecated and slated to become an error in Python 3.19.
    struct_NV0000_CTRL_SYSTEM_GET_P2P_CAPS_PARAMS._fields_ = [

tinyops/image/blur_test.py::test_blur_color[ksize0]
  /app/.venv/lib/python3.14/site-packages/tinygrad/runtime/autogen/nv_gpu.py:9517: DeprecationWarning: Due to '_pack_', the 'struct_NV0000_CTRL_SYSTEM_GET_P2P_CAPS_V2_PARAMS' Structure will use memory layout compatible with MSVC (Windows). If this is intended, set _layout_ to 'ms'. The implicit default is deprecated and slated to become an error in Python 3.19.
    struct_NV0000_CTRL_SYSTEM_GET_P2P_CAPS_V2_PARAMS._fields_ = [

tinyops/image/blur_test.py::test_blur_color[ksize0]
  /app/.venv/lib/python3.14/site-packages/tinygrad/runtime/autogen/nv_gpu.py:9535: DeprecationWarning: Due to '_pack_', the 'struct_NV0000_CTRL_SYSTEM_GET_P2P_CAPS_MATRIX_PARAMS' Structure will use memory layout compatible with MSVC (Windows). If this is intended, set _layout_ to 'ms'. The implicit default is deprecated and slated to become an error in Python 3.19.
    struct_NV0000_CTRL_SYSTEM_GET_P2P_CAPS_MATRIX_PARAMS._fields_ = [

tinyops/image/blur_test.py::test_blur_color[ksize0]
  /app/.venv/lib/python3.14/site-packages/tinygrad/runtime/autogen/nv_gpu.py:9552: DeprecationWarning: Due to '_pack_', the 'struct_NV0000_CTRL_SYSTEM_GPS_CTRL_PARAMS' Structure will use memory layout compatible with MSVC (Windows). If this is intended, set _layout_ to 'ms'. The implicit default is deprecated and slated to become an error in Python 3.19.
    struct_NV0000_CTRL_SYSTEM_GPS_CTRL_PARAMS._fields_ = [

tinyops/image/blur_test.py::test_blur_color[ksize0]
  /app/.venv/lib/python3.14/site-packages/tinygrad/runtime/autogen/nv_gpu.py:9563: DeprecationWarning: Due to '_pack_', the 'struct_NV0000_CTRL_SYSTEM_GPS_GET_PERF_SENSOR_COUNTERS_PARAMS' Structure will use memory layout compatible with MSVC (Windows). If this is intended, set _layout_ to 'ms'. The implicit default is deprecated and slated to become an error in Python 3.19.
    struct_NV0000_CTRL_SYSTEM_GPS_GET_PERF_SENSOR_COUNTERS_PARAMS._fields_ = [

tinyops/image/blur_test.py::test_blur_color[ksize0]
  /app/.venv/lib/python3.14/site-packages/tinygrad/runtime/autogen/nv_gpu.py:9579: DeprecationWarning: Due to '_pack_', the 'struct_NV0000_CTRL_SYSTEM_GPS_CALL_ACPI_PARAMS' Structure will use memory layout compatible with MSVC (Windows). If this is intended, set _layout_ to 'ms'. The implicit default is deprecated and slated to become an error in Python 3.19.
    struct_NV0000_CTRL_SYSTEM_GPS_CALL_ACPI_PARAMS._fields_ = [

tinyops/image/blur_test.py::test_blur_color[ksize0]
  /app/.venv/lib/python3.14/site-packages/tinygrad/runtime/autogen/nv_gpu.py:9591: DeprecationWarning: Due to '_pack_', the 'struct_NV0000_CTRL_SYSTEM_EXECUTE_ACPI_METHOD_PARAMS' Structure will use memory layout compatible with MSVC (Windows). If this is intended, set _layout_ to 'ms'. The implicit default is deprecated and slated to become an error in Python 3.19.
    struct_NV0000_CTRL_SYSTEM_EXECUTE_ACPI_METHOD_PARAMS._fields_ = [

tinyops/image/blur_test.py::test_blur_color[ksize0]
  /app/.venv/lib/python3.14/site-packages/tinygrad/runtime/autogen/nv_gpu.py:9608: DeprecationWarning: Due to '_pack_', the 'struct_NV0000_CTRL_SYSTEM_ENABLE_ETW_EVENTS_PARAMS' Structure will use memory layout compatible with MSVC (Windows). If this is intended, set _layout_ to 'ms'. The implicit default is deprecated and slated to become an error in Python 3.19.
    struct_NV0000_CTRL_SYSTEM_ENABLE_ETW_EVENTS_PARAMS._fields_ = [

tinyops/image/blur_test.py::test_blur_color[ksize0]
  /app/.venv/lib/python3.14/site-packages/tinygrad/runtime/autogen/nv_gpu.py:9617: DeprecationWarning: Due to '_pack_', the 'struct_NV0000_CTRL_SYSTEM_GPS_FRM_DATA_SAMPLE' Structure will use memory layout compatible with MSVC (Windows). If this is intended, set _layout_ to 'ms'. The implicit default is deprecated and slated to become an error in Python 3.19.
    struct_NV0000_CTRL_SYSTEM_GPS_FRM_DATA_SAMPLE._fields_ = [

tinyops/image/blur_test.py::test_blur_color[ksize0]
  /app/.venv/lib/python3.14/site-packages/tinygrad/runtime/autogen/nv_gpu.py:9630: DeprecationWarning: Due to '_pack_', the 'struct_NV0000_CTRL_SYSTEM_GPS_GET_FRM_DATA_PARAMS' Structure will use memory layout compatible with MSVC (Windows). If this is intended, set _layout_ to 'ms'. The implicit default is deprecated and slated to become an error in Python 3.19.
    struct_NV0000_CTRL_SYSTEM_GPS_GET_FRM_DATA_PARAMS._fields_ = [

tinyops/image/blur_test.py::test_blur_color[ksize0]
  /app/.venv/lib/python3.14/site-packages/tinygrad/runtime/autogen/nv_gpu.py:9637: DeprecationWarning: Due to '_pack_', the 'struct_NV0000_CTRL_SYSTEM_GPS_SET_FRM_DATA_PARAMS' Structure will use memory layout compatible with MSVC (Windows). If this is intended, set _layout_ to 'ms'. The implicit default is deprecated and slated to become an error in Python 3.19.
    class struct_NV0000_CTRL_SYSTEM_GPS_SET_FRM_DATA_PARAMS(Structure):

tinyops/image/blur_test.py::test_blur_color[ksize0]
  /app/.venv/lib/python3.14/site-packages/tinygrad/runtime/autogen/nv_gpu.py:9648: DeprecationWarning: Due to '_pack_', the 'struct_NV0000_CTRL_SYSTEM_GET_VGX_SYSTEM_INFO_PARAMS' Structure will use memory layout compatible with MSVC (Windows). If this is intended, set _layout_ to 'ms'. The implicit default is deprecated and slated to become an error in Python 3.19.
    struct_NV0000_CTRL_SYSTEM_GET_VGX_SYSTEM_INFO_PARAMS._fields_ = [

tinyops/image/blur_test.py::test_blur_color[ksize0]
  /app/.venv/lib/python3.14/site-packages/tinygrad/runtime/autogen/nv_gpu.py:9663: DeprecationWarning: Due to '_pack_', the 'struct_NV0000_CTRL_SYSTEM_GET_GPUS_POWER_STATUS_PARAMS' Structure will use memory layout compatible with MSVC (Windows). If this is intended, set _layout_ to 'ms'. The implicit default is deprecated and slated to become an error in Python 3.19.
    struct_NV0000_CTRL_SYSTEM_GET_GPUS_POWER_STATUS_PARAMS._fields_ = [

tinyops/image/blur_test.py::test_blur_color[ksize0]
  /app/.venv/lib/python3.14/site-packages/tinygrad/runtime/autogen/nv_gpu.py:9674: DeprecationWarning: Due to '_pack_', the 'struct_NV0000_CTRL_SYSTEM_GET_PRIVILEGED_STATUS_PARAMS' Structure will use memory layout compatible with MSVC (Windows). If this is intended, set _layout_ to 'ms'. The implicit default is deprecated and slated to become an error in Python 3.19.
    struct_NV0000_CTRL_SYSTEM_GET_PRIVILEGED_STATUS_PARAMS._fields_ = [

tinyops/image/blur_test.py::test_blur_color[ksize0]
  /app/.venv/lib/python3.14/site-packages/tinygrad/runtime/autogen/nv_gpu.py:9692: DeprecationWarning: Due to '_pack_', the 'struct_NV0000_CTRL_SYSTEM_GET_FABRIC_STATUS_PARAMS' Structure will use memory layout compatible with MSVC (Windows). If this is intended, set _layout_ to 'ms'. The implicit default is deprecated and slated to become an error in Python 3.19.
    class struct_NV0000_CTRL_SYSTEM_GET_FABRIC_STATUS_PARAMS(Structure):

tinyops/image/blur_test.py::test_blur_color[ksize0]
  /app/.venv/lib/python3.14/site-packages/tinygrad/runtime/autogen/nv_gpu.py:9703: DeprecationWarning: Due to '_pack_', the 'struct_NV0000_CTRL_VGPU_GET_VGPU_VERSION_PARAMS' Structure will use memory layout compatible with MSVC (Windows). If this is intended, set _layout_ to 'ms'. The implicit default is deprecated and slated to become an error in Python 3.19.
    struct_NV0000_CTRL_VGPU_GET_VGPU_VERSION_PARAMS._fields_ = [

tinyops/image/blur_test.py::test_blur_color[ksize0]
  /app/.venv/lib/python3.14/site-packages/tinygrad/runtime/autogen/nv_gpu.py:9715: DeprecationWarning: Due to '_pack_', the 'struct_NV0000_CTRL_VGPU_SET_VGPU_VERSION_PARAMS' Structure will use memory layout compatible with MSVC (Windows). If this is intended, set _layout_ to 'ms'. The implicit default is deprecated and slated to become an error in Python 3.19.
    struct_NV0000_CTRL_VGPU_SET_VGPU_VERSION_PARAMS._fields_ = [

tinyops/image/blur_test.py::test_blur_color[ksize0]
  /app/.venv/lib/python3.14/site-packages/tinygrad/runtime/autogen/nv_gpu.py:9725: DeprecationWarning: Due to '_pack_', the 'struct_NV0000_CTRL_SYSTEM_GET_RM_INSTANCE_ID_PARAMS' Structure will use memory layout compatible with MSVC (Windows). If this is intended, set _layout_ to 'ms'. The implicit default is deprecated and slated to become an error in Python 3.19.
    struct_NV0000_CTRL_SYSTEM_GET_RM_INSTANCE_ID_PARAMS._fields_ = [

tinyops/image/blur_test.py::test_blur_color[ksize0]
  /app/.venv/lib/python3.14/site-packages/tinygrad/runtime/autogen/nv_gpu.py:9734: DeprecationWarning: Due to '_pack_', the 'struct_NV0000_CTRL_CMD_SYSTEM_GET_SYSTEM_POWER_LIMIT' Structure will use memory layout compatible with MSVC (Windows). If this is intended, set _layout_ to 'ms'. The implicit default is deprecated and slated to become an error in Python 3.19.
    struct_NV0000_CTRL_CMD_SYSTEM_GET_SYSTEM_POWER_LIMIT._fields_ = [

tinyops/image/blur_test.py::test_blur_color[ksize0]
  /app/.venv/lib/python3.14/site-packages/tinygrad/runtime/autogen/nv_gpu.py:9752: DeprecationWarning: Due to '_pack_', the 'union_NV0000_CTRL_CMD_SYSTEM_NVPCF_GET_POWER_MODE_INFO_PARAMS_filterParam' Union will use memory layout compatible with MSVC (Windows). If this is intended, set _layout_ to 'ms'. The implicit default is deprecated and slated to become an error in Python 3.19.
    union_NV0000_CTRL_CMD_SYSTEM_NVPCF_GET_POWER_MODE_INFO_PARAMS_filterParam._fields_ = [

tinyops/image/blur_test.py::test_blur_color[ksize0]
  /app/.venv/lib/python3.14/site-packages/tinygrad/runtime/autogen/nv_gpu.py:9758: DeprecationWarning: Due to '_pack_', the 'struct_NV0000_CTRL_CMD_SYSTEM_NVPCF_GET_POWER_MODE_INFO_PARAMS' Structure will use memory layout compatible with MSVC (Windows). If this is intended, set _layout_ to 'ms'. The implicit default is deprecated and slated to become an error in Python 3.19.
    struct_NV0000_CTRL_CMD_SYSTEM_NVPCF_GET_POWER_MODE_INFO_PARAMS._fields_ = [

tinyops/image/blur_test.py::test_blur_color[ksize0]
  /app/.venv/lib/python3.14/site-packages/tinygrad/runtime/autogen/nv_gpu.py:9806: DeprecationWarning: Due to '_pack_', the 'struct_NV0000_CTRL_CMD_SYSTEM_SYNC_EXTERNAL_FABRIC_MGMT_PARAMS' Structure will use memory layout compatible with MSVC (Windows). If this is intended, set _layout_ to 'ms'. The implicit default is deprecated and slated to become an error in Python 3.19.
    struct_NV0000_CTRL_CMD_SYSTEM_SYNC_EXTERNAL_FABRIC_MGMT_PARAMS._fields_ = [

tinyops/image/blur_test.py::test_blur_color[ksize0]
  /app/.venv/lib/python3.14/site-packages/tinygrad/runtime/autogen/nv_gpu.py:9815: DeprecationWarning: Due to '_pack_', the 'struct_NV0000_CTRL_SYSTEM_GET_CLIENT_DATABASE_INFO_PARAMS' Structure will use memory layout compatible with MSVC (Windows). If this is intended, set _layout_ to 'ms'. The implicit default is deprecated and slated to become an error in Python 3.19.
    struct_NV0000_CTRL_SYSTEM_GET_CLIENT_DATABASE_INFO_PARAMS._fields_ = [

tinyops/image/blur_test.py::test_blur_color[ksize0]
  /app/.venv/lib/python3.14/site-packages/tinygrad/runtime/autogen/nv_gpu.py:9826: DeprecationWarning: Due to '_pack_', the 'struct_NV0000_CTRL_SYSTEM_GET_BUILD_VERSION_V2_PARAMS' Structure will use memory layout compatible with MSVC (Windows). If this is intended, set _layout_ to 'ms'. The implicit default is deprecated and slated to become an error in Python 3.19.
    struct_NV0000_CTRL_SYSTEM_GET_BUILD_VERSION_V2_PARAMS._fields_ = [

tinyops/image/blur_test.py::test_blur_color[ksize0]
  /app/.venv/lib/python3.14/site-packages/tinygrad/runtime/autogen/nv_gpu.py:9840: DeprecationWarning: Due to '_pack_', the 'struct_NV0000_CTRL_SYSTEM_RMCTRL_CACHE_MODE_CTRL_PARAMS' Structure will use memory layout compatible with MSVC (Windows). If this is intended, set _layout_ to 'ms'. The implicit default is deprecated and slated to become an error in Python 3.19.
    struct_NV0000_CTRL_SYSTEM_RMCTRL_CACHE_MODE_CTRL_PARAMS._fields_ = [

tinyops/image/blur_test.py::test_blur_color[ksize0]
  /app/.venv/lib/python3.14/site-packages/tinygrad/runtime/autogen/nv_gpu.py:9850: DeprecationWarning: Due to '_pack_', the 'struct_NV0000_CTRL_SYSTEM_PFM_REQ_HNDLR_CONTROL_PARAMS' Structure will use memory layout compatible with MSVC (Windows). If this is intended, set _layout_ to 'ms'. The implicit default is deprecated and slated to become an error in Python 3.19.
    struct_NV0000_CTRL_SYSTEM_PFM_REQ_HNDLR_CONTROL_PARAMS._fields_ = [

tinyops/image/blur_test.py::test_blur_color[ksize0]
  /app/.venv/lib/python3.14/site-packages/tinygrad/runtime/autogen/nv_gpu.py:9864: DeprecationWarning: Due to '_pack_', the 'struct_NV0000_CTRL_SYSTEM_PFM_REQ_HNDLR_BATCH_CONTROL_PARAMS_0' Structure will use memory layout compatible with MSVC (Windows). If this is intended, set _layout_ to 'ms'. The implicit default is deprecated and slated to become an error in Python 3.19.
    struct_NV0000_CTRL_SYSTEM_PFM_REQ_HNDLR_BATCH_CONTROL_PARAMS_0._fields_ = [

tinyops/image/blur_test.py::test_blur_color[ksize0]
  /app/.venv/lib/python3.14/site-packages/tinygrad/runtime/autogen/nv_gpu.py:9871: DeprecationWarning: Due to '_pack_', the 'struct_NV0000_CTRL_SYSTEM_PFM_REQ_HNDLR_BATCH_CONTROL_PARAMS' Structure will use memory layout compatible with MSVC (Windows). If this is intended, set _layout_ to 'ms'. The implicit default is deprecated and slated to become an error in Python 3.19.
    struct_NV0000_CTRL_SYSTEM_PFM_REQ_HNDLR_BATCH_CONTROL_PARAMS._fields_ = [

tinyops/image/blur_test.py::test_blur_color[ksize0]
  /app/.venv/lib/python3.14/site-packages/tinygrad/runtime/autogen/nv_gpu.py:9882: DeprecationWarning: Due to '_pack_', the 'struct_NV0000_CTRL_SYSTEM_PFM_REQ_HNDLR_CTRL_PARAMS' Structure will use memory layout compatible with MSVC (Windows). If this is intended, set _layout_ to 'ms'. The implicit default is deprecated and slated to become an error in Python 3.19.
    struct_NV0000_CTRL_SYSTEM_PFM_REQ_HNDLR_CTRL_PARAMS._fields_ = [

tinyops/image/blur_test.py::test_blur_color[ksize0]
  /app/.venv/lib/python3.14/site-packages/tinygrad/runtime/autogen/nv_gpu.py:9893: DeprecationWarning: Due to '_pack_', the 'struct_NV0000_CTRL_SYSTEM_PFM_REQ_HNDLR_GET_PERF_SENSOR_COUNTERS_PARAMS' Structure will use memory layout compatible with MSVC (Windows). If this is intended, set _layout_ to 'ms'. The implicit default is deprecated and slated to become an error in Python 3.19.
    struct_NV0000_CTRL_SYSTEM_PFM_REQ_HNDLR_GET_PERF_SENSOR_COUNTERS_PARAMS._fields_ = [

tinyops/image/blur_test.py::test_blur_color[ksize0]
  /app/.venv/lib/python3.14/site-packages/tinygrad/runtime/autogen/nv_gpu.py:9909: DeprecationWarning: Due to '_pack_', the 'struct_NV0000_CTRL_SYSTEM_PFM_REQ_HNDLR_CALL_ACPI_PARAMS' Structure will use memory layout compatible with MSVC (Windows). If this is intended, set _layout_ to 'ms'. The implicit default is deprecated and slated to become an error in Python 3.19.
    struct_NV0000_CTRL_SYSTEM_PFM_REQ_HNDLR_CALL_ACPI_PARAMS._fields_ = [

tinyops/image/blur_test.py::test_blur_color[ksize0]
  /app/.venv/lib/python3.14/site-packages/tinygrad/runtime/autogen/nv_gpu.py:9921: DeprecationWarning: Due to '_pack_', the 'struct_NV0000_CTRL_SYSTEM_PFM_REQ_HNDLR_FRM_DATA_SAMPLE' Structure will use memory layout compatible with MSVC (Windows). If this is intended, set _layout_ to 'ms'. The implicit default is deprecated and slated to become an error in Python 3.19.
    struct_NV0000_CTRL_SYSTEM_PFM_REQ_HNDLR_FRM_DATA_SAMPLE._fields_ = [

tinyops/image/blur_test.py::test_blur_color[ksize0]
  /app/.venv/lib/python3.14/site-packages/tinygrad/runtime/autogen/nv_gpu.py:9934: DeprecationWarning: Due to '_pack_', the 'struct_NV0000_CTRL_SYSTEM_PFM_REQ_HNDLR_GET_FRM_DATA_PARAMS' Structure will use memory layout compatible with MSVC (Windows). If this is intended, set _layout_ to 'ms'. The implicit default is deprecated and slated to become an error in Python 3.19.
    struct_NV0000_CTRL_SYSTEM_PFM_REQ_HNDLR_GET_FRM_DATA_PARAMS._fields_ = [

tinyops/image/blur_test.py::test_blur_color[ksize0]
  /app/.venv/lib/python3.14/site-packages/tinygrad/runtime/autogen/nv_gpu.py:9941: DeprecationWarning: Due to '_pack_', the 'struct_NV0000_CTRL_SYSTEM_PFM_REQ_HNDLR_SET_FRM_DATA_PARAMS' Structure will use memory layout compatible with MSVC (Windows). If this is intended, set _layout_ to 'ms'. The implicit default is deprecated and slated to become an error in Python 3.19.
    class struct_NV0000_CTRL_SYSTEM_PFM_REQ_HNDLR_SET_FRM_DATA_PARAMS(Structure):

tinyops/image/blur_test.py::test_blur_color[ksize0]
  /app/.venv/lib/python3.14/site-packages/tinygrad/runtime/autogen/nv_gpu.py:9952: DeprecationWarning: Due to '_pack_', the 'struct_NV0000_CTRL_GPU_GET_ATTACHED_IDS_PARAMS' Structure will use memory layout compatible with MSVC (Windows). If this is intended, set _layout_ to 'ms'. The implicit default is deprecated and slated to become an error in Python 3.19.
    struct_NV0000_CTRL_GPU_GET_ATTACHED_IDS_PARAMS._fields_ = [

tinyops/image/blur_test.py::test_blur_color[ksize0]
  /app/.venv/lib/python3.14/site-packages/tinygrad/runtime/autogen/nv_gpu.py:9961: DeprecationWarning: Due to '_pack_', the 'struct_NV0000_CTRL_GPU_GET_ID_INFO_PARAMS' Structure will use memory layout compatible with MSVC (Windows). If this is intended, set _layout_ to 'ms'. The implicit default is deprecated and slated to become an error in Python 3.19.
    struct_NV0000_CTRL_GPU_GET_ID_INFO_PARAMS._fields_ = [

tinyops/image/blur_test.py::test_blur_color[ksize0]
  /app/.venv/lib/python3.14/site-packages/tinygrad/runtime/autogen/nv_gpu.py:9978: DeprecationWarning: Due to '_pack_', the 'struct_NV0000_CTRL_GPU_GET_ID_INFO_V2_PARAMS' Structure will use memory layout compatible with MSVC (Windows). If this is intended, set _layout_ to 'ms'. The implicit default is deprecated and slated to become an error in Python 3.19.
    struct_NV0000_CTRL_GPU_GET_ID_INFO_V2_PARAMS._fields_ = [

tinyops/image/blur_test.py::test_blur_color[ksize0]
  /app/.venv/lib/python3.14/site-packages/tinygrad/runtime/autogen/nv_gpu.py:9994: DeprecationWarning: Due to '_pack_', the 'struct_NV0000_CTRL_GPU_GET_INIT_STATUS_PARAMS' Structure will use memory layout compatible with MSVC (Windows). If this is intended, set _layout_ to 'ms'. The implicit default is deprecated and slated to become an error in Python 3.19.
    struct_NV0000_CTRL_GPU_GET_INIT_STATUS_PARAMS._fields_ = [

tinyops/image/blur_test.py::test_blur_color[ksize0]
  /app/.venv/lib/python3.14/site-packages/tinygrad/runtime/autogen/nv_gpu.py:10004: DeprecationWarning: Due to '_pack_', the 'struct_NV0000_CTRL_GPU_GET_DEVICE_IDS_PARAMS' Structure will use memory layout compatible with MSVC (Windows). If this is intended, set _layout_ to 'ms'. The implicit default is deprecated and slated to become an error in Python 3.19.
    struct_NV0000_CTRL_GPU_GET_DEVICE_IDS_PARAMS._fields_ = [

tinyops/image/blur_test.py::test_blur_color[ksize0]
  /app/.venv/lib/python3.14/site-packages/tinygrad/runtime/autogen/nv_gpu.py:10013: DeprecationWarning: Due to '_pack_', the 'struct_NV0000_CTRL_GPU_GET_PROBED_IDS_PARAMS' Structure will use memory layout compatible with MSVC (Windows). If this is intended, set _layout_ to 'ms'. The implicit default is deprecated and slated to become an error in Python 3.19.
    struct_NV0000_CTRL_GPU_GET_PROBED_IDS_PARAMS._fields_ = [

tinyops/image/blur_test.py::test_blur_color[ksize0]
  /app/.venv/lib/python3.14/site-packages/tinygrad/runtime/autogen/nv_gpu.py:10023: DeprecationWarning: Due to '_pack_', the 'struct_NV0000_CTRL_GPU_GET_PCI_INFO_PARAMS' Structure will use memory layout compatible with MSVC (Windows). If this is intended, set _layout_ to 'ms'. The implicit default is deprecated and slated to become an error in Python 3.19.
    struct_NV0000_CTRL_GPU_GET_PCI_INFO_PARAMS._fields_ = [

tinyops/image/blur_test.py::test_blur_color[ksize0]
  /app/.venv/lib/python3.14/site-packages/tinygrad/runtime/autogen/nv_gpu.py:10035: DeprecationWarning: Due to '_pack_', the 'struct_NV0000_CTRL_GPU_ATTACH_IDS_PARAMS' Structure will use memory layout compatible with MSVC (Windows). If this is intended, set _layout_ to 'ms'. The implicit default is deprecated and slated to become an error in Python 3.19.
    struct_NV0000_CTRL_GPU_ATTACH_IDS_PARAMS._fields_ = [

tinyops/image/blur_test.py::test_blur_color[ksize0]
  /app/.venv/lib/python3.14/site-packages/tinygrad/runtime/autogen/nv_gpu.py:10045: DeprecationWarning: Due to '_pack_', the 'struct_NV0000_CTRL_GPU_DETACH_IDS_PARAMS' Structure will use memory layout compatible with MSVC (Windows). If this is intended, set _layout_ to 'ms'. The implicit default is deprecated and slated to become an error in Python 3.19.
    struct_NV0000_CTRL_GPU_DETACH_IDS_PARAMS._fields_ = [

tinyops/image/blur_test.py::test_blur_color[ksize0]
  /app/.venv/lib/python3.14/site-packages/tinygrad/runtime/autogen/nv_gpu.py:10054: DeprecationWarning: Due to '_pack_', the 'struct_NV0000_CTRL_GPU_VIDEO_LINKS' Structure will use memory layout compatible with MSVC (Windows). If this is intended, set _layout_ to 'ms'. The implicit default is deprecated and slated to become an error in Python 3.19.
    struct_NV0000_CTRL_GPU_VIDEO_LINKS._fields_ = [

tinyops/image/blur_test.py::test_blur_color[ksize0]
  /app/.venv/lib/python3.14/site-packages/tinygrad/runtime/autogen/nv_gpu.py:10060: DeprecationWarning: Due to '_pack_', the 'struct_NV0000_CTRL_GPU_GET_VIDEO_LINKS_PARAMS' Structure will use memory layout compatible with MSVC (Windows). If this is intended, set _layout_ to 'ms'. The implicit default is deprecated and slated to become an error in Python 3.19.
    class struct_NV0000_CTRL_GPU_GET_VIDEO_LINKS_PARAMS(Structure):

tinyops/image/blur_test.py::test_blur_color[ksize0]
  /app/.venv/lib/python3.14/site-packages/tinygrad/runtime/autogen/nv_gpu.py:10071: DeprecationWarning: Due to '_pack_', the 'struct_NV0000_CTRL_GPU_GET_SVM_SIZE_PARAMS' Structure will use memory layout compatible with MSVC (Windows). If this is intended, set _layout_ to 'ms'. The implicit default is deprecated and slated to become an error in Python 3.19.
    struct_NV0000_CTRL_GPU_GET_SVM_SIZE_PARAMS._fields_ = [

tinyops/image/blur_test.py::test_blur_color[ksize0]
  /app/.venv/lib/python3.14/site-packages/tinygrad/runtime/autogen/nv_gpu.py:10081: DeprecationWarning: Due to '_pack_', the 'struct_NV0000_CTRL_GPU_GET_UUID_INFO_PARAMS' Structure will use memory layout compatible with MSVC (Windows). If this is intended, set _layout_ to 'ms'. The implicit default is deprecated and slated to become an error in Python 3.19.
    struct_NV0000_CTRL_GPU_GET_UUID_INFO_PARAMS._fields_ = [

tinyops/image/blur_test.py::test_blur_color[ksize0]
  /app/.venv/lib/python3.14/site-packages/tinygrad/runtime/autogen/nv_gpu.py:10094: DeprecationWarning: Due to '_pack_', the 'struct_NV0000_CTRL_GPU_GET_UUID_FROM_GPU_ID_PARAMS' Structure will use memory layout compatible with MSVC (Windows). If this is intended, set _layout_ to 'ms'. The implicit default is deprecated and slated to become an error in Python 3.19.
    struct_NV0000_CTRL_GPU_GET_UUID_FROM_GPU_ID_PARAMS._fields_ = [

tinyops/image/blur_test.py::test_blur_color[ksize0]
  /app/.venv/lib/python3.14/site-packages/tinygrad/runtime/autogen/nv_gpu.py:10106: DeprecationWarning: Due to '_pack_', the 'struct_NV0000_CTRL_GPU_MODIFY_DRAIN_STATE_PARAMS' Structure will use memory layout compatible with MSVC (Windows). If this is intended, set _layout_ to 'ms'. The implicit default is deprecated and slated to become an error in Python 3.19.
    struct_NV0000_CTRL_GPU_MODIFY_DRAIN_STATE_PARAMS._fields_ = [

tinyops/image/blur_test.py::test_blur_color[ksize0]
  /app/.venv/lib/python3.14/site-packages/tinygrad/runtime/autogen/nv_gpu.py:10117: DeprecationWarning: Due to '_pack_', the 'struct_NV0000_CTRL_GPU_QUERY_DRAIN_STATE_PARAMS' Structure will use memory layout compatible with MSVC (Windows). If this is intended, set _layout_ to 'ms'. The implicit default is deprecated and slated to become an error in Python 3.19.
    struct_NV0000_CTRL_GPU_QUERY_DRAIN_STATE_PARAMS._fields_ = [

tinyops/image/blur_test.py::test_blur_color[ksize0]
  /app/.venv/lib/python3.14/site-packages/tinygrad/runtime/autogen/nv_gpu.py:10128: DeprecationWarning: Due to '_pack_', the 'struct_NV0000_CTRL_GPU_DISCOVER_PARAMS' Structure will use memory layout compatible with MSVC (Windows). If this is intended, set _layout_ to 'ms'. The implicit default is deprecated and slated to become an error in Python 3.19.
    struct_NV0000_CTRL_GPU_DISCOVER_PARAMS._fields_ = [

tinyops/image/blur_test.py::test_blur_color[ksize0]
  /app/.venv/lib/python3.14/site-packages/tinygrad/runtime/autogen/nv_gpu.py:10141: DeprecationWarning: Due to '_pack_', the 'struct_NV0000_CTRL_GPU_GET_MEMOP_ENABLE_PARAMS' Structure will use memory layout compatible with MSVC (Windows). If this is intended, set _layout_ to 'ms'. The implicit default is deprecated and slated to become an error in Python 3.19.
    struct_NV0000_CTRL_GPU_GET_MEMOP_ENABLE_PARAMS._fields_ = [

tinyops/image/blur_test.py::test_blur_color[ksize0]
  /app/.venv/lib/python3.14/site-packages/tinygrad/runtime/autogen/nv_gpu.py:10150: DeprecationWarning: Due to '_pack_', the 'struct_NV0000_CTRL_GPU_DISABLE_NVLINK_INIT_PARAMS' Structure will use memory layout compatible with MSVC (Windows). If this is intended, set _layout_ to 'ms'. The implicit default is deprecated and slated to become an error in Python 3.19.
    struct_NV0000_CTRL_GPU_DISABLE_NVLINK_INIT_PARAMS._fields_ = [

tinyops/image/blur_test.py::test_blur_color[ksize0]
  /app/.venv/lib/python3.14/site-packages/tinygrad/runtime/autogen/nv_gpu.py:10168: DeprecationWarning: Due to '_pack_', the 'struct_NV0000_CTRL_GPU_LEGACY_CONFIG_PARAMS_0_configSet' Structure will use memory layout compatible with MSVC (Windows). If this is intended, set _layout_ to 'ms'. The implicit default is deprecated and slated to become an error in Python 3.19.
    struct_NV0000_CTRL_GPU_LEGACY_CONFIG_PARAMS_0_configSet._fields_ = [

tinyops/image/blur_test.py::test_blur_color[ksize0]
  /app/.venv/lib/python3.14/site-packages/tinygrad/runtime/autogen/nv_gpu.py:10177: DeprecationWarning: Due to '_pack_', the 'struct_NV0000_CTRL_GPU_LEGACY_CONFIG_PARAMS_0_configEx' Structure will use memory layout compatible with MSVC (Windows). If this is intended, set _layout_ to 'ms'. The implicit default is deprecated and slated to become an error in Python 3.19.
    struct_NV0000_CTRL_GPU_LEGACY_CONFIG_PARAMS_0_configEx._fields_ = [

tinyops/image/blur_test.py::test_blur_color[ksize0]
  /app/.venv/lib/python3.14/site-packages/tinygrad/runtime/autogen/nv_gpu.py:10187: DeprecationWarning: Due to '_pack_', the 'struct_NV0000_CTRL_GPU_LEGACY_CONFIG_PARAMS_0_reservedProperty' Structure will use memory layout compatible with MSVC (Windows). If this is intended, set _layout_ to 'ms'. The implicit default is deprecated and slated to become an error in Python 3.19.
    struct_NV0000_CTRL_GPU_LEGACY_CONFIG_PARAMS_0_reservedProperty._fields_ = [

tinyops/image/blur_test.py::test_blur_color[ksize0]
  /app/.venv/lib/python3.14/site-packages/tinygrad/runtime/autogen/nv_gpu.py:10194: DeprecationWarning: Due to '_pack_', the 'union_NV0000_CTRL_GPU_LEGACY_CONFIG_PARAMS_data' Union will use memory layout compatible with MSVC (Windows). If this is intended, set _layout_ to 'ms'. The implicit default is deprecated and slated to become an error in Python 3.19.
    union_NV0000_CTRL_GPU_LEGACY_CONFIG_PARAMS_data._fields_ = [

tinyops/image/blur_test.py::test_blur_color[ksize0]
  /app/.venv/lib/python3.14/site-packages/tinygrad/runtime/autogen/nv_gpu.py:10202: DeprecationWarning: Due to '_pack_', the 'struct_NV0000_CTRL_GPU_LEGACY_CONFIG_PARAMS' Structure will use memory layout compatible with MSVC (Windows). If this is intended, set _layout_ to 'ms'. The implicit default is deprecated and slated to become an error in Python 3.19.
    struct_NV0000_CTRL_GPU_LEGACY_CONFIG_PARAMS._fields_ = [

tinyops/image/blur_test.py::test_blur_color[ksize0]
  /app/.venv/lib/python3.14/site-packages/tinygrad/runtime/autogen/nv_gpu.py:10215: DeprecationWarning: Due to '_pack_', the 'struct_NV0000_CTRL_GPU_IDLE_CHANNELS_PARAMS' Structure will use memory layout compatible with MSVC (Windows). If this is intended, set _layout_ to 'ms'. The implicit default is deprecated and slated to become an error in Python 3.19.
    struct_NV0000_CTRL_GPU_IDLE_CHANNELS_PARAMS._fields_ = [

tinyops/image/blur_test.py::test_blur_color[ksize0]
  /app/.venv/lib/python3.14/site-packages/tinygrad/runtime/autogen/nv_gpu.py:10232: DeprecationWarning: Due to '_pack_', the 'struct_NV0000_CTRL_GPU_PUSH_UCODE_IMAGE_PARAMS' Structure will use memory layout compatible with MSVC (Windows). If this is intended, set _layout_ to 'ms'. The implicit default is deprecated and slated to become an error in Python 3.19.
    struct_NV0000_CTRL_GPU_PUSH_UCODE_IMAGE_PARAMS._fields_ = [

tinyops/image/blur_test.py::test_blur_color[ksize0]
  /app/.venv/lib/python3.14/site-packages/tinygrad/runtime/autogen/nv_gpu.py:10244: DeprecationWarning: Due to '_pack_', the 'struct_NV0000_CTRL_GPU_SET_NVLINK_BW_MODE_PARAMS' Structure will use memory layout compatible with MSVC (Windows). If this is intended, set _layout_ to 'ms'. The implicit default is deprecated and slated to become an error in Python 3.19.
    struct_NV0000_CTRL_GPU_SET_NVLINK_BW_MODE_PARAMS._fields_ = [

tinyops/image/blur_test.py::test_blur_color[ksize0]
  /app/.venv/lib/python3.14/site-packages/tinygrad/runtime/autogen/nv_gpu.py:10253: DeprecationWarning: Due to '_pack_', the 'struct_NV0000_CTRL_GPU_GET_NVLINK_BW_MODE_PARAMS' Structure will use memory layout compatible with MSVC (Windows). If this is intended, set _layout_ to 'ms'. The implicit default is deprecated and slated to become an error in Python 3.19.
    struct_NV0000_CTRL_GPU_GET_NVLINK_BW_MODE_PARAMS._fields_ = [

tinyops/image/blur_test.py::test_blur_color[ksize0]
  /app/.venv/lib/python3.14/site-packages/tinygrad/runtime/autogen/nv_gpu.py:10263: DeprecationWarning: Due to '_pack_', the 'struct_NV0000_CTRL_GPU_ACTIVE_DEVICE' Structure will use memory layout compatible with MSVC (Windows). If this is intended, set _layout_ to 'ms'. The implicit default is deprecated and slated to become an error in Python 3.19.
    struct_NV0000_CTRL_GPU_ACTIVE_DEVICE._fields_ = [

tinyops/image/blur_test.py::test_blur_color[ksize0]
  /app/.venv/lib/python3.14/site-packages/tinygrad/runtime/autogen/nv_gpu.py:10274: DeprecationWarning: Due to '_pack_', the 'struct_NV0000_CTRL_GPU_GET_ACTIVE_DEVICE_IDS_PARAMS' Structure will use memory layout compatible with MSVC (Windows). If this is intended, set _layout_ to 'ms'. The implicit default is deprecated and slated to become an error in Python 3.19.
    struct_NV0000_CTRL_GPU_GET_ACTIVE_DEVICE_IDS_PARAMS._fields_ = [

tinyops/image/blur_test.py::test_blur_color[ksize0]
  /app/.venv/lib/python3.14/site-packages/tinygrad/runtime/autogen/nv_gpu.py:10284: DeprecationWarning: Due to '_pack_', the 'struct_NV0000_CTRL_GPU_ASYNC_ATTACH_ID_PARAMS' Structure will use memory layout compatible with MSVC (Windows). If this is intended, set _layout_ to 'ms'. The implicit default is deprecated and slated to become an error in Python 3.19.
    struct_NV0000_CTRL_GPU_ASYNC_ATTACH_ID_PARAMS._fields_ = [

tinyops/image/blur_test.py::test_blur_color[ksize0]
  /app/.venv/lib/python3.14/site-packages/tinygrad/runtime/autogen/nv_gpu.py:10293: DeprecationWarning: Due to '_pack_', the 'struct_NV0000_CTRL_GPU_WAIT_ATTACH_ID_PARAMS' Structure will use memory layout compatible with MSVC (Windows). If this is intended, set _layout_ to 'ms'. The implicit default is deprecated and slated to become an error in Python 3.19.
    struct_NV0000_CTRL_GPU_WAIT_ATTACH_ID_PARAMS._fields_ = [

tinyops/image/blur_test.py::test_blur_color[ksize0]
  /app/.venv/lib/python3.14/site-packages/tinygrad/runtime/autogen/nv_gpu.py:10315: DeprecationWarning: Due to '_pack_', the 'struct_NV0000_CTRL_GPUACCT_SET_ACCOUNTING_STATE_PARAMS' Structure will use memory layout compatible with MSVC (Windows). If this is intended, set _layout_ to 'ms'. The implicit default is deprecated and slated to become an error in Python 3.19.
    struct_NV0000_CTRL_GPUACCT_SET_ACCOUNTING_STATE_PARAMS._fields_ = [

tinyops/image/blur_test.py::test_blur_color[ksize0]
  /app/.venv/lib/python3.14/site-packages/tinygrad/runtime/autogen/nv_gpu.py:10326: DeprecationWarning: Due to '_pack_', the 'struct_NV0000_CTRL_GPUACCT_GET_ACCOUNTING_STATE_PARAMS' Structure will use memory layout compatible with MSVC (Windows). If this is intended, set _layout_ to 'ms'. The implicit default is deprecated and slated to become an error in Python 3.19.
    struct_NV0000_CTRL_GPUACCT_GET_ACCOUNTING_STATE_PARAMS._fields_ = [

tinyops/image/blur_test.py::test_blur_color[ksize0]
  /app/.venv/lib/python3.14/site-packages/tinygrad/runtime/autogen/nv_gpu.py:10337: DeprecationWarning: Due to '_pack_', the 'struct_NV0000_CTRL_GPUACCT_GET_PROC_ACCOUNTING_INFO_PARAMS' Structure will use memory layout compatible with MSVC (Windows). If this is intended, set _layout_ to 'ms'. The implicit default is deprecated and slated to become an error in Python 3.19.
    struct_NV0000_CTRL_GPUACCT_GET_PROC_ACCOUNTING_INFO_PARAMS._fields_ = [

tinyops/image/blur_test.py::test_blur_color[ksize0]
  /app/.venv/lib/python3.14/site-packages/tinygrad/runtime/autogen/nv_gpu.py:10354: DeprecationWarning: Due to '_pack_', the 'struct_NV0000_CTRL_GPUACCT_GET_ACCOUNTING_PIDS_PARAMS' Structure will use memory layout compatible with MSVC (Windows). If this is intended, set _layout_ to 'ms'. The implicit default is deprecated and slated to become an error in Python 3.19.
    struct_NV0000_CTRL_GPUACCT_GET_ACCOUNTING_PIDS_PARAMS._fields_ = [

tinyops/image/blur_test.py::test_blur_color[ksize0]
  /app/.venv/lib/python3.14/site-packages/tinygrad/runtime/autogen/nv_gpu.py:10366: DeprecationWarning: Due to '_pack_', the 'struct_NV0000_CTRL_GPUACCT_CLEAR_ACCOUNTING_DATA_PARAMS' Structure will use memory layout compatible with MSVC (Windows). If this is intended, set _layout_ to 'ms'. The implicit default is deprecated and slated to become an error in Python 3.19.
    struct_NV0000_CTRL_GPUACCT_CLEAR_ACCOUNTING_DATA_PARAMS._fields_ = [

tinyops/image/blur_test.py::test_blur_color[ksize0]
  /app/.venv/lib/python3.14/site-packages/tinygrad/runtime/autogen/nv_gpu.py:10381: DeprecationWarning: Due to '_pack_', the 'struct_NV0000_CTRL_GSYNC_GET_ATTACHED_IDS_PARAMS' Structure will use memory layout compatible with MSVC (Windows). If this is intended, set _layout_ to 'ms'. The implicit default is deprecated and slated to become an error in Python 3.19.
    struct_NV0000_CTRL_GSYNC_GET_ATTACHED_IDS_PARAMS._fields_ = [

tinyops/image/blur_test.py::test_blur_color[ksize0]
  /app/.venv/lib/python3.14/site-packages/tinygrad/runtime/autogen/nv_gpu.py:10390: DeprecationWarning: Due to '_pack_', the 'struct_NV0000_CTRL_GSYNC_GET_ID_INFO_PARAMS' Structure will use memory layout compatible with MSVC (Windows). If this is intended, set _layout_ to 'ms'. The implicit default is deprecated and slated to become an error in Python 3.19.
    struct_NV0000_CTRL_GSYNC_GET_ID_INFO_PARAMS._fields_ = [

tinyops/image/blur_test.py::test_blur_color[ksize0]
  /app/.venv/lib/python3.14/site-packages/tinygrad/runtime/autogen/nv_gpu.py:10491: DeprecationWarning: Due to '_pack_', the 'struct_NV0000_CTRL_NVD_GET_DUMP_SIZE_PARAMS' Structure will use memory layout compatible with MSVC (Windows). If this is intended, set _layout_ to 'ms'. The implicit default is deprecated and slated to become an error in Python 3.19.
    struct_NV0000_CTRL_NVD_GET_DUMP_SIZE_PARAMS._fields_ = [

tinyops/image/blur_test.py::test_blur_color[ksize0]
  /app/.venv/lib/python3.14/site-packages/tinygrad/runtime/autogen/nv_gpu.py:10501: DeprecationWarning: Due to '_pack_', the 'struct_NV0000_CTRL_NVD_GET_DUMP_PARAMS' Structure will use memory layout compatible with MSVC (Windows). If this is intended, set _layout_ to 'ms'. The implicit default is deprecated and slated to become an error in Python 3.19.
    struct_NV0000_CTRL_NVD_GET_DUMP_PARAMS._fields_ = [

tinyops/image/blur_test.py::test_blur_color[ksize0]
  /app/.venv/lib/python3.14/site-packages/tinygrad/runtime/autogen/nv_gpu.py:10512: DeprecationWarning: Due to '_pack_', the 'struct_NV0000_CTRL_NVD_GET_TIMESTAMP_PARAMS' Structure will use memory layout compatible with MSVC (Windows). If this is intended, set _layout_ to 'ms'. The implicit default is deprecated and slated to become an error in Python 3.19.
    struct_NV0000_CTRL_NVD_GET_TIMESTAMP_PARAMS._fields_ = [

tinyops/image/blur_test.py::test_blur_color[ksize0]
  /app/.venv/lib/python3.14/site-packages/tinygrad/runtime/autogen/nv_gpu.py:10523: DeprecationWarning: Due to '_pack_', the 'struct_NV0000_CTRL_NVD_GET_NVLOG_INFO_PARAMS' Structure will use memory layout compatible with MSVC (Windows). If this is intended, set _layout_ to 'ms'. The implicit default is deprecated and slated to become an error in Python 3.19.
    struct_NV0000_CTRL_NVD_GET_NVLOG_INFO_PARAMS._fields_ = [

tinyops/image/blur_test.py::test_blur_color[ksize0]
  /app/.venv/lib/python3.14/site-packages/tinygrad/runtime/autogen/nv_gpu.py:10537: DeprecationWarning: Due to '_pack_', the 'struct_NV0000_CTRL_NVD_GET_NVLOG_BUFFER_INFO_PARAMS' Structure will use memory layout compatible with MSVC (Windows). If this is intended, set _layout_ to 'ms'. The implicit default is deprecated and slated to become an error in Python 3.19.
    struct_NV0000_CTRL_NVD_GET_NVLOG_BUFFER_INFO_PARAMS._fields_ = [

tinyops/image/blur_test.py::test_blur_color[ksize0]
  /app/.venv/lib/python3.14/site-packages/tinygrad/runtime/autogen/nv_gpu.py:10552: DeprecationWarning: Due to '_pack_', the 'struct_NV0000_CTRL_NVD_GET_NVLOG_PARAMS' Structure will use memory layout compatible with MSVC (Windows). If this is intended, set _layout_ to 'ms'. The implicit default is deprecated and slated to become an error in Python 3.19.
    struct_NV0000_CTRL_NVD_GET_NVLOG_PARAMS._fields_ = [

tinyops/image/blur_test.py::test_blur_color[ksize0]
  /app/.venv/lib/python3.14/site-packages/tinygrad/runtime/autogen/nv_gpu.py:10565: DeprecationWarning: Due to '_pack_', the 'struct_NV0000_CTRL_CMD_NVD_RCERR_RPT_REG_ENTRY' Structure will use memory layout compatible with MSVC (Windows). If this is intended, set _layout_ to 'ms'. The implicit default is deprecated and slated to become an error in Python 3.19.
    struct_NV0000_CTRL_CMD_NVD_RCERR_RPT_REG_ENTRY._fields_ = [

tinyops/image/blur_test.py::test_blur_color[ksize0]
  /app/.venv/lib/python3.14/site-packages/tinygrad/runtime/autogen/nv_gpu.py:10576: DeprecationWarning: Due to '_pack_', the 'struct_NV0000_CTRL_CMD_NVD_GET_RCERR_RPT_PARAMS' Structure will use memory layout compatible with MSVC (Windows). If this is intended, set _layout_ to 'ms'. The implicit default is deprecated and slated to become an error in Python 3.19.
    struct_NV0000_CTRL_CMD_NVD_GET_RCERR_RPT_PARAMS._fields_ = [

tinyops/image/blur_test.py::test_blur_color[ksize0]
  /app/.venv/lib/python3.14/site-packages/tinygrad/runtime/autogen/nv_gpu.py:10598: DeprecationWarning: Due to '_pack_', the 'struct_NV0000_CTRL_NVD_GET_DPC_ISR_TS_PARAMS' Structure will use memory layout compatible with MSVC (Windows). If this is intended, set _layout_ to 'ms'. The implicit default is deprecated and slated to become an error in Python 3.19.
    struct_NV0000_CTRL_NVD_GET_DPC_ISR_TS_PARAMS._fields_ = [

tinyops/image/blur_test.py::test_blur_color[ksize0]
  /app/.venv/lib/python3.14/site-packages/tinygrad/runtime/autogen/nv_gpu.py:10613: DeprecationWarning: Due to '_pack_', the 'struct_NV0000_CTRL_SET_SUB_PROCESS_ID_PARAMS' Structure will use memory layout compatible with MSVC (Windows). If this is intended, set _layout_ to 'ms'. The implicit default is deprecated and slated to become an error in Python 3.19.
    struct_NV0000_CTRL_SET_SUB_PROCESS_ID_PARAMS._fields_ = [

tinyops/image/blur_test.py::test_blur_color[ksize0]
  /app/.venv/lib/python3.14/site-packages/tinygrad/runtime/autogen/nv_gpu.py:10623: DeprecationWarning: Due to '_pack_', the 'struct_NV0000_CTRL_DISABLE_SUB_PROCESS_USERD_ISOLATION_PARAMS' Structure will use memory layout compatible with MSVC (Windows). If this is intended, set _layout_ to 'ms'. The implicit default is deprecated and slated to become an error in Python 3.19.
    struct_NV0000_CTRL_DISABLE_SUB_PROCESS_USERD_ISOLATION_PARAMS._fields_ = [

tinyops/image/blur_test.py::test_blur_color[ksize0]
  /app/.venv/lib/python3.14/site-packages/tinygrad/runtime/autogen/nv_gpu.py:10642: DeprecationWarning: Due to '_pack_', the 'struct_NV0000_SYNC_GPU_BOOST_INFO_PARAMS' Structure will use memory layout compatible with MSVC (Windows). If this is intended, set _layout_ to 'ms'. The implicit default is deprecated and slated to become an error in Python 3.19.
    struct_NV0000_SYNC_GPU_BOOST_INFO_PARAMS._fields_ = [

tinyops/image/blur_test.py::test_blur_color[ksize0]
  /app/.venv/lib/python3.14/site-packages/tinygrad/runtime/autogen/nv_gpu.py:10651: DeprecationWarning: Due to '_pack_', the 'struct_NV0000_SYNC_GPU_BOOST_GROUP_CONFIG' Structure will use memory layout compatible with MSVC (Windows). If this is intended, set _layout_ to 'ms'. The implicit default is deprecated and slated to become an error in Python 3.19.
    struct_NV0000_SYNC_GPU_BOOST_GROUP_CONFIG._fields_ = [

tinyops/image/blur_test.py::test_blur_color[ksize0]
  /app/.venv/lib/python3.14/site-packages/tinygrad/runtime/autogen/nv_gpu.py:10660: DeprecationWarning: Due to '_pack_', the 'struct_NV0000_SYNC_GPU_BOOST_GROUP_CREATE_PARAMS' Structure will use memory layout compatible with MSVC (Windows). If this is intended, set _layout_ to 'ms'. The implicit default is deprecated and slated to become an error in Python 3.19.
    class struct_NV0000_SYNC_GPU_BOOST_GROUP_CREATE_PARAMS(Structure):

tinyops/image/blur_test.py::test_blur_color[ksize0]
  /app/.venv/lib/python3.14/site-packages/tinygrad/runtime/autogen/nv_gpu.py:10671: DeprecationWarning: Due to '_pack_', the 'struct_NV0000_SYNC_GPU_BOOST_GROUP_DESTROY_PARAMS' Structure will use memory layout compatible with MSVC (Windows). If this is intended, set _layout_ to 'ms'. The implicit default is deprecated and slated to become an error in Python 3.19.
    struct_NV0000_SYNC_GPU_BOOST_GROUP_DESTROY_PARAMS._fields_ = [

tinyops/image/blur_test.py::test_blur_color[ksize0]
  /app/.venv/lib/python3.14/site-packages/tinygrad/runtime/autogen/nv_gpu.py:10680: DeprecationWarning: Due to '_pack_', the 'struct_NV0000_SYNC_GPU_BOOST_GROUP_INFO_PARAMS' Structure will use memory layout compatible with MSVC (Windows). If this is intended, set _layout_ to 'ms'. The implicit default is deprecated and slated to become an error in Python 3.19.
    struct_NV0000_SYNC_GPU_BOOST_GROUP_INFO_PARAMS._fields_ = [

tinyops/image/blur_test.py::test_blur_color[ksize0]
  /app/.venv/lib/python3.14/site-packages/tinygrad/runtime/autogen/nv_gpu.py:10722: DeprecationWarning: Due to '_pack_', the 'struct_NV0000_CTRL_OS_UNIX_FLUSH_USER_CACHE_PARAMS' Structure will use memory layout compatible with MSVC (Windows). If this is intended, set _layout_ to 'ms'. The implicit default is deprecated and slated to become an error in Python 3.19.
    struct_NV0000_CTRL_OS_UNIX_FLUSH_USER_CACHE_PARAMS._fields_ = [

tinyops/image/blur_test.py::test_blur_color[ksize0]
  /app/.venv/lib/python3.14/site-packages/tinygrad/runtime/autogen/nv_gpu.py:10737: DeprecationWarning: Due to '_pack_', the 'struct_NV0000_CTRL_OS_UNIX_GET_CONTROL_FILE_DESCRIPTOR_PARAMS' Structure will use memory layout compatible with MSVC (Windows). If this is intended, set _layout_ to 'ms'. The implicit default is deprecated and slated to become an error in Python 3.19.
    struct_NV0000_CTRL_OS_UNIX_GET_CONTROL_FILE_DESCRIPTOR_PARAMS._fields_ = [

tinyops/image/blur_test.py::test_blur_color[ksize0]
  /app/.venv/lib/python3.14/site-packages/tinygrad/runtime/autogen/nv_gpu.py:10761: DeprecationWarning: Due to '_pack_', the 'struct_NV0000_CTRL_OS_UNIX_EXPORT_OBJECT_0_rmObject' Structure will use memory layout compatible with MSVC (Windows). If this is intended, set _layout_ to 'ms'. The implicit default is deprecated and slated to become an error in Python 3.19.
    struct_NV0000_CTRL_OS_UNIX_EXPORT_OBJECT_0_rmObject._fields_ = [

tinyops/image/blur_test.py::test_blur_color[ksize0]
  /app/.venv/lib/python3.14/site-packages/tinygrad/runtime/autogen/nv_gpu.py:10768: DeprecationWarning: Due to '_pack_', the 'union_NV0000_CTRL_OS_UNIX_EXPORT_OBJECT_data' Union will use memory layout compatible with MSVC (Windows). If this is intended, set _layout_ to 'ms'. The implicit default is deprecated and slated to become an error in Python 3.19.
    union_NV0000_CTRL_OS_UNIX_EXPORT_OBJECT_data._fields_ = [

tinyops/image/blur_test.py::test_blur_color[ksize0]
  /app/.venv/lib/python3.14/site-packages/tinygrad/runtime/autogen/nv_gpu.py:10773: DeprecationWarning: Due to '_pack_', the 'struct_NV0000_CTRL_OS_UNIX_EXPORT_OBJECT' Structure will use memory layout compatible with MSVC (Windows). If this is intended, set _layout_ to 'ms'. The implicit default is deprecated and slated to become an error in Python 3.19.
    struct_NV0000_CTRL_OS_UNIX_EXPORT_OBJECT._fields_ = [

tinyops/image/blur_test.py::test_blur_color[ksize0]
  /app/.venv/lib/python3.14/site-packages/tinygrad/runtime/autogen/nv_gpu.py:10783: DeprecationWarning: Due to '_pack_', the 'struct_NV0000_CTRL_OS_UNIX_EXPORT_OBJECT_TO_FD_PARAMS' Structure will use memory layout compatible with MSVC (Windows). If this is intended, set _layout_ to 'ms'. The implicit default is deprecated and slated to become an error in Python 3.19.
    struct_NV0000_CTRL_OS_UNIX_EXPORT_OBJECT_TO_FD_PARAMS._fields_ = [

tinyops/image/blur_test.py::test_blur_color[ksize0]
  /app/.venv/lib/python3.14/site-packages/tinygrad/runtime/autogen/nv_gpu.py:10794: DeprecationWarning: Due to '_pack_', the 'struct_NV0000_CTRL_OS_UNIX_IMPORT_OBJECT_FROM_FD_PARAMS' Structure will use memory layout compatible with MSVC (Windows). If this is intended, set _layout_ to 'ms'. The implicit default is deprecated and slated to become an error in Python 3.19.
    struct_NV0000_CTRL_OS_UNIX_IMPORT_OBJECT_FROM_FD_PARAMS._fields_ = [

tinyops/image/blur_test.py::test_blur_color[ksize0]
  /app/.venv/lib/python3.14/site-packages/tinygrad/runtime/autogen/nv_gpu.py:10804: DeprecationWarning: Due to '_pack_', the 'struct_NV0000_CTRL_OS_GET_GPU_INFO_PARAMS' Structure will use memory layout compatible with MSVC (Windows). If this is intended, set _layout_ to 'ms'. The implicit default is deprecated and slated to become an error in Python 3.19.
    struct_NV0000_CTRL_OS_GET_GPU_INFO_PARAMS._fields_ = [

tinyops/image/blur_test.py::test_blur_color[ksize0]
  /app/.venv/lib/python3.14/site-packages/tinygrad/runtime/autogen/nv_gpu.py:10814: DeprecationWarning: Due to '_pack_', the 'struct_NV0000_CTRL_OS_UNIX_GET_EXPORT_OBJECT_INFO_PARAMS' Structure will use memory layout compatible with MSVC (Windows). If this is intended, set _layout_ to 'ms'. The implicit default is deprecated and slated to become an error in Python 3.19.
    struct_NV0000_CTRL_OS_UNIX_GET_EXPORT_OBJECT_INFO_PARAMS._fields_ = [

tinyops/image/blur_test.py::test_blur_color[ksize0]
  /app/.venv/lib/python3.14/site-packages/tinygrad/runtime/autogen/nv_gpu.py:10828: DeprecationWarning: Due to '_pack_', the 'struct_NV0000_CTRL_OS_UNIX_CREATE_EXPORT_OBJECT_FD_PARAMS' Structure will use memory layout compatible with MSVC (Windows). If this is intended, set _layout_ to 'ms'. The implicit default is deprecated and slated to become an error in Python 3.19.
    struct_NV0000_CTRL_OS_UNIX_CREATE_EXPORT_OBJECT_FD_PARAMS._fields_ = [

tinyops/image/blur_test.py::test_blur_color[ksize0]
  /app/.venv/lib/python3.14/site-packages/tinygrad/runtime/autogen/nv_gpu.py:10841: DeprecationWarning: Due to '_pack_', the 'struct_NV0000_CTRL_OS_UNIX_EXPORT_OBJECTS_TO_FD_PARAMS' Structure will use memory layout compatible with MSVC (Windows). If this is intended, set _layout_ to 'ms'. The implicit default is deprecated and slated to become an error in Python 3.19.
    struct_NV0000_CTRL_OS_UNIX_EXPORT_OBJECTS_TO_FD_PARAMS._fields_ = [

tinyops/image/blur_test.py::test_blur_color[ksize0]
  /app/.venv/lib/python3.14/site-packages/tinygrad/runtime/autogen/nv_gpu.py:10857: DeprecationWarning: Due to '_pack_', the 'struct_NV0000_CTRL_OS_UNIX_IMPORT_OBJECTS_FROM_FD_PARAMS' Structure will use memory layout compatible with MSVC (Windows). If this is intended, set _layout_ to 'ms'. The implicit default is deprecated and slated to become an error in Python 3.19.
    struct_NV0000_CTRL_OS_UNIX_IMPORT_OBJECTS_FROM_FD_PARAMS._fields_ = [

tinyops/image/blur_test.py::test_blur_color[ksize0]
  /app/.venv/lib/python3.14/site-packages/tinygrad/runtime/autogen/nv_gpu.py:11907: DeprecationWarning: Due to '_pack_', the 'struct_NV0080_CTRL_GR_ROUTE_INFO' Structure will use memory layout compatible with MSVC (Windows). If this is intended, set _layout_ to 'ms'. The implicit default is deprecated and slated to become an error in Python 3.19.
    struct_NV0080_CTRL_GR_ROUTE_INFO._fields_ = [

tinyops/image/blur_test.py::test_blur_color[ksize0]
  /app/.venv/lib/python3.14/site-packages/tinygrad/runtime/autogen/nv_gpu.py:11918: DeprecationWarning: Due to '_pack_', the 'struct_NV0080_CTRL_GR_GET_CAPS_PARAMS' Structure will use memory layout compatible with MSVC (Windows). If this is intended, set _layout_ to 'ms'. The implicit default is deprecated and slated to become an error in Python 3.19.
    struct_NV0080_CTRL_GR_GET_CAPS_PARAMS._fields_ = [

tinyops/image/blur_test.py::test_blur_color[ksize0]
  /app/.venv/lib/python3.14/site-packages/tinygrad/runtime/autogen/nv_gpu.py:11929: DeprecationWarning: Due to '_pack_', the 'struct_NVXXXX_CTRL_XXX_INFO' Structure will use memory layout compatible with MSVC (Windows). If this is intended, set _layout_ to 'ms'. The implicit default is deprecated and slated to become an error in Python 3.19.
    struct_NVXXXX_CTRL_XXX_INFO._fields_ = [

tinyops/image/blur_test.py::test_blur_color[ksize0]
  /app/.venv/lib/python3.14/site-packages/tinygrad/runtime/autogen/nv_gpu.py:11939: DeprecationWarning: Due to '_pack_', the 'struct_NV0080_CTRL_GR_GET_INFO_PARAMS' Structure will use memory layout compatible with MSVC (Windows). If this is intended, set _layout_ to 'ms'. The implicit default is deprecated and slated to become an error in Python 3.19.
    struct_NV0080_CTRL_GR_GET_INFO_PARAMS._fields_ = [

tinyops/image/blur_test.py::test_blur_color[ksize0]
  /app/.venv/lib/python3.14/site-packages/tinygrad/runtime/autogen/nv_gpu.py:11961: DeprecationWarning: Due to '_pack_', the 'struct_NV0080_CTRL_GR_TPC_PARTITION_MODE_PARAMS' Structure will use memory layout compatible with MSVC (Windows). If this is intended, set _layout_ to 'ms'. The implicit default is deprecated and slated to become an error in Python 3.19.
    struct_NV0080_CTRL_GR_TPC_PARTITION_MODE_PARAMS._fields_ = [

tinyops/image/blur_test.py::test_blur_color[ksize0]
  /app/.venv/lib/python3.14/site-packages/tinygrad/runtime/autogen/nv_gpu.py:11976: DeprecationWarning: Due to '_pack_', the 'struct_NV0080_CTRL_GR_GET_CAPS_V2_PARAMS' Structure will use memory layout compatible with MSVC (Windows). If this is intended, set _layout_ to 'ms'. The implicit default is deprecated and slated to become an error in Python 3.19.
    struct_NV0080_CTRL_GR_GET_CAPS_V2_PARAMS._fields_ = [

tinyops/image/blur_test.py::test_blur_color[ksize0]
  /app/.venv/lib/python3.14/site-packages/tinygrad/runtime/autogen/nv_gpu.py:11989: DeprecationWarning: Due to '_pack_', the 'struct_NV0080_CTRL_GR_GET_INFO_V2_PARAMS' Structure will use memory layout compatible with MSVC (Windows). If this is intended, set _layout_ to 'ms'. The implicit default is deprecated and slated to become an error in Python 3.19.
    struct_NV0080_CTRL_GR_GET_INFO_V2_PARAMS._fields_ = [

tinyops/image/blur_test.py::test_blur_color[ksize0]
  /app/.venv/lib/python3.14/site-packages/tinygrad/runtime/autogen/nv_gpu.py:12003: DeprecationWarning: Due to '_pack_', the 'struct_NV2080_CTRL_GR_GET_INFO_PARAMS' Structure will use memory layout compatible with MSVC (Windows). If this is intended, set _layout_ to 'ms'. The implicit default is deprecated and slated to become an error in Python 3.19.
    struct_NV2080_CTRL_GR_GET_INFO_PARAMS._fields_ = [

tinyops/image/blur_test.py::test_blur_color[ksize0]
  /app/.venv/lib/python3.14/site-packages/tinygrad/runtime/autogen/nv_gpu.py:12015: DeprecationWarning: Due to '_pack_', the 'struct_NV2080_CTRL_GR_CTXSW_ZCULL_MODE_PARAMS' Structure will use memory layout compatible with MSVC (Windows). If this is intended, set _layout_ to 'ms'. The implicit default is deprecated and slated to become an error in Python 3.19.
    struct_NV2080_CTRL_GR_CTXSW_ZCULL_MODE_PARAMS._fields_ = [

tinyops/image/blur_test.py::test_blur_color[ksize0]
  /app/.venv/lib/python3.14/site-packages/tinygrad/runtime/autogen/nv_gpu.py:12027: DeprecationWarning: Due to '_pack_', the 'struct_NV2080_CTRL_GR_GET_ZCULL_INFO_PARAMS' Structure will use memory layout compatible with MSVC (Windows). If this is intended, set _layout_ to 'ms'. The implicit default is deprecated and slated to become an error in Python 3.19.
    struct_NV2080_CTRL_GR_GET_ZCULL_INFO_PARAMS._fields_ = [

tinyops/image/blur_test.py::test_blur_color[ksize0]
  /app/.venv/lib/python3.14/site-packages/tinygrad/runtime/autogen/nv_gpu.py:12045: DeprecationWarning: Due to '_pack_', the 'struct_NV2080_CTRL_GR_CTXSW_PM_MODE_PARAMS' Structure will use memory layout compatible with MSVC (Windows). If this is intended, set _layout_ to 'ms'. The implicit default is deprecated and slated to become an error in Python 3.19.
    struct_NV2080_CTRL_GR_CTXSW_PM_MODE_PARAMS._fields_ = [

tinyops/image/blur_test.py::test_blur_color[ksize0]
  /app/.venv/lib/python3.14/site-packages/tinygrad/runtime/autogen/nv_gpu.py:12056: DeprecationWarning: Due to '_pack_', the 'struct_NV2080_CTRL_GR_CTXSW_ZCULL_BIND_PARAMS' Structure will use memory layout compatible with MSVC (Windows). If this is intended, set _layout_ to 'ms'. The implicit default is deprecated and slated to become an error in Python 3.19.
    struct_NV2080_CTRL_GR_CTXSW_ZCULL_BIND_PARAMS._fields_ = [

tinyops/image/blur_test.py::test_blur_color[ksize0]
  /app/.venv/lib/python3.14/site-packages/tinygrad/runtime/autogen/nv_gpu.py:12069: DeprecationWarning: Due to '_pack_', the 'struct_NV2080_CTRL_GR_CTXSW_PM_BIND_PARAMS' Structure will use memory layout compatible with MSVC (Windows). If this is intended, set _layout_ to 'ms'. The implicit default is deprecated and slated to become an error in Python 3.19.
    struct_NV2080_CTRL_GR_CTXSW_PM_BIND_PARAMS._fields_ = [

tinyops/image/blur_test.py::test_blur_color[ksize0]
  /app/.venv/lib/python3.14/site-packages/tinygrad/runtime/autogen/nv_gpu.py:12083: DeprecationWarning: Due to '_pack_', the 'struct_NV2080_CTRL_GR_CTXSW_SETUP_BIND_PARAMS' Structure will use memory layout compatible with MSVC (Windows). If this is intended, set _layout_ to 'ms'. The implicit default is deprecated and slated to become an error in Python 3.19.
    struct_NV2080_CTRL_GR_CTXSW_SETUP_BIND_PARAMS._fields_ = [

tinyops/image/blur_test.py::test_blur_color[ksize0]
  /app/.venv/lib/python3.14/site-packages/tinygrad/runtime/autogen/nv_gpu.py:12094: DeprecationWarning: Due to '_pack_', the 'struct_NV2080_CTRL_GR_SET_GPC_TILE_MAP_PARAMS' Structure will use memory layout compatible with MSVC (Windows). If this is intended, set _layout_ to 'ms'. The implicit default is deprecated and slated to become an error in Python 3.19.
    struct_NV2080_CTRL_GR_SET_GPC_TILE_MAP_PARAMS._fields_ = [

tinyops/image/blur_test.py::test_blur_color[ksize0]
  /app/.venv/lib/python3.14/site-packages/tinygrad/runtime/autogen/nv_gpu.py:12106: DeprecationWarning: Due to '_pack_', the 'struct_NV2080_CTRL_GR_CTXSW_SMPC_MODE_PARAMS' Structure will use memory layout compatible with MSVC (Windows). If this is intended, set _layout_ to 'ms'. The implicit default is deprecated and slated to become an error in Python 3.19.
    struct_NV2080_CTRL_GR_CTXSW_SMPC_MODE_PARAMS._fields_ = [

tinyops/image/blur_test.py::test_blur_color[ksize0]
  /app/.venv/lib/python3.14/site-packages/tinygrad/runtime/autogen/nv_gpu.py:12120: DeprecationWarning: Due to '_pack_', the 'struct_NV2080_CTRL_GR_GET_SM_TO_GPC_TPC_MAPPINGS_PARAMS_0' Structure will use memory layout compatible with MSVC (Windows). If this is intended, set _layout_ to 'ms'. The implicit default is deprecated and slated to become an error in Python 3.19.
    struct_NV2080_CTRL_GR_GET_SM_TO_GPC_TPC_MAPPINGS_PARAMS_0._fields_ = [

tinyops/image/blur_test.py::test_blur_color[ksize0]
  /app/.venv/lib/python3.14/site-packages/tinygrad/runtime/autogen/nv_gpu.py:12126: DeprecationWarning: Due to '_pack_', the 'struct_NV2080_CTRL_GR_GET_SM_TO_GPC_TPC_MAPPINGS_PARAMS' Structure will use memory layout compatible with MSVC (Windows). If this is intended, set _layout_ to 'ms'. The implicit default is deprecated and slated to become an error in Python 3.19.
    struct_NV2080_CTRL_GR_GET_SM_TO_GPC_TPC_MAPPINGS_PARAMS._fields_ = [

tinyops/image/blur_test.py::test_blur_color[ksize0]
  /app/.venv/lib/python3.14/site-packages/tinygrad/runtime/autogen/nv_gpu.py:12138: DeprecationWarning: Due to '_pack_', the 'struct_NV2080_CTRL_GR_SET_CTXSW_PREEMPTION_MODE_PARAMS' Structure will use memory layout compatible with MSVC (Windows). If this is intended, set _layout_ to 'ms'. The implicit default is deprecated and slated to become an error in Python 3.19.
    struct_NV2080_CTRL_GR_SET_CTXSW_PREEMPTION_MODE_PARAMS._fields_ = [

tinyops/image/blur_test.py::test_blur_color[ksize0]
  /app/.venv/lib/python3.14/site-packages/tinygrad/runtime/autogen/nv_gpu.py:12176: DeprecationWarning: Due to '_pack_', the 'struct_NV2080_CTRL_GR_CTXSW_PREEMPTION_BIND_PARAMS' Structure will use memory layout compatible with MSVC (Windows). If this is intended, set _layout_ to 'ms'. The implicit default is deprecated and slated to become an error in Python 3.19.
    struct_NV2080_CTRL_GR_CTXSW_PREEMPTION_BIND_PARAMS._fields_ = [

tinyops/image/blur_test.py::test_blur_color[ksize0]
  /app/.venv/lib/python3.14/site-packages/tinygrad/runtime/autogen/nv_gpu.py:12192: DeprecationWarning: Due to '_pack_', the 'struct_NV2080_CTRL_GR_PC_SAMPLING_MODE_PARAMS' Structure will use memory layout compatible with MSVC (Windows). If this is intended, set _layout_ to 'ms'. The implicit default is deprecated and slated to become an error in Python 3.19.
    struct_NV2080_CTRL_GR_PC_SAMPLING_MODE_PARAMS._fields_ = [

tinyops/image/blur_test.py::test_blur_color[ksize0]
  /app/.venv/lib/python3.14/site-packages/tinygrad/runtime/autogen/nv_gpu.py:12203: DeprecationWarning: Due to '_pack_', the 'struct_NV2080_CTRL_GR_GET_ROP_INFO_PARAMS' Structure will use memory layout compatible with MSVC (Windows). If this is intended, set _layout_ to 'ms'. The implicit default is deprecated and slated to become an error in Python 3.19.
    struct_NV2080_CTRL_GR_GET_ROP_INFO_PARAMS._fields_ = [

tinyops/image/blur_test.py::test_blur_color[ksize0]
  /app/.venv/lib/python3.14/site-packages/tinygrad/runtime/autogen/nv_gpu.py:12214: DeprecationWarning: Due to '_pack_', the 'struct_NV2080_CTRL_GR_GET_CTXSW_STATS_PARAMS' Structure will use memory layout compatible with MSVC (Windows). If this is intended, set _layout_ to 'ms'. The implicit default is deprecated and slated to become an error in Python 3.19.
    struct_NV2080_CTRL_GR_GET_CTXSW_STATS_PARAMS._fields_ = [

tinyops/image/blur_test.py::test_blur_color[ksize0]
  /app/.venv/lib/python3.14/site-packages/tinygrad/runtime/autogen/nv_gpu.py:12230: DeprecationWarning: Due to '_pack_', the 'struct_NV2080_CTRL_GR_GET_CTX_BUFFER_SIZE_PARAMS' Structure will use memory layout compatible with MSVC (Windows). If this is intended, set _layout_ to 'ms'. The implicit default is deprecated and slated to become an error in Python 3.19.
    struct_NV2080_CTRL_GR_GET_CTX_BUFFER_SIZE_PARAMS._fields_ = [

tinyops/image/blur_test.py::test_blur_color[ksize0]
  /app/.venv/lib/python3.14/site-packages/tinygrad/runtime/autogen/nv_gpu.py:12241: DeprecationWarning: Due to '_pack_', the 'struct_NV2080_CTRL_GR_CTX_BUFFER_INFO' Structure will use memory layout compatible with MSVC (Windows). If this is intended, set _layout_ to 'ms'. The implicit default is deprecated and slated to become an error in Python 3.19.
    struct_NV2080_CTRL_GR_CTX_BUFFER_INFO._fields_ = [

tinyops/image/blur_test.py::test_blur_color[ksize0]
  /app/.venv/lib/python3.14/site-packages/tinygrad/runtime/autogen/nv_gpu.py:12265: DeprecationWarning: Due to '_pack_', the 'struct_NV2080_CTRL_GR_GET_CTX_BUFFER_INFO_PARAMS' Structure will use memory layout compatible with MSVC (Windows). If this is intended, set _layout_ to 'ms'. The implicit default is deprecated and slated to become an error in Python 3.19.
    struct_NV2080_CTRL_GR_GET_CTX_BUFFER_INFO_PARAMS._fields_ = [

tinyops/image/blur_test.py::test_blur_color[ksize0]
  /app/.venv/lib/python3.14/site-packages/tinygrad/runtime/autogen/nv_gpu.py:12281: DeprecationWarning: Due to '_pack_', the 'struct_NV2080_CTRL_GR_GET_GLOBAL_SM_ORDER_PARAMS_0' Structure will use memory layout compatible with MSVC (Windows). If this is intended, set _layout_ to 'ms'. The implicit default is deprecated and slated to become an error in Python 3.19.
    struct_NV2080_CTRL_GR_GET_GLOBAL_SM_ORDER_PARAMS_0._fields_ = [

tinyops/image/blur_test.py::test_blur_color[ksize0]
  /app/.venv/lib/python3.14/site-packages/tinygrad/runtime/autogen/nv_gpu.py:12291: DeprecationWarning: Due to '_pack_', the 'struct_NV2080_CTRL_GR_GET_GLOBAL_SM_ORDER_PARAMS' Structure will use memory layout compatible with MSVC (Windows). If this is intended, set _layout_ to 'ms'. The implicit default is deprecated and slated to become an error in Python 3.19.
    struct_NV2080_CTRL_GR_GET_GLOBAL_SM_ORDER_PARAMS._fields_ = [

tinyops/image/blur_test.py::test_blur_color[ksize0]
  /app/.venv/lib/python3.14/site-packages/tinygrad/runtime/autogen/nv_gpu.py:12304: DeprecationWarning: Due to '_pack_', the 'struct_NV2080_CTRL_GR_GET_CURRENT_RESIDENT_CHANNEL_PARAMS' Structure will use memory layout compatible with MSVC (Windows). If this is intended, set _layout_ to 'ms'. The implicit default is deprecated and slated to become an error in Python 3.19.
    struct_NV2080_CTRL_GR_GET_CURRENT_RESIDENT_CHANNEL_PARAMS._fields_ = [

tinyops/image/blur_test.py::test_blur_color[ksize0]
  /app/.venv/lib/python3.14/site-packages/tinygrad/runtime/autogen/nv_gpu.py:12315: DeprecationWarning: Due to '_pack_', the 'struct_NV2080_CTRL_GR_VAT_ALARM_DATA_PER_TPC' Structure will use memory layout compatible with MSVC (Windows). If this is intended, set _layout_ to 'ms'. The implicit default is deprecated and slated to become an error in Python 3.19.
    struct_NV2080_CTRL_GR_VAT_ALARM_DATA_PER_TPC._fields_ = [

tinyops/image/blur_test.py::test_blur_color[ksize0]
  /app/.venv/lib/python3.14/site-packages/tinygrad/runtime/autogen/nv_gpu.py:12323: DeprecationWarning: Due to '_pack_', the 'struct_NV2080_CTRL_GR_VAT_ALARM_DATA_PER_GPC' Structure will use memory layout compatible with MSVC (Windows). If this is intended, set _layout_ to 'ms'. The implicit default is deprecated and slated to become an error in Python 3.19.
    class struct_NV2080_CTRL_GR_VAT_ALARM_DATA_PER_GPC(Structure):

tinyops/image/blur_test.py::test_blur_color[ksize0]
  /app/.venv/lib/python3.14/site-packages/tinygrad/runtime/autogen/nv_gpu.py:12330: DeprecationWarning: Due to '_pack_', the 'struct_NV2080_CTRL_GR_VAT_ALARM_DATA' Structure will use memory layout compatible with MSVC (Windows). If this is intended, set _layout_ to 'ms'. The implicit default is deprecated and slated to become an error in Python 3.19.
    class struct_NV2080_CTRL_GR_VAT_ALARM_DATA(Structure):

tinyops/image/blur_test.py::test_blur_color[ksize0]
  /app/.venv/lib/python3.14/site-packages/tinygrad/runtime/autogen/nv_gpu.py:12341: DeprecationWarning: Due to '_pack_', the 'struct_NV2080_CTRL_GR_GET_VAT_ALARM_DATA_PARAMS' Structure will use memory layout compatible with MSVC (Windows). If this is intended, set _layout_ to 'ms'. The implicit default is deprecated and slated to become an error in Python 3.19.
    struct_NV2080_CTRL_GR_GET_VAT_ALARM_DATA_PARAMS._fields_ = [

tinyops/image/blur_test.py::test_blur_color[ksize0]
  /app/.venv/lib/python3.14/site-packages/tinygrad/runtime/autogen/nv_gpu.py:12353: DeprecationWarning: Due to '_pack_', the 'struct_NV2080_CTRL_GR_GET_ATTRIBUTE_BUFFER_SIZE_PARAMS' Structure will use memory layout compatible with MSVC (Windows). If this is intended, set _layout_ to 'ms'. The implicit default is deprecated and slated to become an error in Python 3.19.
    struct_NV2080_CTRL_GR_GET_ATTRIBUTE_BUFFER_SIZE_PARAMS._fields_ = [

tinyops/image/blur_test.py::test_blur_color[ksize0]
  /app/.venv/lib/python3.14/site-packages/tinygrad/runtime/autogen/nv_gpu.py:12362: DeprecationWarning: Due to '_pack_', the 'struct_NV2080_CTRL_GR_GFX_POOL_QUERY_SIZE_PARAMS' Structure will use memory layout compatible with MSVC (Windows). If this is intended, set _layout_ to 'ms'. The implicit default is deprecated and slated to become an error in Python 3.19.
    struct_NV2080_CTRL_GR_GFX_POOL_QUERY_SIZE_PARAMS._fields_ = [

tinyops/image/blur_test.py::test_blur_color[ksize0]
  /app/.venv/lib/python3.14/site-packages/tinygrad/runtime/autogen/nv_gpu.py:12376: DeprecationWarning: Due to '_pack_', the 'struct_NV2080_CTRL_GR_GFX_POOL_INITIALIZE_PARAMS' Structure will use memory layout compatible with MSVC (Windows). If this is intended, set _layout_ to 'ms'. The implicit default is deprecated and slated to become an error in Python 3.19.
    struct_NV2080_CTRL_GR_GFX_POOL_INITIALIZE_PARAMS._fields_ = [

tinyops/image/blur_test.py::test_blur_color[ksize0]
  /app/.venv/lib/python3.14/site-packages/tinygrad/runtime/autogen/nv_gpu.py:12388: DeprecationWarning: Due to '_pack_', the 'struct_NV2080_CTRL_GR_GFX_POOL_ADD_SLOTS_PARAMS' Structure will use memory layout compatible with MSVC (Windows). If this is intended, set _layout_ to 'ms'. The implicit default is deprecated and slated to become an error in Python 3.19.
    struct_NV2080_CTRL_GR_GFX_POOL_ADD_SLOTS_PARAMS._fields_ = [

tinyops/image/blur_test.py::test_blur_color[ksize0]
  /app/.venv/lib/python3.14/site-packages/tinygrad/runtime/autogen/nv_gpu.py:12401: DeprecationWarning: Due to '_pack_', the 'struct_NV2080_CTRL_GR_GFX_POOL_REMOVE_SLOTS_PARAMS' Structure will use memory layout compatible with MSVC (Windows). If this is intended, set _layout_ to 'ms'. The implicit default is deprecated and slated to become an error in Python 3.19.
    struct_NV2080_CTRL_GR_GFX_POOL_REMOVE_SLOTS_PARAMS._fields_ = [

tinyops/image/blur_test.py::test_blur_color[ksize0]
  /app/.venv/lib/python3.14/site-packages/tinygrad/runtime/autogen/nv_gpu.py:12418: DeprecationWarning: Due to '_pack_', the 'struct_NV2080_CTRL_GR_GET_GPC_MASK_PARAMS' Structure will use memory layout compatible with MSVC (Windows). If this is intended, set _layout_ to 'ms'. The implicit default is deprecated and slated to become an error in Python 3.19.
    struct_NV2080_CTRL_GR_GET_GPC_MASK_PARAMS._fields_ = [

tinyops/image/blur_test.py::test_blur_color[ksize0]
  /app/.venv/lib/python3.14/site-packages/tinygrad/runtime/autogen/nv_gpu.py:12429: DeprecationWarning: Due to '_pack_', the 'struct_NV2080_CTRL_GR_GET_TPC_MASK_PARAMS' Structure will use memory layout compatible with MSVC (Windows). If this is intended, set _layout_ to 'ms'. The implicit default is deprecated and slated to become an error in Python 3.19.
    struct_NV2080_CTRL_GR_GET_TPC_MASK_PARAMS._fields_ = [

tinyops/image/blur_test.py::test_blur_color[ksize0]
  /app/.venv/lib/python3.14/site-packages/tinygrad/runtime/autogen/nv_gpu.py:12441: DeprecationWarning: Due to '_pack_', the 'struct_NV2080_CTRL_GR_GET_ENGINE_CONTEXT_PROPERTIES_PARAMS' Structure will use memory layout compatible with MSVC (Windows). If this is intended, set _layout_ to 'ms'. The implicit default is deprecated and slated to become an error in Python 3.19.
    struct_NV2080_CTRL_GR_GET_ENGINE_CONTEXT_PROPERTIES_PARAMS._fields_ = [

tinyops/image/blur_test.py::test_blur_color[ksize0]
  /app/.venv/lib/python3.14/site-packages/tinygrad/runtime/autogen/nv_gpu.py:12455: DeprecationWarning: Due to '_pack_', the 'struct_NV2080_CTRL_GR_GET_SM_ISSUE_RATE_MODIFIER_PARAMS' Structure will use memory layout compatible with MSVC (Windows). If this is intended, set _layout_ to 'ms'. The implicit default is deprecated and slated to become an error in Python 3.19.
    struct_NV2080_CTRL_GR_GET_SM_ISSUE_RATE_MODIFIER_PARAMS._fields_ = [

tinyops/image/blur_test.py::test_blur_color[ksize0]
  /app/.venv/lib/python3.14/site-packages/tinygrad/runtime/autogen/nv_gpu.py:12487: DeprecationWarning: Due to '_pack_', the 'struct_NV2080_CTRL_GR_FECS_BIND_EVTBUF_FOR_UID_PARAMS' Structure will use memory layout compatible with MSVC (Windows). If this is intended, set _layout_ to 'ms'. The implicit default is deprecated and slated to become an error in Python 3.19.
    struct_NV2080_CTRL_GR_FECS_BIND_EVTBUF_FOR_UID_PARAMS._fields_ = [

tinyops/image/blur_test.py::test_blur_color[ksize0]
  /app/.venv/lib/python3.14/site-packages/tinygrad/runtime/autogen/nv_gpu.py:12501: DeprecationWarning: Due to '_pack_', the 'struct_NV2080_CTRL_GR_GET_PHYS_GPC_MASK_PARAMS' Structure will use memory layout compatible with MSVC (Windows). If this is intended, set _layout_ to 'ms'. The implicit default is deprecated and slated to become an error in Python 3.19.
    struct_NV2080_CTRL_GR_GET_PHYS_GPC_MASK_PARAMS._fields_ = [

tinyops/image/blur_test.py::test_blur_color[ksize0]
  /app/.venv/lib/python3.14/site-packages/tinygrad/runtime/autogen/nv_gpu.py:12511: DeprecationWarning: Due to '_pack_', the 'struct_NV2080_CTRL_GR_GET_PPC_MASK_PARAMS' Structure will use memory layout compatible with MSVC (Windows). If this is intended, set _layout_ to 'ms'. The implicit default is deprecated and slated to become an error in Python 3.19.
    struct_NV2080_CTRL_GR_GET_PPC_MASK_PARAMS._fields_ = [

tinyops/image/blur_test.py::test_blur_color[ksize0]
  /app/.venv/lib/python3.14/site-packages/tinygrad/runtime/autogen/nv_gpu.py:12522: DeprecationWarning: Due to '_pack_', the 'struct_NV2080_CTRL_GR_GET_NUM_TPCS_FOR_GPC_PARAMS' Structure will use memory layout compatible with MSVC (Windows). If this is intended, set _layout_ to 'ms'. The implicit default is deprecated and slated to become an error in Python 3.19.
    struct_NV2080_CTRL_GR_GET_NUM_TPCS_FOR_GPC_PARAMS._fields_ = [

tinyops/image/blur_test.py::test_blur_color[ksize0]
  /app/.venv/lib/python3.14/site-packages/tinygrad/runtime/autogen/nv_gpu.py:12532: DeprecationWarning: Due to '_pack_', the 'struct_NV2080_CTRL_GR_GET_CTXSW_MODES_PARAMS' Structure will use memory layout compatible with MSVC (Windows). If this is intended, set _layout_ to 'ms'. The implicit default is deprecated and slated to become an error in Python 3.19.
    struct_NV2080_CTRL_GR_GET_CTXSW_MODES_PARAMS._fields_ = [

tinyops/image/blur_test.py::test_blur_color[ksize0]
  /app/.venv/lib/python3.14/site-packages/tinygrad/runtime/autogen/nv_gpu.py:12547: DeprecationWarning: Due to '_pack_', the 'struct_NV2080_CTRL_GR_GET_ZCULL_MASK_PARAMS' Structure will use memory layout compatible with MSVC (Windows). If this is intended, set _layout_ to 'ms'. The implicit default is deprecated and slated to become an error in Python 3.19.
    struct_NV2080_CTRL_GR_GET_ZCULL_MASK_PARAMS._fields_ = [

tinyops/image/blur_test.py::test_blur_color[ksize0]
  /app/.venv/lib/python3.14/site-packages/tinygrad/runtime/autogen/nv_gpu.py:12574: DeprecationWarning: Due to '_pack_', the 'struct_NV2080_CTRL_GR_FECS_BIND_EVTBUF_FOR_UID_V2_PARAMS' Structure will use memory layout compatible with MSVC (Windows). If this is intended, set _layout_ to 'ms'. The implicit default is deprecated and slated to become an error in Python 3.19.
    struct_NV2080_CTRL_GR_FECS_BIND_EVTBUF_FOR_UID_V2_PARAMS._fields_ = [

tinyops/image/blur_test.py::test_blur_color[ksize0]
  /app/.venv/lib/python3.14/site-packages/tinygrad/runtime/autogen/nv_gpu.py:12589: DeprecationWarning: Due to '_pack_', the 'struct_NV2080_CTRL_GR_GET_GFX_GPC_AND_TPC_INFO_PARAMS' Structure will use memory layout compatible with MSVC (Windows). If this is intended, set _layout_ to 'ms'. The implicit default is deprecated and slated to become an error in Python 3.19.
    struct_NV2080_CTRL_GR_GET_GFX_GPC_AND_TPC_INFO_PARAMS._fields_ = [

tinyops/image/blur_test.py::test_blur_color[ksize0]
  /app/.venv/lib/python3.14/site-packages/tinygrad/runtime/autogen/nv_gpu.py:12600: DeprecationWarning: Due to '_pack_', the 'struct_NV2080_CTRL_GR_GET_TPC_RECONFIG_MASK_PARAMS' Structure will use memory layout compatible with MSVC (Windows). If this is intended, set _layout_ to 'ms'. The implicit default is deprecated and slated to become an error in Python 3.19.
    struct_NV2080_CTRL_GR_GET_TPC_RECONFIG_MASK_PARAMS._fields_ = [

tinyops/image/blur_test.py::test_blur_color[ksize0]
  /app/.venv/lib/python3.14/site-packages/tinygrad/runtime/autogen/nv_gpu.py:12612: DeprecationWarning: Due to '_pack_', the 'struct_NV2080_CTRL_GPU_GET_INFO_PARAMS' Structure will use memory layout compatible with MSVC (Windows). If this is intended, set _layout_ to 'ms'. The implicit default is deprecated and slated to become an error in Python 3.19.
    struct_NV2080_CTRL_GPU_GET_INFO_PARAMS._fields_ = [

tinyops/image/blur_test.py::test_blur_color[ksize0]
  /app/.venv/lib/python3.14/site-packages/tinygrad/runtime/autogen/nv_gpu.py:12623: DeprecationWarning: Due to '_pack_', the 'struct_NV2080_CTRL_GPU_GET_INFO_V2_PARAMS' Structure will use memory layout compatible with MSVC (Windows). If this is intended, set _layout_ to 'ms'. The implicit default is deprecated and slated to become an error in Python 3.19.
    struct_NV2080_CTRL_GPU_GET_INFO_V2_PARAMS._fields_ = [

tinyops/image/blur_test.py::test_blur_color[ksize0]
  /app/.venv/lib/python3.14/site-packages/tinygrad/runtime/autogen/nv_gpu.py:12636: DeprecationWarning: Due to '_pack_', the 'union_NV2080_CTRL_GPU_GET_NAME_STRING_PARAMS_gpuNameString' Union will use memory layout compatible with MSVC (Windows). If this is intended, set _layout_ to 'ms'. The implicit default is deprecated and slated to become an error in Python 3.19.
    union_NV2080_CTRL_GPU_GET_NAME_STRING_PARAMS_gpuNameString._fields_ = [

tinyops/image/blur_test.py::test_blur_color[ksize0]
  /app/.venv/lib/python3.14/site-packages/tinygrad/runtime/autogen/nv_gpu.py:12642: DeprecationWarning: Due to '_pack_', the 'struct_NV2080_CTRL_GPU_GET_NAME_STRING_PARAMS' Structure will use memory layout compatible with MSVC (Windows). If this is intended, set _layout_ to 'ms'. The implicit default is deprecated and slated to become an error in Python 3.19.
    struct_NV2080_CTRL_GPU_GET_NAME_STRING_PARAMS._fields_ = [

tinyops/image/blur_test.py::test_blur_color[ksize0]
  /app/.venv/lib/python3.14/site-packages/tinygrad/runtime/autogen/nv_gpu.py:12652: DeprecationWarning: Due to '_pack_', the 'struct_NV2080_CTRL_GPU_GET_SHORT_NAME_STRING_PARAMS' Structure will use memory layout compatible with MSVC (Windows). If this is intended, set _layout_ to 'ms'. The implicit default is deprecated and slated to become an error in Python 3.19.
    struct_NV2080_CTRL_GPU_GET_SHORT_NAME_STRING_PARAMS._fields_ = [

tinyops/image/blur_test.py::test_blur_color[ksize0]
  /app/.venv/lib/python3.14/site-packages/tinygrad/runtime/autogen/nv_gpu.py:12661: DeprecationWarning: Due to '_pack_', the 'struct_NV2080_CTRL_GPU_SET_POWER_PARAMS' Structure will use memory layout compatible with MSVC (Windows). If this is intended, set _layout_ to 'ms'. The implicit default is deprecated and slated to become an error in Python 3.19.
    struct_NV2080_CTRL_GPU_SET_POWER_PARAMS._fields_ = [

tinyops/image/blur_test.py::test_blur_color[ksize0]
  /app/.venv/lib/python3.14/site-packages/tinygrad/runtime/autogen/nv_gpu.py:12672: DeprecationWarning: Due to '_pack_', the 'struct_NV2080_CTRL_GPU_GET_SDM_PARAMS' Structure will use memory layout compatible with MSVC (Windows). If this is intended, set _layout_ to 'ms'. The implicit default is deprecated and slated to become an error in Python 3.19.
    struct_NV2080_CTRL_GPU_GET_SDM_PARAMS._fields_ = [

tinyops/image/blur_test.py::test_blur_color[ksize0]
  /app/.venv/lib/python3.14/site-packages/tinygrad/runtime/autogen/nv_gpu.py:12681: DeprecationWarning: Due to '_pack_', the 'struct_NV2080_CTRL_GPU_SET_SDM_PARAMS' Structure will use memory layout compatible with MSVC (Windows). If this is intended, set _layout_ to 'ms'. The implicit default is deprecated and slated to become an error in Python 3.19.
    struct_NV2080_CTRL_GPU_SET_SDM_PARAMS._fields_ = [

tinyops/image/blur_test.py::test_blur_color[ksize0]
  /app/.venv/lib/python3.14/site-packages/tinygrad/runtime/autogen/nv_gpu.py:12690: DeprecationWarning: Due to '_pack_', the 'struct_NV2080_CTRL_GPU_GET_SIMULATION_INFO_PARAMS' Structure will use memory layout compatible with MSVC (Windows). If this is intended, set _layout_ to 'ms'. The implicit default is deprecated and slated to become an error in Python 3.19.
    struct_NV2080_CTRL_GPU_GET_SIMULATION_INFO_PARAMS._fields_ = [

tinyops/image/blur_test.py::test_blur_color[ksize0]
  /app/.venv/lib/python3.14/site-packages/tinygrad/runtime/autogen/nv_gpu.py:12699: DeprecationWarning: Due to '_pack_', the 'struct_NV2080_CTRL_GPU_REG_OP' Structure will use memory layout compatible with MSVC (Windows). If this is intended, set _layout_ to 'ms'. The implicit default is deprecated and slated to become an error in Python 3.19.
    struct_NV2080_CTRL_GPU_REG_OP._fields_ = [

tinyops/image/blur_test.py::test_blur_color[ksize0]
  /app/.venv/lib/python3.14/site-packages/tinygrad/runtime/autogen/nv_gpu.py:12718: DeprecationWarning: Due to '_pack_', the 'struct_NV2080_CTRL_GPU_EXEC_REG_OPS_PARAMS' Structure will use memory layout compatible with MSVC (Windows). If this is intended, set _layout_ to 'ms'. The implicit default is deprecated and slated to become an error in Python 3.19.
    struct_NV2080_CTRL_GPU_EXEC_REG_OPS_PARAMS._fields_ = [

tinyops/image/blur_test.py::test_blur_color[ksize0]
  /app/.venv/lib/python3.14/site-packages/tinygrad/runtime/autogen/nv_gpu.py:12733: DeprecationWarning: Due to '_pack_', the 'struct_NV2080_CTRL_GPU_GET_ENGINES_PARAMS' Structure will use memory layout compatible with MSVC (Windows). If this is intended, set _layout_ to 'ms'. The implicit default is deprecated and slated to become an error in Python 3.19.
    struct_NV2080_CTRL_GPU_GET_ENGINES_PARAMS._fields_ = [

tinyops/image/blur_test.py::test_blur_color[ksize0]
  /app/.venv/lib/python3.14/site-packages/tinygrad/runtime/autogen/nv_gpu.py:12744: DeprecationWarning: Due to '_pack_', the 'struct_NV2080_CTRL_GPU_GET_ENGINES_V2_PARAMS' Structure will use memory layout compatible with MSVC (Windows). If this is intended, set _layout_ to 'ms'. The implicit default is deprecated and slated to become an error in Python 3.19.
    struct_NV2080_CTRL_GPU_GET_ENGINES_V2_PARAMS._fields_ = [

tinyops/image/blur_test.py::test_blur_color[ksize0]
  /app/.venv/lib/python3.14/site-packages/tinygrad/runtime/autogen/nv_gpu.py:12754: DeprecationWarning: Due to '_pack_', the 'struct_NV2080_CTRL_GPU_GET_ENGINE_CLASSLIST_PARAMS' Structure will use memory layout compatible with MSVC (Windows). If this is intended, set _layout_ to 'ms'. The implicit default is deprecated and slated to become an error in Python 3.19.
    struct_NV2080_CTRL_GPU_GET_ENGINE_CLASSLIST_PARAMS._fields_ = [

tinyops/image/blur_test.py::test_blur_color[ksize0]
  /app/.venv/lib/python3.14/site-packages/tinygrad/runtime/autogen/nv_gpu.py:12765: DeprecationWarning: Due to '_pack_', the 'struct_NV2080_CTRL_GPU_GET_ENGINE_FAULT_INFO_PARAMS' Structure will use memory layout compatible with MSVC (Windows). If this is intended, set _layout_ to 'ms'. The implicit default is deprecated and slated to become an error in Python 3.19.
    struct_NV2080_CTRL_GPU_GET_ENGINE_FAULT_INFO_PARAMS._fields_ = [

tinyops/image/blur_test.py::test_blur_color[ksize0]
  /app/.venv/lib/python3.14/site-packages/tinygrad/runtime/autogen/nv_gpu.py:12777: DeprecationWarning: Due to '_pack_', the 'struct_NV2080_CTRL_GPU_QUERY_MODE_PARAMS' Structure will use memory layout compatible with MSVC (Windows). If this is intended, set _layout_ to 'ms'. The implicit default is deprecated and slated to become an error in Python 3.19.
    struct_NV2080_CTRL_GPU_QUERY_MODE_PARAMS._fields_ = [

tinyops/image/blur_test.py::test_blur_color[ksize0]
  /app/.venv/lib/python3.14/site-packages/tinygrad/runtime/autogen/nv_gpu.py:12786: DeprecationWarning: Due to '_pack_', the 'struct_NV2080_CTRL_GPU_PROMOTE_CTX_BUFFER_ENTRY' Structure will use memory layout compatible with MSVC (Windows). If this is intended, set _layout_ to 'ms'. The implicit default is deprecated and slated to become an error in Python 3.19.
    struct_NV2080_CTRL_GPU_PROMOTE_CTX_BUFFER_ENTRY._fields_ = [

tinyops/image/blur_test.py::test_blur_color[ksize0]
  /app/.venv/lib/python3.14/site-packages/tinygrad/runtime/autogen/nv_gpu.py:12801: DeprecationWarning: Due to '_pack_', the 'struct_NV2080_CTRL_GPU_PROMOTE_CTX_PARAMS' Structure will use memory layout compatible with MSVC (Windows). If this is intended, set _layout_ to 'ms'. The implicit default is deprecated and slated to become an error in Python 3.19.
    struct_NV2080_CTRL_GPU_PROMOTE_CTX_PARAMS._fields_ = [

tinyops/image/blur_test.py::test_blur_color[ksize0]
  /app/.venv/lib/python3.14/site-packages/tinygrad/runtime/autogen/nv_gpu.py:12821: DeprecationWarning: Due to '_pack_', the 'struct_NV2080_CTRL_GPU_EVICT_CTX_PARAMS' Structure will use memory layout compatible with MSVC (Windows). If this is intended, set _layout_ to 'ms'. The implicit default is deprecated and slated to become an error in Python 3.19.
    struct_NV2080_CTRL_GPU_EVICT_CTX_PARAMS._fields_ = [

tinyops/image/blur_test.py::test_blur_color[ksize0]
  /app/.venv/lib/python3.14/site-packages/tinygrad/runtime/autogen/nv_gpu.py:12835: DeprecationWarning: Due to '_pack_', the 'struct_NV2080_CTRL_GPU_INITIALIZE_CTX_PARAMS' Structure will use memory layout compatible with MSVC (Windows). If this is intended, set _layout_ to 'ms'. The implicit default is deprecated and slated to become an error in Python 3.19.
    struct_NV2080_CTRL_GPU_INITIALIZE_CTX_PARAMS._fields_ = [

tinyops/image/blur_test.py::test_blur_color[ksize0]
  /app/.venv/lib/python3.14/site-packages/tinygrad/runtime/autogen/nv_gpu.py:12856: DeprecationWarning: Due to '_pack_', the 'struct_NV2080_CTRL_GPU_QUERY_ECC_INTR_PARAMS' Structure will use memory layout compatible with MSVC (Windows). If this is intended, set _layout_ to 'ms'. The implicit default is deprecated and slated to become an error in Python 3.19.
    struct_NV2080_CTRL_GPU_QUERY_ECC_INTR_PARAMS._fields_ = [

tinyops/image/blur_test.py::test_blur_color[ksize0]
  /app/.venv/lib/python3.14/site-packages/tinygrad/runtime/autogen/nv_gpu.py:12865: DeprecationWarning: Due to '_pack_', the 'struct_NV2080_CTRL_GPU_QUERY_ECC_EXCEPTION_STATUS' Structure will use memory layout compatible with MSVC (Windows). If this is intended, set _layout_ to 'ms'. The implicit default is deprecated and slated to become an error in Python 3.19.
    struct_NV2080_CTRL_GPU_QUERY_ECC_EXCEPTION_STATUS._fields_ = [

tinyops/image/blur_test.py::test_blur_color[ksize0]
  /app/.venv/lib/python3.14/site-packages/tinygrad/runtime/autogen/nv_gpu.py:12874: DeprecationWarning: Due to '_pack_', the 'struct_NV2080_CTRL_GPU_QUERY_ECC_UNIT_STATUS' Structure will use memory layout compatible with MSVC (Windows). If this is intended, set _layout_ to 'ms'. The implicit default is deprecated and slated to become an error in Python 3.19.
    struct_NV2080_CTRL_GPU_QUERY_ECC_UNIT_STATUS._fields_ = [

tinyops/image/blur_test.py::test_blur_color[ksize0]
  /app/.venv/lib/python3.14/site-packages/tinygrad/runtime/autogen/nv_gpu.py:12890: DeprecationWarning: Due to '_pack_', the 'struct_NV2080_CTRL_GPU_QUERY_ECC_STATUS_PARAMS' Structure will use memory layout compatible with MSVC (Windows). If this is intended, set _layout_ to 'ms'. The implicit default is deprecated and slated to become an error in Python 3.19.
    struct_NV2080_CTRL_GPU_QUERY_ECC_STATUS_PARAMS._fields_ = [

tinyops/image/blur_test.py::test_blur_color[ksize0]
  /app/.venv/lib/python3.14/site-packages/tinygrad/runtime/autogen/nv_gpu.py:12904: DeprecationWarning: Due to '_pack_', the 'struct_NV2080_CTRL_GPU_SET_COMPUTE_MODE_RULES_PARAMS' Structure will use memory layout compatible with MSVC (Windows). If this is intended, set _layout_ to 'ms'. The implicit default is deprecated and slated to become an error in Python 3.19.
    struct_NV2080_CTRL_GPU_SET_COMPUTE_MODE_RULES_PARAMS._fields_ = [

tinyops/image/blur_test.py::test_blur_color[ksize0]
  /app/.venv/lib/python3.14/site-packages/tinygrad/runtime/autogen/nv_gpu.py:12914: DeprecationWarning: Due to '_pack_', the 'struct_NV2080_CTRL_GPU_QUERY_COMPUTE_MODE_RULES_PARAMS' Structure will use memory layout compatible with MSVC (Windows). If this is intended, set _layout_ to 'ms'. The implicit default is deprecated and slated to become an error in Python 3.19.
    struct_NV2080_CTRL_GPU_QUERY_COMPUTE_MODE_RULES_PARAMS._fields_ = [

tinyops/image/blur_test.py::test_blur_color[ksize0]
  /app/.venv/lib/python3.14/site-packages/tinygrad/runtime/autogen/nv_gpu.py:12923: DeprecationWarning: Due to '_pack_', the 'struct_NV2080_CTRL_GPU_QUERY_ECC_CONFIGURATION_PARAMS' Structure will use memory layout compatible with MSVC (Windows). If this is intended, set _layout_ to 'ms'. The implicit default is deprecated and slated to become an error in Python 3.19.
    struct_NV2080_CTRL_GPU_QUERY_ECC_CONFIGURATION_PARAMS._fields_ = [

tinyops/image/blur_test.py::test_blur_color[ksize0]
  /app/.venv/lib/python3.14/site-packages/tinygrad/runtime/autogen/nv_gpu.py:12933: DeprecationWarning: Due to '_pack_', the 'struct_NV2080_CTRL_GPU_SET_ECC_CONFIGURATION_PARAMS' Structure will use memory layout compatible with MSVC (Windows). If this is intended, set _layout_ to 'ms'. The implicit default is deprecated and slated to become an error in Python 3.19.
    struct_NV2080_CTRL_GPU_SET_ECC_CONFIGURATION_PARAMS._fields_ = [

tinyops/image/blur_test.py::test_blur_color[ksize0]
  /app/.venv/lib/python3.14/site-packages/tinygrad/runtime/autogen/nv_gpu.py:12942: DeprecationWarning: Due to '_pack_', the 'struct_NV2080_CTRL_GPU_RESET_ECC_ERROR_STATUS_PARAMS' Structure will use memory layout compatible with MSVC (Windows). If this is intended, set _layout_ to 'ms'. The implicit default is deprecated and slated to become an error in Python 3.19.
    struct_NV2080_CTRL_GPU_RESET_ECC_ERROR_STATUS_PARAMS._fields_ = [

tinyops/image/blur_test.py::test_blur_color[ksize0]
  /app/.venv/lib/python3.14/site-packages/tinygrad/runtime/autogen/nv_gpu.py:12953: DeprecationWarning: Due to '_pack_', the 'struct_NV2080_CTRL_GPU_GET_FERMI_GPC_INFO_PARAMS' Structure will use memory layout compatible with MSVC (Windows). If this is intended, set _layout_ to 'ms'. The implicit default is deprecated and slated to become an error in Python 3.19.
    struct_NV2080_CTRL_GPU_GET_FERMI_GPC_INFO_PARAMS._fields_ = [

tinyops/image/blur_test.py::test_blur_color[ksize0]
  /app/.venv/lib/python3.14/site-packages/tinygrad/runtime/autogen/nv_gpu.py:12962: DeprecationWarning: Due to '_pack_', the 'struct_NV2080_CTRL_GPU_GET_FERMI_TPC_INFO_PARAMS' Structure will use memory layout compatible with MSVC (Windows). If this is intended, set _layout_ to 'ms'. The implicit default is deprecated and slated to become an error in Python 3.19.
    struct_NV2080_CTRL_GPU_GET_FERMI_TPC_INFO_PARAMS._fields_ = [

tinyops/image/blur_test.py::test_blur_color[ksize0]
  /app/.venv/lib/python3.14/site-packages/tinygrad/runtime/autogen/nv_gpu.py:12972: DeprecationWarning: Due to '_pack_', the 'struct_NV2080_CTRL_GPU_GET_FERMI_ZCULL_INFO_PARAMS' Structure will use memory layout compatible with MSVC (Windows). If this is intended, set _layout_ to 'ms'. The implicit default is deprecated and slated to become an error in Python 3.19.
    struct_NV2080_CTRL_GPU_GET_FERMI_ZCULL_INFO_PARAMS._fields_ = [

tinyops/image/blur_test.py::test_blur_color[ksize0]
  /app/.venv/lib/python3.14/site-packages/tinygrad/runtime/autogen/nv_gpu.py:12982: DeprecationWarning: Due to '_pack_', the 'struct_NV2080_CTRL_GPU_GET_OEM_BOARD_INFO_PARAMS' Structure will use memory layout compatible with MSVC (Windows). If this is intended, set _layout_ to 'ms'. The implicit default is deprecated and slated to become an error in Python 3.19.
    struct_NV2080_CTRL_GPU_GET_OEM_BOARD_INFO_PARAMS._fields_ = [

tinyops/image/blur_test.py::test_blur_color[ksize0]
  /app/.venv/lib/python3.14/site-packages/tinygrad/runtime/autogen/nv_gpu.py:13002: DeprecationWarning: Due to '_pack_', the 'struct_NV2080_CTRL_GPU_GET_ID_PARAMS' Structure will use memory layout compatible with MSVC (Windows). If this is intended, set _layout_ to 'ms'. The implicit default is deprecated and slated to become an error in Python 3.19.
    struct_NV2080_CTRL_GPU_GET_ID_PARAMS._fields_ = [

tinyops/image/blur_test.py::test_blur_color[ksize0]
  /app/.venv/lib/python3.14/site-packages/tinygrad/runtime/autogen/nv_gpu.py:13011: DeprecationWarning: Due to '_pack_', the 'struct_NV2080_CTRL_GPU_SET_GPU_DEBUG_MODE_PARAMS' Structure will use memory layout compatible with MSVC (Windows). If this is intended, set _layout_ to 'ms'. The implicit default is deprecated and slated to become an error in Python 3.19.
    struct_NV2080_CTRL_GPU_SET_GPU_DEBUG_MODE_PARAMS._fields_ = [

tinyops/image/blur_test.py::test_blur_color[ksize0]
  /app/.venv/lib/python3.14/site-packages/tinygrad/runtime/autogen/nv_gpu.py:13020: DeprecationWarning: Due to '_pack_', the 'struct_NV2080_CTRL_GPU_GET_GPU_DEBUG_MODE_PARAMS' Structure will use memory layout compatible with MSVC (Windows). If this is intended, set _layout_ to 'ms'. The implicit default is deprecated and slated to become an error in Python 3.19.
    struct_NV2080_CTRL_GPU_GET_GPU_DEBUG_MODE_PARAMS._fields_ = [

tinyops/image/blur_test.py::test_blur_color[ksize0]
  /app/.venv/lib/python3.14/site-packages/tinygrad/runtime/autogen/nv_gpu.py:13029: DeprecationWarning: Due to '_pack_', the 'struct_NV2080_CTRL_GPU_GET_ENGINE_PARTNERLIST_PARAMS' Structure will use memory layout compatible with MSVC (Windows). If this is intended, set _layout_ to 'ms'. The implicit default is deprecated and slated to become an error in Python 3.19.
    struct_NV2080_CTRL_GPU_GET_ENGINE_PARTNERLIST_PARAMS._fields_ = [

tinyops/image/blur_test.py::test_blur_color[ksize0]
  /app/.venv/lib/python3.14/site-packages/tinygrad/runtime/autogen/nv_gpu.py:13042: DeprecationWarning: Due to '_pack_', the 'struct_NV2080_CTRL_GPU_GET_GID_INFO_PARAMS' Structure will use memory layout compatible with MSVC (Windows). If this is intended, set _layout_ to 'ms'. The implicit default is deprecated and slated to become an error in Python 3.19.
    struct_NV2080_CTRL_GPU_GET_GID_INFO_PARAMS._fields_ = [

tinyops/image/blur_test.py::test_blur_color[ksize0]
  /app/.venv/lib/python3.14/site-packages/tinygrad/runtime/autogen/nv_gpu.py:13054: DeprecationWarning: Due to '_pack_', the 'struct_NV2080_CTRL_GPU_GET_INFOROM_OBJECT_VERSION_PARAMS' Structure will use memory layout compatible with MSVC (Windows). If this is intended, set _layout_ to 'ms'. The implicit default is deprecated and slated to become an error in Python 3.19.
    struct_NV2080_CTRL_GPU_GET_INFOROM_OBJECT_VERSION_PARAMS._fields_ = [

tinyops/image/blur_test.py::test_blur_color[ksize0]
  /app/.venv/lib/python3.14/site-packages/tinygrad/runtime/autogen/nv_gpu.py:13065: DeprecationWarning: Due to '_pack_', the 'struct_NV2080_CTRL_GPU_OPTIMUS_INFO_PARAMS' Structure will use memory layout compatible with MSVC (Windows). If this is intended, set _layout_ to 'ms'. The implicit default is deprecated and slated to become an error in Python 3.19.
    struct_NV2080_CTRL_GPU_OPTIMUS_INFO_PARAMS._fields_ = [

tinyops/image/blur_test.py::test_blur_color[ksize0]
  /app/.venv/lib/python3.14/site-packages/tinygrad/runtime/autogen/nv_gpu.py:13074: DeprecationWarning: Due to '_pack_', the 'struct_NV2080_CTRL_GPU_GET_IP_VERSION_PARAMS' Structure will use memory layout compatible with MSVC (Windows). If this is intended, set _layout_ to 'ms'. The implicit default is deprecated and slated to become an error in Python 3.19.
    struct_NV2080_CTRL_GPU_GET_IP_VERSION_PARAMS._fields_ = [

tinyops/image/blur_test.py::test_blur_color[ksize0]
  /app/.venv/lib/python3.14/site-packages/tinygrad/runtime/autogen/nv_gpu.py:13084: DeprecationWarning: Due to '_pack_', the 'struct_NV2080_CTRL_CMD_GPU_QUERY_ILLUM_SUPPORT_PARAMS' Structure will use memory layout compatible with MSVC (Windows). If this is intended, set _layout_ to 'ms'. The implicit default is deprecated and slated to become an error in Python 3.19.
    struct_NV2080_CTRL_CMD_GPU_QUERY_ILLUM_SUPPORT_PARAMS._fields_ = [

tinyops/image/blur_test.py::test_blur_color[ksize0]
  /app/.venv/lib/python3.14/site-packages/tinygrad/runtime/autogen/nv_gpu.py:13095: DeprecationWarning: Due to '_pack_', the 'struct_NV2080_CTRL_CMD_GPU_ILLUM_PARAMS' Structure will use memory layout compatible with MSVC (Windows). If this is intended, set _layout_ to 'ms'. The implicit default is deprecated and slated to become an error in Python 3.19.
    struct_NV2080_CTRL_CMD_GPU_ILLUM_PARAMS._fields_ = [

tinyops/image/blur_test.py::test_blur_color[ksize0]
  /app/.venv/lib/python3.14/site-packages/tinygrad/runtime/autogen/nv_gpu.py:13107: DeprecationWarning: Due to '_pack_', the 'struct_NV2080_CTRL_GPU_GET_INFOROM_IMAGE_VERSION_PARAMS' Structure will use memory layout compatible with MSVC (Windows). If this is intended, set _layout_ to 'ms'. The implicit default is deprecated and slated to become an error in Python 3.19.
    struct_NV2080_CTRL_GPU_GET_INFOROM_IMAGE_VERSION_PARAMS._fields_ = [

tinyops/image/blur_test.py::test_blur_color[ksize0]
  /app/.venv/lib/python3.14/site-packages/tinygrad/runtime/autogen/nv_gpu.py:13116: DeprecationWarning: Due to '_pack_', the 'struct_NV2080_CTRL_GPU_PHYSICAL_BRIDGE_VERSION_PARAMS' Structure will use memory layout compatible with MSVC (Windows). If this is intended, set _layout_ to 'ms'. The implicit default is deprecated and slated to become an error in Python 3.19.
    struct_NV2080_CTRL_GPU_PHYSICAL_BRIDGE_VERSION_PARAMS._fields_ = [

tinyops/image/blur_test.py::test_blur_color[ksize0]
  /app/.venv/lib/python3.14/site-packages/tinygrad/runtime/autogen/nv_gpu.py:13129: DeprecationWarning: Due to '_pack_', the 'struct_NV2080_CTRL_GPU_GET_PHYSICAL_BRIDGE_VERSION_INFO_PARAMS' Structure will use memory layout compatible with MSVC (Windows). If this is intended, set _layout_ to 'ms'. The implicit default is deprecated and slated to become an error in Python 3.19.
    struct_NV2080_CTRL_GPU_GET_PHYSICAL_BRIDGE_VERSION_INFO_PARAMS._fields_ = [

tinyops/image/blur_test.py::test_blur_color[ksize0]
  /app/.venv/lib/python3.14/site-packages/tinygrad/runtime/autogen/nv_gpu.py:13141: DeprecationWarning: Due to '_pack_', the 'struct_NV2080_CTRL_GPU_BRIDGE_VERSION_PARAMS' Structure will use memory layout compatible with MSVC (Windows). If this is intended, set _layout_ to 'ms'. The implicit default is deprecated and slated to become an error in Python 3.19.
    struct_NV2080_CTRL_GPU_BRIDGE_VERSION_PARAMS._fields_ = [

tinyops/image/blur_test.py::test_blur_color[ksize0]
  /app/.venv/lib/python3.14/site-packages/tinygrad/runtime/autogen/nv_gpu.py:13158: DeprecationWarning: Due to '_pack_', the 'struct_NV2080_CTRL_GPU_GET_ALL_BRIDGES_UPSTREAM_OF_GPU_PARAMS' Structure will use memory layout compatible with MSVC (Windows). If this is intended, set _layout_ to 'ms'. The implicit default is deprecated and slated to become an error in Python 3.19.
    struct_NV2080_CTRL_GPU_GET_ALL_BRIDGES_UPSTREAM_OF_GPU_PARAMS._fields_ = [

tinyops/image/blur_test.py::test_blur_color[ksize0]
  /app/.venv/lib/python3.14/site-packages/tinygrad/runtime/autogen/nv_gpu.py:13170: DeprecationWarning: Due to '_pack_', the 'struct_NV2080_CTRL_GPU_QUERY_SCRUBBER_STATUS_PARAMS' Structure will use memory layout compatible with MSVC (Windows). If this is intended, set _layout_ to 'ms'. The implicit default is deprecated and slated to become an error in Python 3.19.
    struct_NV2080_CTRL_GPU_QUERY_SCRUBBER_STATUS_PARAMS._fields_ = [

tinyops/image/blur_test.py::test_blur_color[ksize0]
  /app/.venv/lib/python3.14/site-packages/tinygrad/runtime/autogen/nv_gpu.py:13182: DeprecationWarning: Due to '_pack_', the 'struct_NV2080_CTRL_GPU_GET_VPR_CAPS_PARAMS' Structure will use memory layout compatible with MSVC (Windows). If this is intended, set _layout_ to 'ms'. The implicit default is deprecated and slated to become an error in Python 3.19.
    struct_NV2080_CTRL_GPU_GET_VPR_CAPS_PARAMS._fields_ = [

tinyops/image/blur_test.py::test_blur_color[ksize0]
  /app/.venv/lib/python3.14/site-packages/tinygrad/runtime/autogen/nv_gpu.py:13192: DeprecationWarning: Due to '_pack_', the 'struct_NV2080_CTRL_GPU_GET_PES_INFO_PARAMS' Structure will use memory layout compatible with MSVC (Windows). If this is intended, set _layout_ to 'ms'. The implicit default is deprecated and slated to become an error in Python 3.19.
    struct_NV2080_CTRL_GPU_GET_PES_INFO_PARAMS._fields_ = [

tinyops/image/blur_test.py::test_blur_color[ksize0]
  /app/.venv/lib/python3.14/site-packages/tinygrad/runtime/autogen/nv_gpu.py:13205: DeprecationWarning: Due to '_pack_', the 'struct_NV2080_CTRL_GPU_GET_OEM_INFO_PARAMS' Structure will use memory layout compatible with MSVC (Windows). If this is intended, set _layout_ to 'ms'. The implicit default is deprecated and slated to become an error in Python 3.19.
    struct_NV2080_CTRL_GPU_GET_OEM_INFO_PARAMS._fields_ = [

tinyops/image/blur_test.py::test_blur_color[ksize0]
  /app/.venv/lib/python3.14/site-packages/tinygrad/runtime/autogen/nv_gpu.py:13223: DeprecationWarning: Due to '_pack_', the 'struct_NV2080_CTRL_GPU_GET_VPR_INFO_PARAMS' Structure will use memory layout compatible with MSVC (Windows). If this is intended, set _layout_ to 'ms'. The implicit default is deprecated and slated to become an error in Python 3.19.
    struct_NV2080_CTRL_GPU_GET_VPR_INFO_PARAMS._fields_ = [

tinyops/image/blur_test.py::test_blur_color[ksize0]
  /app/.venv/lib/python3.14/site-packages/tinygrad/runtime/autogen/nv_gpu.py:13247: DeprecationWarning: Due to '_pack_', the 'struct_NV2080_CTRL_GPU_GET_ENCODER_CAPACITY_PARAMS' Structure will use memory layout compatible with MSVC (Windows). If this is intended, set _layout_ to 'ms'. The implicit default is deprecated and slated to become an error in Python 3.19.
    struct_NV2080_CTRL_GPU_GET_ENCODER_CAPACITY_PARAMS._fields_ = [

tinyops/image/blur_test.py::test_blur_color[ksize0]
  /app/.venv/lib/python3.14/site-packages/tinygrad/runtime/autogen/nv_gpu.py:13257: DeprecationWarning: Due to '_pack_', the 'struct_NV2080_CTRL_GPU_GET_NVENC_SW_SESSION_STATS_PARAMS' Structure will use memory layout compatible with MSVC (Windows). If this is intended, set _layout_ to 'ms'. The implicit default is deprecated and slated to become an error in Python 3.19.
    struct_NV2080_CTRL_GPU_GET_NVENC_SW_SESSION_STATS_PARAMS._fields_ = [

tinyops/image/blur_test.py::test_blur_color[ksize0]
  /app/.venv/lib/python3.14/site-packages/tinygrad/runtime/autogen/nv_gpu.py:13268: DeprecationWarning: Due to '_pack_', the 'struct_NV2080_CTRL_NVENC_SW_SESSION_INFO' Structure will use memory layout compatible with MSVC (Windows). If this is intended, set _layout_ to 'ms'. The implicit default is deprecated and slated to become an error in Python 3.19.
    struct_NV2080_CTRL_NVENC_SW_SESSION_INFO._fields_ = [

tinyops/image/blur_test.py::test_blur_color[ksize0]
  /app/.venv/lib/python3.14/site-packages/tinygrad/runtime/autogen/nv_gpu.py:13284: DeprecationWarning: Due to '_pack_', the 'struct_NV2080_CTRL_GPU_GET_NVENC_SW_SESSION_INFO_PARAMS' Structure will use memory layout compatible with MSVC (Windows). If this is intended, set _layout_ to 'ms'. The implicit default is deprecated and slated to become an error in Python 3.19.
    struct_NV2080_CTRL_GPU_GET_NVENC_SW_SESSION_INFO_PARAMS._fields_ = [

tinyops/image/blur_test.py::test_blur_color[ksize0]
  /app/.venv/lib/python3.14/site-packages/tinygrad/runtime/autogen/nv_gpu.py:13295: DeprecationWarning: Due to '_pack_', the 'struct_NV2080_CTRL_GPU_SET_FABRIC_BASE_ADDR_PARAMS' Structure will use memory layout compatible with MSVC (Windows). If this is intended, set _layout_ to 'ms'. The implicit default is deprecated and slated to become an error in Python 3.19.
    struct_NV2080_CTRL_GPU_SET_FABRIC_BASE_ADDR_PARAMS._fields_ = [

tinyops/image/blur_test.py::test_blur_color[ksize0]
  /app/.venv/lib/python3.14/site-packages/tinygrad/runtime/autogen/nv_gpu.py:13304: DeprecationWarning: Due to '_pack_', the 'struct_NV2080_CTRL_GPU_VIRTUAL_INTERRUPT_PARAMS' Structure will use memory layout compatible with MSVC (Windows). If this is intended, set _layout_ to 'ms'. The implicit default is deprecated and slated to become an error in Python 3.19.
    struct_NV2080_CTRL_GPU_VIRTUAL_INTERRUPT_PARAMS._fields_ = [

tinyops/image/blur_test.py::test_blur_color[ksize0]
  /app/.venv/lib/python3.14/site-packages/tinygrad/runtime/autogen/nv_gpu.py:13313: DeprecationWarning: Due to '_pack_', the 'struct_NV2080_CTRL_CMD_GPU_QUERY_FUNCTION_STATUS_PARAMS' Structure will use memory layout compatible with MSVC (Windows). If this is intended, set _layout_ to 'ms'. The implicit default is deprecated and slated to become an error in Python 3.19.
    struct_NV2080_CTRL_CMD_GPU_QUERY_FUNCTION_STATUS_PARAMS._fields_ = [

tinyops/image/blur_test.py::test_blur_color[ksize0]
  /app/.venv/lib/python3.14/site-packages/tinygrad/runtime/autogen/nv_gpu.py:13324: DeprecationWarning: Due to '_pack_', the 'struct_NV2080_CTRL_GPU_PARTITION_SPAN' Structure will use memory layout compatible with MSVC (Windows). If this is intended, set _layout_ to 'ms'. The implicit default is deprecated and slated to become an error in Python 3.19.
    struct_NV2080_CTRL_GPU_PARTITION_SPAN._fields_ = [

tinyops/image/blur_test.py::test_blur_color[ksize0]
  /app/.venv/lib/python3.14/site-packages/tinygrad/runtime/autogen/nv_gpu.py:13334: DeprecationWarning: Due to '_pack_', the 'struct_NV2080_CTRL_EXEC_PARTITION_SPAN' Structure will use memory layout compatible with MSVC (Windows). If this is intended, set _layout_ to 'ms'. The implicit default is deprecated and slated to become an error in Python 3.19.
    struct_NV2080_CTRL_EXEC_PARTITION_SPAN._fields_ = [

tinyops/image/blur_test.py::test_blur_color[ksize0]
  /app/.venv/lib/python3.14/site-packages/tinygrad/runtime/autogen/nv_gpu.py:13344: DeprecationWarning: Due to '_pack_', the 'struct_NV2080_CTRL_GPU_SET_PARTITION_INFO' Structure will use memory layout compatible with MSVC (Windows). If this is intended, set _layout_ to 'ms'. The implicit default is deprecated and slated to become an error in Python 3.19.
    struct_NV2080_CTRL_GPU_SET_PARTITION_INFO._fields_ = [

tinyops/image/blur_test.py::test_blur_color[ksize0]
  /app/.venv/lib/python3.14/site-packages/tinygrad/runtime/autogen/nv_gpu.py:13358: DeprecationWarning: Due to '_pack_', the 'struct_NV2080_CTRL_GPU_SET_PARTITIONS_PARAMS' Structure will use memory layout compatible with MSVC (Windows). If this is intended, set _layout_ to 'ms'. The implicit default is deprecated and slated to become an error in Python 3.19.
    struct_NV2080_CTRL_GPU_SET_PARTITIONS_PARAMS._fields_ = [

tinyops/image/blur_test.py::test_blur_color[ksize0]
  /app/.venv/lib/python3.14/site-packages/tinygrad/runtime/autogen/nv_gpu.py:13369: DeprecationWarning: Due to '_pack_', the 'struct_NV2080_CTRL_GPU_GET_PARTITION_INFO' Structure will use memory layout compatible with MSVC (Windows). If this is intended, set _layout_ to 'ms'. The implicit default is deprecated and slated to become an error in Python 3.19.
    struct_NV2080_CTRL_GPU_GET_PARTITION_INFO._fields_ = [

tinyops/image/blur_test.py::test_blur_color[ksize0]
  /app/.venv/lib/python3.14/site-packages/tinygrad/runtime/autogen/nv_gpu.py:13402: DeprecationWarning: Due to '_pack_', the 'struct_NV2080_CTRL_GPU_GET_PARTITIONS_PARAMS' Structure will use memory layout compatible with MSVC (Windows). If this is intended, set _layout_ to 'ms'. The implicit default is deprecated and slated to become an error in Python 3.19.
    struct_NV2080_CTRL_GPU_GET_PARTITIONS_PARAMS._fields_ = [

tinyops/image/blur_test.py::test_blur_color[ksize0]
  /app/.venv/lib/python3.14/site-packages/tinygrad/runtime/autogen/nv_gpu.py:13414: DeprecationWarning: Due to '_pack_', the 'struct_NV2080_CTRL_GPU_CONFIGURE_PARTITION_PARAMS' Structure will use memory layout compatible with MSVC (Windows). If this is intended, set _layout_ to 'ms'. The implicit default is deprecated and slated to become an error in Python 3.19.
    struct_NV2080_CTRL_GPU_CONFIGURE_PARTITION_PARAMS._fields_ = [

tinyops/image/blur_test.py::test_blur_color[ksize0]
  /app/.venv/lib/python3.14/site-packages/tinygrad/runtime/autogen/nv_gpu.py:13427: DeprecationWarning: Due to '_pack_', the 'struct_NV2080_CTRL_GPU_FAULT_PACKET' Structure will use memory layout compatible with MSVC (Windows). If this is intended, set _layout_ to 'ms'. The implicit default is deprecated and slated to become an error in Python 3.19.
    struct_NV2080_CTRL_GPU_FAULT_PACKET._fields_ = [

tinyops/image/blur_test.py::test_blur_color[ksize0]
  /app/.venv/lib/python3.14/site-packages/tinygrad/runtime/autogen/nv_gpu.py:13432: DeprecationWarning: Due to '_pack_', the 'struct_NV2080_CTRL_GPU_REPORT_NON_REPLAYABLE_FAULT_PARAMS' Structure will use memory layout compatible with MSVC (Windows). If this is intended, set _layout_ to 'ms'. The implicit default is deprecated and slated to become an error in Python 3.19.
    class struct_NV2080_CTRL_GPU_REPORT_NON_REPLAYABLE_FAULT_PARAMS(Structure):

tinyops/image/blur_test.py::test_blur_color[ksize0]
  /app/.venv/lib/python3.14/site-packages/tinygrad/runtime/autogen/nv_gpu.py:13444: DeprecationWarning: Due to '_pack_', the 'struct_NV2080_CTRL_GPU_GET_ENGINE_RUNLIST_PRI_BASE_PARAMS' Structure will use memory layout compatible with MSVC (Windows). If this is intended, set _layout_ to 'ms'. The implicit default is deprecated and slated to become an error in Python 3.19.
    struct_NV2080_CTRL_GPU_GET_ENGINE_RUNLIST_PRI_BASE_PARAMS._fields_ = [

tinyops/image/blur_test.py::test_blur_color[ksize0]
  /app/.venv/lib/python3.14/site-packages/tinygrad/runtime/autogen/nv_gpu.py:13455: DeprecationWarning: Due to '_pack_', the 'struct_NV2080_CTRL_GPU_GET_HW_ENGINE_ID_PARAMS' Structure will use memory layout compatible with MSVC (Windows). If this is intended, set _layout_ to 'ms'. The implicit default is deprecated and slated to become an error in Python 3.19.
    struct_NV2080_CTRL_GPU_GET_HW_ENGINE_ID_PARAMS._fields_ = [

tinyops/image/blur_test.py::test_blur_color[ksize0]
  /app/.venv/lib/python3.14/site-packages/tinygrad/runtime/autogen/nv_gpu.py:13465: DeprecationWarning: Due to '_pack_', the 'struct_NV2080_CTRL_GPU_GET_NVFBC_SW_SESSION_STATS_PARAMS' Structure will use memory layout compatible with MSVC (Windows). If this is intended, set _layout_ to 'ms'. The implicit default is deprecated and slated to become an error in Python 3.19.
    struct_NV2080_CTRL_GPU_GET_NVFBC_SW_SESSION_STATS_PARAMS._fields_ = [

tinyops/image/blur_test.py::test_blur_color[ksize0]
  /app/.venv/lib/python3.14/site-packages/tinygrad/runtime/autogen/nv_gpu.py:13476: DeprecationWarning: Due to '_pack_', the 'struct_NV2080_CTRL_NVFBC_SW_SESSION_INFO' Structure will use memory layout compatible with MSVC (Windows). If this is intended, set _layout_ to 'ms'. The implicit default is deprecated and slated to become an error in Python 3.19.
    struct_NV2080_CTRL_NVFBC_SW_SESSION_INFO._fields_ = [

tinyops/image/blur_test.py::test_blur_color[ksize0]
  /app/.venv/lib/python3.14/site-packages/tinygrad/runtime/autogen/nv_gpu.py:13497: DeprecationWarning: Due to '_pack_', the 'struct_NV2080_CTRL_GPU_GET_NVFBC_SW_SESSION_INFO_PARAMS' Structure will use memory layout compatible with MSVC (Windows). If this is intended, set _layout_ to 'ms'. The implicit default is deprecated and slated to become an error in Python 3.19.
    struct_NV2080_CTRL_GPU_GET_NVFBC_SW_SESSION_INFO_PARAMS._fields_ = [

tinyops/image/blur_test.py::test_blur_color[ksize0]
  /app/.venv/lib/python3.14/site-packages/tinygrad/runtime/autogen/nv_gpu.py:13507: DeprecationWarning: Due to '_pack_', the 'struct_NV2080_CTRL_GPU_GET_FIRST_ASYNC_CE_IDX_PARAMS' Structure will use memory layout compatible with MSVC (Windows). If this is intended, set _layout_ to 'ms'. The implicit default is deprecated and slated to become an error in Python 3.19.
    struct_NV2080_CTRL_GPU_GET_FIRST_ASYNC_CE_IDX_PARAMS._fields_ = [

tinyops/image/blur_test.py::test_blur_color[ksize0]
  /app/.venv/lib/python3.14/site-packages/tinygrad/runtime/autogen/nv_gpu.py:13516: DeprecationWarning: Due to '_pack_', the 'struct_NV2080_CTRL_GPU_GET_VMMU_SEGMENT_SIZE_PARAMS' Structure will use memory layout compatible with MSVC (Windows). If this is intended, set _layout_ to 'ms'. The implicit default is deprecated and slated to become an error in Python 3.19.
    struct_NV2080_CTRL_GPU_GET_VMMU_SEGMENT_SIZE_PARAMS._fields_ = [

tinyops/image/blur_test.py::test_blur_color[ksize0]
  /app/.venv/lib/python3.14/site-packages/tinygrad/runtime/autogen/nv_gpu.py:13525: DeprecationWarning: Due to '_pack_', the 'struct_NV2080_CTRL_GPU_GET_PARTITION_CAPACITY_PARAMS' Structure will use memory layout compatible with MSVC (Windows). If this is intended, set _layout_ to 'ms'. The implicit default is deprecated and slated to become an error in Python 3.19.
    struct_NV2080_CTRL_GPU_GET_PARTITION_CAPACITY_PARAMS._fields_ = [

tinyops/image/blur_test.py::test_blur_color[ksize0]
  /app/.venv/lib/python3.14/site-packages/tinygrad/runtime/autogen/nv_gpu.py:13543: DeprecationWarning: Due to '_pack_', the 'struct_NV2080_CTRL_GPU_SET_PARTITIONING_MODE_PARAMS' Structure will use memory layout compatible with MSVC (Windows). If this is intended, set _layout_ to 'ms'. The implicit default is deprecated and slated to become an error in Python 3.19.
    struct_NV2080_CTRL_GPU_SET_PARTITIONING_MODE_PARAMS._fields_ = [

tinyops/image/blur_test.py::test_blur_color[ksize0]
  /app/.venv/lib/python3.14/site-packages/tinygrad/runtime/autogen/nv_gpu.py:13552: DeprecationWarning: Due to '_pack_', the 'struct_NV2080_CTRL_GPU_DESCRIBE_PARTITIONS_INFO' Structure will use memory layout compatible with MSVC (Windows). If this is intended, set _layout_ to 'ms'. The implicit default is deprecated and slated to become an error in Python 3.19.
    struct_NV2080_CTRL_GPU_DESCRIBE_PARTITIONS_INFO._fields_ = [

tinyops/image/blur_test.py::test_blur_color[ksize0]
  /app/.venv/lib/python3.14/site-packages/tinygrad/runtime/autogen/nv_gpu.py:13575: DeprecationWarning: Due to '_pack_', the 'struct_NV2080_CTRL_GPU_DESCRIBE_PARTITIONS_PARAMS' Structure will use memory layout compatible with MSVC (Windows). If this is intended, set _layout_ to 'ms'. The implicit default is deprecated and slated to become an error in Python 3.19.
    struct_NV2080_CTRL_GPU_DESCRIBE_PARTITIONS_PARAMS._fields_ = [

tinyops/image/blur_test.py::test_blur_color[ksize0]
  /app/.venv/lib/python3.14/site-packages/tinygrad/runtime/autogen/nv_gpu.py:13586: DeprecationWarning: Due to '_pack_', the 'struct_NV2080_CTRL_GPU_GET_MAX_SUPPORTED_PAGE_SIZE_PARAMS' Structure will use memory layout compatible with MSVC (Windows). If this is intended, set _layout_ to 'ms'. The implicit default is deprecated and slated to become an error in Python 3.19.
    struct_NV2080_CTRL_GPU_GET_MAX_SUPPORTED_PAGE_SIZE_PARAMS._fields_ = [

tinyops/image/blur_test.py::test_blur_color[ksize0]
  /app/.venv/lib/python3.14/site-packages/tinygrad/runtime/autogen/nv_gpu.py:13595: DeprecationWarning: Due to '_pack_', the 'struct_NV2080_CTRL_GPU_GET_NUM_MMUS_PER_GPC_PARAMS' Structure will use memory layout compatible with MSVC (Windows). If this is intended, set _layout_ to 'ms'. The implicit default is deprecated and slated to become an error in Python 3.19.
    struct_NV2080_CTRL_GPU_GET_NUM_MMUS_PER_GPC_PARAMS._fields_ = [

tinyops/image/blur_test.py::test_blur_color[ksize0]
  /app/.venv/lib/python3.14/site-packages/tinygrad/runtime/autogen/nv_gpu.py:13606: DeprecationWarning: Due to '_pack_', the 'struct_NV2080_CTRL_GPU_GET_ACTIVE_PARTITION_IDS_PARAMS' Structure will use memory layout compatible with MSVC (Windows). If this is intended, set _layout_ to 'ms'. The implicit default is deprecated and slated to become an error in Python 3.19.
    struct_NV2080_CTRL_GPU_GET_ACTIVE_PARTITION_IDS_PARAMS._fields_ = [

tinyops/image/blur_test.py::test_blur_color[ksize0]
  /app/.venv/lib/python3.14/site-packages/tinygrad/runtime/autogen/nv_gpu.py:13616: DeprecationWarning: Due to '_pack_', the 'struct_NV2080_CTRL_GPU_GET_PIDS_PARAMS' Structure will use memory layout compatible with MSVC (Windows). If this is intended, set _layout_ to 'ms'. The implicit default is deprecated and slated to become an error in Python 3.19.
    struct_NV2080_CTRL_GPU_GET_PIDS_PARAMS._fields_ = [

tinyops/image/blur_test.py::test_blur_color[ksize0]
  /app/.venv/lib/python3.14/site-packages/tinygrad/runtime/autogen/nv_gpu.py:13628: DeprecationWarning: Due to '_pack_', the 'struct_NV2080_CTRL_SMC_SUBSCRIPTION_INFO' Structure will use memory layout compatible with MSVC (Windows). If this is intended, set _layout_ to 'ms'. The implicit default is deprecated and slated to become an error in Python 3.19.
    struct_NV2080_CTRL_SMC_SUBSCRIPTION_INFO._fields_ = [

tinyops/image/blur_test.py::test_blur_color[ksize0]
  /app/.venv/lib/python3.14/site-packages/tinygrad/runtime/autogen/nv_gpu.py:13638: DeprecationWarning: Due to '_pack_', the 'struct_NV2080_CTRL_GPU_PID_INFO_VIDEO_MEMORY_USAGE_DATA' Structure will use memory layout compatible with MSVC (Windows). If this is intended, set _layout_ to 'ms'. The implicit default is deprecated and slated to become an error in Python 3.19.
    struct_NV2080_CTRL_GPU_PID_INFO_VIDEO_MEMORY_USAGE_DATA._fields_ = [

tinyops/image/blur_test.py::test_blur_color[ksize0]
  /app/.venv/lib/python3.14/site-packages/tinygrad/runtime/autogen/nv_gpu.py:13648: DeprecationWarning: Due to '_pack_', the 'union_NV2080_CTRL_GPU_PID_INFO_DATA' Union will use memory layout compatible with MSVC (Windows). If this is intended, set _layout_ to 'ms'. The implicit default is deprecated and slated to become an error in Python 3.19.
    class union_NV2080_CTRL_GPU_PID_INFO_DATA(Union):

tinyops/image/blur_test.py::test_blur_color[ksize0]
  /app/.venv/lib/python3.14/site-packages/tinygrad/runtime/autogen/nv_gpu.py:13659: DeprecationWarning: Due to '_pack_', the 'struct_NV2080_CTRL_GPU_PID_INFO' Structure will use memory layout compatible with MSVC (Windows). If this is intended, set _layout_ to 'ms'. The implicit default is deprecated and slated to become an error in Python 3.19.
    struct_NV2080_CTRL_GPU_PID_INFO._fields_ = [

tinyops/image/blur_test.py::test_blur_color[ksize0]
  /app/.venv/lib/python3.14/site-packages/tinygrad/runtime/autogen/nv_gpu.py:13673: DeprecationWarning: Due to '_pack_', the 'struct_NV2080_CTRL_GPU_GET_PID_INFO_PARAMS' Structure will use memory layout compatible with MSVC (Windows). If this is intended, set _layout_ to 'ms'. The implicit default is deprecated and slated to become an error in Python 3.19.
    struct_NV2080_CTRL_GPU_GET_PID_INFO_PARAMS._fields_ = [

tinyops/image/blur_test.py::test_blur_color[ksize0]
  /app/.venv/lib/python3.14/site-packages/tinygrad/runtime/autogen/nv_gpu.py:13684: DeprecationWarning: Due to '_pack_', the 'struct_NV2080_CTRL_CMD_GPU_HANDLE_VF_PRI_FAULT_PARAMS' Structure will use memory layout compatible with MSVC (Windows). If this is intended, set _layout_ to 'ms'. The implicit default is deprecated and slated to become an error in Python 3.19.
    struct_NV2080_CTRL_CMD_GPU_HANDLE_VF_PRI_FAULT_PARAMS._fields_ = [

tinyops/image/blur_test.py::test_blur_color[ksize0]
  /app/.venv/lib/python3.14/site-packages/tinygrad/runtime/autogen/nv_gpu.py:13707: DeprecationWarning: Due to '_pack_', the 'union_NV2080_CTRL_GPU_COMPUTE_POLICY_CONFIG_data' Union will use memory layout compatible with MSVC (Windows). If this is intended, set _layout_ to 'ms'. The implicit default is deprecated and slated to become an error in Python 3.19.
    class union_NV2080_CTRL_GPU_COMPUTE_POLICY_CONFIG_data(Union):

tinyops/image/blur_test.py::test_blur_color[ksize0]
  /app/.venv/lib/python3.14/site-packages/tinygrad/runtime/autogen/nv_gpu.py:13714: DeprecationWarning: Due to '_pack_', the 'struct_NV2080_CTRL_GPU_COMPUTE_POLICY_CONFIG' Structure will use memory layout compatible with MSVC (Windows). If this is intended, set _layout_ to 'ms'. The implicit default is deprecated and slated to become an error in Python 3.19.
    struct_NV2080_CTRL_GPU_COMPUTE_POLICY_CONFIG._fields_ = [

tinyops/image/blur_test.py::test_blur_color[ksize0]
  /app/.venv/lib/python3.14/site-packages/tinygrad/runtime/autogen/nv_gpu.py:13720: DeprecationWarning: Due to '_pack_', the 'struct_NV2080_CTRL_GPU_SET_COMPUTE_POLICY_CONFIG_PARAMS' Structure will use memory layout compatible with MSVC (Windows). If this is intended, set _layout_ to 'ms'. The implicit default is deprecated and slated to become an error in Python 3.19.
    class struct_NV2080_CTRL_GPU_SET_COMPUTE_POLICY_CONFIG_PARAMS(Structure):

tinyops/image/blur_test.py::test_blur_color[ksize0]
  /app/.venv/lib/python3.14/site-packages/tinygrad/runtime/autogen/nv_gpu.py:13731: DeprecationWarning: Due to '_pack_', the 'struct_NV2080_CTRL_GPU_GET_COMPUTE_POLICY_CONFIG_PARAMS' Structure will use memory layout compatible with MSVC (Windows). If this is intended, set _layout_ to 'ms'. The implicit default is deprecated and slated to become an error in Python 3.19.
    struct_NV2080_CTRL_GPU_GET_COMPUTE_POLICY_CONFIG_PARAMS._fields_ = [

tinyops/image/blur_test.py::test_blur_color[ksize0]
  /app/.venv/lib/python3.14/site-packages/tinygrad/runtime/autogen/nv_gpu.py:13741: DeprecationWarning: Due to '_pack_', the 'struct_NV2080_CTRL_GPU_GET_GFID_PARAMS' Structure will use memory layout compatible with MSVC (Windows). If this is intended, set _layout_ to 'ms'. The implicit default is deprecated and slated to become an error in Python 3.19.
    struct_NV2080_CTRL_GPU_GET_GFID_PARAMS._fields_ = [

tinyops/image/blur_test.py::test_blur_color[ksize0]
  /app/.venv/lib/python3.14/site-packages/tinygrad/runtime/autogen/nv_gpu.py:13756: DeprecationWarning: Due to '_pack_', the 'struct_NV2080_CTRL_CMD_GPU_UPDATE_GFID_P2P_CAPABILITY_PARAMS' Structure will use memory layout compatible with MSVC (Windows). If this is intended, set _layout_ to 'ms'. The implicit default is deprecated and slated to become an error in Python 3.19.
    struct_NV2080_CTRL_CMD_GPU_UPDATE_GFID_P2P_CAPABILITY_PARAMS._fields_ = [

tinyops/image/blur_test.py::test_blur_color[ksize0]
  /app/.venv/lib/python3.14/site-packages/tinygrad/runtime/autogen/nv_gpu.py:13768: DeprecationWarning: Due to '_pack_', the 'struct_NV2080_CTRL_GPU_VALIDATE_MEM_MAP_REQUEST_PARAMS' Structure will use memory layout compatible with MSVC (Windows). If this is intended, set _layout_ to 'ms'. The implicit default is deprecated and slated to become an error in Python 3.19.
    struct_NV2080_CTRL_GPU_VALIDATE_MEM_MAP_REQUEST_PARAMS._fields_ = [

tinyops/image/blur_test.py::test_blur_color[ksize0]
  /app/.venv/lib/python3.14/site-packages/tinygrad/runtime/autogen/nv_gpu.py:13780: DeprecationWarning: Due to '_pack_', the 'struct_NV2080_CTRL_GPU_SET_EGM_GPA_FABRIC_BASE_ADDR_PARAMS' Structure will use memory layout compatible with MSVC (Windows). If this is intended, set _layout_ to 'ms'. The implicit default is deprecated and slated to become an error in Python 3.19.
    struct_NV2080_CTRL_GPU_SET_EGM_GPA_FABRIC_BASE_ADDR_PARAMS._fields_ = [

tinyops/image/blur_test.py::test_blur_color[ksize0]
  /app/.venv/lib/python3.14/site-packages/tinygrad/runtime/autogen/nv_gpu.py:13789: DeprecationWarning: Due to '_pack_', the 'struct_NV2080_CTRL_GPU_GET_ENGINE_LOAD_TIMES_PARAMS' Structure will use memory layout compatible with MSVC (Windows). If this is intended, set _layout_ to 'ms'. The implicit default is deprecated and slated to become an error in Python 3.19.
    struct_NV2080_CTRL_GPU_GET_ENGINE_LOAD_TIMES_PARAMS._fields_ = [

tinyops/image/blur_test.py::test_blur_color[ksize0]
  /app/.venv/lib/python3.14/site-packages/tinygrad/runtime/autogen/nv_gpu.py:13802: DeprecationWarning: Due to '_pack_', the 'struct_NV2080_CTRL_GPU_GET_ID_NAME_MAPPING_PARAMS' Structure will use memory layout compatible with MSVC (Windows). If this is intended, set _layout_ to 'ms'. The implicit default is deprecated and slated to become an error in Python 3.19.
    struct_NV2080_CTRL_GPU_GET_ID_NAME_MAPPING_PARAMS._fields_ = [

tinyops/image/blur_test.py::test_blur_color[ksize0]
  /app/.venv/lib/python3.14/site-packages/tinygrad/runtime/autogen/nv_gpu.py:13813: DeprecationWarning: Due to '_pack_', the 'struct_NV2080_CTRL_GPU_EXEC_REG_OPS_NOPTRS_PARAMS' Structure will use memory layout compatible with MSVC (Windows). If this is intended, set _layout_ to 'ms'. The implicit default is deprecated and slated to become an error in Python 3.19.
    struct_NV2080_CTRL_GPU_EXEC_REG_OPS_NOPTRS_PARAMS._fields_ = [

tinyops/image/blur_test.py::test_blur_color[ksize0]
  /app/.venv/lib/python3.14/site-packages/tinygrad/runtime/autogen/nv_gpu.py:13828: DeprecationWarning: Due to '_pack_', the 'struct_NV2080_CTRL_GPU_P2P_PEER_CAPS_PEER_INFO' Structure will use memory layout compatible with MSVC (Windows). If this is intended, set _layout_ to 'ms'. The implicit default is deprecated and slated to become an error in Python 3.19.
    struct_NV2080_CTRL_GPU_P2P_PEER_CAPS_PEER_INFO._fields_ = [

tinyops/image/blur_test.py::test_blur_color[ksize0]
  /app/.venv/lib/python3.14/site-packages/tinygrad/runtime/autogen/nv_gpu.py:13845: DeprecationWarning: Due to '_pack_', the 'struct_NV2080_CTRL_GET_P2P_CAPS_PARAMS' Structure will use memory layout compatible with MSVC (Windows). If this is intended, set _layout_ to 'ms'. The implicit default is deprecated and slated to become an error in Python 3.19.
    struct_NV2080_CTRL_GET_P2P_CAPS_PARAMS._fields_ = [

tinyops/image/blur_test.py::test_blur_color[ksize0]
  /app/.venv/lib/python3.14/site-packages/tinygrad/runtime/autogen/nv_gpu.py:13858: DeprecationWarning: Due to '_pack_', the 'struct_NV2080_CTRL_GPU_COMPUTE_PROFILE' Structure will use memory layout compatible with MSVC (Windows). If this is intended, set _layout_ to 'ms'. The implicit default is deprecated and slated to become an error in Python 3.19.
    struct_NV2080_CTRL_GPU_COMPUTE_PROFILE._fields_ = [

tinyops/image/blur_test.py::test_blur_color[ksize0]
  /app/.venv/lib/python3.14/site-packages/tinygrad/runtime/autogen/nv_gpu.py:13872: DeprecationWarning: Due to '_pack_', the 'struct_NV2080_CTRL_GPU_GET_COMPUTE_PROFILES_PARAMS' Structure will use memory layout compatible with MSVC (Windows). If this is intended, set _layout_ to 'ms'. The implicit default is deprecated and slated to become an error in Python 3.19.
    struct_NV2080_CTRL_GPU_GET_COMPUTE_PROFILES_PARAMS._fields_ = [

tinyops/image/blur_test.py::test_blur_color[ksize0]
  /app/.venv/lib/python3.14/site-packages/tinygrad/runtime/autogen/nv_gpu.py:13883: DeprecationWarning: Due to '_pack_', the 'struct_NV2080_CTRL_CMD_GET_GPU_FABRIC_PROBE_INFO_PARAMS' Structure will use memory layout compatible with MSVC (Windows). If this is intended, set _layout_ to 'ms'. The implicit default is deprecated and slated to become an error in Python 3.19.
    struct_NV2080_CTRL_CMD_GET_GPU_FABRIC_PROBE_INFO_PARAMS._fields_ = [

tinyops/image/blur_test.py::test_blur_color[ksize0]
  /app/.venv/lib/python3.14/site-packages/tinygrad/runtime/autogen/nv_gpu.py:13900: DeprecationWarning: Due to '_pack_', the 'struct_NV2080_CTRL_GPU_GET_CHIP_DETAILS_PARAMS' Structure will use memory layout compatible with MSVC (Windows). If this is intended, set _layout_ to 'ms'. The implicit default is deprecated and slated to become an error in Python 3.19.
    struct_NV2080_CTRL_GPU_GET_CHIP_DETAILS_PARAMS._fields_ = [

tinyops/image/blur_test.py::test_blur_color[ksize0]
  /app/.venv/lib/python3.14/site-packages/tinygrad/runtime/autogen/nv_gpu.py:13912: DeprecationWarning: Due to '_pack_', the 'struct_NV2080_CTRL_GPU_MOVE_RUNLISTS_ALLOCATION_TO_SUBHEAP_PARAMS' Structure will use memory layout compatible with MSVC (Windows). If this is intended, set _layout_ to 'ms'. The implicit default is deprecated and slated to become an error in Python 3.19.
    struct_NV2080_CTRL_GPU_MOVE_RUNLISTS_ALLOCATION_TO_SUBHEAP_PARAMS._fields_ = [

tinyops/image/blur_test.py::test_blur_color[ksize0]
  /app/.venv/lib/python3.14/site-packages/tinygrad/runtime/autogen/nv_gpu.py:13921: DeprecationWarning: Due to '_pack_', the 'struct_NV2080_CTRL_GPU_MIGRATABLE_OPS_CMN_PARAMS' Structure will use memory layout compatible with MSVC (Windows). If this is intended, set _layout_ to 'ms'. The implicit default is deprecated and slated to become an error in Python 3.19.
    struct_NV2080_CTRL_GPU_MIGRATABLE_OPS_CMN_PARAMS._fields_ = [

tinyops/image/blur_test.py::test_blur_color[ksize0]
  /app/.venv/lib/python3.14/site-packages/tinygrad/runtime/autogen/nv_gpu.py:13939: DeprecationWarning: Due to '_pack_', the 'struct_NV2080_CTRL_GPU_GET_RESET_STATUS_PARAMS' Structure will use memory layout compatible with MSVC (Windows). If this is intended, set _layout_ to 'ms'. The implicit default is deprecated and slated to become an error in Python 3.19.
    struct_NV2080_CTRL_GPU_GET_RESET_STATUS_PARAMS._fields_ = [

tinyops/image/blur_test.py::test_blur_color[ksize0]
  /app/.venv/lib/python3.14/site-packages/tinygrad/runtime/autogen/nv_gpu.py:13948: DeprecationWarning: Due to '_pack_', the 'struct_NV2080_CTRL_GPU_GET_DRAIN_AND_RESET_STATUS_PARAMS' Structure will use memory layout compatible with MSVC (Windows). If this is intended, set _layout_ to 'ms'. The implicit default is deprecated and slated to become an error in Python 3.19.
    struct_NV2080_CTRL_GPU_GET_DRAIN_AND_RESET_STATUS_PARAMS._fields_ = [

tinyops/image/blur_test.py::test_blur_color[ksize0]
  /app/.venv/lib/python3.14/site-packages/tinygrad/runtime/autogen/nv_gpu.py:13957: DeprecationWarning: Due to '_pack_', the 'struct_NV2080_CTRL_GPU_GET_NVENC_SW_SESSION_INFO_V2_PARAMS' Structure will use memory layout compatible with MSVC (Windows). If this is intended, set _layout_ to 'ms'. The implicit default is deprecated and slated to become an error in Python 3.19.
    struct_NV2080_CTRL_GPU_GET_NVENC_SW_SESSION_INFO_V2_PARAMS._fields_ = [

tinyops/image/blur_test.py::test_blur_color[ksize0]
  /app/.venv/lib/python3.14/site-packages/tinygrad/runtime/autogen/nv_gpu.py:13967: DeprecationWarning: Due to '_pack_', the 'struct_NV2080_CTRL_GPU_CONSTRUCTED_FALCON_INFO' Structure will use memory layout compatible with MSVC (Windows). If this is intended, set _layout_ to 'ms'. The implicit default is deprecated and slated to become an error in Python 3.19.
    struct_NV2080_CTRL_GPU_CONSTRUCTED_FALCON_INFO._fields_ = [

tinyops/image/blur_test.py::test_blur_color[ksize0]
  /app/.venv/lib/python3.14/site-packages/tinygrad/runtime/autogen/nv_gpu.py:13980: DeprecationWarning: Due to '_pack_', the 'struct_NV2080_CTRL_GPU_GET_CONSTRUCTED_FALCON_INFO_PARAMS' Structure will use memory layout compatible with MSVC (Windows). If this is intended, set _layout_ to 'ms'. The implicit default is deprecated and slated to become an error in Python 3.19.
    struct_NV2080_CTRL_GPU_GET_CONSTRUCTED_FALCON_INFO_PARAMS._fields_ = [

tinyops/image/blur_test.py::test_blur_color[ksize0]
  /app/.venv/lib/python3.14/site-packages/tinygrad/runtime/autogen/nv_gpu.py:13990: DeprecationWarning: Due to '_pack_', the 'struct_NV2080_VF_MSIX_CAPS' Structure will use memory layout compatible with MSVC (Windows). If this is intended, set _layout_ to 'ms'. The implicit default is deprecated and slated to become an error in Python 3.19.
    struct_NV2080_VF_MSIX_CAPS._fields_ = [

tinyops/image/blur_test.py::test_blur_color[ksize0]
  /app/.venv/lib/python3.14/site-packages/tinygrad/runtime/autogen/nv_gpu.py:14001: DeprecationWarning: Due to '_pack_', the 'struct_NV2080_CTRL_GPU_GET_VF_CAPS_PARAMS' Structure will use memory layout compatible with MSVC (Windows). If this is intended, set _layout_ to 'ms'. The implicit default is deprecated and slated to become an error in Python 3.19.
    struct_NV2080_CTRL_GPU_GET_VF_CAPS_PARAMS._fields_ = [

tinyops/image/blur_test.py::test_blur_color[ksize0]
  /app/.venv/lib/python3.14/site-packages/tinygrad/runtime/autogen/nv_gpu.py:14022: DeprecationWarning: Due to '_pack_', the 'struct_NV2080_CTRL_GPU_GET_RECOVERY_ACTION_PARAMS' Structure will use memory layout compatible with MSVC (Windows). If this is intended, set _layout_ to 'ms'. The implicit default is deprecated and slated to become an error in Python 3.19.
    class struct_NV2080_CTRL_GPU_GET_RECOVERY_ACTION_PARAMS(Structure):

tinyops/image/blur_test.py::test_blur_color[ksize0]
  /app/.venv/lib/python3.14/site-packages/tinygrad/runtime/autogen/nv_gpu.py:14033: DeprecationWarning: Due to '_pack_', the 'struct_NV2080_CTRL_GPU_GET_FIPS_STATUS_PARAMS' Structure will use memory layout compatible with MSVC (Windows). If this is intended, set _layout_ to 'ms'. The implicit default is deprecated and slated to become an error in Python 3.19.
    struct_NV2080_CTRL_GPU_GET_FIPS_STATUS_PARAMS._fields_ = [

tinyops/image/blur_test.py::test_blur_color[ksize0]
  /app/.venv/lib/python3.14/site-packages/tinygrad/runtime/autogen/nv_gpu.py:14053: DeprecationWarning: Due to '_pack_', the 'struct_NV2080_RAFTS_FLOORSWEEP_INFO' Structure will use memory layout compatible with MSVC (Windows). If this is intended, set _layout_ to 'ms'. The implicit default is deprecated and slated to become an error in Python 3.19.
    struct_NV2080_RAFTS_FLOORSWEEP_INFO._fields_ = [

tinyops/image/blur_test.py::test_blur_color[ksize0]
  /app/.venv/lib/python3.14/site-packages/tinygrad/runtime/autogen/nv_gpu.py:14064: DeprecationWarning: Due to '_pack_', the 'struct_NV2080_CTRL_GPU_GET_RAFTS_FS_MASK_PARAMS' Structure will use memory layout compatible with MSVC (Windows). If this is intended, set _layout_ to 'ms'. The implicit default is deprecated and slated to become an error in Python 3.19.
    struct_NV2080_CTRL_GPU_GET_RAFTS_FS_MASK_PARAMS._fields_ = [

tinyops/image/blur_test.py::test_blur_color[ksize0]
  /app/.venv/lib/python3.14/site-packages/tinygrad/runtime/autogen/nv_gpu.py:14080: DeprecationWarning: Due to '_pack_', the 'struct_NV2080_CTRL_GPU_GET_COMPUTE_PROFILE_CAPACITY_PARAMS' Structure will use memory layout compatible with MSVC (Windows). If this is intended, set _layout_ to 'ms'. The implicit default is deprecated and slated to become an error in Python 3.19.
    struct_NV2080_CTRL_GPU_GET_COMPUTE_PROFILE_CAPACITY_PARAMS._fields_ = [

tinyops/image/blur_test.py::test_blur_color[ksize0]
  /app/.venv/lib/python3.14/site-packages/tinygrad/runtime/autogen/nv_gpu.py:14095: DeprecationWarning: Due to '_pack_', the 'struct_NV2080_CTRL_GPU_GET_TPC_RECONFIG_MASK_PARAMS' Structure will use memory layout compatible with MSVC (Windows). If this is intended, set _layout_ to 'ms'. The implicit default is deprecated and slated to become an error in Python 3.19.
    struct_NV2080_CTRL_GPU_GET_TPC_RECONFIG_MASK_PARAMS._fields_ = [

tinyops/image/blur_test.py::test_blur_color[ksize0]
  /app/.venv/lib/python3.14/site-packages/tinygrad/runtime/autogen/nv_gpu.py:14105: DeprecationWarning: Due to '_pack_', the 'struct_NV0000_CTRL_VGPU_CREATE_DEVICE_PARAMS' Structure will use memory layout compatible with MSVC (Windows). If this is intended, set _layout_ to 'ms'. The implicit default is deprecated and slated to become an error in Python 3.19.
    struct_NV0000_CTRL_VGPU_CREATE_DEVICE_PARAMS._fields_ = [

tinyops/image/blur_test.py::test_blur_color[ksize0]
  /app/.venv/lib/python3.14/site-packages/tinygrad/runtime/autogen/nv_gpu.py:14121: DeprecationWarning: Due to '_pack_', the 'struct_NV0000_CTRL_VGPU_GET_INSTANCES_PARAMS' Structure will use memory layout compatible with MSVC (Windows). If this is intended, set _layout_ to 'ms'. The implicit default is deprecated and slated to become an error in Python 3.19.
    struct_NV0000_CTRL_VGPU_GET_INSTANCES_PARAMS._fields_ = [

tinyops/image/blur_test.py::test_blur_color[ksize0]
  /app/.venv/lib/python3.14/site-packages/tinygrad/runtime/autogen/nv_gpu.py:14134: DeprecationWarning: Due to '_pack_', the 'struct_NV0000_CTRL_VGPU_DELETE_DEVICE_PARAMS' Structure will use memory layout compatible with MSVC (Windows). If this is intended, set _layout_ to 'ms'. The implicit default is deprecated and slated to become an error in Python 3.19.
    struct_NV0000_CTRL_VGPU_DELETE_DEVICE_PARAMS._fields_ = [

tinyops/image/blur_test.py::test_blur_color[ksize0]
  /app/.venv/lib/python3.14/site-packages/tinygrad/runtime/autogen/nv_gpu.py:14144: DeprecationWarning: Due to '_pack_', the 'struct_NV0000_CTRL_VGPU_VFIO_NOTIFY_RM_STATUS_PARAMS' Structure will use memory layout compatible with MSVC (Windows). If this is intended, set _layout_ to 'ms'. The implicit default is deprecated and slated to become an error in Python 3.19.
    struct_NV0000_CTRL_VGPU_VFIO_NOTIFY_RM_STATUS_PARAMS._fields_ = [

tinyops/image/blur_test.py::test_blur_color[ksize0]
  /app/.venv/lib/python3.14/site-packages/tinygrad/runtime/autogen/nv_gpu.py:14154: DeprecationWarning: Due to '_pack_', the 'struct_NV0000_CTRL_GPU_UPDATE_SYSFS_NODE_PARAMS' Structure will use memory layout compatible with MSVC (Windows). If this is intended, set _layout_ to 'ms'. The implicit default is deprecated and slated to become an error in Python 3.19.
    struct_NV0000_CTRL_GPU_UPDATE_SYSFS_NODE_PARAMS._fields_ = [

tinyops/image/blur_test.py::test_blur_color[ksize0]
  /app/.venv/lib/python3.14/site-packages/tinygrad/runtime/autogen/nv_gpu.py:14188: DeprecationWarning: Due to '_pack_', the 'struct_NV0080_CTRL_BIF_RESET_PARAMS' Structure will use memory layout compatible with MSVC (Windows). If this is intended, set _layout_ to 'ms'. The implicit default is deprecated and slated to become an error in Python 3.19.
    struct_NV0080_CTRL_BIF_RESET_PARAMS._fields_ = [

tinyops/image/blur_test.py::test_blur_color[ksize0]
  /app/.venv/lib/python3.14/site-packages/tinygrad/runtime/autogen/nv_gpu.py:14197: DeprecationWarning: Due to '_pack_', the 'struct_NV0080_CTRL_BIF_SET_ASPM_FEATURE_PARAMS' Structure will use memory layout compatible with MSVC (Windows). If this is intended, set _layout_ to 'ms'. The implicit default is deprecated and slated to become an error in Python 3.19.
    struct_NV0080_CTRL_BIF_SET_ASPM_FEATURE_PARAMS._fields_ = [

tinyops/image/blur_test.py::test_blur_color[ksize0]
  /app/.venv/lib/python3.14/site-packages/tinygrad/runtime/autogen/nv_gpu.py:14206: DeprecationWarning: Due to '_pack_', the 'struct_NV0080_CTRL_BIF_ASPM_CYA_UPDATE_PARAMS' Structure will use memory layout compatible with MSVC (Windows). If this is intended, set _layout_ to 'ms'. The implicit default is deprecated and slated to become an error in Python 3.19.
    struct_NV0080_CTRL_BIF_ASPM_CYA_UPDATE_PARAMS._fields_ = [

tinyops/image/blur_test.py::test_blur_color[ksize0]
  /app/.venv/lib/python3.14/site-packages/tinygrad/runtime/autogen/nv_gpu.py:14216: DeprecationWarning: Due to '_pack_', the 'struct_NV0080_CTRL_CMD_BIF_GET_PCIE_POWER_CONTROL_MASK_PARAMS' Structure will use memory layout compatible with MSVC (Windows). If this is intended, set _layout_ to 'ms'. The implicit default is deprecated and slated to become an error in Python 3.19.
    struct_NV0080_CTRL_CMD_BIF_GET_PCIE_POWER_CONTROL_MASK_PARAMS._fields_ = [

tinyops/image/blur_test.py::test_blur_color[ksize0]
  /app/.venv/lib/python3.14/site-packages/tinygrad/runtime/autogen/nv_gpu.py:14232: DeprecationWarning: Due to '_pack_', the 'struct_NV0080_CTRL_BSP_GET_CAPS_PARAMS' Structure will use memory layout compatible with MSVC (Windows). If this is intended, set _layout_ to 'ms'. The implicit default is deprecated and slated to become an error in Python 3.19.
    struct_NV0080_CTRL_BSP_GET_CAPS_PARAMS._fields_ = [

tinyops/image/blur_test.py::test_blur_color[ksize0]
  /app/.venv/lib/python3.14/site-packages/tinygrad/runtime/autogen/nv_gpu.py:14245: DeprecationWarning: Due to '_pack_', the 'struct_NV0080_CTRL_BSP_GET_CAPS_PARAMS_V2' Structure will use memory layout compatible with MSVC (Windows). If this is intended, set _layout_ to 'ms'. The implicit default is deprecated and slated to become an error in Python 3.19.
    struct_NV0080_CTRL_BSP_GET_CAPS_PARAMS_V2._fields_ = [

tinyops/image/blur_test.py::test_blur_color[ksize0]
  /app/.venv/lib/python3.14/site-packages/tinygrad/runtime/autogen/nv_gpu.py:14396: DeprecationWarning: Due to '_pack_', the 'struct_NV0080_CTRL_DMA_PTE_INFO_PTE_BLOCK' Structure will use memory layout compatible with MSVC (Windows). If this is intended, set _layout_ to 'ms'. The implicit default is deprecated and slated to become an error in Python 3.19.
    struct_NV0080_CTRL_DMA_PTE_INFO_PTE_BLOCK._fields_ = [

tinyops/image/blur_test.py::test_blur_color[ksize0]
  /app/.venv/lib/python3.14/site-packages/tinygrad/runtime/autogen/nv_gpu.py:14410: DeprecationWarning: Due to '_pack_', the 'struct_NV0080_CTRL_DMA_GET_PTE_INFO_PARAMS' Structure will use memory layout compatible with MSVC (Windows). If this is intended, set _layout_ to 'ms'. The implicit default is deprecated and slated to become an error in Python 3.19.
    struct_NV0080_CTRL_DMA_GET_PTE_INFO_PARAMS._fields_ = [

tinyops/image/blur_test.py::test_blur_color[ksize0]
  /app/.venv/lib/python3.14/site-packages/tinygrad/runtime/autogen/nv_gpu.py:14425: DeprecationWarning: Due to '_pack_', the 'struct_NV0080_CTRL_DMA_SET_PTE_INFO_PARAMS' Structure will use memory layout compatible with MSVC (Windows). If this is intended, set _layout_ to 'ms'. The implicit default is deprecated and slated to become an error in Python 3.19.
    struct_NV0080_CTRL_DMA_SET_PTE_INFO_PARAMS._fields_ = [

tinyops/image/blur_test.py::test_blur_color[ksize0]
  /app/.venv/lib/python3.14/site-packages/tinygrad/runtime/autogen/nv_gpu.py:14442: DeprecationWarning: Due to '_pack_', the 'struct_NV0080_CTRL_DMA_FILL_PTE_MEM_PARAMS_hwResource' Structure will use memory layout compatible with MSVC (Windows). If this is intended, set _layout_ to 'ms'. The implicit default is deprecated and slated to become an error in Python 3.19.
    struct_NV0080_CTRL_DMA_FILL_PTE_MEM_PARAMS_hwResource._fields_ = [

tinyops/image/blur_test.py::test_blur_color[ksize0]
  /app/.venv/lib/python3.14/site-packages/tinygrad/runtime/autogen/nv_gpu.py:14453: DeprecationWarning: Due to '_pack_', the 'struct_NV0080_CTRL_DMA_FILL_PTE_MEM_PARAMS_comprInfo' Structure will use memory layout compatible with MSVC (Windows). If this is intended, set _layout_ to 'ms'. The implicit default is deprecated and slated to become an error in Python 3.19.
    struct_NV0080_CTRL_DMA_FILL_PTE_MEM_PARAMS_comprInfo._fields_ = [

tinyops/image/blur_test.py::test_blur_color[ksize0]
  /app/.venv/lib/python3.14/site-packages/tinygrad/runtime/autogen/nv_gpu.py:14460: DeprecationWarning: Due to '_pack_', the 'struct_NV0080_CTRL_DMA_FILL_PTE_MEM_PARAMS' Structure will use memory layout compatible with MSVC (Windows). If this is intended, set _layout_ to 'ms'. The implicit default is deprecated and slated to become an error in Python 3.19.
    struct_NV0080_CTRL_DMA_FILL_PTE_MEM_PARAMS._fields_ = [

tinyops/image/blur_test.py::test_blur_color[ksize0]
  /app/.venv/lib/python3.14/site-packages/tinygrad/runtime/autogen/nv_gpu.py:14483: DeprecationWarning: Due to '_pack_', the 'struct_NV0080_CTRL_DMA_FLUSH_PARAMS' Structure will use memory layout compatible with MSVC (Windows). If this is intended, set _layout_ to 'ms'. The implicit default is deprecated and slated to become an error in Python 3.19.
    struct_NV0080_CTRL_DMA_FLUSH_PARAMS._fields_ = [

tinyops/image/blur_test.py::test_blur_color[ksize0]
  /app/.venv/lib/python3.14/site-packages/tinygrad/runtime/autogen/nv_gpu.py:14492: DeprecationWarning: Due to '_pack_', the 'struct_NV0080_CTRL_DMA_ADV_SCHED_GET_VA_CAPS_PAGE_TABLE_FORMAT' Structure will use memory layout compatible with MSVC (Windows). If this is intended, set _layout_ to 'ms'. The implicit default is deprecated and slated to become an error in Python 3.19.
    struct_NV0080_CTRL_DMA_ADV_SCHED_GET_VA_CAPS_PAGE_TABLE_FORMAT._fields_ = [

tinyops/image/blur_test.py::test_blur_color[ksize0]
  /app/.venv/lib/python3.14/site-packages/tinygrad/runtime/autogen/nv_gpu.py:14502: DeprecationWarning: Due to '_pack_', the 'struct_NV0080_CTRL_DMA_ADV_SCHED_GET_VA_CAPS_PARAMS' Structure will use memory layout compatible with MSVC (Windows). If this is intended, set _layout_ to 'ms'. The implicit default is deprecated and slated to become an error in Python 3.19.
    struct_NV0080_CTRL_DMA_ADV_SCHED_GET_VA_CAPS_PARAMS._fields_ = [

tinyops/image/blur_test.py::test_blur_color[ksize0]
  /app/.venv/lib/python3.14/site-packages/tinygrad/runtime/autogen/nv_gpu.py:14524: DeprecationWarning: Due to '_pack_', the 'struct_NV0080_CTRL_DMA_PDE_INFO_PTE_BLOCK' Structure will use memory layout compatible with MSVC (Windows). If this is intended, set _layout_ to 'ms'. The implicit default is deprecated and slated to become an error in Python 3.19.
    struct_NV0080_CTRL_DMA_PDE_INFO_PTE_BLOCK._fields_ = [

tinyops/image/blur_test.py::test_blur_color[ksize0]
  /app/.venv/lib/python3.14/site-packages/tinygrad/runtime/autogen/nv_gpu.py:14539: DeprecationWarning: Due to '_pack_', the 'struct_NV0080_CTRL_DMA_GET_PDE_INFO_PARAMS' Structure will use memory layout compatible with MSVC (Windows). If this is intended, set _layout_ to 'ms'. The implicit default is deprecated and slated to become an error in Python 3.19.
    struct_NV0080_CTRL_DMA_GET_PDE_INFO_PARAMS._fields_ = [

tinyops/image/blur_test.py::test_blur_color[ksize0]
  /app/.venv/lib/python3.14/site-packages/tinygrad/runtime/autogen/nv_gpu.py:14557: DeprecationWarning: Due to '_pack_', the 'struct_NV0080_CTRL_DMA_INVALIDATE_TLB_PARAMS' Structure will use memory layout compatible with MSVC (Windows). If this is intended, set _layout_ to 'ms'. The implicit default is deprecated and slated to become an error in Python 3.19.
    struct_NV0080_CTRL_DMA_INVALIDATE_TLB_PARAMS._fields_ = [

tinyops/image/blur_test.py::test_blur_color[ksize0]
  /app/.venv/lib/python3.14/site-packages/tinygrad/runtime/autogen/nv_gpu.py:14567: DeprecationWarning: Due to '_pack_', the 'struct_NV0080_CTRL_DMA_GET_CAPS_PARAMS' Structure will use memory layout compatible with MSVC (Windows). If this is intended, set _layout_ to 'ms'. The implicit default is deprecated and slated to become an error in Python 3.19.
    struct_NV0080_CTRL_DMA_GET_CAPS_PARAMS._fields_ = [

tinyops/image/blur_test.py::test_blur_color[ksize0]
  /app/.venv/lib/python3.14/site-packages/tinygrad/runtime/autogen/nv_gpu.py:14577: DeprecationWarning: Due to '_pack_', the 'struct_NV0080_CTRL_DMA_SET_VA_SPACE_SIZE_PARAMS' Structure will use memory layout compatible with MSVC (Windows). If this is intended, set _layout_ to 'ms'. The implicit default is deprecated and slated to become an error in Python 3.19.
    struct_NV0080_CTRL_DMA_SET_VA_SPACE_SIZE_PARAMS._fields_ = [

tinyops/image/blur_test.py::test_blur_color[ksize0]
  /app/.venv/lib/python3.14/site-packages/tinygrad/runtime/autogen/nv_gpu.py:14588: DeprecationWarning: Due to '_pack_', the 'struct_NV0080_CTRL_DMA_UPDATE_PDE_2_PAGE_TABLE_PARAMS' Structure will use memory layout compatible with MSVC (Windows). If this is intended, set _layout_ to 'ms'. The implicit default is deprecated and slated to become an error in Python 3.19.
    struct_NV0080_CTRL_DMA_UPDATE_PDE_2_PAGE_TABLE_PARAMS._fields_ = [

tinyops/image/blur_test.py::test_blur_color[ksize0]
  /app/.venv/lib/python3.14/site-packages/tinygrad/runtime/autogen/nv_gpu.py:14599: DeprecationWarning: Due to '_pack_', the 'struct_NV0080_CTRL_DMA_UPDATE_PDE_2_PARAMS' Structure will use memory layout compatible with MSVC (Windows). If this is intended, set _layout_ to 'ms'. The implicit default is deprecated and slated to become an error in Python 3.19.
    struct_NV0080_CTRL_DMA_UPDATE_PDE_2_PARAMS._fields_ = [

tinyops/image/blur_test.py::test_blur_color[ksize0]
  /app/.venv/lib/python3.14/site-packages/tinygrad/runtime/autogen/nv_gpu.py:14615: DeprecationWarning: Due to '_pack_', the 'struct_NV0080_CTRL_DMA_ENABLE_PRIVILEGED_RANGE_PARAMS' Structure will use memory layout compatible with MSVC (Windows). If this is intended, set _layout_ to 'ms'. The implicit default is deprecated and slated to become an error in Python 3.19.
    struct_NV0080_CTRL_DMA_ENABLE_PRIVILEGED_RANGE_PARAMS._fields_ = [

tinyops/image/blur_test.py::test_blur_color[ksize0]
  /app/.venv/lib/python3.14/site-packages/tinygrad/runtime/autogen/nv_gpu.py:14624: DeprecationWarning: Due to '_pack_', the 'struct_NV0080_CTRL_DMA_SET_DEFAULT_VASPACE_PARAMS' Structure will use memory layout compatible with MSVC (Windows). If this is intended, set _layout_ to 'ms'. The implicit default is deprecated and slated to become an error in Python 3.19.
    struct_NV0080_CTRL_DMA_SET_DEFAULT_VASPACE_PARAMS._fields_ = [

tinyops/image/blur_test.py::test_blur_color[ksize0]
  /app/.venv/lib/python3.14/site-packages/tinygrad/runtime/autogen/nv_gpu.py:14633: DeprecationWarning: Due to '_pack_', the 'struct_NV0080_CTRL_DMA_SET_PAGE_DIRECTORY_PARAMS' Structure will use memory layout compatible with MSVC (Windows). If this is intended, set _layout_ to 'ms'. The implicit default is deprecated and slated to become an error in Python 3.19.
    struct_NV0080_CTRL_DMA_SET_PAGE_DIRECTORY_PARAMS._fields_ = [

tinyops/image/blur_test.py::test_blur_color[ksize0]
  /app/.venv/lib/python3.14/site-packages/tinygrad/runtime/autogen/nv_gpu.py:14648: DeprecationWarning: Due to '_pack_', the 'struct_NV0080_CTRL_DMA_UNSET_PAGE_DIRECTORY_PARAMS' Structure will use memory layout compatible with MSVC (Windows). If this is intended, set _layout_ to 'ms'. The implicit default is deprecated and slated to become an error in Python 3.19.
    struct_NV0080_CTRL_DMA_UNSET_PAGE_DIRECTORY_PARAMS._fields_ = [

tinyops/image/blur_test.py::test_blur_color[ksize0]
  /app/.venv/lib/python3.14/site-packages/tinygrad/runtime/autogen/nv_gpu.py:14697: DeprecationWarning: Due to '_pack_', the 'struct_NV0080_CTRL_FB_GET_CAPS_PARAMS' Structure will use memory layout compatible with MSVC (Windows). If this is intended, set _layout_ to 'ms'. The implicit default is deprecated and slated to become an error in Python 3.19.
    struct_NV0080_CTRL_FB_GET_CAPS_PARAMS._fields_ = [

tinyops/image/blur_test.py::test_blur_color[ksize0]
  /app/.venv/lib/python3.14/site-packages/tinygrad/runtime/autogen/nv_gpu.py:14708: DeprecationWarning: Due to '_pack_', the 'struct_NV0080_CTRL_FB_GET_COMPBIT_STORE_INFO_PARAMS' Structure will use memory layout compatible with MSVC (Windows). If this is intended, set _layout_ to 'ms'. The implicit default is deprecated and slated to become an error in Python 3.19.
    struct_NV0080_CTRL_FB_GET_COMPBIT_STORE_INFO_PARAMS._fields_ = [

tinyops/image/blur_test.py::test_blur_color[ksize0]
  /app/.venv/lib/python3.14/site-packages/tinygrad/runtime/autogen/nv_gpu.py:14732: DeprecationWarning: Due to '_pack_', the 'struct_NV0080_CTRL_FB_GET_CAPS_V2_PARAMS' Structure will use memory layout compatible with MSVC (Windows). If this is intended, set _layout_ to 'ms'. The implicit default is deprecated and slated to become an error in Python 3.19.
    struct_NV0080_CTRL_FB_GET_CAPS_V2_PARAMS._fields_ = [

tinyops/image/blur_test.py::test_blur_color[ksize0]
  /app/.venv/lib/python3.14/site-packages/tinygrad/runtime/autogen/nv_gpu.py:14741: DeprecationWarning: Due to '_pack_', the 'struct_NV0080_CTRL_FB_SET_DEFAULT_VIDMEM_PHYSICALITY_PARAMS' Structure will use memory layout compatible with MSVC (Windows). If this is intended, set _layout_ to 'ms'. The implicit default is deprecated and slated to become an error in Python 3.19.
    struct_NV0080_CTRL_FB_SET_DEFAULT_VIDMEM_PHYSICALITY_PARAMS._fields_ = [

tinyops/image/blur_test.py::test_blur_color[ksize0]
  /app/.venv/lib/python3.14/site-packages/tinygrad/runtime/autogen/nv_gpu.py:14838: DeprecationWarning: Due to '_pack_', the 'struct_NV0080_CTRL_FIFO_GET_CAPS_PARAMS' Structure will use memory layout compatible with MSVC (Windows). If this is intended, set _layout_ to 'ms'. The implicit default is deprecated and slated to become an error in Python 3.19.
    struct_NV0080_CTRL_FIFO_GET_CAPS_PARAMS._fields_ = [

tinyops/image/blur_test.py::test_blur_color[ksize0]
  /app/.venv/lib/python3.14/site-packages/tinygrad/runtime/autogen/nv_gpu.py:14849: DeprecationWarning: Due to '_pack_', the 'struct_NV0080_CTRL_FIFO_GET_ENGINE_CONTEXT_PROPERTIES_PARAMS' Structure will use memory layout compatible with MSVC (Windows). If this is intended, set _layout_ to 'ms'. The implicit default is deprecated and slated to become an error in Python 3.19.
    struct_NV0080_CTRL_FIFO_GET_ENGINE_CONTEXT_PROPERTIES_PARAMS._fields_ = [

tinyops/image/blur_test.py::test_blur_color[ksize0]
  /app/.venv/lib/python3.14/site-packages/tinygrad/runtime/autogen/nv_gpu.py:14860: DeprecationWarning: Due to '_pack_', the 'struct_NV0080_CTRL_FIFO_RUNLIST_GROUP_CHANNELS_PARAM' Structure will use memory layout compatible with MSVC (Windows). If this is intended, set _layout_ to 'ms'. The implicit default is deprecated and slated to become an error in Python 3.19.
    struct_NV0080_CTRL_FIFO_RUNLIST_GROUP_CHANNELS_PARAM._fields_ = [

tinyops/image/blur_test.py::test_blur_color[ksize0]
  /app/.venv/lib/python3.14/site-packages/tinygrad/runtime/autogen/nv_gpu.py:14870: DeprecationWarning: Due to '_pack_', the 'struct_NV0080_CTRL_FIFO_RUNLIST_DIVIDE_TIMESLICE_PARAM' Structure will use memory layout compatible with MSVC (Windows). If this is intended, set _layout_ to 'ms'. The implicit default is deprecated and slated to become an error in Python 3.19.
    struct_NV0080_CTRL_FIFO_RUNLIST_DIVIDE_TIMESLICE_PARAM._fields_ = [

tinyops/image/blur_test.py::test_blur_color[ksize0]
  /app/.venv/lib/python3.14/site-packages/tinygrad/runtime/autogen/nv_gpu.py:14880: DeprecationWarning: Due to '_pack_', the 'struct_NV0080_CTRL_FIFO_PREEMPT_RUNLIST_PARAMS' Structure will use memory layout compatible with MSVC (Windows). If this is intended, set _layout_ to 'ms'. The implicit default is deprecated and slated to become an error in Python 3.19.
    struct_NV0080_CTRL_FIFO_PREEMPT_RUNLIST_PARAMS._fields_ = [

tinyops/image/blur_test.py::test_blur_color[ksize0]
  /app/.venv/lib/python3.14/site-packages/tinygrad/runtime/autogen/nv_gpu.py:14890: DeprecationWarning: Due to '_pack_', the 'struct_NV0080_CTRL_FIFO_GET_CHANNELLIST_PARAMS' Structure will use memory layout compatible with MSVC (Windows). If this is intended, set _layout_ to 'ms'. The implicit default is deprecated and slated to become an error in Python 3.19.
    struct_NV0080_CTRL_FIFO_GET_CHANNELLIST_PARAMS._fields_ = [

tinyops/image/blur_test.py::test_blur_color[ksize0]
  /app/.venv/lib/python3.14/site-packages/tinygrad/runtime/autogen/nv_gpu.py:14902: DeprecationWarning: Due to '_pack_', the 'struct_NV0080_CTRL_FIFO_GET_LATENCY_BUFFER_SIZE_PARAMS' Structure will use memory layout compatible with MSVC (Windows). If this is intended, set _layout_ to 'ms'. The implicit default is deprecated and slated to become an error in Python 3.19.
    struct_NV0080_CTRL_FIFO_GET_LATENCY_BUFFER_SIZE_PARAMS._fields_ = [

tinyops/image/blur_test.py::test_blur_color[ksize0]
  /app/.venv/lib/python3.14/site-packages/tinygrad/runtime/autogen/nv_gpu.py:14913: DeprecationWarning: Due to '_pack_', the 'struct_NV0080_CTRL_FIFO_SET_CHANNEL_PROPERTIES_PARAMS' Structure will use memory layout compatible with MSVC (Windows). If this is intended, set _layout_ to 'ms'. The implicit default is deprecated and slated to become an error in Python 3.19.
    struct_NV0080_CTRL_FIFO_SET_CHANNEL_PROPERTIES_PARAMS._fields_ = [

tinyops/image/blur_test.py::test_blur_color[ksize0]
  /app/.venv/lib/python3.14/site-packages/tinygrad/runtime/autogen/nv_gpu.py:14924: DeprecationWarning: Due to '_pack_', the 'struct_NV0080_CTRL_FIFO_STOP_RUNLIST_PARAMS' Structure will use memory layout compatible with MSVC (Windows). If this is intended, set _layout_ to 'ms'. The implicit default is deprecated and slated to become an error in Python 3.19.
    struct_NV0080_CTRL_FIFO_STOP_RUNLIST_PARAMS._fields_ = [

tinyops/image/blur_test.py::test_blur_color[ksize0]
  /app/.venv/lib/python3.14/site-packages/tinygrad/runtime/autogen/nv_gpu.py:14933: DeprecationWarning: Due to '_pack_', the 'struct_NV0080_CTRL_FIFO_START_RUNLIST_PARAMS' Structure will use memory layout compatible with MSVC (Windows). If this is intended, set _layout_ to 'ms'. The implicit default is deprecated and slated to become an error in Python 3.19.
    struct_NV0080_CTRL_FIFO_START_RUNLIST_PARAMS._fields_ = [

tinyops/image/blur_test.py::test_blur_color[ksize0]
  /app/.venv/lib/python3.14/site-packages/tinygrad/runtime/autogen/nv_gpu.py:14942: DeprecationWarning: Due to '_pack_', the 'struct_NV0080_CTRL_FIFO_GET_CAPS_V2_PARAMS' Structure will use memory layout compatible with MSVC (Windows). If this is intended, set _layout_ to 'ms'. The implicit default is deprecated and slated to become an error in Python 3.19.
    struct_NV0080_CTRL_FIFO_GET_CAPS_V2_PARAMS._fields_ = [

tinyops/image/blur_test.py::test_blur_color[ksize0]
  /app/.venv/lib/python3.14/site-packages/tinygrad/runtime/autogen/nv_gpu.py:14951: DeprecationWarning: Due to '_pack_', the 'struct_NV0080_CTRL_FIFO_IDLE_CHANNELS_PARAMS' Structure will use memory layout compatible with MSVC (Windows). If this is intended, set _layout_ to 'ms'. The implicit default is deprecated and slated to become an error in Python 3.19.
    struct_NV0080_CTRL_FIFO_IDLE_CHANNELS_PARAMS._fields_ = [

tinyops/image/blur_test.py::test_blur_color[ksize0]
  /app/.venv/lib/python3.14/site-packages/tinygrad/runtime/autogen/nv_gpu.py:15041: DeprecationWarning: Due to '_pack_', the 'struct_NV0080_CTRL_GPU_GET_CLASSLIST_PARAMS' Structure will use memory layout compatible with MSVC (Windows). If this is intended, set _layout_ to 'ms'. The implicit default is deprecated and slated to become an error in Python 3.19.
    struct_NV0080_CTRL_GPU_GET_CLASSLIST_PARAMS._fields_ = [

tinyops/image/blur_test.py::test_blur_color[ksize0]
  /app/.venv/lib/python3.14/site-packages/tinygrad/runtime/autogen/nv_gpu.py:15052: DeprecationWarning: Due to '_pack_', the 'struct_NV0080_CTRL_GPU_GET_NUM_SUBDEVICES_PARAMS' Structure will use memory layout compatible with MSVC (Windows). If this is intended, set _layout_ to 'ms'. The implicit default is deprecated and slated to become an error in Python 3.19.
    struct_NV0080_CTRL_GPU_GET_NUM_SUBDEVICES_PARAMS._fields_ = [

tinyops/image/blur_test.py::test_blur_color[ksize0]
  /app/.venv/lib/python3.14/site-packages/tinygrad/runtime/autogen/nv_gpu.py:15061: DeprecationWarning: Due to '_pack_', the 'struct_NV0080_CTRL_GPU_GET_VIDLINK_ORDER_PARAMS' Structure will use memory layout compatible with MSVC (Windows). If this is intended, set _layout_ to 'ms'. The implicit default is deprecated and slated to become an error in Python 3.19.
    struct_NV0080_CTRL_GPU_GET_VIDLINK_ORDER_PARAMS._fields_ = [

tinyops/image/blur_test.py::test_blur_color[ksize0]
  /app/.venv/lib/python3.14/site-packages/tinygrad/runtime/autogen/nv_gpu.py:15071: DeprecationWarning: Due to '_pack_', the 'struct_NV0080_CTRL_GPU_SET_DISPLAY_OWNER_PARAMS' Structure will use memory layout compatible with MSVC (Windows). If this is intended, set _layout_ to 'ms'. The implicit default is deprecated and slated to become an error in Python 3.19.
    struct_NV0080_CTRL_GPU_SET_DISPLAY_OWNER_PARAMS._fields_ = [

tinyops/image/blur_test.py::test_blur_color[ksize0]
  /app/.venv/lib/python3.14/site-packages/tinygrad/runtime/autogen/nv_gpu.py:15080: DeprecationWarning: Due to '_pack_', the 'struct_NV0080_CTRL_GPU_GET_DISPLAY_OWNER_PARAMS' Structure will use memory layout compatible with MSVC (Windows). If this is intended, set _layout_ to 'ms'. The implicit default is deprecated and slated to become an error in Python 3.19.
    struct_NV0080_CTRL_GPU_GET_DISPLAY_OWNER_PARAMS._fields_ = [

tinyops/image/blur_test.py::test_blur_color[ksize0]
  /app/.venv/lib/python3.14/site-packages/tinygrad/runtime/autogen/nv_gpu.py:15089: DeprecationWarning: Due to '_pack_', the 'struct_NV0080_CTRL_GPU_SET_VIDLINK_PARAMS' Structure will use memory layout compatible with MSVC (Windows). If this is intended, set _layout_ to 'ms'. The implicit default is deprecated and slated to become an error in Python 3.19.
    struct_NV0080_CTRL_GPU_SET_VIDLINK_PARAMS._fields_ = [

tinyops/image/blur_test.py::test_blur_color[ksize0]
  /app/.venv/lib/python3.14/site-packages/tinygrad/runtime/autogen/nv_gpu.py:15098: DeprecationWarning: Due to '_pack_', the 'struct_NV0080_CTRL_GPU_MODIFY_SW_STATE_PERSISTENCE_PARAMS' Structure will use memory layout compatible with MSVC (Windows). If this is intended, set _layout_ to 'ms'. The implicit default is deprecated and slated to become an error in Python 3.19.
    struct_NV0080_CTRL_GPU_MODIFY_SW_STATE_PERSISTENCE_PARAMS._fields_ = [

tinyops/image/blur_test.py::test_blur_color[ksize0]
  /app/.venv/lib/python3.14/site-packages/tinygrad/runtime/autogen/nv_gpu.py:15107: DeprecationWarning: Due to '_pack_', the 'struct_NV0080_CTRL_GPU_QUERY_SW_STATE_PERSISTENCE_PARAMS' Structure will use memory layout compatible with MSVC (Windows). If this is intended, set _layout_ to 'ms'. The implicit default is deprecated and slated to become an error in Python 3.19.
    struct_NV0080_CTRL_GPU_QUERY_SW_STATE_PERSISTENCE_PARAMS._fields_ = [

tinyops/image/blur_test.py::test_blur_color[ksize0]
  /app/.venv/lib/python3.14/site-packages/tinygrad/runtime/autogen/nv_gpu.py:15116: DeprecationWarning: Due to '_pack_', the 'struct_NV0080_CTRL_GPU_GET_VIRTUALIZATION_MODE_PARAMS' Structure will use memory layout compatible with MSVC (Windows). If this is intended, set _layout_ to 'ms'. The implicit default is deprecated and slated to become an error in Python 3.19.
    struct_NV0080_CTRL_GPU_GET_VIRTUALIZATION_MODE_PARAMS._fields_ = [

tinyops/image/blur_test.py::test_blur_color[ksize0]
  /app/.venv/lib/python3.14/site-packages/tinygrad/runtime/autogen/nv_gpu.py:15127: DeprecationWarning: Due to '_pack_', the 'struct_NV0080_CTRL_GPU_GET_SPARSE_TEXTURE_COMPUTE_MODE_PARAMS' Structure will use memory layout compatible with MSVC (Windows). If this is intended, set _layout_ to 'ms'. The implicit default is deprecated and slated to become an error in Python 3.19.
    struct_NV0080_CTRL_GPU_GET_SPARSE_TEXTURE_COMPUTE_MODE_PARAMS._fields_ = [

tinyops/image/blur_test.py::test_blur_color[ksize0]
  /app/.venv/lib/python3.14/site-packages/tinygrad/runtime/autogen/nv_gpu.py:15138: DeprecationWarning: Due to '_pack_', the 'struct_NV0080_CTRL_GPU_SET_SPARSE_TEXTURE_COMPUTE_MODE_PARAMS' Structure will use memory layout compatible with MSVC (Windows). If this is intended, set _layout_ to 'ms'. The implicit default is deprecated and slated to become an error in Python 3.19.
    struct_NV0080_CTRL_GPU_SET_SPARSE_TEXTURE_COMPUTE_MODE_PARAMS._fields_ = [

tinyops/image/blur_test.py::test_blur_color[ksize0]
  /app/.venv/lib/python3.14/site-packages/tinygrad/runtime/autogen/nv_gpu.py:15147: DeprecationWarning: Due to '_pack_', the 'struct_NV0080_CTRL_GPU_GET_VGX_CAPS_PARAMS' Structure will use memory layout compatible with MSVC (Windows). If this is intended, set _layout_ to 'ms'. The implicit default is deprecated and slated to become an error in Python 3.19.
    struct_NV0080_CTRL_GPU_GET_VGX_CAPS_PARAMS._fields_ = [

tinyops/image/blur_test.py::test_blur_color[ksize0]
  /app/.venv/lib/python3.14/site-packages/tinygrad/runtime/autogen/nv_gpu.py:15156: DeprecationWarning: Due to '_pack_', the 'struct_NV0080_CTRL_GPU_GET_SRIOV_CAPS_PARAMS' Structure will use memory layout compatible with MSVC (Windows). If this is intended, set _layout_ to 'ms'. The implicit default is deprecated and slated to become an error in Python 3.19.
    struct_NV0080_CTRL_GPU_GET_SRIOV_CAPS_PARAMS._fields_ = [

tinyops/image/blur_test.py::test_blur_color[ksize0]
  /app/.venv/lib/python3.14/site-packages/tinygrad/runtime/autogen/nv_gpu.py:15184: DeprecationWarning: Due to '_pack_', the 'struct_NV0080_CTRL_GPU_GET_CLASSLIST_V2_PARAMS' Structure will use memory layout compatible with MSVC (Windows). If this is intended, set _layout_ to 'ms'. The implicit default is deprecated and slated to become an error in Python 3.19.
    struct_NV0080_CTRL_GPU_GET_CLASSLIST_V2_PARAMS._fields_ = [

tinyops/image/blur_test.py::test_blur_color[ksize0]
  /app/.venv/lib/python3.14/site-packages/tinygrad/runtime/autogen/nv_gpu.py:15194: DeprecationWarning: Due to '_pack_', the 'struct_NV0080_CTRL_GPU_FIND_SUBDEVICE_HANDLE_PARAM' Structure will use memory layout compatible with MSVC (Windows). If this is intended, set _layout_ to 'ms'. The implicit default is deprecated and slated to become an error in Python 3.19.
    struct_NV0080_CTRL_GPU_FIND_SUBDEVICE_HANDLE_PARAM._fields_ = [

tinyops/image/blur_test.py::test_blur_color[ksize0]
  /app/.venv/lib/python3.14/site-packages/tinygrad/runtime/autogen/nv_gpu.py:15204: DeprecationWarning: Due to '_pack_', the 'struct_NV0080_CTRL_GPU_GET_BRAND_CAPS_PARAMS' Structure will use memory layout compatible with MSVC (Windows). If this is intended, set _layout_ to 'ms'. The implicit default is deprecated and slated to become an error in Python 3.19.
    struct_NV0080_CTRL_GPU_GET_BRAND_CAPS_PARAMS._fields_ = [

tinyops/image/blur_test.py::test_blur_color[ksize0]
  /app/.venv/lib/python3.14/site-packages/tinygrad/runtime/autogen/nv_gpu.py:15213: DeprecationWarning: Due to '_pack_', the 'struct_NV0080_CTRL_GPU_SET_VGPU_VF_BAR1_SIZE_PARAMS' Structure will use memory layout compatible with MSVC (Windows). If this is intended, set _layout_ to 'ms'. The implicit default is deprecated and slated to become an error in Python 3.19.
    struct_NV0080_CTRL_GPU_SET_VGPU_VF_BAR1_SIZE_PARAMS._fields_ = [

tinyops/image/blur_test.py::test_blur_color[ksize0]
  /app/.venv/lib/python3.14/site-packages/tinygrad/runtime/autogen/nv_gpu.py:15223: DeprecationWarning: Due to '_pack_', the 'struct_NV0080_CTRL_GPU_SET_VGPU_HETEROGENEOUS_MODE_PARAMS' Structure will use memory layout compatible with MSVC (Windows). If this is intended, set _layout_ to 'ms'. The implicit default is deprecated and slated to become an error in Python 3.19.
    struct_NV0080_CTRL_GPU_SET_VGPU_HETEROGENEOUS_MODE_PARAMS._fields_ = [

tinyops/image/blur_test.py::test_blur_color[ksize0]
  /app/.venv/lib/python3.14/site-packages/tinygrad/runtime/autogen/nv_gpu.py:15232: DeprecationWarning: Due to '_pack_', the 'struct_NV0080_CTRL_GPU_GET_VGPU_HETEROGENEOUS_MODE_PARAMS' Structure will use memory layout compatible with MSVC (Windows). If this is intended, set _layout_ to 'ms'. The implicit default is deprecated and slated to become an error in Python 3.19.
    struct_NV0080_CTRL_GPU_GET_VGPU_HETEROGENEOUS_MODE_PARAMS._fields_ = [

tinyops/image/blur_test.py::test_blur_color[ksize0]
  /app/.venv/lib/python3.14/site-packages/tinygrad/runtime/autogen/nv_gpu.py:15250: DeprecationWarning: Due to '_pack_', the 'struct_NV0080_CTRL_HOST_GET_CAPS_PARAMS' Structure will use memory layout compatible with MSVC (Windows). If this is intended, set _layout_ to 'ms'. The implicit default is deprecated and slated to become an error in Python 3.19.
    struct_NV0080_CTRL_HOST_GET_CAPS_PARAMS._fields_ = [

tinyops/image/blur_test.py::test_blur_color[ksize0]
  /app/.venv/lib/python3.14/site-packages/tinygrad/runtime/autogen/nv_gpu.py:15261: DeprecationWarning: Due to '_pack_', the 'struct_NV0080_CTRL_HOST_GET_CAPS_V2_PARAMS' Structure will use memory layout compatible with MSVC (Windows). If this is intended, set _layout_ to 'ms'. The implicit default is deprecated and slated to become an error in Python 3.19.
    struct_NV0080_CTRL_HOST_GET_CAPS_V2_PARAMS._fields_ = [

tinyops/image/blur_test.py::test_blur_color[ksize0]
  /app/.venv/lib/python3.14/site-packages/tinygrad/runtime/autogen/nv_gpu.py:15283: DeprecationWarning: Due to '_pack_', the 'struct_NV0080_CTRL_PERF_SLI_GPU_BOOST_SYNC_CONTROL_PARAMS' Structure will use memory layout compatible with MSVC (Windows). If this is intended, set _layout_ to 'ms'. The implicit default is deprecated and slated to become an error in Python 3.19.
    struct_NV0080_CTRL_PERF_SLI_GPU_BOOST_SYNC_CONTROL_PARAMS._fields_ = [

tinyops/image/blur_test.py::test_blur_color[ksize0]
  /app/.venv/lib/python3.14/site-packages/tinygrad/runtime/autogen/nv_gpu.py:15292: DeprecationWarning: Due to '_pack_', the 'struct_NV0080_CTRL_PERF_CUDA_LIMIT_CONTROL_PARAMS' Structure will use memory layout compatible with MSVC (Windows). If this is intended, set _layout_ to 'ms'. The implicit default is deprecated and slated to become an error in Python 3.19.
    struct_NV0080_CTRL_PERF_CUDA_LIMIT_CONTROL_PARAMS._fields_ = [

tinyops/image/blur_test.py::test_blur_color[ksize0]
  /app/.venv/lib/python3.14/site-packages/tinygrad/runtime/autogen/nv_gpu.py:15297: DeprecationWarning: Due to '_pack_', the 'struct_NV0080_CTRL_CMD_INTERNAL_GR_GET_TPC_PARTITION_MODE_FINN_PARAMS' Structure will use memory layout compatible with MSVC (Windows). If this is intended, set _layout_ to 'ms'. The implicit default is deprecated and slated to become an error in Python 3.19.
    class struct_NV0080_CTRL_CMD_INTERNAL_GR_GET_TPC_PARTITION_MODE_FINN_PARAMS(Structure):

tinyops/image/blur_test.py::test_blur_color[ksize0]
  /app/.venv/lib/python3.14/site-packages/tinygrad/runtime/autogen/nv_gpu.py:15304: DeprecationWarning: Due to '_pack_', the 'struct_NV0080_CTRL_CMD_INTERNAL_GR_SET_TPC_PARTITION_MODE_FINN_PARAMS' Structure will use memory layout compatible with MSVC (Windows). If this is intended, set _layout_ to 'ms'. The implicit default is deprecated and slated to become an error in Python 3.19.
    class struct_NV0080_CTRL_CMD_INTERNAL_GR_SET_TPC_PARTITION_MODE_FINN_PARAMS(Structure):

tinyops/image/blur_test.py::test_blur_color[ksize0]
  /app/.venv/lib/python3.14/site-packages/tinygrad/runtime/autogen/nv_gpu.py:15315: DeprecationWarning: Due to '_pack_', the 'struct_NV0080_CTRL_INTERNAL_FIFO_RC_AND_PERMANENTLY_DISABLE_CHANNELS_PARAMS' Structure will use memory layout compatible with MSVC (Windows). If this is intended, set _layout_ to 'ms'. The implicit default is deprecated and slated to become an error in Python 3.19.
    struct_NV0080_CTRL_INTERNAL_FIFO_RC_AND_PERMANENTLY_DISABLE_CHANNELS_PARAMS._fields_ = [

tinyops/image/blur_test.py::test_blur_color[ksize0]
  /app/.venv/lib/python3.14/site-packages/tinygrad/runtime/autogen/nv_gpu.py:15330: DeprecationWarning: Due to '_pack_', the 'struct_NV0080_CTRL_MSENC_GET_CAPS_PARAMS' Structure will use memory layout compatible with MSVC (Windows). If this is intended, set _layout_ to 'ms'. The implicit default is deprecated and slated to become an error in Python 3.19.
    struct_NV0080_CTRL_MSENC_GET_CAPS_PARAMS._fields_ = [

tinyops/image/blur_test.py::test_blur_color[ksize0]
  /app/.venv/lib/python3.14/site-packages/tinygrad/runtime/autogen/nv_gpu.py:15341: DeprecationWarning: Due to '_pack_', the 'struct_NV0080_CTRL_MSENC_GET_CAPS_V2_PARAMS' Structure will use memory layout compatible with MSVC (Windows). If this is intended, set _layout_ to 'ms'. The implicit default is deprecated and slated to become an error in Python 3.19.
    struct_NV0080_CTRL_MSENC_GET_CAPS_V2_PARAMS._fields_ = [

tinyops/image/blur_test.py::test_blur_color[ksize0]
  /app/.venv/lib/python3.14/site-packages/tinygrad/runtime/autogen/nv_gpu.py:15354: DeprecationWarning: Due to '_pack_', the 'struct_NV0080_CTRL_NVJPG_GET_CAPS_V2_PARAMS' Structure will use memory layout compatible with MSVC (Windows). If this is intended, set _layout_ to 'ms'. The implicit default is deprecated and slated to become an error in Python 3.19.
    struct_NV0080_CTRL_NVJPG_GET_CAPS_V2_PARAMS._fields_ = [

tinyops/image/blur_test.py::test_blur_color[ksize0]
  /app/.venv/lib/python3.14/site-packages/tinygrad/runtime/autogen/nv_gpu.py:15372: DeprecationWarning: Due to '_pack_', the 'struct_NV0080_CTRL_OS_UNIX_VT_SWITCH_PARAMS' Structure will use memory layout compatible with MSVC (Windows). If this is intended, set _layout_ to 'ms'. The implicit default is deprecated and slated to become an error in Python 3.19.
    struct_NV0080_CTRL_OS_UNIX_VT_SWITCH_PARAMS._fields_ = [

tinyops/image/blur_test.py::test_blur_color[ksize0]
  /app/.venv/lib/python3.14/site-packages/tinygrad/runtime/autogen/nv_gpu.py:15381: DeprecationWarning: Due to '_pack_', the 'struct_NV0080_CTRL_OS_UNIX_VT_GET_FB_INFO_PARAMS' Structure will use memory layout compatible with MSVC (Windows). If this is intended, set _layout_ to 'ms'. The implicit default is deprecated and slated to become an error in Python 3.19.
    struct_NV0080_CTRL_OS_UNIX_VT_GET_FB_INFO_PARAMS._fields_ = [

tinyops/image/blur_test.py::test_blur_color[ksize0]
  /app/.venv/lib/python3.14/site-packages/tinygrad/runtime/autogen/nv_gpu.py:15454: DeprecationWarning: Due to '_pack_', the 'struct_NV2080_CTRL_BIOS_GET_INFO_PARAMS' Structure will use memory layout compatible with MSVC (Windows). If this is intended, set _layout_ to 'ms'. The implicit default is deprecated and slated to become an error in Python 3.19.
    struct_NV2080_CTRL_BIOS_GET_INFO_PARAMS._fields_ = [

tinyops/image/blur_test.py::test_blur_color[ksize0]
  /app/.venv/lib/python3.14/site-packages/tinygrad/runtime/autogen/nv_gpu.py:15465: DeprecationWarning: Due to '_pack_', the 'struct_NV2080_CTRL_BIOS_GET_INFO_V2_PARAMS' Structure will use memory layout compatible with MSVC (Windows). If this is intended, set _layout_ to 'ms'. The implicit default is deprecated and slated to become an error in Python 3.19.
    struct_NV2080_CTRL_BIOS_GET_INFO_V2_PARAMS._fields_ = [

tinyops/image/blur_test.py::test_blur_color[ksize0]
  /app/.venv/lib/python3.14/site-packages/tinygrad/runtime/autogen/nv_gpu.py:15478: DeprecationWarning: Due to '_pack_', the 'union_NV2080_CTRL_BIOS_NBSI_REG_STRING_value' Union will use memory layout compatible with MSVC (Windows). If this is intended, set _layout_ to 'ms'. The implicit default is deprecated and slated to become an error in Python 3.19.
    union_NV2080_CTRL_BIOS_NBSI_REG_STRING_value._fields_ = [

tinyops/image/blur_test.py::test_blur_color[ksize0]
  /app/.venv/lib/python3.14/site-packages/tinygrad/runtime/autogen/nv_gpu.py:15486: DeprecationWarning: Due to '_pack_', the 'struct_NV2080_CTRL_BIOS_NBSI_REG_STRING' Structure will use memory layout compatible with MSVC (Windows). If this is intended, set _layout_ to 'ms'. The implicit default is deprecated and slated to become an error in Python 3.19.
    struct_NV2080_CTRL_BIOS_NBSI_REG_STRING._fields_ = [

tinyops/image/blur_test.py::test_blur_color[ksize0]
  /app/.venv/lib/python3.14/site-packages/tinygrad/runtime/autogen/nv_gpu.py:15497: DeprecationWarning: Due to '_pack_', the 'struct_NV2080_CTRL_BIOS_GET_NBSI_PARAMS' Structure will use memory layout compatible with MSVC (Windows). If this is intended, set _layout_ to 'ms'. The implicit default is deprecated and slated to become an error in Python 3.19.
    struct_NV2080_CTRL_BIOS_GET_NBSI_PARAMS._fields_ = [

tinyops/image/blur_test.py::test_blur_color[ksize0]
  /app/.venv/lib/python3.14/site-packages/tinygrad/runtime/autogen/nv_gpu.py:15512: DeprecationWarning: Due to '_pack_', the 'struct_NV2080_CTRL_BIOS_GET_NBSI_V2_PARAMS' Structure will use memory layout compatible with MSVC (Windows). If this is intended, set _layout_ to 'ms'. The implicit default is deprecated and slated to become an error in Python 3.19.
    struct_NV2080_CTRL_BIOS_GET_NBSI_V2_PARAMS._fields_ = [

tinyops/image/blur_test.py::test_blur_color[ksize0]
  /app/.venv/lib/python3.14/site-packages/tinygrad/runtime/autogen/nv_gpu.py:15526: DeprecationWarning: Due to '_pack_', the 'struct_NV2080_CTRL_BIOS_GET_NBSI_OBJ_PARAMS' Structure will use memory layout compatible with MSVC (Windows). If this is intended, set _layout_ to 'ms'. The implicit default is deprecated and slated to become an error in Python 3.19.
    struct_NV2080_CTRL_BIOS_GET_NBSI_OBJ_PARAMS._fields_ = [

tinyops/image/blur_test.py::test_blur_color[ksize0]
  /app/.venv/lib/python3.14/site-packages/tinygrad/runtime/autogen/nv_gpu.py:15546: DeprecationWarning: Due to '_pack_', the 'struct_NV2080_CTRL_BIOS_GET_SKU_INFO_PARAMS' Structure will use memory layout compatible with MSVC (Windows). If this is intended, set _layout_ to 'ms'. The implicit default is deprecated and slated to become an error in Python 3.19.
    struct_NV2080_CTRL_BIOS_GET_SKU_INFO_PARAMS._fields_ = [

tinyops/image/blur_test.py::test_blur_color[ksize0]
  /app/.venv/lib/python3.14/site-packages/tinygrad/runtime/autogen/nv_gpu.py:15565: DeprecationWarning: Due to '_pack_', the 'struct_NV2080_CTRL_CMD_BIOS_GET_POST_TIME_PARAMS' Structure will use memory layout compatible with MSVC (Windows). If this is intended, set _layout_ to 'ms'. The implicit default is deprecated and slated to become an error in Python 3.19.
    struct_NV2080_CTRL_CMD_BIOS_GET_POST_TIME_PARAMS._fields_ = [

tinyops/image/blur_test.py::test_blur_color[ksize0]
  /app/.venv/lib/python3.14/site-packages/tinygrad/runtime/autogen/nv_gpu.py:15574: DeprecationWarning: Due to '_pack_', the 'struct_NV2080_CTRL_BIOS_GET_UEFI_SUPPORT_PARAMS' Structure will use memory layout compatible with MSVC (Windows). If this is intended, set _layout_ to 'ms'. The implicit default is deprecated and slated to become an error in Python 3.19.
    struct_NV2080_CTRL_BIOS_GET_UEFI_SUPPORT_PARAMS._fields_ = [

tinyops/image/blur_test.py::test_blur_color[ksize0]
  /app/.venv/lib/python3.14/site-packages/tinygrad/runtime/autogen/nv_gpu.py:16047: DeprecationWarning: Due to '_pack_', the 'struct_NV2080_CTRL_BUS_GET_PCI_INFO_PARAMS' Structure will use memory layout compatible with MSVC (Windows). If this is intended, set _layout_ to 'ms'. The implicit default is deprecated and slated to become an error in Python 3.19.
    struct_NV2080_CTRL_BUS_GET_PCI_INFO_PARAMS._fields_ = [

tinyops/image/blur_test.py::test_blur_color[ksize0]
  /app/.venv/lib/python3.14/site-packages/tinygrad/runtime/autogen/nv_gpu.py:16060: DeprecationWarning: Due to '_pack_', the 'struct_NV2080_CTRL_BUS_GET_INFO_PARAMS' Structure will use memory layout compatible with MSVC (Windows). If this is intended, set _layout_ to 'ms'. The implicit default is deprecated and slated to become an error in Python 3.19.
    struct_NV2080_CTRL_BUS_GET_INFO_PARAMS._fields_ = [

tinyops/image/blur_test.py::test_blur_color[ksize0]
  /app/.venv/lib/python3.14/site-packages/tinygrad/runtime/autogen/nv_gpu.py:16071: DeprecationWarning: Due to '_pack_', the 'struct_NV2080_CTRL_BUS_GET_INFO_V2_PARAMS' Structure will use memory layout compatible with MSVC (Windows). If this is intended, set _layout_ to 'ms'. The implicit default is deprecated and slated to become an error in Python 3.19.
    struct_NV2080_CTRL_BUS_GET_INFO_V2_PARAMS._fields_ = [

tinyops/image/blur_test.py::test_blur_color[ksize0]
  /app/.venv/lib/python3.14/site-packages/tinygrad/runtime/autogen/nv_gpu.py:16081: DeprecationWarning: Due to '_pack_', the 'struct_NV2080_CTRL_BUS_PCI_BAR_INFO' Structure will use memory layout compatible with MSVC (Windows). If this is intended, set _layout_ to 'ms'. The implicit default is deprecated and slated to become an error in Python 3.19.
    struct_NV2080_CTRL_BUS_PCI_BAR_INFO._fields_ = [

tinyops/image/blur_test.py::test_blur_color[ksize0]
  /app/.venv/lib/python3.14/site-packages/tinygrad/runtime/autogen/nv_gpu.py:16093: DeprecationWarning: Due to '_pack_', the 'struct_NV2080_CTRL_BUS_GET_PCI_BAR_INFO_PARAMS' Structure will use memory layout compatible with MSVC (Windows). If this is intended, set _layout_ to 'ms'. The implicit default is deprecated and slated to become an error in Python 3.19.
    struct_NV2080_CTRL_BUS_GET_PCI_BAR_INFO_PARAMS._fields_ = [

tinyops/image/blur_test.py::test_blur_color[ksize0]
  /app/.venv/lib/python3.14/site-packages/tinygrad/runtime/autogen/nv_gpu.py:16104: DeprecationWarning: Due to '_pack_', the 'struct_NV2080_CTRL_BUS_SET_PCIE_LINK_WIDTH_PARAMS' Structure will use memory layout compatible with MSVC (Windows). If this is intended, set _layout_ to 'ms'. The implicit default is deprecated and slated to become an error in Python 3.19.
    struct_NV2080_CTRL_BUS_SET_PCIE_LINK_WIDTH_PARAMS._fields_ = [

tinyops/image/blur_test.py::test_blur_color[ksize0]
  /app/.venv/lib/python3.14/site-packages/tinygrad/runtime/autogen/nv_gpu.py:16114: DeprecationWarning: Due to '_pack_', the 'struct_NV2080_CTRL_BUS_SET_PCIE_SPEED_PARAMS' Structure will use memory layout compatible with MSVC (Windows). If this is intended, set _layout_ to 'ms'. The implicit default is deprecated and slated to become an error in Python 3.19.
    struct_NV2080_CTRL_BUS_SET_PCIE_SPEED_PARAMS._fields_ = [

tinyops/image/blur_test.py::test_blur_color[ksize0]
  /app/.venv/lib/python3.14/site-packages/tinygrad/runtime/autogen/nv_gpu.py:16123: DeprecationWarning: Due to '_pack_', the 'struct_NV2080_CTRL_BUS_MAP_BAR2_PARAMS' Structure will use memory layout compatible with MSVC (Windows). If this is intended, set _layout_ to 'ms'. The implicit default is deprecated and slated to become an error in Python 3.19.
    struct_NV2080_CTRL_BUS_MAP_BAR2_PARAMS._fields_ = [

tinyops/image/blur_test.py::test_blur_color[ksize0]
  /app/.venv/lib/python3.14/site-packages/tinygrad/runtime/autogen/nv_gpu.py:16132: DeprecationWarning: Due to '_pack_', the 'struct_NV2080_CTRL_BUS_UNMAP_BAR2_PARAMS' Structure will use memory layout compatible with MSVC (Windows). If this is intended, set _layout_ to 'ms'. The implicit default is deprecated and slated to become an error in Python 3.19.
    struct_NV2080_CTRL_BUS_UNMAP_BAR2_PARAMS._fields_ = [

tinyops/image/blur_test.py::test_blur_color[ksize0]
  /app/.venv/lib/python3.14/site-packages/tinygrad/runtime/autogen/nv_gpu.py:16141: DeprecationWarning: Due to '_pack_', the 'struct_NV2080_CTRL_BUS_VERIFY_BAR2_PARAMS' Structure will use memory layout compatible with MSVC (Windows). If this is intended, set _layout_ to 'ms'. The implicit default is deprecated and slated to become an error in Python 3.19.
    struct_NV2080_CTRL_BUS_VERIFY_BAR2_PARAMS._fields_ = [

tinyops/image/blur_test.py::test_blur_color[ksize0]
  /app/.venv/lib/python3.14/site-packages/tinygrad/runtime/autogen/nv_gpu.py:16152: DeprecationWarning: Due to '_pack_', the 'struct_NV2080_CTRL_BUS_SERVICE_GPU_MULTIFUNC_STATE_PARAMS' Structure will use memory layout compatible with MSVC (Windows). If this is intended, set _layout_ to 'ms'. The implicit default is deprecated and slated to become an error in Python 3.19.
    struct_NV2080_CTRL_BUS_SERVICE_GPU_MULTIFUNC_STATE_PARAMS._fields_ = [

tinyops/image/blur_test.py::test_blur_color[ksize0]
  /app/.venv/lib/python3.14/site-packages/tinygrad/runtime/autogen/nv_gpu.py:16163: DeprecationWarning: Due to '_pack_', the 'struct_NV2080_CTRL_BUS_GET_PEX_COUNTERS_PARAMS' Structure will use memory layout compatible with MSVC (Windows). If this is intended, set _layout_ to 'ms'. The implicit default is deprecated and slated to become an error in Python 3.19.
    struct_NV2080_CTRL_BUS_GET_PEX_COUNTERS_PARAMS._fields_ = [

tinyops/image/blur_test.py::test_blur_color[ksize0]
  /app/.venv/lib/python3.14/site-packages/tinygrad/runtime/autogen/nv_gpu.py:16179: DeprecationWarning: Due to '_pack_', the 'struct_NV2080_CTRL_BUS_CLEAR_PEX_COUNTERS_PARAMS' Structure will use memory layout compatible with MSVC (Windows). If this is intended, set _layout_ to 'ms'. The implicit default is deprecated and slated to become an error in Python 3.19.
    struct_NV2080_CTRL_BUS_CLEAR_PEX_COUNTERS_PARAMS._fields_ = [

tinyops/image/blur_test.py::test_blur_color[ksize0]
  /app/.venv/lib/python3.14/site-packages/tinygrad/runtime/autogen/nv_gpu.py:16188: DeprecationWarning: Due to '_pack_', the 'struct_NV2080_CTRL_BUS_FREEZE_PEX_COUNTERS_PARAMS' Structure will use memory layout compatible with MSVC (Windows). If this is intended, set _layout_ to 'ms'. The implicit default is deprecated and slated to become an error in Python 3.19.
    struct_NV2080_CTRL_BUS_FREEZE_PEX_COUNTERS_PARAMS._fields_ = [

tinyops/image/blur_test.py::test_blur_color[ksize0]
  /app/.venv/lib/python3.14/site-packages/tinygrad/runtime/autogen/nv_gpu.py:16199: DeprecationWarning: Due to '_pack_', the 'struct_NV2080_CTRL_CMD_BUS_GET_PEX_LANE_COUNTERS_PARAMS' Structure will use memory layout compatible with MSVC (Windows). If this is intended, set _layout_ to 'ms'. The implicit default is deprecated and slated to become an error in Python 3.19.
    struct_NV2080_CTRL_CMD_BUS_GET_PEX_LANE_COUNTERS_PARAMS._fields_ = [

tinyops/image/blur_test.py::test_blur_color[ksize0]
  /app/.venv/lib/python3.14/site-packages/tinygrad/runtime/autogen/nv_gpu.py:16209: DeprecationWarning: Due to '_pack_', the 'struct_NV2080_CTRL_CMD_BUS_GET_PCIE_LTR_LATENCY_PARAMS' Structure will use memory layout compatible with MSVC (Windows). If this is intended, set _layout_ to 'ms'. The implicit default is deprecated and slated to become an error in Python 3.19.
    struct_NV2080_CTRL_CMD_BUS_GET_PCIE_LTR_LATENCY_PARAMS._fields_ = [

tinyops/image/blur_test.py::test_blur_color[ksize0]
  /app/.venv/lib/python3.14/site-packages/tinygrad/runtime/autogen/nv_gpu.py:16227: DeprecationWarning: Due to '_pack_', the 'struct_NV2080_CTRL_CMD_BUS_SET_PCIE_LTR_LATENCY_PARAMS' Structure will use memory layout compatible with MSVC (Windows). If this is intended, set _layout_ to 'ms'. The implicit default is deprecated and slated to become an error in Python 3.19.
    struct_NV2080_CTRL_CMD_BUS_SET_PCIE_LTR_LATENCY_PARAMS._fields_ = [

tinyops/image/blur_test.py::test_blur_color[ksize0]
  /app/.venv/lib/python3.14/site-packages/tinygrad/runtime/autogen/nv_gpu.py:16241: DeprecationWarning: Due to '_pack_', the 'struct_NV2080_CTRL_BUS_GET_PEX_UTIL_COUNTERS_PARAMS' Structure will use memory layout compatible with MSVC (Windows). If this is intended, set _layout_ to 'ms'. The implicit default is deprecated and slated to become an error in Python 3.19.
    struct_NV2080_CTRL_BUS_GET_PEX_UTIL_COUNTERS_PARAMS._fields_ = [

tinyops/image/blur_test.py::test_blur_color[ksize0]
  /app/.venv/lib/python3.14/site-packages/tinygrad/runtime/autogen/nv_gpu.py:16251: DeprecationWarning: Due to '_pack_', the 'struct_NV2080_CTRL_BUS_CLEAR_PEX_UTIL_COUNTERS_PARAMS' Structure will use memory layout compatible with MSVC (Windows). If this is intended, set _layout_ to 'ms'. The implicit default is deprecated and slated to become an error in Python 3.19.
    struct_NV2080_CTRL_BUS_CLEAR_PEX_UTIL_COUNTERS_PARAMS._fields_ = [

tinyops/image/blur_test.py::test_blur_color[ksize0]
  /app/.venv/lib/python3.14/site-packages/tinygrad/runtime/autogen/nv_gpu.py:16260: DeprecationWarning: Due to '_pack_', the 'struct_NV2080_CTRL_BUS_GET_BFD_PARAMS' Structure will use memory layout compatible with MSVC (Windows). If this is intended, set _layout_ to 'ms'. The implicit default is deprecated and slated to become an error in Python 3.19.
    struct_NV2080_CTRL_BUS_GET_BFD_PARAMS._fields_ = [

tinyops/image/blur_test.py::test_blur_color[ksize0]
  /app/.venv/lib/python3.14/site-packages/tinygrad/runtime/autogen/nv_gpu.py:16274: DeprecationWarning: Due to '_pack_', the 'struct_NV2080_CTRL_BUS_GET_BFD_PARAMSARR' Structure will use memory layout compatible with MSVC (Windows). If this is intended, set _layout_ to 'ms'. The implicit default is deprecated and slated to become an error in Python 3.19.
    class struct_NV2080_CTRL_BUS_GET_BFD_PARAMSARR(Structure):

tinyops/image/blur_test.py::test_blur_color[ksize0]
  /app/.venv/lib/python3.14/site-packages/tinygrad/runtime/autogen/nv_gpu.py:16285: DeprecationWarning: Due to '_pack_', the 'struct_NV2080_CTRL_BUS_GET_ASPM_DISABLE_FLAGS_PARAMS' Structure will use memory layout compatible with MSVC (Windows). If this is intended, set _layout_ to 'ms'. The implicit default is deprecated and slated to become an error in Python 3.19.
    struct_NV2080_CTRL_BUS_GET_ASPM_DISABLE_FLAGS_PARAMS._fields_ = [

tinyops/image/blur_test.py::test_blur_color[ksize0]
  /app/.venv/lib/python3.14/site-packages/tinygrad/runtime/autogen/nv_gpu.py:16294: DeprecationWarning: Due to '_pack_', the 'struct_NV2080_CTRL_CMD_BUS_CONTROL_PUBLIC_ASPM_BITS_PARAMS' Structure will use memory layout compatible with MSVC (Windows). If this is intended, set _layout_ to 'ms'. The implicit default is deprecated and slated to become an error in Python 3.19.
    struct_NV2080_CTRL_CMD_BUS_CONTROL_PUBLIC_ASPM_BITS_PARAMS._fields_ = [

tinyops/image/blur_test.py::test_blur_color[ksize0]
  /app/.venv/lib/python3.14/site-packages/tinygrad/runtime/autogen/nv_gpu.py:16303: DeprecationWarning: Due to '_pack_', the 'struct_NV2080_CTRL_BUS_GET_NVLINK_PEER_ID_MASK_PARAMS' Structure will use memory layout compatible with MSVC (Windows). If this is intended, set _layout_ to 'ms'. The implicit default is deprecated and slated to become an error in Python 3.19.
    struct_NV2080_CTRL_BUS_GET_NVLINK_PEER_ID_MASK_PARAMS._fields_ = [

tinyops/image/blur_test.py::test_blur_color[ksize0]
  /app/.venv/lib/python3.14/site-packages/tinygrad/runtime/autogen/nv_gpu.py:16312: DeprecationWarning: Due to '_pack_', the 'struct_NV2080_CTRL_CMD_BUS_SET_EOM_PARAMETERS_PARAMS' Structure will use memory layout compatible with MSVC (Windows). If this is intended, set _layout_ to 'ms'. The implicit default is deprecated and slated to become an error in Python 3.19.
    struct_NV2080_CTRL_CMD_BUS_SET_EOM_PARAMETERS_PARAMS._fields_ = [

tinyops/image/blur_test.py::test_blur_color[ksize0]
  /app/.venv/lib/python3.14/site-packages/tinygrad/runtime/autogen/nv_gpu.py:16323: DeprecationWarning: Due to '_pack_', the 'struct_NV2080_CTRL_CMD_BUS_GET_UPHY_DLN_CFG_SPACE_PARAMS' Structure will use memory layout compatible with MSVC (Windows). If this is intended, set _layout_ to 'ms'. The implicit default is deprecated and slated to become an error in Python 3.19.
    struct_NV2080_CTRL_CMD_BUS_GET_UPHY_DLN_CFG_SPACE_PARAMS._fields_ = [

tinyops/image/blur_test.py::test_blur_color[ksize0]
  /app/.venv/lib/python3.14/site-packages/tinygrad/runtime/autogen/nv_gpu.py:16335: DeprecationWarning: Due to '_pack_', the 'struct_NV2080_CTRL_BUS_GET_EOM_STATUS_PARAMS' Structure will use memory layout compatible with MSVC (Windows). If this is intended, set _layout_ to 'ms'. The implicit default is deprecated and slated to become an error in Python 3.19.
    struct_NV2080_CTRL_BUS_GET_EOM_STATUS_PARAMS._fields_ = [

tinyops/image/blur_test.py::test_blur_color[ksize0]
  /app/.venv/lib/python3.14/site-packages/tinygrad/runtime/autogen/nv_gpu.py:16351: DeprecationWarning: Due to '_pack_', the 'struct_NV2080_CTRL_CMD_BUS_GET_PCIE_REQ_ATOMICS_CAPS_PARAMS' Structure will use memory layout compatible with MSVC (Windows). If this is intended, set _layout_ to 'ms'. The implicit default is deprecated and slated to become an error in Python 3.19.
    struct_NV2080_CTRL_CMD_BUS_GET_PCIE_REQ_ATOMICS_CAPS_PARAMS._fields_ = [

tinyops/image/blur_test.py::test_blur_color[ksize0]
  /app/.venv/lib/python3.14/site-packages/tinygrad/runtime/autogen/nv_gpu.py:16362: DeprecationWarning: Due to '_pack_', the 'struct_NV2080_CTRL_BUS_PCIE_GPU_ATOMIC_OP_INFO' Structure will use memory layout compatible with MSVC (Windows). If this is intended, set _layout_ to 'ms'. The implicit default is deprecated and slated to become an error in Python 3.19.
    struct_NV2080_CTRL_BUS_PCIE_GPU_ATOMIC_OP_INFO._fields_ = [

tinyops/image/blur_test.py::test_blur_color[ksize0]
  /app/.venv/lib/python3.14/site-packages/tinygrad/runtime/autogen/nv_gpu.py:16373: DeprecationWarning: Due to '_pack_', the 'struct_NV2080_CTRL_CMD_BUS_GET_PCIE_SUPPORTED_GPU_ATOMICS_PARAMS' Structure will use memory layout compatible with MSVC (Windows). If this is intended, set _layout_ to 'ms'. The implicit default is deprecated and slated to become an error in Python 3.19.
    struct_NV2080_CTRL_CMD_BUS_GET_PCIE_SUPPORTED_GPU_ATOMICS_PARAMS._fields_ = [

tinyops/image/blur_test.py::test_blur_color[ksize0]
  /app/.venv/lib/python3.14/site-packages/tinygrad/runtime/autogen/nv_gpu.py:16384: DeprecationWarning: Due to '_pack_', the 'struct_NV2080_CTRL_CMD_BUS_GET_C2C_INFO_PARAMS' Structure will use memory layout compatible with MSVC (Windows). If this is intended, set _layout_ to 'ms'. The implicit default is deprecated and slated to become an error in Python 3.19.
    struct_NV2080_CTRL_CMD_BUS_GET_C2C_INFO_PARAMS._fields_ = [

tinyops/image/blur_test.py::test_blur_color[ksize0]
  /app/.venv/lib/python3.14/site-packages/tinygrad/runtime/autogen/nv_gpu.py:16400: DeprecationWarning: Due to '_pack_', the 'struct_NV2080_CTRL_BUS_SYSMEM_ACCESS_PARAMS' Structure will use memory layout compatible with MSVC (Windows). If this is intended, set _layout_ to 'ms'. The implicit default is deprecated and slated to become an error in Python 3.19.
    struct_NV2080_CTRL_BUS_SYSMEM_ACCESS_PARAMS._fields_ = [

tinyops/image/blur_test.py::test_blur_color[ksize0]
  /app/.venv/lib/python3.14/site-packages/tinygrad/runtime/autogen/nv_gpu.py:16409: DeprecationWarning: Due to '_pack_', the 'struct_NV2080_CTRL_BUS_SET_P2P_MAPPING_PARAMS' Structure will use memory layout compatible with MSVC (Windows). If this is intended, set _layout_ to 'ms'. The implicit default is deprecated and slated to become an error in Python 3.19.
    struct_NV2080_CTRL_BUS_SET_P2P_MAPPING_PARAMS._fields_ = [

tinyops/image/blur_test.py::test_blur_color[ksize0]
  /app/.venv/lib/python3.14/site-packages/tinygrad/runtime/autogen/nv_gpu.py:16425: DeprecationWarning: Due to '_pack_', the 'struct_NV2080_CTRL_BUS_UNSET_P2P_MAPPING_PARAMS' Structure will use memory layout compatible with MSVC (Windows). If this is intended, set _layout_ to 'ms'. The implicit default is deprecated and slated to become an error in Python 3.19.
    struct_NV2080_CTRL_BUS_UNSET_P2P_MAPPING_PARAMS._fields_ = [

tinyops/image/blur_test.py::test_blur_color[ksize0]
  /app/.venv/lib/python3.14/site-packages/tinygrad/runtime/autogen/nv_gpu.py:16439: DeprecationWarning: Due to '_pack_', the 'struct_NV2080_CTRL_CMD_BUS_GET_PCIE_CPL_ATOMICS_CAPS_PARAMS' Structure will use memory layout compatible with MSVC (Windows). If this is intended, set _layout_ to 'ms'. The implicit default is deprecated and slated to become an error in Python 3.19.
    struct_NV2080_CTRL_CMD_BUS_GET_PCIE_CPL_ATOMICS_CAPS_PARAMS._fields_ = [

tinyops/image/blur_test.py::test_blur_color[ksize0]
  /app/.venv/lib/python3.14/site-packages/tinygrad/runtime/autogen/nv_gpu.py:16502: DeprecationWarning: Due to '_pack_', the 'struct_NV2080_CTRL_CE_GET_CAPS_PARAMS' Structure will use memory layout compatible with MSVC (Windows). If this is intended, set _layout_ to 'ms'. The implicit default is deprecated and slated to become an error in Python 3.19.
    struct_NV2080_CTRL_CE_GET_CAPS_PARAMS._fields_ = [

tinyops/image/blur_test.py::test_blur_color[ksize0]
  /app/.venv/lib/python3.14/site-packages/tinygrad/runtime/autogen/nv_gpu.py:16513: DeprecationWarning: Due to '_pack_', the 'struct_NV2080_CTRL_CE_GET_CAPS_V2_PARAMS' Structure will use memory layout compatible with MSVC (Windows). If this is intended, set _layout_ to 'ms'. The implicit default is deprecated and slated to become an error in Python 3.19.
    struct_NV2080_CTRL_CE_GET_CAPS_V2_PARAMS._fields_ = [

tinyops/image/blur_test.py::test_blur_color[ksize0]
  /app/.venv/lib/python3.14/site-packages/tinygrad/runtime/autogen/nv_gpu.py:16524: DeprecationWarning: Due to '_pack_', the 'struct_NV2080_CTRL_CE_GET_CE_PCE_MASK_PARAMS' Structure will use memory layout compatible with MSVC (Windows). If this is intended, set _layout_ to 'ms'. The implicit default is deprecated and slated to become an error in Python 3.19.
    struct_NV2080_CTRL_CE_GET_CE_PCE_MASK_PARAMS._fields_ = [

tinyops/image/blur_test.py::test_blur_color[ksize0]
  /app/.venv/lib/python3.14/site-packages/tinygrad/runtime/autogen/nv_gpu.py:16534: DeprecationWarning: Due to '_pack_', the 'struct_NV2080_CTRL_CE_SET_PCE_LCE_CONFIG_PARAMS' Structure will use memory layout compatible with MSVC (Windows). If this is intended, set _layout_ to 'ms'. The implicit default is deprecated and slated to become an error in Python 3.19.
    struct_NV2080_CTRL_CE_SET_PCE_LCE_CONFIG_PARAMS._fields_ = [

tinyops/image/blur_test.py::test_blur_color[ksize0]
  /app/.venv/lib/python3.14/site-packages/tinygrad/runtime/autogen/nv_gpu.py:16545: DeprecationWarning: Due to '_pack_', the 'struct_NV2080_CTRL_CE_UPDATE_PCE_LCE_MAPPINGS_PARAMS' Structure will use memory layout compatible with MSVC (Windows). If this is intended, set _layout_ to 'ms'. The implicit default is deprecated and slated to become an error in Python 3.19.
    struct_NV2080_CTRL_CE_UPDATE_PCE_LCE_MAPPINGS_PARAMS._fields_ = [

tinyops/image/blur_test.py::test_blur_color[ksize0]
  /app/.venv/lib/python3.14/site-packages/tinygrad/runtime/autogen/nv_gpu.py:16558: DeprecationWarning: Due to '_pack_', the 'struct_NV2080_CTRL_CE_UPDATE_CLASS_DB_PARAMS' Structure will use memory layout compatible with MSVC (Windows). If this is intended, set _layout_ to 'ms'. The implicit default is deprecated and slated to become an error in Python 3.19.
    struct_NV2080_CTRL_CE_UPDATE_CLASS_DB_PARAMS._fields_ = [

tinyops/image/blur_test.py::test_blur_color[ksize0]
  /app/.venv/lib/python3.14/site-packages/tinygrad/runtime/autogen/nv_gpu.py:16568: DeprecationWarning: Due to '_pack_', the 'struct_NV2080_CTRL_CE_GET_FAULT_METHOD_BUFFER_SIZE_PARAMS' Structure will use memory layout compatible with MSVC (Windows). If this is intended, set _layout_ to 'ms'. The implicit default is deprecated and slated to become an error in Python 3.19.
    struct_NV2080_CTRL_CE_GET_FAULT_METHOD_BUFFER_SIZE_PARAMS._fields_ = [

tinyops/image/blur_test.py::test_blur_color[ksize0]
  /app/.venv/lib/python3.14/site-packages/tinygrad/runtime/autogen/nv_gpu.py:16577: DeprecationWarning: Due to '_pack_', the 'struct_NV2080_CTRL_CE_GET_HUB_PCE_MASK_PARAMS' Structure will use memory layout compatible with MSVC (Windows). If this is intended, set _layout_ to 'ms'. The implicit default is deprecated and slated to become an error in Python 3.19.
    struct_NV2080_CTRL_CE_GET_HUB_PCE_MASK_PARAMS._fields_ = [

tinyops/image/blur_test.py::test_blur_color[ksize0]
  /app/.venv/lib/python3.14/site-packages/tinygrad/runtime/autogen/nv_gpu.py:16587: DeprecationWarning: Due to '_pack_', the 'struct_NV2080_CTRL_CE_GET_ALL_CAPS_PARAMS' Structure will use memory layout compatible with MSVC (Windows). If this is intended, set _layout_ to 'ms'. The implicit default is deprecated and slated to become an error in Python 3.19.
    struct_NV2080_CTRL_CE_GET_ALL_CAPS_PARAMS._fields_ = [

tinyops/image/blur_test.py::test_blur_color[ksize0]
  /app/.venv/lib/python3.14/site-packages/tinygrad/runtime/autogen/nv_gpu.py:16598: DeprecationWarning: Due to '_pack_', the 'struct_NV2080_CTRL_CE_GET_LCE_SHIM_INFO_PARAMS' Structure will use memory layout compatible with MSVC (Windows). If this is intended, set _layout_ to 'ms'. The implicit default is deprecated and slated to become an error in Python 3.19.
    struct_NV2080_CTRL_CE_GET_LCE_SHIM_INFO_PARAMS._fields_ = [

tinyops/image/blur_test.py::test_blur_color[ksize0]
  /app/.venv/lib/python3.14/site-packages/tinygrad/runtime/autogen/nv_gpu.py:16609: DeprecationWarning: Due to '_pack_', the 'struct_NV2080_CTRL_CE_UPDATE_PCE_LCE_MAPPINGS_V2_PARAMS' Structure will use memory layout compatible with MSVC (Windows). If this is intended, set _layout_ to 'ms'. The implicit default is deprecated and slated to become an error in Python 3.19.
    struct_NV2080_CTRL_CE_UPDATE_PCE_LCE_MAPPINGS_V2_PARAMS._fields_ = [

tinyops/image/blur_test.py::test_blur_color[ksize0]
  /app/.venv/lib/python3.14/site-packages/tinygrad/runtime/autogen/nv_gpu.py:16623: DeprecationWarning: Due to '_pack_', the 'struct_NV2080_CTRL_CE_GET_HUB_PCE_MASK_V2_PARAMS' Structure will use memory layout compatible with MSVC (Windows). If this is intended, set _layout_ to 'ms'. The implicit default is deprecated and slated to become an error in Python 3.19.
    struct_NV2080_CTRL_CE_GET_HUB_PCE_MASK_V2_PARAMS._fields_ = [

tinyops/image/blur_test.py::test_blur_color[ksize0]
  /app/.venv/lib/python3.14/site-packages/tinygrad/runtime/autogen/nv_gpu.py:16657: DeprecationWarning: Due to '_pack_', the 'struct_NV2080_CTRL_INTERNAL_CE_GET_PCE_CONFIG_FOR_LCE_TYPE_PARAMS' Structure will use memory layout compatible with MSVC (Windows). If this is intended, set _layout_ to 'ms'. The implicit default is deprecated and slated to become an error in Python 3.19.
    struct_NV2080_CTRL_INTERNAL_CE_GET_PCE_CONFIG_FOR_LCE_TYPE_PARAMS._fields_ = [

tinyops/image/blur_test.py::test_blur_color[ksize0]
  /app/.venv/lib/python3.14/site-packages/tinygrad/runtime/autogen/nv_gpu.py:16671: DeprecationWarning: Due to '_pack_', the 'struct_NV2080_CTRL_CE_GET_DECOMP_LCE_MASK_PARAMS' Structure will use memory layout compatible with MSVC (Windows). If this is intended, set _layout_ to 'ms'. The implicit default is deprecated and slated to become an error in Python 3.19.
    struct_NV2080_CTRL_CE_GET_DECOMP_LCE_MASK_PARAMS._fields_ = [

tinyops/image/blur_test.py::test_blur_color[ksize0]
  /app/.venv/lib/python3.14/site-packages/tinygrad/runtime/autogen/nv_gpu.py:16682: DeprecationWarning: Due to '_pack_', the 'struct_NV2080_CTRL_CE_IS_DECOMP_LCE_ENABLED_PARAMS' Structure will use memory layout compatible with MSVC (Windows). If this is intended, set _layout_ to 'ms'. The implicit default is deprecated and slated to become an error in Python 3.19.
    struct_NV2080_CTRL_CE_IS_DECOMP_LCE_ENABLED_PARAMS._fields_ = [

tinyops/image/blur_test.py::test_blur_color[ksize0]
  /app/.venv/lib/python3.14/site-packages/tinygrad/runtime/autogen/nv_gpu.py:16696: DeprecationWarning: Due to '_pack_', the 'struct_NV2080_CTRL_GPUMON_SAMPLE' Structure will use memory layout compatible with MSVC (Windows). If this is intended, set _layout_ to 'ms'. The implicit default is deprecated and slated to become an error in Python 3.19.
    struct_NV2080_CTRL_GPUMON_SAMPLE._fields_ = [

tinyops/image/blur_test.py::test_blur_color[ksize0]
  /app/.venv/lib/python3.14/site-packages/tinygrad/runtime/autogen/nv_gpu.py:16705: DeprecationWarning: Due to '_pack_', the 'struct_NV2080_CTRL_GPUMON_SAMPLES' Structure will use memory layout compatible with MSVC (Windows). If this is intended, set _layout_ to 'ms'. The implicit default is deprecated and slated to become an error in Python 3.19.
    struct_NV2080_CTRL_GPUMON_SAMPLES._fields_ = [

tinyops/image/blur_test.py::test_blur_color[ksize0]
  /app/.venv/lib/python3.14/site-packages/tinygrad/runtime/autogen/nv_gpu.py:16762: DeprecationWarning: Due to '_pack_', the 'struct_NV2080_CTRL_DMA_INVALIDATE_TLB_PARAMS' Structure will use memory layout compatible with MSVC (Windows). If this is intended, set _layout_ to 'ms'. The implicit default is deprecated and slated to become an error in Python 3.19.
    struct_NV2080_CTRL_DMA_INVALIDATE_TLB_PARAMS._fields_ = [

tinyops/image/blur_test.py::test_blur_color[ksize0]
  /app/.venv/lib/python3.14/site-packages/tinygrad/runtime/autogen/nv_gpu.py:16775: DeprecationWarning: Due to '_pack_', the 'struct_NV2080_CTRL_DMA_GET_INFO_PARAMS' Structure will use memory layout compatible with MSVC (Windows). If this is intended, set _layout_ to 'ms'. The implicit default is deprecated and slated to become an error in Python 3.19.
    struct_NV2080_CTRL_DMA_GET_INFO_PARAMS._fields_ = [

tinyops/image/blur_test.py::test_blur_color[ksize0]
  /app/.venv/lib/python3.14/site-packages/tinygrad/runtime/autogen/nv_gpu.py:16785: DeprecationWarning: Due to '_pack_', the 'struct_NV2080_CTRL_DMA_UPDATE_COMPTAG_INFO_TILE_INFO' Structure will use memory layout compatible with MSVC (Windows). If this is intended, set _layout_ to 'ms'. The implicit default is deprecated and slated to become an error in Python 3.19.
    struct_NV2080_CTRL_DMA_UPDATE_COMPTAG_INFO_TILE_INFO._fields_ = [

tinyops/image/blur_test.py::test_blur_color[ksize0]
  /app/.venv/lib/python3.14/site-packages/tinygrad/runtime/autogen/nv_gpu.py:16802: DeprecationWarning: Due to '_pack_', the 'struct_NV2080_CTRL_DMABUF_MEM_HANDLE_INFO' Structure will use memory layout compatible with MSVC (Windows). If this is intended, set _layout_ to 'ms'. The implicit default is deprecated and slated to become an error in Python 3.19.
    struct_NV2080_CTRL_DMABUF_MEM_HANDLE_INFO._fields_ = [

tinyops/image/blur_test.py::test_blur_color[ksize0]
  /app/.venv/lib/python3.14/site-packages/tinygrad/runtime/autogen/nv_gpu.py:16814: DeprecationWarning: Due to '_pack_', the 'struct_NV2080_CTRL_DMABUF_EXPORT_MEM_PARAMS' Structure will use memory layout compatible with MSVC (Windows). If this is intended, set _layout_ to 'ms'. The implicit default is deprecated and slated to become an error in Python 3.19.
    struct_NV2080_CTRL_DMABUF_EXPORT_MEM_PARAMS._fields_ = [

tinyops/image/blur_test.py::test_blur_color[ksize0]
  /app/.venv/lib/python3.14/site-packages/tinygrad/runtime/autogen/nv_gpu.py:16834: DeprecationWarning: Due to '_pack_', the 'struct_NV2080_CTRL_ECC_GET_CLIENT_EXPOSED_COUNTERS_PARAMS' Structure will use memory layout compatible with MSVC (Windows). If this is intended, set _layout_ to 'ms'. The implicit default is deprecated and slated to become an error in Python 3.19.
    struct_NV2080_CTRL_ECC_GET_CLIENT_EXPOSED_COUNTERS_PARAMS._fields_ = [

tinyops/image/blur_test.py::test_blur_color[ksize0]
  /app/.venv/lib/python3.14/site-packages/tinygrad/runtime/autogen/nv_gpu.py:16856: DeprecationWarning: Due to '_pack_', the 'struct_NV2080_CTRL_ECC_GET_VOLATILE_COUNTS_PARAMS' Structure will use memory layout compatible with MSVC (Windows). If this is intended, set _layout_ to 'ms'. The implicit default is deprecated and slated to become an error in Python 3.19.
    struct_NV2080_CTRL_ECC_GET_VOLATILE_COUNTS_PARAMS._fields_ = [

tinyops/image/blur_test.py::test_blur_color[ksize0]
  /app/.venv/lib/python3.14/site-packages/tinygrad/runtime/autogen/nv_gpu.py:16898: DeprecationWarning: Due to '_pack_', the 'struct_NV2080_CTRL_EVENT_SET_NOTIFICATION_PARAMS' Structure will use memory layout compatible with MSVC (Windows). If this is intended, set _layout_ to 'ms'. The implicit default is deprecated and slated to become an error in Python 3.19.
    struct_NV2080_CTRL_EVENT_SET_NOTIFICATION_PARAMS._fields_ = [

tinyops/image/blur_test.py::test_blur_color[ksize0]
  /app/.venv/lib/python3.14/site-packages/tinygrad/runtime/autogen/nv_gpu.py:16930: DeprecationWarning: Due to '_pack_', the 'struct_NV2080_CTRL_EVENT_SET_MEMORY_NOTIFIES_PARAMS' Structure will use memory layout compatible with MSVC (Windows). If this is intended, set _layout_ to 'ms'. The implicit default is deprecated and slated to become an error in Python 3.19.
    struct_NV2080_CTRL_EVENT_SET_MEMORY_NOTIFIES_PARAMS._fields_ = [

tinyops/image/blur_test.py::test_blur_color[ksize0]
  /app/.venv/lib/python3.14/site-packages/tinygrad/runtime/autogen/nv_gpu.py:16939: DeprecationWarning: Due to '_pack_', the 'struct_NV2080_CTRL_EVENT_SET_SEMAPHORE_MEMORY_PARAMS' Structure will use memory layout compatible with MSVC (Windows). If this is intended, set _layout_ to 'ms'. The implicit default is deprecated and slated to become an error in Python 3.19.
    struct_NV2080_CTRL_EVENT_SET_SEMAPHORE_MEMORY_PARAMS._fields_ = [

tinyops/image/blur_test.py::test_blur_color[ksize0]
  /app/.venv/lib/python3.14/site-packages/tinygrad/runtime/autogen/nv_gpu.py:16949: DeprecationWarning: Due to '_pack_', the 'struct_NV2080_CTRL_EVENT_SET_GUEST_MSI_PARAMS' Structure will use memory layout compatible with MSVC (Windows). If this is intended, set _layout_ to 'ms'. The implicit default is deprecated and slated to become an error in Python 3.19.
    struct_NV2080_CTRL_EVENT_SET_GUEST_MSI_PARAMS._fields_ = [

tinyops/image/blur_test.py::test_blur_color[ksize0]
  /app/.venv/lib/python3.14/site-packages/tinygrad/runtime/autogen/nv_gpu.py:16964: DeprecationWarning: Due to '_pack_', the 'struct_NV2080_CTRL_EVENT_SET_SEMA_MEM_VALIDATION_PARAMS' Structure will use memory layout compatible with MSVC (Windows). If this is intended, set _layout_ to 'ms'. The implicit default is deprecated and slated to become an error in Python 3.19.
    struct_NV2080_CTRL_EVENT_SET_SEMA_MEM_VALIDATION_PARAMS._fields_ = [

tinyops/image/blur_test.py::test_blur_color[ksize0]
  /app/.venv/lib/python3.14/site-packages/tinygrad/runtime/autogen/nv_gpu.py:16975: DeprecationWarning: Due to '_pack_', the 'struct_NV2080_CTRL_EVENT_SET_TRIGGER_FIFO_PARAMS' Structure will use memory layout compatible with MSVC (Windows). If this is intended, set _layout_ to 'ms'. The implicit default is deprecated and slated to become an error in Python 3.19.
    struct_NV2080_CTRL_EVENT_SET_TRIGGER_FIFO_PARAMS._fields_ = [

tinyops/image/blur_test.py::test_blur_color[ksize0]
  /app/.venv/lib/python3.14/site-packages/tinygrad/runtime/autogen/nv_gpu.py:16995: DeprecationWarning: Due to '_pack_', the 'struct_NV2080_CTRL_EVENT_VIDEO_BIND_EVTBUF_PARAMS' Structure will use memory layout compatible with MSVC (Windows). If this is intended, set _layout_ to 'ms'. The implicit default is deprecated and slated to become an error in Python 3.19.
    struct_NV2080_CTRL_EVENT_VIDEO_BIND_EVTBUF_PARAMS._fields_ = [

tinyops/image/blur_test.py::test_blur_color[ksize0]
  /app/.venv/lib/python3.14/site-packages/tinygrad/runtime/autogen/nv_gpu.py:17009: DeprecationWarning: Due to '_pack_', the 'struct_NV2080_CTRL_EVENT_RATS_GSP_TRACE_BIND_EVTBUF_PARAMS' Structure will use memory layout compatible with MSVC (Windows). If this is intended, set _layout_ to 'ms'. The implicit default is deprecated and slated to become an error in Python 3.19.
    struct_NV2080_CTRL_EVENT_RATS_GSP_TRACE_BIND_EVTBUF_PARAMS._fields_ = [

tinyops/image/blur_test.py::test_blur_color[ksize0]
  /app/.venv/lib/python3.14/site-packages/tinygrad/runtime/autogen/nv_gpu.py:17365: DeprecationWarning: Due to '_pack_', the 'struct_NV2080_CTRL_FB_GET_INFO_PARAMS' Structure will use memory layout compatible with MSVC (Windows). If this is intended, set _layout_ to 'ms'. The implicit default is deprecated and slated to become an error in Python 3.19.
    struct_NV2080_CTRL_FB_GET_INFO_PARAMS._fields_ = [

tinyops/image/blur_test.py::test_blur_color[ksize0]
  /app/.venv/lib/python3.14/site-packages/tinygrad/runtime/autogen/nv_gpu.py:17376: DeprecationWarning: Due to '_pack_', the 'struct_NV2080_CTRL_FB_GET_INFO_V2_PARAMS' Structure will use memory layout compatible with MSVC (Windows). If this is intended, set _layout_ to 'ms'. The implicit default is deprecated and slated to become an error in Python 3.19.
    struct_NV2080_CTRL_FB_GET_INFO_V2_PARAMS._fields_ = [

tinyops/image/blur_test.py::test_blur_color[ksize0]
  /app/.venv/lib/python3.14/site-packages/tinygrad/runtime/autogen/nv_gpu.py:17386: DeprecationWarning: Due to '_pack_', the 'struct_NV2080_CTRL_FB_GET_BAR1_OFFSET_PARAMS' Structure will use memory layout compatible with MSVC (Windows). If this is intended, set _layout_ to 'ms'. The implicit default is deprecated and slated to become an error in Python 3.19.
    struct_NV2080_CTRL_FB_GET_BAR1_OFFSET_PARAMS._fields_ = [

tinyops/image/blur_test.py::test_blur_color[ksize0]
  /app/.venv/lib/python3.14/site-packages/tinygrad/runtime/autogen/nv_gpu.py:17396: DeprecationWarning: Due to '_pack_', the 'struct_NV2080_CTRL_FB_GET_CALIBRATION_LOCK_FAILED_PARAMS' Structure will use memory layout compatible with MSVC (Windows). If this is intended, set _layout_ to 'ms'. The implicit default is deprecated and slated to become an error in Python 3.19.
    struct_NV2080_CTRL_FB_GET_CALIBRATION_LOCK_FAILED_PARAMS._fields_ = [

tinyops/image/blur_test.py::test_blur_color[ksize0]
  /app/.venv/lib/python3.14/site-packages/tinygrad/runtime/autogen/nv_gpu.py:17410: DeprecationWarning: Due to '_pack_', the 'struct_NV2080_CTRL_CMD_FB_FLUSH_GPU_CACHE_IRQL_PARAMS' Structure will use memory layout compatible with MSVC (Windows). If this is intended, set _layout_ to 'ms'. The implicit default is deprecated and slated to become an error in Python 3.19.
    struct_NV2080_CTRL_CMD_FB_FLUSH_GPU_CACHE_IRQL_PARAMS._fields_ = [

tinyops/image/blur_test.py::test_blur_color[ksize0]
  /app/.venv/lib/python3.14/site-packages/tinygrad/runtime/autogen/nv_gpu.py:17419: DeprecationWarning: Due to '_pack_', the 'struct_NV2080_CTRL_FB_FLUSH_GPU_CACHE_PARAMS' Structure will use memory layout compatible with MSVC (Windows). If this is intended, set _layout_ to 'ms'. The implicit default is deprecated and slated to become an error in Python 3.19.
    struct_NV2080_CTRL_FB_FLUSH_GPU_CACHE_PARAMS._fields_ = [

tinyops/image/blur_test.py::test_blur_color[ksize0]
  /app/.venv/lib/python3.14/site-packages/tinygrad/runtime/autogen/nv_gpu.py:17433: DeprecationWarning: Due to '_pack_', the 'struct_NV2080_CTRL_FB_IS_KIND_PARAMS' Structure will use memory layout compatible with MSVC (Windows). If this is intended, set _layout_ to 'ms'. The implicit default is deprecated and slated to become an error in Python 3.19.
    struct_NV2080_CTRL_FB_IS_KIND_PARAMS._fields_ = [

tinyops/image/blur_test.py::test_blur_color[ksize0]
  /app/.venv/lib/python3.14/site-packages/tinygrad/runtime/autogen/nv_gpu.py:17445: DeprecationWarning: Due to '_pack_', the 'struct_NV2080_CTRL_FB_GET_GPU_CACHE_INFO_PARAMS' Structure will use memory layout compatible with MSVC (Windows). If this is intended, set _layout_ to 'ms'. The implicit default is deprecated and slated to become an error in Python 3.19.
    struct_NV2080_CTRL_FB_GET_GPU_CACHE_INFO_PARAMS._fields_ = [

tinyops/image/blur_test.py::test_blur_color[ksize0]
  /app/.venv/lib/python3.14/site-packages/tinygrad/runtime/autogen/nv_gpu.py:17458: DeprecationWarning: Due to '_pack_', the 'struct_NV2080_CTRL_CMD_FB_GET_FB_REGION_FB_REGION_INFO' Structure will use memory layout compatible with MSVC (Windows). If this is intended, set _layout_ to 'ms'. The implicit default is deprecated and slated to become an error in Python 3.19.
    struct_NV2080_CTRL_CMD_FB_GET_FB_REGION_FB_REGION_INFO._fields_ = [

tinyops/image/blur_test.py::test_blur_color[ksize0]
  /app/.venv/lib/python3.14/site-packages/tinygrad/runtime/autogen/nv_gpu.py:17474: DeprecationWarning: Due to '_pack_', the 'struct_NV2080_CTRL_CMD_FB_GET_FB_REGION_INFO_PARAMS' Structure will use memory layout compatible with MSVC (Windows). If this is intended, set _layout_ to 'ms'. The implicit default is deprecated and slated to become an error in Python 3.19.
    struct_NV2080_CTRL_CMD_FB_GET_FB_REGION_INFO_PARAMS._fields_ = [

tinyops/image/blur_test.py::test_blur_color[ksize0]
  /app/.venv/lib/python3.14/site-packages/tinygrad/runtime/autogen/nv_gpu.py:17485: DeprecationWarning: Due to '_pack_', the 'struct_NV2080_CTRL_FB_OFFLINED_ADDRESS_INFO' Structure will use memory layout compatible with MSVC (Windows). If this is intended, set _layout_ to 'ms'. The implicit default is deprecated and slated to become an error in Python 3.19.
    struct_NV2080_CTRL_FB_OFFLINED_ADDRESS_INFO._fields_ = [

tinyops/image/blur_test.py::test_blur_color[ksize0]
  /app/.venv/lib/python3.14/site-packages/tinygrad/runtime/autogen/nv_gpu.py:17499: DeprecationWarning: Due to '_pack_', the 'struct_NV2080_CTRL_FB_OFFLINE_PAGES_PARAMS' Structure will use memory layout compatible with MSVC (Windows). If this is intended, set _layout_ to 'ms'. The implicit default is deprecated and slated to become an error in Python 3.19.
    struct_NV2080_CTRL_FB_OFFLINE_PAGES_PARAMS._fields_ = [

tinyops/image/blur_test.py::test_blur_color[ksize0]
  /app/.venv/lib/python3.14/site-packages/tinygrad/runtime/autogen/nv_gpu.py:17512: DeprecationWarning: Due to '_pack_', the 'struct_NV2080_CTRL_FB_GET_OFFLINED_PAGES_PARAMS' Structure will use memory layout compatible with MSVC (Windows). If this is intended, set _layout_ to 'ms'. The implicit default is deprecated and slated to become an error in Python 3.19.
    struct_NV2080_CTRL_FB_GET_OFFLINED_PAGES_PARAMS._fields_ = [

tinyops/image/blur_test.py::test_blur_color[ksize0]
  /app/.venv/lib/python3.14/site-packages/tinygrad/runtime/autogen/nv_gpu.py:17545: DeprecationWarning: Due to '_pack_', the 'struct_ACR_REQUEST_PARAMS' Structure will use memory layout compatible with MSVC (Windows). If this is intended, set _layout_ to 'ms'. The implicit default is deprecated and slated to become an error in Python 3.19.
    struct_ACR_REQUEST_PARAMS._fields_ = [

tinyops/image/blur_test.py::test_blur_color[ksize0]
  /app/.venv/lib/python3.14/site-packages/tinygrad/runtime/autogen/nv_gpu.py:17557: DeprecationWarning: Due to '_pack_', the 'struct_ACR_REGION_ID_PROP' Structure will use memory layout compatible with MSVC (Windows). If this is intended, set _layout_ to 'ms'. The implicit default is deprecated and slated to become an error in Python 3.19.
    struct_ACR_REGION_ID_PROP._fields_ = [

tinyops/image/blur_test.py::test_blur_color[ksize0]
  /app/.venv/lib/python3.14/site-packages/tinygrad/runtime/autogen/nv_gpu.py:17572: DeprecationWarning: Due to '_pack_', the 'struct_ACR_STATUS_PARAMS' Structure will use memory layout compatible with MSVC (Windows). If this is intended, set _layout_ to 'ms'. The implicit default is deprecated and slated to become an error in Python 3.19.
    struct_ACR_STATUS_PARAMS._fields_ = [

tinyops/image/blur_test.py::test_blur_color[ksize0]
  /app/.venv/lib/python3.14/site-packages/tinygrad/runtime/autogen/nv_gpu.py:17583: DeprecationWarning: Due to '_pack_', the 'struct_ACR_REGION_HANDLE' Structure will use memory layout compatible with MSVC (Windows). If this is intended, set _layout_ to 'ms'. The implicit default is deprecated and slated to become an error in Python 3.19.
    struct_ACR_REGION_HANDLE._fields_ = [

tinyops/image/blur_test.py::test_blur_color[ksize0]
  /app/.venv/lib/python3.14/site-packages/tinygrad/runtime/autogen/nv_gpu.py:17596: DeprecationWarning: Due to '_pack_', the 'struct_ACR_FALCON_LS_STATUS' Structure will use memory layout compatible with MSVC (Windows). If this is intended, set _layout_ to 'ms'. The implicit default is deprecated and slated to become an error in Python 3.19.
    struct_ACR_FALCON_LS_STATUS._fields_ = [

tinyops/image/blur_test.py::test_blur_color[ksize0]
  /app/.venv/lib/python3.14/site-packages/tinygrad/runtime/autogen/nv_gpu.py:17603: DeprecationWarning: Due to '_pack_', the 'struct_NV2080_CTRL_CMD_FB_QUERY_ACR_REGION_PARAMS' Structure will use memory layout compatible with MSVC (Windows). If this is intended, set _layout_ to 'ms'. The implicit default is deprecated and slated to become an error in Python 3.19.
    class struct_NV2080_CTRL_CMD_FB_QUERY_ACR_REGION_PARAMS(Structure):

tinyops/image/blur_test.py::test_blur_color[ksize0]
  /app/.venv/lib/python3.14/site-packages/tinygrad/runtime/autogen/nv_gpu.py:17620: DeprecationWarning: Due to '_pack_', the 'struct_NV2080_CTRL_FB_CLEAR_OFFLINED_PAGES_PARAMS' Structure will use memory layout compatible with MSVC (Windows). If this is intended, set _layout_ to 'ms'. The implicit default is deprecated and slated to become an error in Python 3.19.
    struct_NV2080_CTRL_FB_CLEAR_OFFLINED_PAGES_PARAMS._fields_ = [

tinyops/image/blur_test.py::test_blur_color[ksize0]
  /app/.venv/lib/python3.14/site-packages/tinygrad/runtime/autogen/nv_gpu.py:17629: DeprecationWarning: Due to '_pack_', the 'struct_NV2080_CTRL_CMD_FB_GET_COMPBITCOPY_INFO_PARAMS' Structure will use memory layout compatible with MSVC (Windows). If this is intended, set _layout_ to 'ms'. The implicit default is deprecated and slated to become an error in Python 3.19.
    struct_NV2080_CTRL_CMD_FB_GET_COMPBITCOPY_INFO_PARAMS._fields_ = [

tinyops/image/blur_test.py::test_blur_color[ksize0]
  /app/.venv/lib/python3.14/site-packages/tinygrad/runtime/autogen/nv_gpu.py:17639: DeprecationWarning: Due to '_pack_', the 'struct_NV2080_CTRL_FB_GET_LTC_INFO_FOR_FBP_PARAMS' Structure will use memory layout compatible with MSVC (Windows). If this is intended, set _layout_ to 'ms'. The implicit default is deprecated and slated to become an error in Python 3.19.
    struct_NV2080_CTRL_FB_GET_LTC_INFO_FOR_FBP_PARAMS._fields_ = [

tinyops/image/blur_test.py::test_blur_color[ksize0]
  /app/.venv/lib/python3.14/site-packages/tinygrad/runtime/autogen/nv_gpu.py:17653: DeprecationWarning: Due to '_pack_', the 'struct_NV2080_CTRL_CMD_FB_COMPBITCOPY_SET_CONTEXT_PARAMS' Structure will use memory layout compatible with MSVC (Windows). If this is intended, set _layout_ to 'ms'. The implicit default is deprecated and slated to become an error in Python 3.19.
    struct_NV2080_CTRL_CMD_FB_COMPBITCOPY_SET_CONTEXT_PARAMS._fields_ = [

tinyops/image/blur_test.py::test_blur_color[ksize0]
  /app/.venv/lib/python3.14/site-packages/tinygrad/runtime/autogen/nv_gpu.py:17675: DeprecationWarning: Due to '_pack_', the 'struct_NV2080_CTRL_CMD_FB_COMPBITCOPY_GET_COMPBITS_PARAMS' Structure will use memory layout compatible with MSVC (Windows). If this is intended, set _layout_ to 'ms'. The implicit default is deprecated and slated to become an error in Python 3.19.
    struct_NV2080_CTRL_CMD_FB_COMPBITCOPY_GET_COMPBITS_PARAMS._fields_ = [

tinyops/image/blur_test.py::test_blur_color[ksize0]
  /app/.venv/lib/python3.14/site-packages/tinygrad/runtime/autogen/nv_gpu.py:17690: DeprecationWarning: Due to '_pack_', the 'struct_NV2080_CTRL_CMD_FB_COMPBITCOPY_PUT_COMPBITS_PARAMS' Structure will use memory layout compatible with MSVC (Windows). If this is intended, set _layout_ to 'ms'. The implicit default is deprecated and slated to become an error in Python 3.19.
    struct_NV2080_CTRL_CMD_FB_COMPBITCOPY_PUT_COMPBITS_PARAMS._fields_ = [

tinyops/image/blur_test.py::test_blur_color[ksize0]
  /app/.venv/lib/python3.14/site-packages/tinygrad/runtime/autogen/nv_gpu.py:17707: DeprecationWarning: Due to '_pack_', the 'struct_NV2080_CTRL_CMD_FB_COMPBITCOPY_READ_COMPBITS64KB_PARAMS' Structure will use memory layout compatible with MSVC (Windows). If this is intended, set _layout_ to 'ms'. The implicit default is deprecated and slated to become an error in Python 3.19.
    struct_NV2080_CTRL_CMD_FB_COMPBITCOPY_READ_COMPBITS64KB_PARAMS._fields_ = [

tinyops/image/blur_test.py::test_blur_color[ksize0]
  /app/.venv/lib/python3.14/site-packages/tinygrad/runtime/autogen/nv_gpu.py:17721: DeprecationWarning: Due to '_pack_', the 'struct_NV2080_CTRL_CMD_FB_COMPBITCOPY_WRITE_COMPBITS64KB_PARAMS' Structure will use memory layout compatible with MSVC (Windows). If this is intended, set _layout_ to 'ms'. The implicit default is deprecated and slated to become an error in Python 3.19.
    struct_NV2080_CTRL_CMD_FB_COMPBITCOPY_WRITE_COMPBITS64KB_PARAMS._fields_ = [

tinyops/image/blur_test.py::test_blur_color[ksize0]
  /app/.venv/lib/python3.14/site-packages/tinygrad/runtime/autogen/nv_gpu.py:17735: DeprecationWarning: Due to '_pack_', the 'struct_NV2080_CTRL_CMD_FB_COMPBITCOPY_SET_FORCE_BAR1_PARAMS' Structure will use memory layout compatible with MSVC (Windows). If this is intended, set _layout_ to 'ms'. The implicit default is deprecated and slated to become an error in Python 3.19.
    struct_NV2080_CTRL_CMD_FB_COMPBITCOPY_SET_FORCE_BAR1_PARAMS._fields_ = [

tinyops/image/blur_test.py::test_blur_color[ksize0]
  /app/.venv/lib/python3.14/site-packages/tinygrad/runtime/autogen/nv_gpu.py:17744: DeprecationWarning: Due to '_pack_', the 'struct_NV2080_CTRL_CMD_FB_GET_AMAP_CONF_PARAMS' Structure will use memory layout compatible with MSVC (Windows). If this is intended, set _layout_ to 'ms'. The implicit default is deprecated and slated to become an error in Python 3.19.
    struct_NV2080_CTRL_CMD_FB_GET_AMAP_CONF_PARAMS._fields_ = [

tinyops/image/blur_test.py::test_blur_color[ksize0]
  /app/.venv/lib/python3.14/site-packages/tinygrad/runtime/autogen/nv_gpu.py:17759: DeprecationWarning: Due to '_pack_', the 'struct_NV2080_CTRL_CMD_FB_CBC_OP_PARAMS' Structure will use memory layout compatible with MSVC (Windows). If this is intended, set _layout_ to 'ms'. The implicit default is deprecated and slated to become an error in Python 3.19.
    class struct_NV2080_CTRL_CMD_FB_CBC_OP_PARAMS(Structure):

tinyops/image/blur_test.py::test_blur_color[ksize0]
  /app/.venv/lib/python3.14/site-packages/tinygrad/runtime/autogen/nv_gpu.py:17770: DeprecationWarning: Due to '_pack_', the 'struct_NV2080_CTRL_FB_GET_CTAGS_FOR_CBC_EVICTION_PARAMS' Structure will use memory layout compatible with MSVC (Windows). If this is intended, set _layout_ to 'ms'. The implicit default is deprecated and slated to become an error in Python 3.19.
    struct_NV2080_CTRL_FB_GET_CTAGS_FOR_CBC_EVICTION_PARAMS._fields_ = [

tinyops/image/blur_test.py::test_blur_color[ksize0]
  /app/.venv/lib/python3.14/site-packages/tinygrad/runtime/autogen/nv_gpu.py:17780: DeprecationWarning: Due to '_pack_', the 'struct_NV2080_CTRL_CMD_FB_ALLOC_COMP_RESOURCE_PARAMS' Structure will use memory layout compatible with MSVC (Windows). If this is intended, set _layout_ to 'ms'. The implicit default is deprecated and slated to become an error in Python 3.19.
    struct_NV2080_CTRL_CMD_FB_ALLOC_COMP_RESOURCE_PARAMS._fields_ = [

tinyops/image/blur_test.py::test_blur_color[ksize0]
  /app/.venv/lib/python3.14/site-packages/tinygrad/runtime/autogen/nv_gpu.py:17795: DeprecationWarning: Due to '_pack_', the 'struct_NV2080_CTRL_CMD_FB_FREE_TILE_PARAMS' Structure will use memory layout compatible with MSVC (Windows). If this is intended, set _layout_ to 'ms'. The implicit default is deprecated and slated to become an error in Python 3.19.
    struct_NV2080_CTRL_CMD_FB_FREE_TILE_PARAMS._fields_ = [

tinyops/image/blur_test.py::test_blur_color[ksize0]
  /app/.venv/lib/python3.14/site-packages/tinygrad/runtime/autogen/nv_gpu.py:17820: DeprecationWarning: Due to '_pack_', the 'struct_VPR_REQUEST_PARAMS' Structure will use memory layout compatible with MSVC (Windows). If this is intended, set _layout_ to 'ms'. The implicit default is deprecated and slated to become an error in Python 3.19.
    struct_VPR_REQUEST_PARAMS._fields_ = [

tinyops/image/blur_test.py::test_blur_color[ksize0]
  /app/.venv/lib/python3.14/site-packages/tinygrad/runtime/autogen/nv_gpu.py:17830: DeprecationWarning: Due to '_pack_', the 'struct_VPR_STATUS_PARAMS' Structure will use memory layout compatible with MSVC (Windows). If this is intended, set _layout_ to 'ms'. The implicit default is deprecated and slated to become an error in Python 3.19.
    struct_VPR_STATUS_PARAMS._fields_ = [

tinyops/image/blur_test.py::test_blur_color[ksize0]
  /app/.venv/lib/python3.14/site-packages/tinygrad/runtime/autogen/nv_gpu.py:17835: DeprecationWarning: Due to '_pack_', the 'struct_NV2080_CTRL_CMD_FB_SETUP_VPR_REGION_PARAMS' Structure will use memory layout compatible with MSVC (Windows). If this is intended, set _layout_ to 'ms'. The implicit default is deprecated and slated to become an error in Python 3.19.
    class struct_NV2080_CTRL_CMD_FB_SETUP_VPR_REGION_PARAMS(Structure):

tinyops/image/blur_test.py::test_blur_color[ksize0]
  /app/.venv/lib/python3.14/site-packages/tinygrad/runtime/autogen/nv_gpu.py:17849: DeprecationWarning: Due to '_pack_', the 'struct_NV2080_CTRL_FB_GET_CLI_MANAGED_OFFLINED_PAGES_PARAMS' Structure will use memory layout compatible with MSVC (Windows). If this is intended, set _layout_ to 'ms'. The implicit default is deprecated and slated to become an error in Python 3.19.
    struct_NV2080_CTRL_FB_GET_CLI_MANAGED_OFFLINED_PAGES_PARAMS._fields_ = [

tinyops/image/blur_test.py::test_blur_color[ksize0]
  /app/.venv/lib/python3.14/site-packages/tinygrad/runtime/autogen/nv_gpu.py:17860: DeprecationWarning: Due to '_pack_', the 'struct_NV2080_CTRL_CMD_FB_GET_COMPBITCOPY_CONSTRUCT_INFO_PARAMS' Structure will use memory layout compatible with MSVC (Windows). If this is intended, set _layout_ to 'ms'. The implicit default is deprecated and slated to become an error in Python 3.19.
    struct_NV2080_CTRL_CMD_FB_GET_COMPBITCOPY_CONSTRUCT_INFO_PARAMS._fields_ = [

tinyops/image/blur_test.py::test_blur_color[ksize0]
  /app/.venv/lib/python3.14/site-packages/tinygrad/runtime/autogen/nv_gpu.py:17882: DeprecationWarning: Due to '_pack_', the 'struct_NV2080_CTRL_FB_SET_RRD_PARAMS' Structure will use memory layout compatible with MSVC (Windows). If this is intended, set _layout_ to 'ms'. The implicit default is deprecated and slated to become an error in Python 3.19.
    struct_NV2080_CTRL_FB_SET_RRD_PARAMS._fields_ = [

tinyops/image/blur_test.py::test_blur_color[ksize0]
  /app/.venv/lib/python3.14/site-packages/tinygrad/runtime/autogen/nv_gpu.py:17891: DeprecationWarning: Due to '_pack_', the 'struct_NV2080_CTRL_FB_SET_READ_WRITE_LIMIT_PARAMS' Structure will use memory layout compatible with MSVC (Windows). If this is intended, set _layout_ to 'ms'. The implicit default is deprecated and slated to become an error in Python 3.19.
    struct_NV2080_CTRL_FB_SET_READ_WRITE_LIMIT_PARAMS._fields_ = [

tinyops/image/blur_test.py::test_blur_color[ksize0]
  /app/.venv/lib/python3.14/site-packages/tinygrad/runtime/autogen/nv_gpu.py:17902: DeprecationWarning: Due to '_pack_', the 'struct_NV2080_CTRL_FB_PATCH_PBR_FOR_MINING_PARAMS' Structure will use memory layout compatible with MSVC (Windows). If this is intended, set _layout_ to 'ms'. The implicit default is deprecated and slated to become an error in Python 3.19.
    struct_NV2080_CTRL_FB_PATCH_PBR_FOR_MINING_PARAMS._fields_ = [

tinyops/image/blur_test.py::test_blur_color[ksize0]
  /app/.venv/lib/python3.14/site-packages/tinygrad/runtime/autogen/nv_gpu.py:17911: DeprecationWarning: Due to '_pack_', the 'struct_NV2080_CTRL_FB_GET_MEM_ALIGNMENT_PARAMS' Structure will use memory layout compatible with MSVC (Windows). If this is intended, set _layout_ to 'ms'. The implicit default is deprecated and slated to become an error in Python 3.19.
    struct_NV2080_CTRL_FB_GET_MEM_ALIGNMENT_PARAMS._fields_ = [

tinyops/image/blur_test.py::test_blur_color[ksize0]
  /app/.venv/lib/python3.14/site-packages/tinygrad/runtime/autogen/nv_gpu.py:17934: DeprecationWarning: Due to '_pack_', the 'struct_NV2080_CTRL_CMD_FB_GET_CBC_BASE_ADDR_PARAMS' Structure will use memory layout compatible with MSVC (Windows). If this is intended, set _layout_ to 'ms'. The implicit default is deprecated and slated to become an error in Python 3.19.
    struct_NV2080_CTRL_CMD_FB_GET_CBC_BASE_ADDR_PARAMS._fields_ = [

tinyops/image/blur_test.py::test_blur_color[ksize0]
  /app/.venv/lib/python3.14/site-packages/tinygrad/runtime/autogen/nv_gpu.py:17948: DeprecationWarning: Due to '_pack_', the 'struct_NV2080_CTRL_FB_REMAP_ENTRY' Structure will use memory layout compatible with MSVC (Windows). If this is intended, set _layout_ to 'ms'. The implicit default is deprecated and slated to become an error in Python 3.19.
    struct_NV2080_CTRL_FB_REMAP_ENTRY._fields_ = [

tinyops/image/blur_test.py::test_blur_color[ksize0]
  /app/.venv/lib/python3.14/site-packages/tinygrad/runtime/autogen/nv_gpu.py:17962: DeprecationWarning: Due to '_pack_', the 'struct_NV2080_CTRL_FB_GET_REMAPPED_ROWS_PARAMS' Structure will use memory layout compatible with MSVC (Windows). If this is intended, set _layout_ to 'ms'. The implicit default is deprecated and slated to become an error in Python 3.19.
    struct_NV2080_CTRL_FB_GET_REMAPPED_ROWS_PARAMS._fields_ = [

tinyops/image/blur_test.py::test_blur_color[ksize0]
  /app/.venv/lib/python3.14/site-packages/tinygrad/runtime/autogen/nv_gpu.py:17974: DeprecationWarning: Due to '_pack_', the 'struct_NV2080_CTRL_FB_FS_INFO_INVALID_QUERY_PARAMS' Structure will use memory layout compatible with MSVC (Windows). If this is intended, set _layout_ to 'ms'. The implicit default is deprecated and slated to become an error in Python 3.19.
    struct_NV2080_CTRL_FB_FS_INFO_INVALID_QUERY_PARAMS._fields_ = [

tinyops/image/blur_test.py::test_blur_color[ksize0]
  /app/.venv/lib/python3.14/site-packages/tinygrad/runtime/autogen/nv_gpu.py:17983: DeprecationWarning: Due to '_pack_', the 'struct_NV2080_CTRL_FB_FS_INFO_FBP_MASK_PARAMS' Structure will use memory layout compatible with MSVC (Windows). If this is intended, set _layout_ to 'ms'. The implicit default is deprecated and slated to become an error in Python 3.19.
    struct_NV2080_CTRL_FB_FS_INFO_FBP_MASK_PARAMS._fields_ = [

tinyops/image/blur_test.py::test_blur_color[ksize0]
  /app/.venv/lib/python3.14/site-packages/tinygrad/runtime/autogen/nv_gpu.py:17994: DeprecationWarning: Due to '_pack_', the 'struct_NV2080_CTRL_FB_FS_INFO_LTC_MASK_PARAMS' Structure will use memory layout compatible with MSVC (Windows). If this is intended, set _layout_ to 'ms'. The implicit default is deprecated and slated to become an error in Python 3.19.
    struct_NV2080_CTRL_FB_FS_INFO_LTC_MASK_PARAMS._fields_ = [

tinyops/image/blur_test.py::test_blur_color[ksize0]
  /app/.venv/lib/python3.14/site-packages/tinygrad/runtime/autogen/nv_gpu.py:18004: DeprecationWarning: Due to '_pack_', the 'struct_NV2080_CTRL_FB_FS_INFO_LTS_MASK_PARAMS' Structure will use memory layout compatible with MSVC (Windows). If this is intended, set _layout_ to 'ms'. The implicit default is deprecated and slated to become an error in Python 3.19.
    struct_NV2080_CTRL_FB_FS_INFO_LTS_MASK_PARAMS._fields_ = [

tinyops/image/blur_test.py::test_blur_color[ksize0]
  /app/.venv/lib/python3.14/site-packages/tinygrad/runtime/autogen/nv_gpu.py:18014: DeprecationWarning: Due to '_pack_', the 'struct_NV2080_CTRL_FB_FS_INFO_FBPA_MASK_PARAMS' Structure will use memory layout compatible with MSVC (Windows). If this is intended, set _layout_ to 'ms'. The implicit default is deprecated and slated to become an error in Python 3.19.
    struct_NV2080_CTRL_FB_FS_INFO_FBPA_MASK_PARAMS._fields_ = [

tinyops/image/blur_test.py::test_blur_color[ksize0]
  /app/.venv/lib/python3.14/site-packages/tinygrad/runtime/autogen/nv_gpu.py:18024: DeprecationWarning: Due to '_pack_', the 'struct_NV2080_CTRL_FB_FS_INFO_FBPA_SUBP_MASK_PARAMS' Structure will use memory layout compatible with MSVC (Windows). If this is intended, set _layout_ to 'ms'. The implicit default is deprecated and slated to become an error in Python 3.19.
    struct_NV2080_CTRL_FB_FS_INFO_FBPA_SUBP_MASK_PARAMS._fields_ = [

tinyops/image/blur_test.py::test_blur_color[ksize0]
  /app/.venv/lib/python3.14/site-packages/tinygrad/runtime/autogen/nv_gpu.py:18034: DeprecationWarning: Due to '_pack_', the 'struct_NV2080_CTRL_FB_FS_INFO_FBP_LOGICAL_MAP_PARAMS' Structure will use memory layout compatible with MSVC (Windows). If this is intended, set _layout_ to 'ms'. The implicit default is deprecated and slated to become an error in Python 3.19.
    struct_NV2080_CTRL_FB_FS_INFO_FBP_LOGICAL_MAP_PARAMS._fields_ = [

tinyops/image/blur_test.py::test_blur_color[ksize0]
  /app/.venv/lib/python3.14/site-packages/tinygrad/runtime/autogen/nv_gpu.py:18044: DeprecationWarning: Due to '_pack_', the 'struct_NV2080_CTRL_FB_FS_INFO_ROP_MASK_PARAMS' Structure will use memory layout compatible with MSVC (Windows). If this is intended, set _layout_ to 'ms'. The implicit default is deprecated and slated to become an error in Python 3.19.
    struct_NV2080_CTRL_FB_FS_INFO_ROP_MASK_PARAMS._fields_ = [

tinyops/image/blur_test.py::test_blur_color[ksize0]
  /app/.venv/lib/python3.14/site-packages/tinygrad/runtime/autogen/nv_gpu.py:18054: DeprecationWarning: Due to '_pack_', the 'struct_NV2080_CTRL_FB_FS_INFO_PROFILER_MON_LTC_MASK_PARAMS' Structure will use memory layout compatible with MSVC (Windows). If this is intended, set _layout_ to 'ms'. The implicit default is deprecated and slated to become an error in Python 3.19.
    struct_NV2080_CTRL_FB_FS_INFO_PROFILER_MON_LTC_MASK_PARAMS._fields_ = [

tinyops/image/blur_test.py::test_blur_color[ksize0]
  /app/.venv/lib/python3.14/site-packages/tinygrad/runtime/autogen/nv_gpu.py:18065: DeprecationWarning: Due to '_pack_', the 'struct_NV2080_CTRL_FB_FS_INFO_PROFILER_MON_LTS_MASK_PARAMS' Structure will use memory layout compatible with MSVC (Windows). If this is intended, set _layout_ to 'ms'. The implicit default is deprecated and slated to become an error in Python 3.19.
    struct_NV2080_CTRL_FB_FS_INFO_PROFILER_MON_LTS_MASK_PARAMS._fields_ = [

tinyops/image/blur_test.py::test_blur_color[ksize0]
  /app/.venv/lib/python3.14/site-packages/tinygrad/runtime/autogen/nv_gpu.py:18076: DeprecationWarning: Due to '_pack_', the 'struct_NV2080_CTRL_FB_FS_INFO_PROFILER_MON_FBPA_MASK_PARAMS' Structure will use memory layout compatible with MSVC (Windows). If this is intended, set _layout_ to 'ms'. The implicit default is deprecated and slated to become an error in Python 3.19.
    struct_NV2080_CTRL_FB_FS_INFO_PROFILER_MON_FBPA_MASK_PARAMS._fields_ = [

tinyops/image/blur_test.py::test_blur_color[ksize0]
  /app/.venv/lib/python3.14/site-packages/tinygrad/runtime/autogen/nv_gpu.py:18087: DeprecationWarning: Due to '_pack_', the 'struct_NV2080_CTRL_FB_FS_INFO_PROFILER_MON_ROP_MASK_PARAMS' Structure will use memory layout compatible with MSVC (Windows). If this is intended, set _layout_ to 'ms'. The implicit default is deprecated and slated to become an error in Python 3.19.
    struct_NV2080_CTRL_FB_FS_INFO_PROFILER_MON_ROP_MASK_PARAMS._fields_ = [

tinyops/image/blur_test.py::test_blur_color[ksize0]
  /app/.venv/lib/python3.14/site-packages/tinygrad/runtime/autogen/nv_gpu.py:18098: DeprecationWarning: Due to '_pack_', the 'struct_NV2080_CTRL_FB_FS_INFO_PROFILER_MON_FBPA_SUBP_MASK_PARAMS' Structure will use memory layout compatible with MSVC (Windows). If this is intended, set _layout_ to 'ms'. The implicit default is deprecated and slated to become an error in Python 3.19.
    struct_NV2080_CTRL_FB_FS_INFO_PROFILER_MON_FBPA_SUBP_MASK_PARAMS._fields_ = [

tinyops/image/blur_test.py::test_blur_color[ksize0]
  /app/.venv/lib/python3.14/site-packages/tinygrad/runtime/autogen/nv_gpu.py:18109: DeprecationWarning: Due to '_pack_', the 'struct_NV2080_CTRL_SYSL2_FS_INFO_SYSLTC_MASK_PARAMS' Structure will use memory layout compatible with MSVC (Windows). If this is intended, set _layout_ to 'ms'. The implicit default is deprecated and slated to become an error in Python 3.19.
    struct_NV2080_CTRL_SYSL2_FS_INFO_SYSLTC_MASK_PARAMS._fields_ = [

tinyops/image/blur_test.py::test_blur_color[ksize0]
  /app/.venv/lib/python3.14/site-packages/tinygrad/runtime/autogen/nv_gpu.py:18119: DeprecationWarning: Due to '_pack_', the 'struct_NV2080_CTRL_SYSL2_FS_INFO_SYSLTS_MASK_PARAMS' Structure will use memory layout compatible with MSVC (Windows). If this is intended, set _layout_ to 'ms'. The implicit default is deprecated and slated to become an error in Python 3.19.
    struct_NV2080_CTRL_SYSL2_FS_INFO_SYSLTS_MASK_PARAMS._fields_ = [

tinyops/image/blur_test.py::test_blur_color[ksize0]
  /app/.venv/lib/python3.14/site-packages/tinygrad/runtime/autogen/nv_gpu.py:18130: DeprecationWarning: Due to '_pack_', the 'struct_NV2080_CTRL_FB_FS_INFO_PAC_MASK_PARAMS' Structure will use memory layout compatible with MSVC (Windows). If this is intended, set _layout_ to 'ms'. The implicit default is deprecated and slated to become an error in Python 3.19.
    struct_NV2080_CTRL_FB_FS_INFO_PAC_MASK_PARAMS._fields_ = [

tinyops/image/blur_test.py::test_blur_color[ksize0]
  /app/.venv/lib/python3.14/site-packages/tinygrad/runtime/autogen/nv_gpu.py:18140: DeprecationWarning: Due to '_pack_', the 'struct_NV2080_CTRL_FB_FS_INFO_LOGICAL_LTC_MASK_PARAMS' Structure will use memory layout compatible with MSVC (Windows). If this is intended, set _layout_ to 'ms'. The implicit default is deprecated and slated to become an error in Python 3.19.
    struct_NV2080_CTRL_FB_FS_INFO_LOGICAL_LTC_MASK_PARAMS._fields_ = [

tinyops/image/blur_test.py::test_blur_color[ksize0]
  /app/.venv/lib/python3.14/site-packages/tinygrad/runtime/autogen/nv_gpu.py:18151: DeprecationWarning: Due to '_pack_', the 'struct_NV2080_CTRL_FB_FS_INFO_PROFILER_MON_LOGICAL_LTC_MASK_PARAMS' Structure will use memory layout compatible with MSVC (Windows). If this is intended, set _layout_ to 'ms'. The implicit default is deprecated and slated to become an error in Python 3.19.
    struct_NV2080_CTRL_FB_FS_INFO_PROFILER_MON_LOGICAL_LTC_MASK_PARAMS._fields_ = [

tinyops/image/blur_test.py::test_blur_color[ksize0]
  /app/.venv/lib/python3.14/site-packages/tinygrad/runtime/autogen/nv_gpu.py:18165: DeprecationWarning: Due to '_pack_', the 'union_NV2080_CTRL_FB_FS_INFO_QUERY_queryParams' Union will use memory layout compatible with MSVC (Windows). If this is intended, set _layout_ to 'ms'. The implicit default is deprecated and slated to become an error in Python 3.19.
    union_NV2080_CTRL_FB_FS_INFO_QUERY_queryParams._fields_ = [

tinyops/image/blur_test.py::test_blur_color[ksize0]
  /app/.venv/lib/python3.14/site-packages/tinygrad/runtime/autogen/nv_gpu.py:18188: DeprecationWarning: Due to '_pack_', the 'struct_NV2080_CTRL_FB_FS_INFO_QUERY' Structure will use memory layout compatible with MSVC (Windows). If this is intended, set _layout_ to 'ms'. The implicit default is deprecated and slated to become an error in Python 3.19.
    struct_NV2080_CTRL_FB_FS_INFO_QUERY._fields_ = [

tinyops/image/blur_test.py::test_blur_color[ksize0]
  /app/.venv/lib/python3.14/site-packages/tinygrad/runtime/autogen/nv_gpu.py:18200: DeprecationWarning: Due to '_pack_', the 'struct_NV2080_CTRL_FB_GET_FS_INFO_PARAMS' Structure will use memory layout compatible with MSVC (Windows). If this is intended, set _layout_ to 'ms'. The implicit default is deprecated and slated to become an error in Python 3.19.
    struct_NV2080_CTRL_FB_GET_FS_INFO_PARAMS._fields_ = [

tinyops/image/blur_test.py::test_blur_color[ksize0]
  /app/.venv/lib/python3.14/site-packages/tinygrad/runtime/autogen/nv_gpu.py:18211: DeprecationWarning: Due to '_pack_', the 'struct_NV2080_CTRL_FB_GET_ROW_REMAPPER_HISTOGRAM_PARAMS' Structure will use memory layout compatible with MSVC (Windows). If this is intended, set _layout_ to 'ms'. The implicit default is deprecated and slated to become an error in Python 3.19.
    struct_NV2080_CTRL_FB_GET_ROW_REMAPPER_HISTOGRAM_PARAMS._fields_ = [

tinyops/image/blur_test.py::test_blur_color[ksize0]
  /app/.venv/lib/python3.14/site-packages/tinygrad/runtime/autogen/nv_gpu.py:18220: DeprecationWarning: Due to '_pack_', the 'struct_NV2080_CTRL_FB_DYNAMIC_OFFLINED_ADDRESS_INFO' Structure will use memory layout compatible with MSVC (Windows). If this is intended, set _layout_ to 'ms'. The implicit default is deprecated and slated to become an error in Python 3.19.
    struct_NV2080_CTRL_FB_DYNAMIC_OFFLINED_ADDRESS_INFO._fields_ = [

tinyops/image/blur_test.py::test_blur_color[ksize0]
  /app/.venv/lib/python3.14/site-packages/tinygrad/runtime/autogen/nv_gpu.py:18231: DeprecationWarning: Due to '_pack_', the 'struct_NV2080_CTRL_FB_GET_DYNAMIC_OFFLINED_PAGES_PARAMS' Structure will use memory layout compatible with MSVC (Windows). If this is intended, set _layout_ to 'ms'. The implicit default is deprecated and slated to become an error in Python 3.19.
    struct_NV2080_CTRL_FB_GET_DYNAMIC_OFFLINED_PAGES_PARAMS._fields_ = [

tinyops/image/blur_test.py::test_blur_color[ksize0]
  /app/.venv/lib/python3.14/site-packages/tinygrad/runtime/autogen/nv_gpu.py:18244: DeprecationWarning: Due to '_pack_', the 'struct_NV2080_CTRL_CMD_FB_ALLOCATION_INFO' Structure will use memory layout compatible with MSVC (Windows). If this is intended, set _layout_ to 'ms'. The implicit default is deprecated and slated to become an error in Python 3.19.
    struct_NV2080_CTRL_CMD_FB_ALLOCATION_INFO._fields_ = [

tinyops/image/blur_test.py::test_blur_color[ksize0]
  /app/.venv/lib/python3.14/site-packages/tinygrad/runtime/autogen/nv_gpu.py:18256: DeprecationWarning: Due to '_pack_', the 'struct_NV2080_CTRL_CMD_FB_CLIENT_INFO' Structure will use memory layout compatible with MSVC (Windows). If this is intended, set _layout_ to 'ms'. The implicit default is deprecated and slated to become an error in Python 3.19.
    struct_NV2080_CTRL_CMD_FB_CLIENT_INFO._fields_ = [

tinyops/image/blur_test.py::test_blur_color[ksize0]
  /app/.venv/lib/python3.14/site-packages/tinygrad/runtime/autogen/nv_gpu.py:18268: DeprecationWarning: Due to '_pack_', the 'struct_NV2080_CTRL_CMD_FB_GET_CLIENT_ALLOCATION_INFO_PARAMS' Structure will use memory layout compatible with MSVC (Windows). If this is intended, set _layout_ to 'ms'. The implicit default is deprecated and slated to become an error in Python 3.19.
    struct_NV2080_CTRL_CMD_FB_GET_CLIENT_ALLOCATION_INFO_PARAMS._fields_ = [

tinyops/image/blur_test.py::test_blur_color[ksize0]
  /app/.venv/lib/python3.14/site-packages/tinygrad/runtime/autogen/nv_gpu.py:18280: DeprecationWarning: Due to '_pack_', the 'struct_NV2080_CTRL_FB_UPDATE_NUMA_STATUS_PARAMS' Structure will use memory layout compatible with MSVC (Windows). If this is intended, set _layout_ to 'ms'. The implicit default is deprecated and slated to become an error in Python 3.19.
    struct_NV2080_CTRL_FB_UPDATE_NUMA_STATUS_PARAMS._fields_ = [

tinyops/image/blur_test.py::test_blur_color[ksize0]
  /app/.venv/lib/python3.14/site-packages/tinygrad/runtime/autogen/nv_gpu.py:18289: DeprecationWarning: Due to '_pack_', the 'struct_NV2080_CTRL_FB_GET_NUMA_INFO_PARAMS' Structure will use memory layout compatible with MSVC (Windows). If this is intended, set _layout_ to 'ms'. The implicit default is deprecated and slated to become an error in Python 3.19.
    struct_NV2080_CTRL_FB_GET_NUMA_INFO_PARAMS._fields_ = [

tinyops/image/blur_test.py::test_blur_color[ksize0]
  /app/.venv/lib/python3.14/site-packages/tinygrad/runtime/autogen/nv_gpu.py:18304: DeprecationWarning: Due to '_pack_', the 'struct_NV2080_CTRL_FB_GET_SEMAPHORE_SURFACE_LAYOUT_PARAMS' Structure will use memory layout compatible with MSVC (Windows). If this is intended, set _layout_ to 'ms'. The implicit default is deprecated and slated to become an error in Python 3.19.
    struct_NV2080_CTRL_FB_GET_SEMAPHORE_SURFACE_LAYOUT_PARAMS._fields_ = [

tinyops/image/blur_test.py::test_blur_color[ksize0]
  /app/.venv/lib/python3.14/site-packages/tinygrad/runtime/autogen/nv_gpu.py:18317: DeprecationWarning: Due to '_pack_', the 'struct_NV2080_CTRL_CMD_FB_STATS_ENTRY' Structure will use memory layout compatible with MSVC (Windows). If this is intended, set _layout_ to 'ms'. The implicit default is deprecated and slated to become an error in Python 3.19.
    struct_NV2080_CTRL_CMD_FB_STATS_ENTRY._fields_ = [

tinyops/image/blur_test.py::test_blur_color[ksize0]
  /app/.venv/lib/python3.14/site-packages/tinygrad/runtime/autogen/nv_gpu.py:18331: DeprecationWarning: Due to '_pack_', the 'struct_NV2080_CTRL_GMMU_COMMIT_TLB_INVALIDATE_PARAMS' Structure will use memory layout compatible with MSVC (Windows). If this is intended, set _layout_ to 'ms'. The implicit default is deprecated and slated to become an error in Python 3.19.
    struct_NV2080_CTRL_GMMU_COMMIT_TLB_INVALIDATE_PARAMS._fields_ = [

tinyops/image/blur_test.py::test_blur_color[ksize0]
  /app/.venv/lib/python3.14/site-packages/tinygrad/runtime/autogen/nv_gpu.py:18342: DeprecationWarning: Due to '_pack_', the 'struct_NV2080_CTRL_CMD_FB_STATS_OWNER_INFO' Structure will use memory layout compatible with MSVC (Windows). If this is intended, set _layout_ to 'ms'. The implicit default is deprecated and slated to become an error in Python 3.19.
    struct_NV2080_CTRL_CMD_FB_STATS_OWNER_INFO._fields_ = [

tinyops/image/blur_test.py::test_blur_color[ksize0]
  /app/.venv/lib/python3.14/site-packages/tinygrad/runtime/autogen/nv_gpu.py:18354: DeprecationWarning: Due to '_pack_', the 'struct_NV2080_CTRL_CMD_FB_STATS_GET_PARAMS' Structure will use memory layout compatible with MSVC (Windows). If this is intended, set _layout_ to 'ms'. The implicit default is deprecated and slated to become an error in Python 3.19.
    struct_NV2080_CTRL_CMD_FB_STATS_GET_PARAMS._fields_ = [

tinyops/image/blur_test.py::test_blur_color[ksize0]
  /app/.venv/lib/python3.14/site-packages/tinygrad/runtime/autogen/nv_gpu.py:18365: DeprecationWarning: Due to '_pack_', the 'struct_NV2080_CTRL_FB_GET_STATIC_BAR1_INFO_PARAMS' Structure will use memory layout compatible with MSVC (Windows). If this is intended, set _layout_ to 'ms'. The implicit default is deprecated and slated to become an error in Python 3.19.
    struct_NV2080_CTRL_FB_GET_STATIC_BAR1_INFO_PARAMS._fields_ = [

tinyops/image/blur_test.py::test_blur_color[ksize0]
  /app/.venv/lib/python3.14/site-packages/tinygrad/runtime/autogen/nv_gpu.py:18377: DeprecationWarning: Due to '_pack_', the 'struct_NV2080_CTRL_FB_QUERY_DRAM_ENCRYPTION_PENDING_CONFIGURATION_PARAMS' Structure will use memory layout compatible with MSVC (Windows). If this is intended, set _layout_ to 'ms'. The implicit default is deprecated and slated to become an error in Python 3.19.
    struct_NV2080_CTRL_FB_QUERY_DRAM_ENCRYPTION_PENDING_CONFIGURATION_PARAMS._fields_ = [

tinyops/image/blur_test.py::test_blur_color[ksize0]
  /app/.venv/lib/python3.14/site-packages/tinygrad/runtime/autogen/nv_gpu.py:18386: DeprecationWarning: Due to '_pack_', the 'struct_NV2080_CTRL_FB_SET_DRAM_ENCRYPTION_CONFIGURATION_PARAMS' Structure will use memory layout compatible with MSVC (Windows). If this is intended, set _layout_ to 'ms'. The implicit default is deprecated and slated to become an error in Python 3.19.
    struct_NV2080_CTRL_FB_SET_DRAM_ENCRYPTION_CONFIGURATION_PARAMS._fields_ = [

tinyops/image/blur_test.py::test_blur_color[ksize0]
  /app/.venv/lib/python3.14/site-packages/tinygrad/runtime/autogen/nv_gpu.py:18395: DeprecationWarning: Due to '_pack_', the 'struct_NV2080_CTRL_FB_GET_STATUS_PARAMS' Structure will use memory layout compatible with MSVC (Windows). If this is intended, set _layout_ to 'ms'. The implicit default is deprecated and slated to become an error in Python 3.19.
    struct_NV2080_CTRL_FB_GET_STATUS_PARAMS._fields_ = [

tinyops/image/blur_test.py::test_blur_color[ksize0]
  /app/.venv/lib/python3.14/site-packages/tinygrad/runtime/autogen/nv_gpu.py:18404: DeprecationWarning: Due to '_pack_', the 'struct_NV2080_CTRL_FB_DRAM_ENCRYPTION_INFOROM_SUPPORT_PARAMS' Structure will use memory layout compatible with MSVC (Windows). If this is intended, set _layout_ to 'ms'. The implicit default is deprecated and slated to become an error in Python 3.19.
    struct_NV2080_CTRL_FB_DRAM_ENCRYPTION_INFOROM_SUPPORT_PARAMS._fields_ = [

tinyops/image/blur_test.py::test_blur_color[ksize0]
  /app/.venv/lib/python3.14/site-packages/tinygrad/runtime/autogen/nv_gpu.py:18413: DeprecationWarning: Due to '_pack_', the 'struct_NV2080_CTRL_FB_QUERY_DRAM_ENCRYPTION_STATUS_PARAMS' Structure will use memory layout compatible with MSVC (Windows). If this is intended, set _layout_ to 'ms'. The implicit default is deprecated and slated to become an error in Python 3.19.
    struct_NV2080_CTRL_FB_QUERY_DRAM_ENCRYPTION_STATUS_PARAMS._fields_ = [

tinyops/image/blur_test.py::test_blur_color[ksize0]
  /app/.venv/lib/python3.14/site-packages/tinygrad/runtime/autogen/nv_gpu.py:18531: DeprecationWarning: Due to '_pack_', the 'struct_NV2080_CTRL_CMD_SET_GPFIFO_PARAMS' Structure will use memory layout compatible with MSVC (Windows). If this is intended, set _layout_ to 'ms'. The implicit default is deprecated and slated to become an error in Python 3.19.
    struct_NV2080_CTRL_CMD_SET_GPFIFO_PARAMS._fields_ = [

tinyops/image/blur_test.py::test_blur_color[ksize0]
  /app/.venv/lib/python3.14/site-packages/tinygrad/runtime/autogen/nv_gpu.py:18544: DeprecationWarning: Due to '_pack_', the 'struct_NV2080_CTRL_FIFO_BIND_CHANNEL' Structure will use memory layout compatible with MSVC (Windows). If this is intended, set _layout_ to 'ms'. The implicit default is deprecated and slated to become an error in Python 3.19.
    struct_NV2080_CTRL_FIFO_BIND_CHANNEL._fields_ = [

tinyops/image/blur_test.py::test_blur_color[ksize0]
  /app/.venv/lib/python3.14/site-packages/tinygrad/runtime/autogen/nv_gpu.py:18554: DeprecationWarning: Due to '_pack_', the 'struct_NV2080_CTRL_FIFO_BIND_ENGINES_PARAMS' Structure will use memory layout compatible with MSVC (Windows). If this is intended, set _layout_ to 'ms'. The implicit default is deprecated and slated to become an error in Python 3.19.
    struct_NV2080_CTRL_FIFO_BIND_ENGINES_PARAMS._fields_ = [

tinyops/image/blur_test.py::test_blur_color[ksize0]
  /app/.venv/lib/python3.14/site-packages/tinygrad/runtime/autogen/nv_gpu.py:18564: DeprecationWarning: Due to '_pack_', the 'struct_NV2080_CTRL_CMD_SET_OPERATIONAL_PROPERTIES_PARAMS' Structure will use memory layout compatible with MSVC (Windows). If this is intended, set _layout_ to 'ms'. The implicit default is deprecated and slated to become an error in Python 3.19.
    struct_NV2080_CTRL_CMD_SET_OPERATIONAL_PROPERTIES_PARAMS._fields_ = [

tinyops/image/blur_test.py::test_blur_color[ksize0]
  /app/.venv/lib/python3.14/site-packages/tinygrad/runtime/autogen/nv_gpu.py:18573: DeprecationWarning: Due to '_pack_', the 'struct_NV2080_CTRL_FIFO_GET_PHYSICAL_CHANNEL_COUNT_PARAMS' Structure will use memory layout compatible with MSVC (Windows). If this is intended, set _layout_ to 'ms'. The implicit default is deprecated and slated to become an error in Python 3.19.
    struct_NV2080_CTRL_FIFO_GET_PHYSICAL_CHANNEL_COUNT_PARAMS._fields_ = [

tinyops/image/blur_test.py::test_blur_color[ksize0]
  /app/.venv/lib/python3.14/site-packages/tinygrad/runtime/autogen/nv_gpu.py:18584: DeprecationWarning: Due to '_pack_', the 'struct_NV2080_CTRL_FIFO_GET_INFO_PARAMS' Structure will use memory layout compatible with MSVC (Windows). If this is intended, set _layout_ to 'ms'. The implicit default is deprecated and slated to become an error in Python 3.19.
    struct_NV2080_CTRL_FIFO_GET_INFO_PARAMS._fields_ = [

tinyops/image/blur_test.py::test_blur_color[ksize0]
  /app/.venv/lib/python3.14/site-packages/tinygrad/runtime/autogen/nv_gpu.py:18595: DeprecationWarning: Due to '_pack_', the 'struct_NV2080_CTRL_FIFO_CHANNEL_PREEMPTIVE_REMOVAL_PARAMS' Structure will use memory layout compatible with MSVC (Windows). If this is intended, set _layout_ to 'ms'. The implicit default is deprecated and slated to become an error in Python 3.19.
    struct_NV2080_CTRL_FIFO_CHANNEL_PREEMPTIVE_REMOVAL_PARAMS._fields_ = [

tinyops/image/blur_test.py::test_blur_color[ksize0]
  /app/.venv/lib/python3.14/site-packages/tinygrad/runtime/autogen/nv_gpu.py:18604: DeprecationWarning: Due to '_pack_', the 'struct_NV2080_CTRL_FIFO_DISABLE_CHANNELS_PARAMS' Structure will use memory layout compatible with MSVC (Windows). If this is intended, set _layout_ to 'ms'. The implicit default is deprecated and slated to become an error in Python 3.19.
    struct_NV2080_CTRL_FIFO_DISABLE_CHANNELS_PARAMS._fields_ = [

tinyops/image/blur_test.py::test_blur_color[ksize0]
  /app/.venv/lib/python3.14/site-packages/tinygrad/runtime/autogen/nv_gpu.py:18621: DeprecationWarning: Due to '_pack_', the 'struct_NV2080_CTRL_FIFO_MEM_INFO' Structure will use memory layout compatible with MSVC (Windows). If this is intended, set _layout_ to 'ms'. The implicit default is deprecated and slated to become an error in Python 3.19.
    struct_NV2080_CTRL_FIFO_MEM_INFO._fields_ = [

tinyops/image/blur_test.py::test_blur_color[ksize0]
  /app/.venv/lib/python3.14/site-packages/tinygrad/runtime/autogen/nv_gpu.py:18633: DeprecationWarning: Due to '_pack_', the 'struct_NV2080_CTRL_FIFO_CHANNEL_MEM_INFO' Structure will use memory layout compatible with MSVC (Windows). If this is intended, set _layout_ to 'ms'. The implicit default is deprecated and slated to become an error in Python 3.19.
    struct_NV2080_CTRL_FIFO_CHANNEL_MEM_INFO._fields_ = [

tinyops/image/blur_test.py::test_blur_color[ksize0]
  /app/.venv/lib/python3.14/site-packages/tinygrad/runtime/autogen/nv_gpu.py:18646: DeprecationWarning: Due to '_pack_', the 'struct_NV2080_CTRL_CMD_FIFO_GET_CHANNEL_MEM_INFO_PARAMS' Structure will use memory layout compatible with MSVC (Windows). If this is intended, set _layout_ to 'ms'. The implicit default is deprecated and slated to become an error in Python 3.19.
    struct_NV2080_CTRL_CMD_FIFO_GET_CHANNEL_MEM_INFO_PARAMS._fields_ = [

tinyops/image/blur_test.py::test_blur_color[ksize0]
  /app/.venv/lib/python3.14/site-packages/tinygrad/runtime/autogen/nv_gpu.py:18657: DeprecationWarning: Due to '_pack_', the 'struct_NV2080_CTRL_CMD_FIFO_GET_USERD_LOCATION_PARAMS' Structure will use memory layout compatible with MSVC (Windows). If this is intended, set _layout_ to 'ms'. The implicit default is deprecated and slated to become an error in Python 3.19.
    struct_NV2080_CTRL_CMD_FIFO_GET_USERD_LOCATION_PARAMS._fields_ = [

tinyops/image/blur_test.py::test_blur_color[ksize0]
  /app/.venv/lib/python3.14/site-packages/tinygrad/runtime/autogen/nv_gpu.py:18670: DeprecationWarning: Due to '_pack_', the 'struct_NV2080_CTRL_FIFO_OBJSCHED_SW_GET_LOG_PARAMS_0' Structure will use memory layout compatible with MSVC (Windows). If this is intended, set _layout_ to 'ms'. The implicit default is deprecated and slated to become an error in Python 3.19.
    struct_NV2080_CTRL_FIFO_OBJSCHED_SW_GET_LOG_PARAMS_0._fields_ = [

tinyops/image/blur_test.py::test_blur_color[ksize0]
  /app/.venv/lib/python3.14/site-packages/tinygrad/runtime/autogen/nv_gpu.py:18682: DeprecationWarning: Due to '_pack_', the 'struct_NV2080_CTRL_FIFO_OBJSCHED_SW_GET_LOG_PARAMS' Structure will use memory layout compatible with MSVC (Windows). If this is intended, set _layout_ to 'ms'. The implicit default is deprecated and slated to become an error in Python 3.19.
    struct_NV2080_CTRL_FIFO_OBJSCHED_SW_GET_LOG_PARAMS._fields_ = [

tinyops/image/blur_test.py::test_blur_color[ksize0]
  /app/.venv/lib/python3.14/site-packages/tinygrad/runtime/autogen/nv_gpu.py:18697: DeprecationWarning: Due to '_pack_', the 'struct_NV2080_CTRL_FIFO_DEVICE_ENTRY' Structure will use memory layout compatible with MSVC (Windows). If this is intended, set _layout_ to 'ms'. The implicit default is deprecated and slated to become an error in Python 3.19.
    struct_NV2080_CTRL_FIFO_DEVICE_ENTRY._fields_ = [

tinyops/image/blur_test.py::test_blur_color[ksize0]
  /app/.venv/lib/python3.14/site-packages/tinygrad/runtime/autogen/nv_gpu.py:18710: DeprecationWarning: Due to '_pack_', the 'struct_NV2080_CTRL_FIFO_GET_DEVICE_INFO_TABLE_PARAMS' Structure will use memory layout compatible with MSVC (Windows). If this is intended, set _layout_ to 'ms'. The implicit default is deprecated and slated to become an error in Python 3.19.
    struct_NV2080_CTRL_FIFO_GET_DEVICE_INFO_TABLE_PARAMS._fields_ = [

tinyops/image/blur_test.py::test_blur_color[ksize0]
  /app/.venv/lib/python3.14/site-packages/tinygrad/runtime/autogen/nv_gpu.py:18723: DeprecationWarning: Due to '_pack_', the 'struct_NV2080_CTRL_CMD_FIFO_CLEAR_FAULTED_BIT_PARAMS' Structure will use memory layout compatible with MSVC (Windows). If this is intended, set _layout_ to 'ms'. The implicit default is deprecated and slated to become an error in Python 3.19.
    struct_NV2080_CTRL_CMD_FIFO_CLEAR_FAULTED_BIT_PARAMS._fields_ = [

tinyops/image/blur_test.py::test_blur_color[ksize0]
  /app/.venv/lib/python3.14/site-packages/tinygrad/runtime/autogen/nv_gpu.py:18734: DeprecationWarning: Due to '_pack_', the 'struct_NV2080_CTRL_FIFO_RUNLIST_SET_SCHED_POLICY_PARAMS' Structure will use memory layout compatible with MSVC (Windows). If this is intended, set _layout_ to 'ms'. The implicit default is deprecated and slated to become an error in Python 3.19.
    struct_NV2080_CTRL_FIFO_RUNLIST_SET_SCHED_POLICY_PARAMS._fields_ = [

tinyops/image/blur_test.py::test_blur_color[ksize0]
  /app/.venv/lib/python3.14/site-packages/tinygrad/runtime/autogen/nv_gpu.py:18744: DeprecationWarning: Due to '_pack_', the 'struct_NV2080_CTRL_FIFO_UPDATE_CHANNEL_INFO_PARAMS' Structure will use memory layout compatible with MSVC (Windows). If this is intended, set _layout_ to 'ms'. The implicit default is deprecated and slated to become an error in Python 3.19.
    struct_NV2080_CTRL_FIFO_UPDATE_CHANNEL_INFO_PARAMS._fields_ = [

tinyops/image/blur_test.py::test_blur_color[ksize0]
  /app/.venv/lib/python3.14/site-packages/tinygrad/runtime/autogen/nv_gpu.py:18758: DeprecationWarning: Due to '_pack_', the 'struct_NV2080_CTRL_FIFO_DISABLE_USERMODE_CHANNELS_PARAMS' Structure will use memory layout compatible with MSVC (Windows). If this is intended, set _layout_ to 'ms'. The implicit default is deprecated and slated to become an error in Python 3.19.
    struct_NV2080_CTRL_FIFO_DISABLE_USERMODE_CHANNELS_PARAMS._fields_ = [

tinyops/image/blur_test.py::test_blur_color[ksize0]
  /app/.venv/lib/python3.14/site-packages/tinygrad/runtime/autogen/nv_gpu.py:18767: DeprecationWarning: Due to '_pack_', the 'struct_NV2080_CTRL_FIFO_SETUP_VF_ZOMBIE_SUBCTX_PDB_PARAMS' Structure will use memory layout compatible with MSVC (Windows). If this is intended, set _layout_ to 'ms'. The implicit default is deprecated and slated to become an error in Python 3.19.
    struct_NV2080_CTRL_FIFO_SETUP_VF_ZOMBIE_SUBCTX_PDB_PARAMS._fields_ = [

tinyops/image/blur_test.py::test_blur_color[ksize0]
  /app/.venv/lib/python3.14/site-packages/tinygrad/runtime/autogen/nv_gpu.py:18779: DeprecationWarning: Due to '_pack_', the 'struct_NV2080_CTRL_FIFO_GET_ALLOCATED_CHANNELS_PARAMS' Structure will use memory layout compatible with MSVC (Windows). If this is intended, set _layout_ to 'ms'. The implicit default is deprecated and slated to become an error in Python 3.19.
    struct_NV2080_CTRL_FIFO_GET_ALLOCATED_CHANNELS_PARAMS._fields_ = [

tinyops/image/blur_test.py::test_blur_color[ksize0]
  /app/.venv/lib/python3.14/site-packages/tinygrad/runtime/autogen/nv_gpu.py:18789: DeprecationWarning: Due to '_pack_', the 'struct_NV2080_CTRL_FIFO_DISABLE_CHANNELS_FOR_KEY_ROTATION_PARAMS' Structure will use memory layout compatible with MSVC (Windows). If this is intended, set _layout_ to 'ms'. The implicit default is deprecated and slated to become an error in Python 3.19.
    struct_NV2080_CTRL_FIFO_DISABLE_CHANNELS_FOR_KEY_ROTATION_PARAMS._fields_ = [

tinyops/image/blur_test.py::test_blur_color[ksize0]
  /app/.venv/lib/python3.14/site-packages/tinygrad/runtime/autogen/nv_gpu.py:18802: DeprecationWarning: Due to '_pack_', the 'struct_NV2080_CTRL_FIFO_DISABLE_CHANNELS_FOR_KEY_ROTATION_V2_PARAMS' Structure will use memory layout compatible with MSVC (Windows). If this is intended, set _layout_ to 'ms'. The implicit default is deprecated and slated to become an error in Python 3.19.
    struct_NV2080_CTRL_FIFO_DISABLE_CHANNELS_FOR_KEY_ROTATION_V2_PARAMS._fields_ = [

tinyops/image/blur_test.py::test_blur_color[ksize0]
  /app/.venv/lib/python3.14/site-packages/tinygrad/runtime/autogen/nv_gpu.py:18814: DeprecationWarning: Due to '_pack_', the 'struct_NV2080_CTRL_FIFO_OBJSCHED_GET_STATE_PARAMS' Structure will use memory layout compatible with MSVC (Windows). If this is intended, set _layout_ to 'ms'. The implicit default is deprecated and slated to become an error in Python 3.19.
    struct_NV2080_CTRL_FIFO_OBJSCHED_GET_STATE_PARAMS._fields_ = [

tinyops/image/blur_test.py::test_blur_color[ksize0]
  /app/.venv/lib/python3.14/site-packages/tinygrad/runtime/autogen/nv_gpu.py:18827: DeprecationWarning: Due to '_pack_', the 'struct_NV2080_CTRL_FIFO_OBJSCHED_SET_STATE_PARAMS' Structure will use memory layout compatible with MSVC (Windows). If this is intended, set _layout_ to 'ms'. The implicit default is deprecated and slated to become an error in Python 3.19.
    struct_NV2080_CTRL_FIFO_OBJSCHED_SET_STATE_PARAMS._fields_ = [

tinyops/image/blur_test.py::test_blur_color[ksize0]
  /app/.venv/lib/python3.14/site-packages/tinygrad/runtime/autogen/nv_gpu.py:18841: DeprecationWarning: Due to '_pack_', the 'struct_NV2080_CTRL_FIFO_OBJSCHED_GET_CAPS_PARAMS' Structure will use memory layout compatible with MSVC (Windows). If this is intended, set _layout_ to 'ms'. The implicit default is deprecated and slated to become an error in Python 3.19.
    struct_NV2080_CTRL_FIFO_OBJSCHED_GET_CAPS_PARAMS._fields_ = [

tinyops/image/blur_test.py::test_blur_color[ksize0]
  /app/.venv/lib/python3.14/site-packages/tinygrad/runtime/autogen/nv_gpu.py:18859: DeprecationWarning: Due to '_pack_', the 'struct_NV2080_CTRL_FIFO_GET_CHANNEL_GROUP_UNIQUE_ID_INFO_PARAMS' Structure will use memory layout compatible with MSVC (Windows). If this is intended, set _layout_ to 'ms'. The implicit default is deprecated and slated to become an error in Python 3.19.
    struct_NV2080_CTRL_FIFO_GET_CHANNEL_GROUP_UNIQUE_ID_INFO_PARAMS._fields_ = [

tinyops/image/blur_test.py::test_blur_color[ksize0]
  /app/.venv/lib/python3.14/site-packages/tinygrad/runtime/autogen/nv_gpu.py:18874: DeprecationWarning: Due to '_pack_', the 'struct_NV2080_CTRL_FIFO_QUERY_CHANNEL_UNIQUE_ID_PARAMS' Structure will use memory layout compatible with MSVC (Windows). If this is intended, set _layout_ to 'ms'. The implicit default is deprecated and slated to become an error in Python 3.19.
    struct_NV2080_CTRL_FIFO_QUERY_CHANNEL_UNIQUE_ID_PARAMS._fields_ = [

tinyops/image/blur_test.py::test_blur_color[ksize0]
  /app/.venv/lib/python3.14/site-packages/tinygrad/runtime/autogen/nv_gpu.py:18899: DeprecationWarning: Due to '_pack_', the 'struct_NV2080_CTRL_FLA_RANGE_PARAMS' Structure will use memory layout compatible with MSVC (Windows). If this is intended, set _layout_ to 'ms'. The implicit default is deprecated and slated to become an error in Python 3.19.
    struct_NV2080_CTRL_FLA_RANGE_PARAMS._fields_ = [

tinyops/image/blur_test.py::test_blur_color[ksize0]
  /app/.venv/lib/python3.14/site-packages/tinygrad/runtime/autogen/nv_gpu.py:18929: DeprecationWarning: Due to '_pack_', the 'struct_NV2080_CTRL_FLA_SETUP_INSTANCE_MEM_BLOCK_PARAMS' Structure will use memory layout compatible with MSVC (Windows). If this is intended, set _layout_ to 'ms'. The implicit default is deprecated and slated to become an error in Python 3.19.
    struct_NV2080_CTRL_FLA_SETUP_INSTANCE_MEM_BLOCK_PARAMS._fields_ = [

tinyops/image/blur_test.py::test_blur_color[ksize0]
  /app/.venv/lib/python3.14/site-packages/tinygrad/runtime/autogen/nv_gpu.py:18940: DeprecationWarning: Due to '_pack_', the 'struct_NV2080_CTRL_FLA_GET_RANGE_PARAMS' Structure will use memory layout compatible with MSVC (Windows). If this is intended, set _layout_ to 'ms'. The implicit default is deprecated and slated to become an error in Python 3.19.
    struct_NV2080_CTRL_FLA_GET_RANGE_PARAMS._fields_ = [

tinyops/image/blur_test.py::test_blur_color[ksize0]
  /app/.venv/lib/python3.14/site-packages/tinygrad/runtime/autogen/nv_gpu.py:18950: DeprecationWarning: Due to '_pack_', the 'struct_NV2080_CTRL_FLA_GET_FABRIC_MEM_STATS_PARAMS' Structure will use memory layout compatible with MSVC (Windows). If this is intended, set _layout_ to 'ms'. The implicit default is deprecated and slated to become an error in Python 3.19.
    struct_NV2080_CTRL_FLA_GET_FABRIC_MEM_STATS_PARAMS._fields_ = [

tinyops/image/blur_test.py::test_blur_color[ksize0]
  /app/.venv/lib/python3.14/site-packages/tinygrad/runtime/autogen/nv_gpu.py:19057: DeprecationWarning: Due to '_pack_', the 'struct_NV2080_CTRL_FLCN_GET_DMEM_USAGE_PARAMS' Structure will use memory layout compatible with MSVC (Windows). If this is intended, set _layout_ to 'ms'. The implicit default is deprecated and slated to become an error in Python 3.19.
    struct_NV2080_CTRL_FLCN_GET_DMEM_USAGE_PARAMS._fields_ = [

tinyops/image/blur_test.py::test_blur_color[ksize0]
  /app/.venv/lib/python3.14/site-packages/tinygrad/runtime/autogen/nv_gpu.py:19068: DeprecationWarning: Due to '_pack_', the 'struct_NV2080_CTRL_FLCN_GET_ENGINE_ARCH_PARAMS' Structure will use memory layout compatible with MSVC (Windows). If this is intended, set _layout_ to 'ms'. The implicit default is deprecated and slated to become an error in Python 3.19.
    struct_NV2080_CTRL_FLCN_GET_ENGINE_ARCH_PARAMS._fields_ = [

tinyops/image/blur_test.py::test_blur_color[ksize0]
  /app/.venv/lib/python3.14/site-packages/tinygrad/runtime/autogen/nv_gpu.py:19078: DeprecationWarning: Due to '_pack_', the 'struct_NV2080_CTRL_FLCN_USTREAMER_EVENT_FILTER' Structure will use memory layout compatible with MSVC (Windows). If this is intended, set _layout_ to 'ms'. The implicit default is deprecated and slated to become an error in Python 3.19.
    struct_NV2080_CTRL_FLCN_USTREAMER_EVENT_FILTER._fields_ = [

tinyops/image/blur_test.py::test_blur_color[ksize0]
  /app/.venv/lib/python3.14/site-packages/tinygrad/runtime/autogen/nv_gpu.py:19087: DeprecationWarning: Due to '_pack_', the 'struct_NV2080_CTRL_FLCN_USTREAMER_QUEUE_INFO_PARAMS' Structure will use memory layout compatible with MSVC (Windows). If this is intended, set _layout_ to 'ms'. The implicit default is deprecated and slated to become an error in Python 3.19.
    struct_NV2080_CTRL_FLCN_USTREAMER_QUEUE_INFO_PARAMS._fields_ = [

tinyops/image/blur_test.py::test_blur_color[ksize0]
  /app/.venv/lib/python3.14/site-packages/tinygrad/runtime/autogen/nv_gpu.py:19101: DeprecationWarning: Due to '_pack_', the 'struct_NV2080_CTRL_FLCN_USTREAMER_CONTROL_PARAMS' Structure will use memory layout compatible with MSVC (Windows). If this is intended, set _layout_ to 'ms'. The implicit default is deprecated and slated to become an error in Python 3.19.
    struct_NV2080_CTRL_FLCN_USTREAMER_CONTROL_PARAMS._fields_ = [

tinyops/image/blur_test.py::test_blur_color[ksize0]
  /app/.venv/lib/python3.14/site-packages/tinygrad/runtime/autogen/nv_gpu.py:19115: DeprecationWarning: Due to '_pack_', the 'struct_NV2080_CTRL_FLCN_GET_CTX_BUFFER_INFO_PARAMS' Structure will use memory layout compatible with MSVC (Windows). If this is intended, set _layout_ to 'ms'. The implicit default is deprecated and slated to become an error in Python 3.19.
    struct_NV2080_CTRL_FLCN_GET_CTX_BUFFER_INFO_PARAMS._fields_ = [

tinyops/image/blur_test.py::test_blur_color[ksize0]
  /app/.venv/lib/python3.14/site-packages/tinygrad/runtime/autogen/nv_gpu.py:19137: DeprecationWarning: Due to '_pack_', the 'struct_NV2080_CTRL_FLCN_GET_CTX_BUFFER_SIZE_PARAMS' Structure will use memory layout compatible with MSVC (Windows). If this is intended, set _layout_ to 'ms'. The implicit default is deprecated and slated to become an error in Python 3.19.
    struct_NV2080_CTRL_FLCN_GET_CTX_BUFFER_SIZE_PARAMS._fields_ = [

tinyops/image/blur_test.py::test_blur_color[ksize0]
  /app/.venv/lib/python3.14/site-packages/tinygrad/runtime/autogen/nv_gpu.py:19156: DeprecationWarning: Due to '_pack_', the 'struct_NV2080_CTRL_INTERNAL_GPIO_PROGRAM_DIRECTION_PARAMS' Structure will use memory layout compatible with MSVC (Windows). If this is intended, set _layout_ to 'ms'. The implicit default is deprecated and slated to become an error in Python 3.19.
    struct_NV2080_CTRL_INTERNAL_GPIO_PROGRAM_DIRECTION_PARAMS._fields_ = [

tinyops/image/blur_test.py::test_blur_color[ksize0]
  /app/.venv/lib/python3.14/site-packages/tinygrad/runtime/autogen/nv_gpu.py:19167: DeprecationWarning: Due to '_pack_', the 'struct_NV2080_CTRL_INTERNAL_GPIO_PROGRAM_OUTPUT_PARAMS' Structure will use memory layout compatible with MSVC (Windows). If this is intended, set _layout_ to 'ms'. The implicit default is deprecated and slated to become an error in Python 3.19.
    struct_NV2080_CTRL_INTERNAL_GPIO_PROGRAM_OUTPUT_PARAMS._fields_ = [

tinyops/image/blur_test.py::test_blur_color[ksize0]
  /app/.venv/lib/python3.14/site-packages/tinygrad/runtime/autogen/nv_gpu.py:19177: DeprecationWarning: Due to '_pack_', the 'struct_NV2080_CTRL_INTERNAL_GPIO_READ_INPUT_PARAMS' Structure will use memory layout compatible with MSVC (Windows). If this is intended, set _layout_ to 'ms'. The implicit default is deprecated and slated to become an error in Python 3.19.
    struct_NV2080_CTRL_INTERNAL_GPIO_READ_INPUT_PARAMS._fields_ = [

tinyops/image/blur_test.py::test_blur_color[ksize0]
  /app/.venv/lib/python3.14/site-packages/tinygrad/runtime/autogen/nv_gpu.py:19187: DeprecationWarning: Due to '_pack_', the 'struct_NV2080_CTRL_INTERNAL_GPIO_ACTIVATE_HW_FUNCTION_PARAMS' Structure will use memory layout compatible with MSVC (Windows). If this is intended, set _layout_ to 'ms'. The implicit default is deprecated and slated to become an error in Python 3.19.
    struct_NV2080_CTRL_INTERNAL_GPIO_ACTIVATE_HW_FUNCTION_PARAMS._fields_ = [

tinyops/image/blur_test.py::test_blur_color[ksize0]
  /app/.venv/lib/python3.14/site-packages/tinygrad/runtime/autogen/nv_gpu.py:19213: DeprecationWarning: Due to '_pack_', the 'struct_NV2080_CTRL_GRMGR_GR_FS_INFO_GPC_COUNT_PARAMS' Structure will use memory layout compatible with MSVC (Windows). If this is intended, set _layout_ to 'ms'. The implicit default is deprecated and slated to become an error in Python 3.19.
    struct_NV2080_CTRL_GRMGR_GR_FS_INFO_GPC_COUNT_PARAMS._fields_ = [

tinyops/image/blur_test.py::test_blur_color[ksize0]
  /app/.venv/lib/python3.14/site-packages/tinygrad/runtime/autogen/nv_gpu.py:19222: DeprecationWarning: Due to '_pack_', the 'struct_NV2080_CTRL_GRMGR_GR_FS_INFO_CHIPLET_GPC_MAP_PARAMS' Structure will use memory layout compatible with MSVC (Windows). If this is intended, set _layout_ to 'ms'. The implicit default is deprecated and slated to become an error in Python 3.19.
    struct_NV2080_CTRL_GRMGR_GR_FS_INFO_CHIPLET_GPC_MAP_PARAMS._fields_ = [

tinyops/image/blur_test.py::test_blur_color[ksize0]
  /app/.venv/lib/python3.14/site-packages/tinygrad/runtime/autogen/nv_gpu.py:19232: DeprecationWarning: Due to '_pack_', the 'struct_NV2080_CTRL_GRMGR_GR_FS_INFO_TPC_MASK_PARAMS' Structure will use memory layout compatible with MSVC (Windows). If this is intended, set _layout_ to 'ms'. The implicit default is deprecated and slated to become an error in Python 3.19.
    struct_NV2080_CTRL_GRMGR_GR_FS_INFO_TPC_MASK_PARAMS._fields_ = [

tinyops/image/blur_test.py::test_blur_color[ksize0]
  /app/.venv/lib/python3.14/site-packages/tinygrad/runtime/autogen/nv_gpu.py:19242: DeprecationWarning: Due to '_pack_', the 'struct_NV2080_CTRL_GRMGR_GR_FS_INFO_PPC_MASK_PARAMS' Structure will use memory layout compatible with MSVC (Windows). If this is intended, set _layout_ to 'ms'. The implicit default is deprecated and slated to become an error in Python 3.19.
    struct_NV2080_CTRL_GRMGR_GR_FS_INFO_PPC_MASK_PARAMS._fields_ = [

tinyops/image/blur_test.py::test_blur_color[ksize0]
  /app/.venv/lib/python3.14/site-packages/tinygrad/runtime/autogen/nv_gpu.py:19252: DeprecationWarning: Due to '_pack_', the 'struct_NV2080_CTRL_GRMGR_GR_FS_INFO_PARTITION_CHIPLET_GPC_MAP_PARAMS' Structure will use memory layout compatible with MSVC (Windows). If this is intended, set _layout_ to 'ms'. The implicit default is deprecated and slated to become an error in Python 3.19.
    struct_NV2080_CTRL_GRMGR_GR_FS_INFO_PARTITION_CHIPLET_GPC_MAP_PARAMS._fields_ = [

tinyops/image/blur_test.py::test_blur_color[ksize0]
  /app/.venv/lib/python3.14/site-packages/tinygrad/runtime/autogen/nv_gpu.py:19263: DeprecationWarning: Due to '_pack_', the 'struct_NV2080_CTRL_GRMGR_GR_FS_INFO_ROP_MASK_PARAMS' Structure will use memory layout compatible with MSVC (Windows). If this is intended, set _layout_ to 'ms'. The implicit default is deprecated and slated to become an error in Python 3.19.
    struct_NV2080_CTRL_GRMGR_GR_FS_INFO_ROP_MASK_PARAMS._fields_ = [

tinyops/image/blur_test.py::test_blur_color[ksize0]
  /app/.venv/lib/python3.14/site-packages/tinygrad/runtime/autogen/nv_gpu.py:19273: DeprecationWarning: Due to '_pack_', the 'struct_NV2080_CTRL_GRMGR_GR_FS_INFO_CHIPLET_SYSPIPE_MASK_PARAMS' Structure will use memory layout compatible with MSVC (Windows). If this is intended, set _layout_ to 'ms'. The implicit default is deprecated and slated to become an error in Python 3.19.
    struct_NV2080_CTRL_GRMGR_GR_FS_INFO_CHIPLET_SYSPIPE_MASK_PARAMS._fields_ = [

tinyops/image/blur_test.py::test_blur_color[ksize0]
  /app/.venv/lib/python3.14/site-packages/tinygrad/runtime/autogen/nv_gpu.py:19282: DeprecationWarning: Due to '_pack_', the 'struct_NV2080_CTRL_GRMGR_GR_FS_INFO_PARTITION_CHIPLET_SYSPIPE_IDS_PARAMS' Structure will use memory layout compatible with MSVC (Windows). If this is intended, set _layout_ to 'ms'. The implicit default is deprecated and slated to become an error in Python 3.19.
    struct_NV2080_CTRL_GRMGR_GR_FS_INFO_PARTITION_CHIPLET_SYSPIPE_IDS_PARAMS._fields_ = [

tinyops/image/blur_test.py::test_blur_color[ksize0]
  /app/.venv/lib/python3.14/site-packages/tinygrad/runtime/autogen/nv_gpu.py:19293: DeprecationWarning: Due to '_pack_', the 'struct_NV2080_CTRL_GRMGR_GR_FS_INFO_PROFILER_MON_GPC_MASK_PARAMS' Structure will use memory layout compatible with MSVC (Windows). If this is intended, set _layout_ to 'ms'. The implicit default is deprecated and slated to become an error in Python 3.19.
    struct_NV2080_CTRL_GRMGR_GR_FS_INFO_PROFILER_MON_GPC_MASK_PARAMS._fields_ = [

tinyops/image/blur_test.py::test_blur_color[ksize0]
  /app/.venv/lib/python3.14/site-packages/tinygrad/runtime/autogen/nv_gpu.py:19304: DeprecationWarning: Due to '_pack_', the 'struct_NV2080_CTRL_GRMGR_GR_FS_INFO_PARTITION_SYSPIPE_ID_PARAMS' Structure will use memory layout compatible with MSVC (Windows). If this is intended, set _layout_ to 'ms'. The implicit default is deprecated and slated to become an error in Python 3.19.
    struct_NV2080_CTRL_GRMGR_GR_FS_INFO_PARTITION_SYSPIPE_ID_PARAMS._fields_ = [

tinyops/image/blur_test.py::test_blur_color[ksize0]
  /app/.venv/lib/python3.14/site-packages/tinygrad/runtime/autogen/nv_gpu.py:19316: DeprecationWarning: Due to '_pack_', the 'union_NV2080_CTRL_GRMGR_GR_FS_INFO_QUERY_PARAMS_queryData' Union will use memory layout compatible with MSVC (Windows). If this is intended, set _layout_ to 'ms'. The implicit default is deprecated and slated to become an error in Python 3.19.
    union_NV2080_CTRL_GRMGR_GR_FS_INFO_QUERY_PARAMS_queryData._fields_ = [

tinyops/image/blur_test.py::test_blur_color[ksize0]
  /app/.venv/lib/python3.14/site-packages/tinygrad/runtime/autogen/nv_gpu.py:19331: DeprecationWarning: Due to '_pack_', the 'struct_NV2080_CTRL_GRMGR_GR_FS_INFO_QUERY_PARAMS' Structure will use memory layout compatible with MSVC (Windows). If this is intended, set _layout_ to 'ms'. The implicit default is deprecated and slated to become an error in Python 3.19.
    struct_NV2080_CTRL_GRMGR_GR_FS_INFO_QUERY_PARAMS._fields_ = [

tinyops/image/blur_test.py::test_blur_color[ksize0]
  /app/.venv/lib/python3.14/site-packages/tinygrad/runtime/autogen/nv_gpu.py:19343: DeprecationWarning: Due to '_pack_', the 'struct_NV2080_CTRL_GRMGR_GET_GR_FS_INFO_PARAMS' Structure will use memory layout compatible with MSVC (Windows). If this is intended, set _layout_ to 'ms'. The implicit default is deprecated and slated to become an error in Python 3.19.
    struct_NV2080_CTRL_GRMGR_GET_GR_FS_INFO_PARAMS._fields_ = [

tinyops/image/blur_test.py::test_blur_color[ksize0]
  /app/.venv/lib/python3.14/site-packages/tinygrad/runtime/autogen/nv_gpu.py:19370: DeprecationWarning: Due to '_pack_', the 'struct_NV2080_CTRL_GSP_GET_FEATURES_PARAMS' Structure will use memory layout compatible with MSVC (Windows). If this is intended, set _layout_ to 'ms'. The implicit default is deprecated and slated to become an error in Python 3.19.
    struct_NV2080_CTRL_GSP_GET_FEATURES_PARAMS._fields_ = [

tinyops/image/blur_test.py::test_blur_color[ksize0]
  /app/.venv/lib/python3.14/site-packages/tinygrad/runtime/autogen/nv_gpu.py:19383: DeprecationWarning: Due to '_pack_', the 'struct_NV2080_CTRL_GSP_RM_HEAP_STATS_SNAPSHOT' Structure will use memory layout compatible with MSVC (Windows). If this is intended, set _layout_ to 'ms'. The implicit default is deprecated and slated to become an error in Python 3.19.
    struct_NV2080_CTRL_GSP_RM_HEAP_STATS_SNAPSHOT._fields_ = [

tinyops/image/blur_test.py::test_blur_color[ksize0]
  /app/.venv/lib/python3.14/site-packages/tinygrad/runtime/autogen/nv_gpu.py:19396: DeprecationWarning: Due to '_pack_', the 'struct_NV2080_CTRL_GSP_GET_RM_HEAP_STATS_PARAMS' Structure will use memory layout compatible with MSVC (Windows). If this is intended, set _layout_ to 'ms'. The implicit default is deprecated and slated to become an error in Python 3.19.
    struct_NV2080_CTRL_GSP_GET_RM_HEAP_STATS_PARAMS._fields_ = [

tinyops/image/blur_test.py::test_blur_color[ksize0]
  /app/.venv/lib/python3.14/site-packages/tinygrad/runtime/autogen/nv_gpu.py:19410: DeprecationWarning: Due to '_pack_', the 'struct_NV2080_CTRL_CMD_GSP_GET_VGPU_HEAP_STATS_PARAMS' Structure will use memory layout compatible with MSVC (Windows). If this is intended, set _layout_ to 'ms'. The implicit default is deprecated and slated to become an error in Python 3.19.
    struct_NV2080_CTRL_CMD_GSP_GET_VGPU_HEAP_STATS_PARAMS._fields_ = [

tinyops/image/blur_test.py::test_blur_color[ksize0]
  /app/.venv/lib/python3.14/site-packages/tinygrad/runtime/autogen/nv_gpu.py:19424: DeprecationWarning: Due to '_pack_', the 'struct_NV2080_CTRL_GSP_LIBOS_POOL_STATS' Structure will use memory layout compatible with MSVC (Windows). If this is intended, set _layout_ to 'ms'. The implicit default is deprecated and slated to become an error in Python 3.19.
    struct_NV2080_CTRL_GSP_LIBOS_POOL_STATS._fields_ = [

tinyops/image/blur_test.py::test_blur_color[ksize0]
  /app/.venv/lib/python3.14/site-packages/tinygrad/runtime/autogen/nv_gpu.py:19435: DeprecationWarning: Due to '_pack_', the 'struct_NV2080_CTRL_CMD_GSP_GET_LIBOS_HEAP_STATS_PARAMS' Structure will use memory layout compatible with MSVC (Windows). If this is intended, set _layout_ to 'ms'. The implicit default is deprecated and slated to become an error in Python 3.19.
    struct_NV2080_CTRL_CMD_GSP_GET_LIBOS_HEAP_STATS_PARAMS._fields_ = [

tinyops/image/blur_test.py::test_blur_color[ksize0]
  /app/.venv/lib/python3.14/site-packages/tinygrad/runtime/autogen/nv_gpu.py:19451: DeprecationWarning: Due to '_pack_', the 'struct_NV2080_CTRL_CMD_HSHUB_GET_AVAILABLE_MASK_PARAMS' Structure will use memory layout compatible with MSVC (Windows). If this is intended, set _layout_ to 'ms'. The implicit default is deprecated and slated to become an error in Python 3.19.
    struct_NV2080_CTRL_CMD_HSHUB_GET_AVAILABLE_MASK_PARAMS._fields_ = [

tinyops/image/blur_test.py::test_blur_color[ksize0]
  /app/.venv/lib/python3.14/site-packages/tinygrad/runtime/autogen/nv_gpu.py:19461: DeprecationWarning: Due to '_pack_', the 'struct_NV2080_CTRL_CMD_HSHUB_SET_EC_THROTTLE_MODE_PARAMS' Structure will use memory layout compatible with MSVC (Windows). If this is intended, set _layout_ to 'ms'. The implicit default is deprecated and slated to become an error in Python 3.19.
    struct_NV2080_CTRL_CMD_HSHUB_SET_EC_THROTTLE_MODE_PARAMS._fields_ = [

tinyops/image/blur_test.py::test_blur_color[ksize0]
  /app/.venv/lib/python3.14/site-packages/tinygrad/runtime/autogen/nv_gpu.py:19541: DeprecationWarning: Due to '_pack_', the 'struct_NV2080_CTRL_I2C_READ_BUFFER_PARAMS' Structure will use memory layout compatible with MSVC (Windows). If this is intended, set _layout_ to 'ms'. The implicit default is deprecated and slated to become an error in Python 3.19.
    struct_NV2080_CTRL_I2C_READ_BUFFER_PARAMS._fields_ = [

tinyops/image/blur_test.py::test_blur_color[ksize0]
  /app/.venv/lib/python3.14/site-packages/tinygrad/runtime/autogen/nv_gpu.py:19556: DeprecationWarning: Due to '_pack_', the 'struct_NV2080_CTRL_I2C_WRITE_BUFFER_PARAMS' Structure will use memory layout compatible with MSVC (Windows). If this is intended, set _layout_ to 'ms'. The implicit default is deprecated and slated to become an error in Python 3.19.
    struct_NV2080_CTRL_I2C_WRITE_BUFFER_PARAMS._fields_ = [

tinyops/image/blur_test.py::test_blur_color[ksize0]
  /app/.venv/lib/python3.14/site-packages/tinygrad/runtime/autogen/nv_gpu.py:19570: DeprecationWarning: Due to '_pack_', the 'struct_NV2080_CTRL_I2C_RW_REG_PARAMS' Structure will use memory layout compatible with MSVC (Windows). If this is intended, set _layout_ to 'ms'. The implicit default is deprecated and slated to become an error in Python 3.19.
    struct_NV2080_CTRL_I2C_RW_REG_PARAMS._fields_ = [

tinyops/image/blur_test.py::test_blur_color[ksize0]
  /app/.venv/lib/python3.14/site-packages/tinygrad/runtime/autogen/nv_gpu.py:19588: DeprecationWarning: Due to '_pack_', the 'struct_NV2080_CTRL_I2C_ACCESS_PARAMS' Structure will use memory layout compatible with MSVC (Windows). If this is intended, set _layout_ to 'ms'. The implicit default is deprecated and slated to become an error in Python 3.19.
    struct_NV2080_CTRL_I2C_ACCESS_PARAMS._fields_ = [

tinyops/image/blur_test.py::test_blur_color[ksize0]
  /app/.venv/lib/python3.14/site-packages/tinygrad/runtime/autogen/nv_gpu.py:19605: DeprecationWarning: Due to '_pack_', the 'struct_NV2080_CTRL_I2C_ENABLE_MONITOR_3D_MODE_PARAMS' Structure will use memory layout compatible with MSVC (Windows). If this is intended, set _layout_ to 'ms'. The implicit default is deprecated and slated to become an error in Python 3.19.
    struct_NV2080_CTRL_I2C_ENABLE_MONITOR_3D_MODE_PARAMS._fields_ = [

tinyops/image/blur_test.py::test_blur_color[ksize0]
  /app/.venv/lib/python3.14/site-packages/tinygrad/runtime/autogen/nv_gpu.py:20200: DeprecationWarning: Due to '_pack_', the 'struct_NV90F1_CTRL_VASPACE_GET_GMMU_FORMAT_PARAMS' Structure will use memory layout compatible with MSVC (Windows). If this is intended, set _layout_ to 'ms'. The implicit default is deprecated and slated to become an error in Python 3.19.
    struct_NV90F1_CTRL_VASPACE_GET_GMMU_FORMAT_PARAMS._fields_ = [

tinyops/image/blur_test.py::test_blur_color[ksize0]
  /app/.venv/lib/python3.14/site-packages/tinygrad/runtime/autogen/nv_gpu.py:20214: DeprecationWarning: Due to '_pack_', the 'struct_MMU_FMT_LEVEL' Structure will use memory layout compatible with MSVC (Windows). If this is intended, set _layout_ to 'ms'. The implicit default is deprecated and slated to become an error in Python 3.19.
    struct_MMU_FMT_LEVEL._fields_ = [

tinyops/image/blur_test.py::test_blur_color[ksize0]
  /app/.venv/lib/python3.14/site-packages/tinygrad/runtime/autogen/nv_gpu.py:20227: DeprecationWarning: Due to '_pack_', the 'struct_NV_CTRL_VASPACE_PAGE_LEVEL' Structure will use memory layout compatible with MSVC (Windows). If this is intended, set _layout_ to 'ms'. The implicit default is deprecated and slated to become an error in Python 3.19.
    struct_NV_CTRL_VASPACE_PAGE_LEVEL._fields_ = [

tinyops/image/blur_test.py::test_blur_color[ksize0]
  /app/.venv/lib/python3.14/site-packages/tinygrad/runtime/autogen/nv_gpu.py:20244: DeprecationWarning: Due to '_pack_', the 'struct_NV90F1_CTRL_VASPACE_GET_PAGE_LEVEL_INFO_PARAMS' Structure will use memory layout compatible with MSVC (Windows). If this is intended, set _layout_ to 'ms'. The implicit default is deprecated and slated to become an error in Python 3.19.
    struct_NV90F1_CTRL_VASPACE_GET_PAGE_LEVEL_INFO_PARAMS._fields_ = [

tinyops/image/blur_test.py::test_blur_color[ksize0]
  /app/.venv/lib/python3.14/site-packages/tinygrad/runtime/autogen/nv_gpu.py:20260: DeprecationWarning: Due to '_pack_', the 'struct_NV90F1_CTRL_VASPACE_RESERVE_ENTRIES_PARAMS' Structure will use memory layout compatible with MSVC (Windows). If this is intended, set _layout_ to 'ms'. The implicit default is deprecated and slated to become an error in Python 3.19.
    struct_NV90F1_CTRL_VASPACE_RESERVE_ENTRIES_PARAMS._fields_ = [

tinyops/image/blur_test.py::test_blur_color[ksize0]
  /app/.venv/lib/python3.14/site-packages/tinygrad/runtime/autogen/nv_gpu.py:20273: DeprecationWarning: Due to '_pack_', the 'struct_NV90F1_CTRL_VASPACE_RELEASE_ENTRIES_PARAMS' Structure will use memory layout compatible with MSVC (Windows). If this is intended, set _layout_ to 'ms'. The implicit default is deprecated and slated to become an error in Python 3.19.
    struct_NV90F1_CTRL_VASPACE_RELEASE_ENTRIES_PARAMS._fields_ = [

tinyops/image/blur_test.py::test_blur_color[ksize0]
  /app/.venv/lib/python3.14/site-packages/tinygrad/runtime/autogen/nv_gpu.py:20290: DeprecationWarning: Due to '_pack_', the 'struct_NV90F1_CTRL_VASPACE_COPY_SERVER_RESERVED_PDES_PARAMS_0' Structure will use memory layout compatible with MSVC (Windows). If this is intended, set _layout_ to 'ms'. The implicit default is deprecated and slated to become an error in Python 3.19.
    struct_NV90F1_CTRL_VASPACE_COPY_SERVER_RESERVED_PDES_PARAMS_0._fields_ = [

tinyops/image/blur_test.py::test_blur_color[ksize0]
  /app/.venv/lib/python3.14/site-packages/tinygrad/runtime/autogen/nv_gpu.py:20299: DeprecationWarning: Due to '_pack_', the 'struct_NV90F1_CTRL_VASPACE_COPY_SERVER_RESERVED_PDES_PARAMS' Structure will use memory layout compatible with MSVC (Windows). If this is intended, set _layout_ to 'ms'. The implicit default is deprecated and slated to become an error in Python 3.19.
    struct_NV90F1_CTRL_VASPACE_COPY_SERVER_RESERVED_PDES_PARAMS._fields_ = [

tinyops/image/blur_test.py::test_blur_color[ksize0]
  /app/.venv/lib/python3.14/site-packages/tinygrad/runtime/autogen/nv_gpu.py:20315: DeprecationWarning: Due to '_pack_', the 'struct_NV90F1_CTRL_VASPACE_GET_HOST_RM_MANAGED_SIZE_PARAMS' Structure will use memory layout compatible with MSVC (Windows). If this is intended, set _layout_ to 'ms'. The implicit default is deprecated and slated to become an error in Python 3.19.
    struct_NV90F1_CTRL_VASPACE_GET_HOST_RM_MANAGED_SIZE_PARAMS._fields_ = [

tinyops/image/blur_test.py::test_blur_color[ksize0]
  /app/.venv/lib/python3.14/site-packages/tinygrad/runtime/autogen/nv_gpu.py:20326: DeprecationWarning: Due to '_pack_', the 'struct_NV90F1_CTRL_VASPACE_GET_VAS_HEAP_INFO_PARAMS' Structure will use memory layout compatible with MSVC (Windows). If this is intended, set _layout_ to 'ms'. The implicit default is deprecated and slated to become an error in Python 3.19.
    struct_NV90F1_CTRL_VASPACE_GET_VAS_HEAP_INFO_PARAMS._fields_ = [

tinyops/image/blur_test.py::test_blur_color[ksize0]
  /app/.venv/lib/python3.14/site-packages/tinygrad/runtime/autogen/nv_gpu.py:20343: DeprecationWarning: Due to '_pack_', the 'struct_NV2080_CTRL_INTERNAL_DISPLAY_GET_STATIC_INFO_PARAMS' Structure will use memory layout compatible with MSVC (Windows). If this is intended, set _layout_ to 'ms'. The implicit default is deprecated and slated to become an error in Python 3.19.
    struct_NV2080_CTRL_INTERNAL_DISPLAY_GET_STATIC_INFO_PARAMS._fields_ = [

tinyops/image/blur_test.py::test_blur_color[ksize0]
  /app/.venv/lib/python3.14/site-packages/tinygrad/runtime/autogen/nv_gpu.py:20363: DeprecationWarning: Due to '_pack_', the 'struct_NV2080_CTRL_INTERNAL_MEMSYS_GET_STATIC_CONFIG_PARAMS' Structure will use memory layout compatible with MSVC (Windows). If this is intended, set _layout_ to 'ms'. The implicit default is deprecated and slated to become an error in Python 3.19.
    struct_NV2080_CTRL_INTERNAL_MEMSYS_GET_STATIC_CONFIG_PARAMS._fields_ = [

tinyops/image/blur_test.py::test_blur_color[ksize0]
  /app/.venv/lib/python3.14/site-packages/tinygrad/runtime/autogen/nv_gpu.py:20387: DeprecationWarning: Due to '_pack_', the 'struct_NV2080_CTRL_INTERNAL_UVM_REGISTER_ACCESS_CNTR_BUFFER_PARAMS' Structure will use memory layout compatible with MSVC (Windows). If this is intended, set _layout_ to 'ms'. The implicit default is deprecated and slated to become an error in Python 3.19.
    struct_NV2080_CTRL_INTERNAL_UVM_REGISTER_ACCESS_CNTR_BUFFER_PARAMS._fields_ = [

tinyops/image/blur_test.py::test_blur_color[ksize0]
  /app/.venv/lib/python3.14/site-packages/tinygrad/runtime/autogen/nv_gpu.py:20398: DeprecationWarning: Due to '_pack_', the 'struct_NV2080_CTRL_INTERNAL_UVM_UNREGISTER_ACCESS_CNTR_BUFFER_PARAMS' Structure will use memory layout compatible with MSVC (Windows). If this is intended, set _layout_ to 'ms'. The implicit default is deprecated and slated to become an error in Python 3.19.
    struct_NV2080_CTRL_INTERNAL_UVM_UNREGISTER_ACCESS_CNTR_BUFFER_PARAMS._fields_ = [

tinyops/image/blur_test.py::test_blur_color[ksize0]
  /app/.venv/lib/python3.14/site-packages/tinygrad/runtime/autogen/nv_gpu.py:20407: DeprecationWarning: Due to '_pack_', the 'struct_NV2080_CTRL_INTERNAL_STATIC_GR_CAPS' Structure will use memory layout compatible with MSVC (Windows). If this is intended, set _layout_ to 'ms'. The implicit default is deprecated and slated to become an error in Python 3.19.
    struct_NV2080_CTRL_INTERNAL_STATIC_GR_CAPS._fields_ = [

tinyops/image/blur_test.py::test_blur_color[ksize0]
  /app/.venv/lib/python3.14/site-packages/tinygrad/runtime/autogen/nv_gpu.py:20412: DeprecationWarning: Due to '_pack_', the 'struct_NV2080_CTRL_INTERNAL_STATIC_GR_GET_CAPS_PARAMS' Structure will use memory layout compatible with MSVC (Windows). If this is intended, set _layout_ to 'ms'. The implicit default is deprecated and slated to become an error in Python 3.19.
    class struct_NV2080_CTRL_INTERNAL_STATIC_GR_GET_CAPS_PARAMS(Structure):

tinyops/image/blur_test.py::test_blur_color[ksize0]
  /app/.venv/lib/python3.14/site-packages/tinygrad/runtime/autogen/nv_gpu.py:20427: DeprecationWarning: Due to '_pack_', the 'struct_NV2080_CTRL_INTERNAL_STATIC_GR_GLOBAL_SM_ORDER_0' Structure will use memory layout compatible with MSVC (Windows). If this is intended, set _layout_ to 'ms'. The implicit default is deprecated and slated to become an error in Python 3.19.
    struct_NV2080_CTRL_INTERNAL_STATIC_GR_GLOBAL_SM_ORDER_0._fields_ = [

tinyops/image/blur_test.py::test_blur_color[ksize0]
  /app/.venv/lib/python3.14/site-packages/tinygrad/runtime/autogen/nv_gpu.py:20437: DeprecationWarning: Due to '_pack_', the 'struct_NV2080_CTRL_INTERNAL_STATIC_GR_GLOBAL_SM_ORDER' Structure will use memory layout compatible with MSVC (Windows). If this is intended, set _layout_ to 'ms'. The implicit default is deprecated and slated to become an error in Python 3.19.
    struct_NV2080_CTRL_INTERNAL_STATIC_GR_GLOBAL_SM_ORDER._fields_ = [

tinyops/image/blur_test.py::test_blur_color[ksize0]
  /app/.venv/lib/python3.14/site-packages/tinygrad/runtime/autogen/nv_gpu.py:20444: DeprecationWarning: Due to '_pack_', the 'struct_NV2080_CTRL_INTERNAL_STATIC_GR_GET_GLOBAL_SM_ORDER_PARAMS' Structure will use memory layout compatible with MSVC (Windows). If this is intended, set _layout_ to 'ms'. The implicit default is deprecated and slated to become an error in Python 3.19.
    class struct_NV2080_CTRL_INTERNAL_STATIC_GR_GET_GLOBAL_SM_ORDER_PARAMS(Structure):

tinyops/image/blur_test.py::test_blur_color[ksize0]
  /app/.venv/lib/python3.14/site-packages/tinygrad/runtime/autogen/nv_gpu.py:20456: DeprecationWarning: Due to '_pack_', the 'struct_NV2080_CTRL_INTERNAL_BSP_CAPS' Structure will use memory layout compatible with MSVC (Windows). If this is intended, set _layout_ to 'ms'. The implicit default is deprecated and slated to become an error in Python 3.19.
    struct_NV2080_CTRL_INTERNAL_BSP_CAPS._fields_ = [

tinyops/image/blur_test.py::test_blur_color[ksize0]
  /app/.venv/lib/python3.14/site-packages/tinygrad/runtime/autogen/nv_gpu.py:20465: DeprecationWarning: Due to '_pack_', the 'struct_NV2080_CTRL_INTERNAL_BSP_GET_CAPS_PARAMS' Structure will use memory layout compatible with MSVC (Windows). If this is intended, set _layout_ to 'ms'. The implicit default is deprecated and slated to become an error in Python 3.19.
    struct_NV2080_CTRL_INTERNAL_BSP_GET_CAPS_PARAMS._fields_ = [

tinyops/image/blur_test.py::test_blur_color[ksize0]
  /app/.venv/lib/python3.14/site-packages/tinygrad/runtime/autogen/nv_gpu.py:20475: DeprecationWarning: Due to '_pack_', the 'struct_NV2080_CTRL_INTERNAL_MSENC_CAPS' Structure will use memory layout compatible with MSVC (Windows). If this is intended, set _layout_ to 'ms'. The implicit default is deprecated and slated to become an error in Python 3.19.
    struct_NV2080_CTRL_INTERNAL_MSENC_CAPS._fields_ = [

tinyops/image/blur_test.py::test_blur_color[ksize0]
  /app/.venv/lib/python3.14/site-packages/tinygrad/runtime/autogen/nv_gpu.py:20484: DeprecationWarning: Due to '_pack_', the 'struct_NV2080_CTRL_INTERNAL_MSENC_GET_CAPS_PARAMS' Structure will use memory layout compatible with MSVC (Windows). If this is intended, set _layout_ to 'ms'. The implicit default is deprecated and slated to become an error in Python 3.19.
    struct_NV2080_CTRL_INTERNAL_MSENC_GET_CAPS_PARAMS._fields_ = [

tinyops/image/blur_test.py::test_blur_color[ksize0]
  /app/.venv/lib/python3.14/site-packages/tinygrad/runtime/autogen/nv_gpu.py:20494: DeprecationWarning: Due to '_pack_', the 'struct_NV2080_CTRL_INTERNAL_STATIC_GR_FLOORSWEEPING_MASKS' Structure will use memory layout compatible with MSVC (Windows). If this is intended, set _layout_ to 'ms'. The implicit default is deprecated and slated to become an error in Python 3.19.
    struct_NV2080_CTRL_INTERNAL_STATIC_GR_FLOORSWEEPING_MASKS._fields_ = [

tinyops/image/blur_test.py::test_blur_color[ksize0]
  /app/.venv/lib/python3.14/site-packages/tinygrad/runtime/autogen/nv_gpu.py:20508: DeprecationWarning: Due to '_pack_', the 'struct_NV2080_CTRL_INTERNAL_STATIC_GR_GET_FLOORSWEEPING_MASKS_PARAMS' Structure will use memory layout compatible with MSVC (Windows). If this is intended, set _layout_ to 'ms'. The implicit default is deprecated and slated to become an error in Python 3.19.
    class struct_NV2080_CTRL_INTERNAL_STATIC_GR_GET_FLOORSWEEPING_MASKS_PARAMS(Structure):

tinyops/image/blur_test.py::test_blur_color[ksize0]
  /app/.venv/lib/python3.14/site-packages/tinygrad/runtime/autogen/nv_gpu.py:20520: DeprecationWarning: Due to '_pack_', the 'struct_NV2080_CTRL_KGR_GET_CTX_BUFFER_PTES_PARAMS' Structure will use memory layout compatible with MSVC (Windows). If this is intended, set _layout_ to 'ms'. The implicit default is deprecated and slated to become an error in Python 3.19.
    struct_NV2080_CTRL_KGR_GET_CTX_BUFFER_PTES_PARAMS._fields_ = [

tinyops/image/blur_test.py::test_blur_color[ksize0]
  /app/.venv/lib/python3.14/site-packages/tinygrad/runtime/autogen/nv_gpu.py:20537: DeprecationWarning: Due to '_pack_', the 'struct_NV2080_CTRL_INTERNAL_MEMDESC_INFO' Structure will use memory layout compatible with MSVC (Windows). If this is intended, set _layout_ to 'ms'. The implicit default is deprecated and slated to become an error in Python 3.19.
    struct_NV2080_CTRL_INTERNAL_MEMDESC_INFO._fields_ = [

tinyops/image/blur_test.py::test_blur_color[ksize0]
  /app/.venv/lib/python3.14/site-packages/tinygrad/runtime/autogen/nv_gpu.py:20550: DeprecationWarning: Due to '_pack_', the 'struct_NV2080_CTRL_INTERNAL_GR_INFO' Structure will use memory layout compatible with MSVC (Windows). If this is intended, set _layout_ to 'ms'. The implicit default is deprecated and slated to become an error in Python 3.19.
    struct_NV2080_CTRL_INTERNAL_GR_INFO._fields_ = [

tinyops/image/blur_test.py::test_blur_color[ksize0]
  /app/.venv/lib/python3.14/site-packages/tinygrad/runtime/autogen/nv_gpu.py:20556: DeprecationWarning: Due to '_pack_', the 'struct_NV2080_CTRL_INTERNAL_STATIC_GR_INFO' Structure will use memory layout compatible with MSVC (Windows). If this is intended, set _layout_ to 'ms'. The implicit default is deprecated and slated to become an error in Python 3.19.
    class struct_NV2080_CTRL_INTERNAL_STATIC_GR_INFO(Structure):

tinyops/image/blur_test.py::test_blur_color[ksize0]
  /app/.venv/lib/python3.14/site-packages/tinygrad/runtime/autogen/nv_gpu.py:20563: DeprecationWarning: Due to '_pack_', the 'struct_NV2080_CTRL_INTERNAL_STATIC_GR_GET_INFO_PARAMS' Structure will use memory layout compatible with MSVC (Windows). If this is intended, set _layout_ to 'ms'. The implicit default is deprecated and slated to become an error in Python 3.19.
    class struct_NV2080_CTRL_INTERNAL_STATIC_GR_GET_INFO_PARAMS(Structure):

tinyops/image/blur_test.py::test_blur_color[ksize0]
  /app/.venv/lib/python3.14/site-packages/tinygrad/runtime/autogen/nv_gpu.py:20575: DeprecationWarning: Due to '_pack_', the 'struct_NV2080_CTRL_INTERNAL_STATIC_GR_ZCULL_INFO' Structure will use memory layout compatible with MSVC (Windows). If this is intended, set _layout_ to 'ms'. The implicit default is deprecated and slated to become an error in Python 3.19.
    struct_NV2080_CTRL_INTERNAL_STATIC_GR_ZCULL_INFO._fields_ = [

tinyops/image/blur_test.py::test_blur_color[ksize0]
  /app/.venv/lib/python3.14/site-packages/tinygrad/runtime/autogen/nv_gpu.py:20589: DeprecationWarning: Due to '_pack_', the 'struct_NV2080_CTRL_INTERNAL_STATIC_GR_GET_ZCULL_INFO_PARAMS' Structure will use memory layout compatible with MSVC (Windows). If this is intended, set _layout_ to 'ms'. The implicit default is deprecated and slated to become an error in Python 3.19.
    class struct_NV2080_CTRL_INTERNAL_STATIC_GR_GET_ZCULL_INFO_PARAMS(Structure):

tinyops/image/blur_test.py::test_blur_color[ksize0]
  /app/.venv/lib/python3.14/site-packages/tinygrad/runtime/autogen/nv_gpu.py:20601: DeprecationWarning: Due to '_pack_', the 'struct_NV2080_CTRL_INTERNAL_STATIC_GR_ROP_INFO' Structure will use memory layout compatible with MSVC (Windows). If this is intended, set _layout_ to 'ms'. The implicit default is deprecated and slated to become an error in Python 3.19.
    struct_NV2080_CTRL_INTERNAL_STATIC_GR_ROP_INFO._fields_ = [

tinyops/image/blur_test.py::test_blur_color[ksize0]
  /app/.venv/lib/python3.14/site-packages/tinygrad/runtime/autogen/nv_gpu.py:20608: DeprecationWarning: Due to '_pack_', the 'struct_NV2080_CTRL_INTERNAL_STATIC_GR_GET_ROP_INFO_PARAMS' Structure will use memory layout compatible with MSVC (Windows). If this is intended, set _layout_ to 'ms'. The implicit default is deprecated and slated to become an error in Python 3.19.
    class struct_NV2080_CTRL_INTERNAL_STATIC_GR_GET_ROP_INFO_PARAMS(Structure):

tinyops/image/blur_test.py::test_blur_color[ksize0]
  /app/.venv/lib/python3.14/site-packages/tinygrad/runtime/autogen/nv_gpu.py:20620: DeprecationWarning: Due to '_pack_', the 'struct_NV2080_CTRL_INTERNAL_STATIC_GR_PPC_MASKS' Structure will use memory layout compatible with MSVC (Windows). If this is intended, set _layout_ to 'ms'. The implicit default is deprecated and slated to become an error in Python 3.19.
    struct_NV2080_CTRL_INTERNAL_STATIC_GR_PPC_MASKS._fields_ = [

tinyops/image/blur_test.py::test_blur_color[ksize0]
  /app/.venv/lib/python3.14/site-packages/tinygrad/runtime/autogen/nv_gpu.py:20625: DeprecationWarning: Due to '_pack_', the 'struct_NV2080_CTRL_INTERNAL_STATIC_GR_GET_PPC_MASKS_PARAMS' Structure will use memory layout compatible with MSVC (Windows). If this is intended, set _layout_ to 'ms'. The implicit default is deprecated and slated to become an error in Python 3.19.
    class struct_NV2080_CTRL_INTERNAL_STATIC_GR_GET_PPC_MASKS_PARAMS(Structure):

tinyops/image/blur_test.py::test_blur_color[ksize0]
  /app/.venv/lib/python3.14/site-packages/tinygrad/runtime/autogen/nv_gpu.py:20637: DeprecationWarning: Due to '_pack_', the 'struct_NV2080_CTRL_INTERNAL_ENGINE_CONTEXT_BUFFER_INFO' Structure will use memory layout compatible with MSVC (Windows). If this is intended, set _layout_ to 'ms'. The implicit default is deprecated and slated to become an error in Python 3.19.
    struct_NV2080_CTRL_INTERNAL_ENGINE_CONTEXT_BUFFER_INFO._fields_ = [

tinyops/image/blur_test.py::test_blur_color[ksize0]
  /app/.venv/lib/python3.14/site-packages/tinygrad/runtime/autogen/nv_gpu.py:20643: DeprecationWarning: Due to '_pack_', the 'struct_NV2080_CTRL_INTERNAL_STATIC_GR_CONTEXT_BUFFERS_INFO' Structure will use memory layout compatible with MSVC (Windows). If this is intended, set _layout_ to 'ms'. The implicit default is deprecated and slated to become an error in Python 3.19.
    class struct_NV2080_CTRL_INTERNAL_STATIC_GR_CONTEXT_BUFFERS_INFO(Structure):

tinyops/image/blur_test.py::test_blur_color[ksize0]
  /app/.venv/lib/python3.14/site-packages/tinygrad/runtime/autogen/nv_gpu.py:20650: DeprecationWarning: Due to '_pack_', the 'struct_NV2080_CTRL_INTERNAL_STATIC_GR_GET_CONTEXT_BUFFERS_INFO_PARAMS' Structure will use memory layout compatible with MSVC (Windows). If this is intended, set _layout_ to 'ms'. The implicit default is deprecated and slated to become an error in Python 3.19.
    class struct_NV2080_CTRL_INTERNAL_STATIC_GR_GET_CONTEXT_BUFFERS_INFO_PARAMS(Structure):

tinyops/image/blur_test.py::test_blur_color[ksize0]
  /app/.venv/lib/python3.14/site-packages/tinygrad/runtime/autogen/nv_gpu.py:20662: DeprecationWarning: Due to '_pack_', the 'struct_NV2080_CTRL_INTERNAL_STATIC_GR_SM_ISSUE_RATE_MODIFIER' Structure will use memory layout compatible with MSVC (Windows). If this is intended, set _layout_ to 'ms'. The implicit default is deprecated and slated to become an error in Python 3.19.
    struct_NV2080_CTRL_INTERNAL_STATIC_GR_SM_ISSUE_RATE_MODIFIER._fields_ = [

tinyops/image/blur_test.py::test_blur_color[ksize0]
  /app/.venv/lib/python3.14/site-packages/tinygrad/runtime/autogen/nv_gpu.py:20675: DeprecationWarning: Due to '_pack_', the 'struct_NV2080_CTRL_INTERNAL_STATIC_GR_GET_SM_ISSUE_RATE_MODIFIER_PARAMS' Structure will use memory layout compatible with MSVC (Windows). If this is intended, set _layout_ to 'ms'. The implicit default is deprecated and slated to become an error in Python 3.19.
    class struct_NV2080_CTRL_INTERNAL_STATIC_GR_GET_SM_ISSUE_RATE_MODIFIER_PARAMS(Structure):

tinyops/image/blur_test.py::test_blur_color[ksize0]
  /app/.venv/lib/python3.14/site-packages/tinygrad/runtime/autogen/nv_gpu.py:20687: DeprecationWarning: Due to '_pack_', the 'struct_NV2080_CTRL_INTERNAL_GPU_GET_CHIP_INFO_PARAMS' Structure will use memory layout compatible with MSVC (Windows). If this is intended, set _layout_ to 'ms'. The implicit default is deprecated and slated to become an error in Python 3.19.
    struct_NV2080_CTRL_INTERNAL_GPU_GET_CHIP_INFO_PARAMS._fields_ = [

tinyops/image/blur_test.py::test_blur_color[ksize0]
  /app/.venv/lib/python3.14/site-packages/tinygrad/runtime/autogen/nv_gpu.py:20704: DeprecationWarning: Due to '_pack_', the 'struct_NV2080_CTRL_INTERNAL_GR_FECS_TRACE_HW_ENABLE_PARAMS' Structure will use memory layout compatible with MSVC (Windows). If this is intended, set _layout_ to 'ms'. The implicit default is deprecated and slated to become an error in Python 3.19.
    struct_NV2080_CTRL_INTERNAL_GR_FECS_TRACE_HW_ENABLE_PARAMS._fields_ = [

tinyops/image/blur_test.py::test_blur_color[ksize0]
  /app/.venv/lib/python3.14/site-packages/tinygrad/runtime/autogen/nv_gpu.py:20717: DeprecationWarning: Due to '_pack_', the 'struct_NV2080_CTRL_INTERNAL_GR_FECS_TRACE_OFFSET_PARAMS' Structure will use memory layout compatible with MSVC (Windows). If this is intended, set _layout_ to 'ms'. The implicit default is deprecated and slated to become an error in Python 3.19.
    struct_NV2080_CTRL_INTERNAL_GR_FECS_TRACE_OFFSET_PARAMS._fields_ = [

tinyops/image/blur_test.py::test_blur_color[ksize0]
  /app/.venv/lib/python3.14/site-packages/tinygrad/runtime/autogen/nv_gpu.py:20731: DeprecationWarning: Due to '_pack_', the 'struct_NV2080_CTRL_INTERNAL_STATIC_GR_GET_FECS_RECORD_SIZE' Structure will use memory layout compatible with MSVC (Windows). If this is intended, set _layout_ to 'ms'. The implicit default is deprecated and slated to become an error in Python 3.19.
    struct_NV2080_CTRL_INTERNAL_STATIC_GR_GET_FECS_RECORD_SIZE._fields_ = [

tinyops/image/blur_test.py::test_blur_color[ksize0]
  /app/.venv/lib/python3.14/site-packages/tinygrad/runtime/autogen/nv_gpu.py:20736: DeprecationWarning: Due to '_pack_', the 'struct_NV2080_CTRL_INTERNAL_STATIC_GR_GET_FECS_RECORD_SIZE_PARAMS' Structure will use memory layout compatible with MSVC (Windows). If this is intended, set _layout_ to 'ms'. The implicit default is deprecated and slated to become an error in Python 3.19.
    class struct_NV2080_CTRL_INTERNAL_STATIC_GR_GET_FECS_RECORD_SIZE_PARAMS(Structure):

tinyops/image/blur_test.py::test_blur_color[ksize0]
  /app/.venv/lib/python3.14/site-packages/tinygrad/runtime/autogen/nv_gpu.py:20748: DeprecationWarning: Due to '_pack_', the 'struct_NV2080_CTRL_INTERNAL_STATIC_GR_GET_FECS_TRACE_DEFINES' Structure will use memory layout compatible with MSVC (Windows). If this is intended, set _layout_ to 'ms'. The implicit default is deprecated and slated to become an error in Python 3.19.
    struct_NV2080_CTRL_INTERNAL_STATIC_GR_GET_FECS_TRACE_DEFINES._fields_ = [

tinyops/image/blur_test.py::test_blur_color[ksize0]
  /app/.venv/lib/python3.14/site-packages/tinygrad/runtime/autogen/nv_gpu.py:20759: DeprecationWarning: Due to '_pack_', the 'struct_NV2080_CTRL_INTERNAL_STATIC_GR_GET_FECS_TRACE_DEFINES_PARAMS' Structure will use memory layout compatible with MSVC (Windows). If this is intended, set _layout_ to 'ms'. The implicit default is deprecated and slated to become an error in Python 3.19.
    class struct_NV2080_CTRL_INTERNAL_STATIC_GR_GET_FECS_TRACE_DEFINES_PARAMS(Structure):

tinyops/image/blur_test.py::test_blur_color[ksize0]
  /app/.venv/lib/python3.14/site-packages/tinygrad/runtime/autogen/nv_gpu.py:20771: DeprecationWarning: Due to '_pack_', the 'struct_NV2080_CTRL_INTERNAL_DEVICE_INFO' Structure will use memory layout compatible with MSVC (Windows). If this is intended, set _layout_ to 'ms'. The implicit default is deprecated and slated to become an error in Python 3.19.
    struct_NV2080_CTRL_INTERNAL_DEVICE_INFO._fields_ = [

tinyops/image/blur_test.py::test_blur_color[ksize0]
  /app/.venv/lib/python3.14/site-packages/tinygrad/runtime/autogen/nv_gpu.py:20791: DeprecationWarning: Due to '_pack_', the 'struct_NV2080_CTRL_INTERNAL_GET_DEVICE_INFO_TABLE_PARAMS' Structure will use memory layout compatible with MSVC (Windows). If this is intended, set _layout_ to 'ms'. The implicit default is deprecated and slated to become an error in Python 3.19.
    struct_NV2080_CTRL_INTERNAL_GET_DEVICE_INFO_TABLE_PARAMS._fields_ = [

tinyops/image/blur_test.py::test_blur_color[ksize0]
  /app/.venv/lib/python3.14/site-packages/tinygrad/runtime/autogen/nv_gpu.py:20801: DeprecationWarning: Due to '_pack_', the 'struct_NV2080_CTRL_INTERNAL_GPU_GET_USER_REGISTER_ACCESS_MAP_PARAMS' Structure will use memory layout compatible with MSVC (Windows). If this is intended, set _layout_ to 'ms'. The implicit default is deprecated and slated to become an error in Python 3.19.
    struct_NV2080_CTRL_INTERNAL_GPU_GET_USER_REGISTER_ACCESS_MAP_PARAMS._fields_ = [

tinyops/image/blur_test.py::test_blur_color[ksize0]
  /app/.venv/lib/python3.14/site-packages/tinygrad/runtime/autogen/nv_gpu.py:20814: DeprecationWarning: Due to '_pack_', the 'struct_NV2080_CTRL_INTERNAL_NV_RANGE' Structure will use memory layout compatible with MSVC (Windows). If this is intended, set _layout_ to 'ms'. The implicit default is deprecated and slated to become an error in Python 3.19.
    struct_NV2080_CTRL_INTERNAL_NV_RANGE._fields_ = [

tinyops/image/blur_test.py::test_blur_color[ksize0]
  /app/.venv/lib/python3.14/site-packages/tinygrad/runtime/autogen/nv_gpu.py:20824: DeprecationWarning: Due to '_pack_', the 'struct_NV2080_CTRL_INTERNAL_MIGMGR_PROMOTE_GPU_INSTANCE_MEM_RANGE_PARAMS' Structure will use memory layout compatible with MSVC (Windows). If this is intended, set _layout_ to 'ms'. The implicit default is deprecated and slated to become an error in Python 3.19.
    struct_NV2080_CTRL_INTERNAL_MIGMGR_PROMOTE_GPU_INSTANCE_MEM_RANGE_PARAMS._fields_ = [

tinyops/image/blur_test.py::test_blur_color[ksize0]
  /app/.venv/lib/python3.14/site-packages/tinygrad/runtime/autogen/nv_gpu.py:20836: DeprecationWarning: Due to '_pack_', the 'struct_NV2080_CTRL_INTERNAL_GR_INIT_BUG4208224_WAR_PARAMS' Structure will use memory layout compatible with MSVC (Windows). If this is intended, set _layout_ to 'ms'. The implicit default is deprecated and slated to become an error in Python 3.19.
    struct_NV2080_CTRL_INTERNAL_GR_INIT_BUG4208224_WAR_PARAMS._fields_ = [

tinyops/image/blur_test.py::test_blur_color[ksize0]
  /app/.venv/lib/python3.14/site-packages/tinygrad/runtime/autogen/nv_gpu.py:20846: DeprecationWarning: Due to '_pack_', the 'struct_NV2080_CTRL_INTERNAL_STATIC_GR_PDB_PROPERTIES' Structure will use memory layout compatible with MSVC (Windows). If this is intended, set _layout_ to 'ms'. The implicit default is deprecated and slated to become an error in Python 3.19.
    struct_NV2080_CTRL_INTERNAL_STATIC_GR_PDB_PROPERTIES._fields_ = [

tinyops/image/blur_test.py::test_blur_color[ksize0]
  /app/.venv/lib/python3.14/site-packages/tinygrad/runtime/autogen/nv_gpu.py:20851: DeprecationWarning: Due to '_pack_', the 'struct_NV2080_CTRL_INTERNAL_STATIC_GR_GET_PDB_PROPERTIES_PARAMS' Structure will use memory layout compatible with MSVC (Windows). If this is intended, set _layout_ to 'ms'. The implicit default is deprecated and slated to become an error in Python 3.19.
    class struct_NV2080_CTRL_INTERNAL_STATIC_GR_GET_PDB_PROPERTIES_PARAMS(Structure):

tinyops/image/blur_test.py::test_blur_color[ksize0]
  /app/.venv/lib/python3.14/site-packages/tinygrad/runtime/autogen/nv_gpu.py:20863: DeprecationWarning: Due to '_pack_', the 'struct_NV2080_CTRL_INTERNAL_DISPLAY_WRITE_INST_MEM_PARAMS' Structure will use memory layout compatible with MSVC (Windows). If this is intended, set _layout_ to 'ms'. The implicit default is deprecated and slated to become an error in Python 3.19.
    struct_NV2080_CTRL_INTERNAL_DISPLAY_WRITE_INST_MEM_PARAMS._fields_ = [

tinyops/image/blur_test.py::test_blur_color[ksize0]
  /app/.venv/lib/python3.14/site-packages/tinygrad/runtime/autogen/nv_gpu.py:20875: DeprecationWarning: Due to '_pack_', the 'struct_NV2080_CTRL_INTERNAL_DISPLAY_GET_IP_VERSION_PARAMS' Structure will use memory layout compatible with MSVC (Windows). If this is intended, set _layout_ to 'ms'. The implicit default is deprecated and slated to become an error in Python 3.19.
    struct_NV2080_CTRL_INTERNAL_DISPLAY_GET_IP_VERSION_PARAMS._fields_ = [

tinyops/image/blur_test.py::test_blur_color[ksize0]
  /app/.venv/lib/python3.14/site-packages/tinygrad/runtime/autogen/nv_gpu.py:20884: DeprecationWarning: Due to '_pack_', the 'struct_NV2080_CTRL_INTERNAL_GPU_GET_SMC_MODE_PARAMS' Structure will use memory layout compatible with MSVC (Windows). If this is intended, set _layout_ to 'ms'. The implicit default is deprecated and slated to become an error in Python 3.19.
    struct_NV2080_CTRL_INTERNAL_GPU_GET_SMC_MODE_PARAMS._fields_ = [

tinyops/image/blur_test.py::test_blur_color[ksize0]
  /app/.venv/lib/python3.14/site-packages/tinygrad/runtime/autogen/nv_gpu.py:20893: DeprecationWarning: Due to '_pack_', the 'struct_NV2080_CTRL_INTERNAL_DISPLAY_SETUP_RG_LINE_INTR_PARAMS' Structure will use memory layout compatible with MSVC (Windows). If this is intended, set _layout_ to 'ms'. The implicit default is deprecated and slated to become an error in Python 3.19.
    struct_NV2080_CTRL_INTERNAL_DISPLAY_SETUP_RG_LINE_INTR_PARAMS._fields_ = [

tinyops/image/blur_test.py::test_blur_color[ksize0]
  /app/.venv/lib/python3.14/site-packages/tinygrad/runtime/autogen/nv_gpu.py:20906: DeprecationWarning: Due to '_pack_', the 'struct_NV2080_CTRL_INTERNAL_MIGMGR_PROFILE_INFO' Structure will use memory layout compatible with MSVC (Windows). If this is intended, set _layout_ to 'ms'. The implicit default is deprecated and slated to become an error in Python 3.19.
    struct_NV2080_CTRL_INTERNAL_MIGMGR_PROFILE_INFO._fields_ = [

tinyops/image/blur_test.py::test_blur_color[ksize0]
  /app/.venv/lib/python3.14/site-packages/tinygrad/runtime/autogen/nv_gpu.py:20930: DeprecationWarning: Due to '_pack_', the 'struct_NV2080_CTRL_INTERNAL_STATIC_MIGMGR_GET_PROFILES_PARAMS' Structure will use memory layout compatible with MSVC (Windows). If this is intended, set _layout_ to 'ms'. The implicit default is deprecated and slated to become an error in Python 3.19.
    struct_NV2080_CTRL_INTERNAL_STATIC_MIGMGR_GET_PROFILES_PARAMS._fields_ = [

tinyops/image/blur_test.py::test_blur_color[ksize0]
  /app/.venv/lib/python3.14/site-packages/tinygrad/runtime/autogen/nv_gpu.py:20941: DeprecationWarning: Due to '_pack_', the 'struct_NV2080_CTRL_INTERNAL_MEMSYS_SET_PARTITIONABLE_MEM_PARAMS' Structure will use memory layout compatible with MSVC (Windows). If this is intended, set _layout_ to 'ms'. The implicit default is deprecated and slated to become an error in Python 3.19.
    struct_NV2080_CTRL_INTERNAL_MEMSYS_SET_PARTITIONABLE_MEM_PARAMS._fields_ = [

tinyops/image/blur_test.py::test_blur_color[ksize0]
  /app/.venv/lib/python3.14/site-packages/tinygrad/runtime/autogen/nv_gpu.py:20954: DeprecationWarning: Due to '_pack_', the 'struct_NV2080_CTRL_INTERNAL_STATIC_MIGMGR_GET_PARTITIONABLE_ENGINES_PARAMS' Structure will use memory layout compatible with MSVC (Windows). If this is intended, set _layout_ to 'ms'. The implicit default is deprecated and slated to become an error in Python 3.19.
    struct_NV2080_CTRL_INTERNAL_STATIC_MIGMGR_GET_PARTITIONABLE_ENGINES_PARAMS._fields_ = [

tinyops/image/blur_test.py::test_blur_color[ksize0]
  /app/.venv/lib/python3.14/site-packages/tinygrad/runtime/autogen/nv_gpu.py:20963: DeprecationWarning: Due to '_pack_', the 'struct_NV2080_CTRL_INTERNAL_FIFO_PROMOTE_RUNLIST_BUFFERS_PARAMS' Structure will use memory layout compatible with MSVC (Windows). If this is intended, set _layout_ to 'ms'. The implicit default is deprecated and slated to become an error in Python 3.19.
    struct_NV2080_CTRL_INTERNAL_FIFO_PROMOTE_RUNLIST_BUFFERS_PARAMS._fields_ = [

tinyops/image/blur_test.py::test_blur_color[ksize0]
  /app/.venv/lib/python3.14/site-packages/tinygrad/runtime/autogen/nv_gpu.py:20981: DeprecationWarning: Due to '_pack_', the 'struct_DRAM_CLK_INSTANCE' Structure will use memory layout compatible with MSVC (Windows). If this is intended, set _layout_ to 'ms'. The implicit default is deprecated and slated to become an error in Python 3.19.
    struct_DRAM_CLK_INSTANCE._fields_ = [

tinyops/image/blur_test.py::test_blur_color[ksize0]
  /app/.venv/lib/python3.14/site-packages/tinygrad/runtime/autogen/nv_gpu.py:20990: DeprecationWarning: Due to '_pack_', the 'struct_TEGRA_IMP_IMPORT_DATA' Structure will use memory layout compatible with MSVC (Windows). If this is intended, set _layout_ to 'ms'. The implicit default is deprecated and slated to become an error in Python 3.19.
    struct_TEGRA_IMP_IMPORT_DATA._fields_ = [

tinyops/image/blur_test.py::test_blur_color[ksize0]
  /app/.venv/lib/python3.14/site-packages/tinygrad/runtime/autogen/nv_gpu.py:20998: DeprecationWarning: Due to '_pack_', the 'struct_NV2080_CTRL_INTERNAL_DISPLAY_SET_IMP_INIT_INFO_PARAMS' Structure will use memory layout compatible with MSVC (Windows). If this is intended, set _layout_ to 'ms'. The implicit default is deprecated and slated to become an error in Python 3.19.
    struct_NV2080_CTRL_INTERNAL_DISPLAY_SET_IMP_INIT_INFO_PARAMS._fields_ = [

tinyops/image/blur_test.py::test_blur_color[ksize0]
  /app/.venv/lib/python3.14/site-packages/tinygrad/runtime/autogen/nv_gpu.py:21007: DeprecationWarning: Due to '_pack_', the 'struct_NV2080_CTRL_INTERNAL_GET_EGPU_BRIDGE_INFO_PARAMS' Structure will use memory layout compatible with MSVC (Windows). If this is intended, set _layout_ to 'ms'. The implicit default is deprecated and slated to become an error in Python 3.19.
    struct_NV2080_CTRL_INTERNAL_GET_EGPU_BRIDGE_INFO_PARAMS._fields_ = [

tinyops/image/blur_test.py::test_blur_color[ksize0]
  /app/.venv/lib/python3.14/site-packages/tinygrad/runtime/autogen/nv_gpu.py:21019: DeprecationWarning: Due to '_pack_', the 'struct_NV2080_CTRL_CMD_INTERNAL_BUS_SETUP_P2P_MAILBOX_LOCAL_PARAMS' Structure will use memory layout compatible with MSVC (Windows). If this is intended, set _layout_ to 'ms'. The implicit default is deprecated and slated to become an error in Python 3.19.
    struct_NV2080_CTRL_CMD_INTERNAL_BUS_SETUP_P2P_MAILBOX_LOCAL_PARAMS._fields_ = [

tinyops/image/blur_test.py::test_blur_color[ksize0]
  /app/.venv/lib/python3.14/site-packages/tinygrad/runtime/autogen/nv_gpu.py:21035: DeprecationWarning: Due to '_pack_', the 'struct_NV2080_CTRL_CMD_INTERNAL_BUS_SETUP_P2P_MAILBOX_REMOTE_PARAMS' Structure will use memory layout compatible with MSVC (Windows). If this is intended, set _layout_ to 'ms'. The implicit default is deprecated and slated to become an error in Python 3.19.
    struct_NV2080_CTRL_CMD_INTERNAL_BUS_SETUP_P2P_MAILBOX_REMOTE_PARAMS._fields_ = [

tinyops/image/blur_test.py::test_blur_color[ksize0]
  /app/.venv/lib/python3.14/site-packages/tinygrad/runtime/autogen/nv_gpu.py:21049: DeprecationWarning: Due to '_pack_', the 'struct_NV2080_CTRL_INTERNAL_BUS_DESTROY_P2P_MAILBOX_PARAMS' Structure will use memory layout compatible with MSVC (Windows). If this is intended, set _layout_ to 'ms'. The implicit default is deprecated and slated to become an error in Python 3.19.
    struct_NV2080_CTRL_INTERNAL_BUS_DESTROY_P2P_MAILBOX_PARAMS._fields_ = [

tinyops/image/blur_test.py::test_blur_color[ksize0]
  /app/.venv/lib/python3.14/site-packages/tinygrad/runtime/autogen/nv_gpu.py:21060: DeprecationWarning: Due to '_pack_', the 'struct_NV2080_CTRL_INTERNAL_BUS_CREATE_C2C_PEER_MAPPING_PARAMS' Structure will use memory layout compatible with MSVC (Windows). If this is intended, set _layout_ to 'ms'. The implicit default is deprecated and slated to become an error in Python 3.19.
    struct_NV2080_CTRL_INTERNAL_BUS_CREATE_C2C_PEER_MAPPING_PARAMS._fields_ = [

tinyops/image/blur_test.py::test_blur_color[ksize0]
  /app/.venv/lib/python3.14/site-packages/tinygrad/runtime/autogen/nv_gpu.py:21069: DeprecationWarning: Due to '_pack_', the 'struct_NV2080_CTRL_INTERNAL_BUS_REMOVE_C2C_PEER_MAPPING_PARAMS' Structure will use memory layout compatible with MSVC (Windows). If this is intended, set _layout_ to 'ms'. The implicit default is deprecated and slated to become an error in Python 3.19.
    struct_NV2080_CTRL_INTERNAL_BUS_REMOVE_C2C_PEER_MAPPING_PARAMS._fields_ = [

tinyops/image/blur_test.py::test_blur_color[ksize0]
  /app/.venv/lib/python3.14/site-packages/tinygrad/runtime/autogen/nv_gpu.py:21078: DeprecationWarning: Due to '_pack_', the 'struct_NV2080_CTRL_INTERNAL_VMMU_GET_SPA_FOR_GPA_ENTRIES_PARAMS' Structure will use memory layout compatible with MSVC (Windows). If this is intended, set _layout_ to 'ms'. The implicit default is deprecated and slated to become an error in Python 3.19.
    struct_NV2080_CTRL_INTERNAL_VMMU_GET_SPA_FOR_GPA_ENTRIES_PARAMS._fields_ = [

tinyops/image/blur_test.py::test_blur_color[ksize0]
  /app/.venv/lib/python3.14/site-packages/tinygrad/runtime/autogen/nv_gpu.py:21090: DeprecationWarning: Due to '_pack_', the 'struct_NV2080_CTRL_INTERNAL_DISPLAY_CHANNEL_PUSHBUFFER_PARAMS' Structure will use memory layout compatible with MSVC (Windows). If this is intended, set _layout_ to 'ms'. The implicit default is deprecated and slated to become an error in Python 3.19.
    struct_NV2080_CTRL_INTERNAL_DISPLAY_CHANNEL_PUSHBUFFER_PARAMS._fields_ = [

tinyops/image/blur_test.py::test_blur_color[ksize0]
  /app/.venv/lib/python3.14/site-packages/tinygrad/runtime/autogen/nv_gpu.py:21111: DeprecationWarning: Due to '_pack_', the 'struct_NV2080_CTRL_INTERNAL_GMMU_GET_STATIC_INFO_PARAMS' Structure will use memory layout compatible with MSVC (Windows). If this is intended, set _layout_ to 'ms'. The implicit default is deprecated and slated to become an error in Python 3.19.
    struct_NV2080_CTRL_INTERNAL_GMMU_GET_STATIC_INFO_PARAMS._fields_ = [

tinyops/image/blur_test.py::test_blur_color[ksize0]
  /app/.venv/lib/python3.14/site-packages/tinygrad/runtime/autogen/nv_gpu.py:21124: DeprecationWarning: Due to '_pack_', the 'struct_NV2080_CTRL_INTERNAL_FB_GET_HEAP_RESERVATION_SIZE_PARAMS' Structure will use memory layout compatible with MSVC (Windows). If this is intended, set _layout_ to 'ms'. The implicit default is deprecated and slated to become an error in Python 3.19.
    struct_NV2080_CTRL_INTERNAL_FB_GET_HEAP_RESERVATION_SIZE_PARAMS._fields_ = [

tinyops/image/blur_test.py::test_blur_color[ksize0]
  /app/.venv/lib/python3.14/site-packages/tinygrad/runtime/autogen/nv_gpu.py:21155: DeprecationWarning: Due to '_pack_', the 'struct_NV2080_INTR_CATEGORY_SUBTREE_MAP' Structure will use memory layout compatible with MSVC (Windows). If this is intended, set _layout_ to 'ms'. The implicit default is deprecated and slated to become an error in Python 3.19.
    struct_NV2080_INTR_CATEGORY_SUBTREE_MAP._fields_ = [

tinyops/image/blur_test.py::test_blur_color[ksize0]
  /app/.venv/lib/python3.14/site-packages/tinygrad/runtime/autogen/nv_gpu.py:21165: DeprecationWarning: Due to '_pack_', the 'struct_NV2080_CTRL_INTERNAL_INTR_GET_KERNEL_TABLE_ENTRY' Structure will use memory layout compatible with MSVC (Windows). If this is intended, set _layout_ to 'ms'. The implicit default is deprecated and slated to become an error in Python 3.19.
    struct_NV2080_CTRL_INTERNAL_INTR_GET_KERNEL_TABLE_ENTRY._fields_ = [

tinyops/image/blur_test.py::test_blur_color[ksize0]
  /app/.venv/lib/python3.14/site-packages/tinygrad/runtime/autogen/nv_gpu.py:21178: DeprecationWarning: Due to '_pack_', the 'struct_NV2080_CTRL_INTERNAL_INTR_GET_KERNEL_TABLE_PARAMS' Structure will use memory layout compatible with MSVC (Windows). If this is intended, set _layout_ to 'ms'. The implicit default is deprecated and slated to become an error in Python 3.19.
    struct_NV2080_CTRL_INTERNAL_INTR_GET_KERNEL_TABLE_PARAMS._fields_ = [

tinyops/image/blur_test.py::test_blur_color[ksize0]
  /app/.venv/lib/python3.14/site-packages/tinygrad/runtime/autogen/nv_gpu.py:21190: DeprecationWarning: Due to '_pack_', the 'struct_NV2080_CTRL_INTERNAL_PERF_PERFMON_CLIENT_RESERVATION_CHECK_PARAMS' Structure will use memory layout compatible with MSVC (Windows). If this is intended, set _layout_ to 'ms'. The implicit default is deprecated and slated to become an error in Python 3.19.
    struct_NV2080_CTRL_INTERNAL_PERF_PERFMON_CLIENT_RESERVATION_CHECK_PARAMS._fields_ = [

tinyops/image/blur_test.py::test_blur_color[ksize0]
  /app/.venv/lib/python3.14/site-packages/tinygrad/runtime/autogen/nv_gpu.py:21199: DeprecationWarning: Due to '_pack_', the 'struct_NV2080_CTRL_INTERNAL_PERF_PERFMON_CLIENT_RESERVATION_SET_PARAMS' Structure will use memory layout compatible with MSVC (Windows). If this is intended, set _layout_ to 'ms'. The implicit default is deprecated and slated to become an error in Python 3.19.
    struct_NV2080_CTRL_INTERNAL_PERF_PERFMON_CLIENT_RESERVATION_SET_PARAMS._fields_ = [

tinyops/image/blur_test.py::test_blur_color[ksize0]
  /app/.venv/lib/python3.14/site-packages/tinygrad/runtime/autogen/nv_gpu.py:21210: DeprecationWarning: Due to '_pack_', the 'struct_NV2080_CTRL_INTERNAL_DISPLAY_GET_ACTIVE_DISPLAY_DEVICES_PARAMS' Structure will use memory layout compatible with MSVC (Windows). If this is intended, set _layout_ to 'ms'. The implicit default is deprecated and slated to become an error in Python 3.19.
    struct_NV2080_CTRL_INTERNAL_DISPLAY_GET_ACTIVE_DISPLAY_DEVICES_PARAMS._fields_ = [

tinyops/image/blur_test.py::test_blur_color[ksize0]
  /app/.venv/lib/python3.14/site-packages/tinygrad/runtime/autogen/nv_gpu.py:21216: DeprecationWarning: Due to '_pack_', the 'struct_NV2080_CTRL_INTERNAL_STATIC_MIGMGR_GET_SWIZZ_ID_FB_MEM_PAGE_RANGES_PARAMS' Structure will use memory layout compatible with MSVC (Windows). If this is intended, set _layout_ to 'ms'. The implicit default is deprecated and slated to become an error in Python 3.19.
    class struct_NV2080_CTRL_INTERNAL_STATIC_MIGMGR_GET_SWIZZ_ID_FB_MEM_PAGE_RANGES_PARAMS(Structure):

tinyops/image/blur_test.py::test_blur_color[ksize0]
  /app/.venv/lib/python3.14/site-packages/tinygrad/runtime/autogen/nv_gpu.py:21227: DeprecationWarning: Due to '_pack_', the 'struct_NV2080_CTRL_INTERNAL_FIFO_GET_NUM_CHANNELS_PARAMS' Structure will use memory layout compatible with MSVC (Windows). If this is intended, set _layout_ to 'ms'. The implicit default is deprecated and slated to become an error in Python 3.19.
    struct_NV2080_CTRL_INTERNAL_FIFO_GET_NUM_CHANNELS_PARAMS._fields_ = [

tinyops/image/blur_test.py::test_blur_color[ksize0]
  /app/.venv/lib/python3.14/site-packages/tinygrad/runtime/autogen/nv_gpu.py:21240: DeprecationWarning: Due to '_pack_', the 'struct_NV2080_CTRL_INTERNAL_MEMSYS_GET_MIG_MEMORY_CONFIG_PARAMS' Structure will use memory layout compatible with MSVC (Windows). If this is intended, set _layout_ to 'ms'. The implicit default is deprecated and slated to become an error in Python 3.19.
    struct_NV2080_CTRL_INTERNAL_MEMSYS_GET_MIG_MEMORY_CONFIG_PARAMS._fields_ = [

tinyops/image/blur_test.py::test_blur_color[ksize0]
  /app/.venv/lib/python3.14/site-packages/tinygrad/runtime/autogen/nv_gpu.py:21255: DeprecationWarning: Due to '_pack_', the 'struct_NV2080_CTRL_INTERNAL_MEMSYS_GET_MIG_MEMORY_PARTITION_TABLE_PARAMS' Structure will use memory layout compatible with MSVC (Windows). If this is intended, set _layout_ to 'ms'. The implicit default is deprecated and slated to become an error in Python 3.19.
    struct_NV2080_CTRL_INTERNAL_MEMSYS_GET_MIG_MEMORY_PARTITION_TABLE_PARAMS._fields_ = [

tinyops/image/blur_test.py::test_blur_color[ksize0]
  /app/.venv/lib/python3.14/site-packages/tinygrad/runtime/autogen/nv_gpu.py:21264: DeprecationWarning: Due to '_pack_', the 'struct_NV2080_CTRL_INTERNAL_PERF_GET_AUX_POWER_STATE_PARAMS' Structure will use memory layout compatible with MSVC (Windows). If this is intended, set _layout_ to 'ms'. The implicit default is deprecated and slated to become an error in Python 3.19.
    struct_NV2080_CTRL_INTERNAL_PERF_GET_AUX_POWER_STATE_PARAMS._fields_ = [

tinyops/image/blur_test.py::test_blur_color[ksize0]
  /app/.venv/lib/python3.14/site-packages/tinygrad/runtime/autogen/nv_gpu.py:21273: DeprecationWarning: Due to '_pack_', the 'struct_NV2080_CTRL_INTERNAL_PERF_BOOST_SET_PARAMS_2X' Structure will use memory layout compatible with MSVC (Windows). If this is intended, set _layout_ to 'ms'. The implicit default is deprecated and slated to become an error in Python 3.19.
    struct_NV2080_CTRL_INTERNAL_PERF_BOOST_SET_PARAMS_2X._fields_ = [

tinyops/image/blur_test.py::test_blur_color[ksize0]
  /app/.venv/lib/python3.14/site-packages/tinygrad/runtime/autogen/nv_gpu.py:21284: DeprecationWarning: Due to '_pack_', the 'struct_NV2080_CTRL_INTERNAL_PERF_GPU_BOOST_SYNC_CONTROL_PARAMS' Structure will use memory layout compatible with MSVC (Windows). If this is intended, set _layout_ to 'ms'. The implicit default is deprecated and slated to become an error in Python 3.19.
    struct_NV2080_CTRL_INTERNAL_PERF_GPU_BOOST_SYNC_CONTROL_PARAMS._fields_ = [

tinyops/image/blur_test.py::test_blur_color[ksize0]
  /app/.venv/lib/python3.14/site-packages/tinygrad/runtime/autogen/nv_gpu.py:21293: DeprecationWarning: Due to '_pack_', the 'struct_NV2080_CTRL_INTERNAL_PERF_GPU_BOOST_SYNC_SET_LIMITS_PARAMS' Structure will use memory layout compatible with MSVC (Windows). If this is intended, set _layout_ to 'ms'. The implicit default is deprecated and slated to become an error in Python 3.19.
    struct_NV2080_CTRL_INTERNAL_PERF_GPU_BOOST_SYNC_SET_LIMITS_PARAMS._fields_ = [

tinyops/image/blur_test.py::test_blur_color[ksize0]
  /app/.venv/lib/python3.14/site-packages/tinygrad/runtime/autogen/nv_gpu.py:21305: DeprecationWarning: Due to '_pack_', the 'struct_NV2080_CTRL_INTERNAL_PERF_GPU_BOOST_SYNC_GET_INFO_PARAMS' Structure will use memory layout compatible with MSVC (Windows). If this is intended, set _layout_ to 'ms'. The implicit default is deprecated and slated to become an error in Python 3.19.
    struct_NV2080_CTRL_INTERNAL_PERF_GPU_BOOST_SYNC_GET_INFO_PARAMS._fields_ = [

tinyops/image/blur_test.py::test_blur_color[ksize0]
  /app/.venv/lib/python3.14/site-packages/tinygrad/runtime/autogen/nv_gpu.py:21317: DeprecationWarning: Due to '_pack_', the 'struct_NV2080_CTRL_INTERNAL_GMMU_REGISTER_FAULT_BUFFER_PARAMS' Structure will use memory layout compatible with MSVC (Windows). If this is intended, set _layout_ to 'ms'. The implicit default is deprecated and slated to become an error in Python 3.19.
    struct_NV2080_CTRL_INTERNAL_GMMU_REGISTER_FAULT_BUFFER_PARAMS._fields_ = [

tinyops/image/blur_test.py::test_blur_color[ksize0]
  /app/.venv/lib/python3.14/site-packages/tinygrad/runtime/autogen/nv_gpu.py:21330: DeprecationWarning: Due to '_pack_', the 'struct_NV2080_CTRL_INTERNAL_GMMU_REGISTER_CLIENT_SHADOW_FAULT_BUFFER_PARAMS' Structure will use memory layout compatible with MSVC (Windows). If this is intended, set _layout_ to 'ms'. The implicit default is deprecated and slated to become an error in Python 3.19.
    struct_NV2080_CTRL_INTERNAL_GMMU_REGISTER_CLIENT_SHADOW_FAULT_BUFFER_PARAMS._fields_ = [

tinyops/image/blur_test.py::test_blur_color[ksize0]
  /app/.venv/lib/python3.14/site-packages/tinygrad/runtime/autogen/nv_gpu.py:21345: DeprecationWarning: Due to '_pack_', the 'struct_NV2080_CTRL_INTERNAL_GMMU_UNREGISTER_CLIENT_SHADOW_FAULT_BUFFER_PARAMS' Structure will use memory layout compatible with MSVC (Windows). If this is intended, set _layout_ to 'ms'. The implicit default is deprecated and slated to become an error in Python 3.19.
    struct_NV2080_CTRL_INTERNAL_GMMU_UNREGISTER_CLIENT_SHADOW_FAULT_BUFFER_PARAMS._fields_ = [

tinyops/image/blur_test.py::test_blur_color[ksize0]
  /app/.venv/lib/python3.14/site-packages/tinygrad/runtime/autogen/nv_gpu.py:21350: DeprecationWarning: Due to '_pack_', the 'struct_NV2080_CTRL_INTERNAL_GMMU_COPY_RESERVED_SPLIT_GVASPACE_PDES_TO_SERVER_PARAMS' Structure will use memory layout compatible with MSVC (Windows). If this is intended, set _layout_ to 'ms'. The implicit default is deprecated and slated to become an error in Python 3.19.
    class struct_NV2080_CTRL_INTERNAL_GMMU_COPY_RESERVED_SPLIT_GVASPACE_PDES_TO_SERVER_PARAMS(Structure):

tinyops/image/blur_test.py::test_blur_color[ksize0]
  /app/.venv/lib/python3.14/site-packages/tinygrad/runtime/autogen/nv_gpu.py:21361: DeprecationWarning: Due to '_pack_', the 'struct_NV2080_CTRL_INTERNAL_PERF_BOOST_SET_PARAMS_3X' Structure will use memory layout compatible with MSVC (Windows). If this is intended, set _layout_ to 'ms'. The implicit default is deprecated and slated to become an error in Python 3.19.
    struct_NV2080_CTRL_INTERNAL_PERF_BOOST_SET_PARAMS_3X._fields_ = [

tinyops/image/blur_test.py::test_blur_color[ksize0]
  /app/.venv/lib/python3.14/site-packages/tinygrad/runtime/autogen/nv_gpu.py:21374: DeprecationWarning: Due to '_pack_', the 'struct_NV2080_CTRL_INTERNAL_PERF_BOOST_CLEAR_PARAMS_3X' Structure will use memory layout compatible with MSVC (Windows). If this is intended, set _layout_ to 'ms'. The implicit default is deprecated and slated to become an error in Python 3.19.
    struct_NV2080_CTRL_INTERNAL_PERF_BOOST_CLEAR_PARAMS_3X._fields_ = [

tinyops/image/blur_test.py::test_blur_color[ksize0]
  /app/.venv/lib/python3.14/site-packages/tinygrad/runtime/autogen/nv_gpu.py:21385: DeprecationWarning: Due to '_pack_', the 'struct_NV2080_CTRL_INTERNAL_GRMGR_SKYLINE_INFO' Structure will use memory layout compatible with MSVC (Windows). If this is intended, set _layout_ to 'ms'. The implicit default is deprecated and slated to become an error in Python 3.19.
    struct_NV2080_CTRL_INTERNAL_GRMGR_SKYLINE_INFO._fields_ = [

tinyops/image/blur_test.py::test_blur_color[ksize0]
  /app/.venv/lib/python3.14/site-packages/tinygrad/runtime/autogen/nv_gpu.py:21398: DeprecationWarning: Due to '_pack_', the 'struct_NV2080_CTRL_INTERNAL_STATIC_GRMGR_GET_SKYLINE_INFO_PARAMS' Structure will use memory layout compatible with MSVC (Windows). If this is intended, set _layout_ to 'ms'. The implicit default is deprecated and slated to become an error in Python 3.19.
    struct_NV2080_CTRL_INTERNAL_STATIC_GRMGR_GET_SKYLINE_INFO_PARAMS._fields_ = [

tinyops/image/blur_test.py::test_blur_color[ksize0]
  /app/.venv/lib/python3.14/site-packages/tinygrad/runtime/autogen/nv_gpu.py:21412: DeprecationWarning: Due to '_pack_', the 'struct_NV2080_CTRL_INTERNAL_MEMSYS_SET_ZBC_REFERENCED_PARAMS' Structure will use memory layout compatible with MSVC (Windows). If this is intended, set _layout_ to 'ms'. The implicit default is deprecated and slated to become an error in Python 3.19.
    struct_NV2080_CTRL_INTERNAL_MEMSYS_SET_ZBC_REFERENCED_PARAMS._fields_ = [

tinyops/image/blur_test.py::test_blur_color[ksize0]
  /app/.venv/lib/python3.14/site-packages/tinygrad/runtime/autogen/nv_gpu.py:21421: DeprecationWarning: Due to '_pack_', the 'struct_NV2080_CTRL_INTERNAL_KMIGMGR_EXPORTED_GPU_INSTANCE_INFO' Structure will use memory layout compatible with MSVC (Windows). If this is intended, set _layout_ to 'ms'. The implicit default is deprecated and slated to become an error in Python 3.19.
    struct_NV2080_CTRL_INTERNAL_KMIGMGR_EXPORTED_GPU_INSTANCE_INFO._fields_ = [

tinyops/image/blur_test.py::test_blur_color[ksize0]
  /app/.venv/lib/python3.14/site-packages/tinygrad/runtime/autogen/nv_gpu.py:21436: DeprecationWarning: Due to '_pack_', the 'struct_NV2080_CTRL_INTERNAL_KMIGMGR_IMPORT_EXPORT_GPU_INSTANCE_PARAMS' Structure will use memory layout compatible with MSVC (Windows). If this is intended, set _layout_ to 'ms'. The implicit default is deprecated and slated to become an error in Python 3.19.
    struct_NV2080_CTRL_INTERNAL_KMIGMGR_IMPORT_EXPORT_GPU_INSTANCE_PARAMS._fields_ = [

tinyops/image/blur_test.py::test_blur_color[ksize0]
  /app/.venv/lib/python3.14/site-packages/tinygrad/runtime/autogen/nv_gpu.py:21452: DeprecationWarning: Due to '_pack_', the 'struct_NV2080_CTRL_INTERNAL_MEMSYS_L2_INVALIDATE_EVICT_PARAMS' Structure will use memory layout compatible with MSVC (Windows). If this is intended, set _layout_ to 'ms'. The implicit default is deprecated and slated to become an error in Python 3.19.
    struct_NV2080_CTRL_INTERNAL_MEMSYS_L2_INVALIDATE_EVICT_PARAMS._fields_ = [

tinyops/image/blur_test.py::test_blur_color[ksize0]
  /app/.venv/lib/python3.14/site-packages/tinygrad/runtime/autogen/nv_gpu.py:21461: DeprecationWarning: Due to '_pack_', the 'struct_NV2080_CTRL_INTERNAL_BIF_GET_STATIC_INFO_PARAMS' Structure will use memory layout compatible with MSVC (Windows). If this is intended, set _layout_ to 'ms'. The implicit default is deprecated and slated to become an error in Python 3.19.
    struct_NV2080_CTRL_INTERNAL_BIF_GET_STATIC_INFO_PARAMS._fields_ = [

tinyops/image/blur_test.py::test_blur_color[ksize0]
  /app/.venv/lib/python3.14/site-packages/tinygrad/runtime/autogen/nv_gpu.py:21473: DeprecationWarning: Due to '_pack_', the 'struct_NV2080_CTRL_INTERNAL_HSHUB_PEER_CONN_CONFIG_PARAMS' Structure will use memory layout compatible with MSVC (Windows). If this is intended, set _layout_ to 'ms'. The implicit default is deprecated and slated to become an error in Python 3.19.
    struct_NV2080_CTRL_INTERNAL_HSHUB_PEER_CONN_CONFIG_PARAMS._fields_ = [

tinyops/image/blur_test.py::test_blur_color[ksize0]
  /app/.venv/lib/python3.14/site-packages/tinygrad/runtime/autogen/nv_gpu.py:21484: DeprecationWarning: Due to '_pack_', the 'struct_NV2080_CTRL_INTERNAL_HSHUB_GET_HSHUB_ID_FOR_LINKS_PARAMS' Structure will use memory layout compatible with MSVC (Windows). If this is intended, set _layout_ to 'ms'. The implicit default is deprecated and slated to become an error in Python 3.19.
    struct_NV2080_CTRL_INTERNAL_HSHUB_GET_HSHUB_ID_FOR_LINKS_PARAMS._fields_ = [

tinyops/image/blur_test.py::test_blur_color[ksize0]
  /app/.venv/lib/python3.14/site-packages/tinygrad/runtime/autogen/nv_gpu.py:21494: DeprecationWarning: Due to '_pack_', the 'struct_NV2080_CTRL_INTERNAL_HSHUB_GET_NUM_UNITS_PARAMS' Structure will use memory layout compatible with MSVC (Windows). If this is intended, set _layout_ to 'ms'. The implicit default is deprecated and slated to become an error in Python 3.19.
    struct_NV2080_CTRL_INTERNAL_HSHUB_GET_NUM_UNITS_PARAMS._fields_ = [

tinyops/image/blur_test.py::test_blur_color[ksize0]
  /app/.venv/lib/python3.14/site-packages/tinygrad/runtime/autogen/nv_gpu.py:21503: DeprecationWarning: Due to '_pack_', the 'struct_NV2080_CTRL_INTERNAL_HSHUB_NEXT_HSHUB_ID_PARAMS' Structure will use memory layout compatible with MSVC (Windows). If this is intended, set _layout_ to 'ms'. The implicit default is deprecated and slated to become an error in Python 3.19.
    struct_NV2080_CTRL_INTERNAL_HSHUB_NEXT_HSHUB_ID_PARAMS._fields_ = [

tinyops/image/blur_test.py::test_blur_color[ksize0]
  /app/.venv/lib/python3.14/site-packages/tinygrad/runtime/autogen/nv_gpu.py:21512: DeprecationWarning: Due to '_pack_', the 'struct_NV2080_CTRL_INTERNAL_HSHUB_EGM_CONFIG_PARAMS' Structure will use memory layout compatible with MSVC (Windows). If this is intended, set _layout_ to 'ms'. The implicit default is deprecated and slated to become an error in Python 3.19.
    struct_NV2080_CTRL_INTERNAL_HSHUB_EGM_CONFIG_PARAMS._fields_ = [

tinyops/image/blur_test.py::test_blur_color[ksize0]
  /app/.venv/lib/python3.14/site-packages/tinygrad/runtime/autogen/nv_gpu.py:21521: DeprecationWarning: Due to '_pack_', the 'struct_NV2080_CTRL_INTERNAL_NVLINK_GET_SET_NVSWITCH_FABRIC_ADDR_PARAMS' Structure will use memory layout compatible with MSVC (Windows). If this is intended, set _layout_ to 'ms'. The implicit default is deprecated and slated to become an error in Python 3.19.
    struct_NV2080_CTRL_INTERNAL_NVLINK_GET_SET_NVSWITCH_FABRIC_ADDR_PARAMS._fields_ = [

tinyops/image/blur_test.py::test_blur_color[ksize0]
  /app/.venv/lib/python3.14/site-packages/tinygrad/runtime/autogen/nv_gpu.py:21532: DeprecationWarning: Due to '_pack_', the 'struct_NV2080_CTRL_INTERNAL_BIF_GET_ASPM_L1_FLAGS_PARAMS' Structure will use memory layout compatible with MSVC (Windows). If this is intended, set _layout_ to 'ms'. The implicit default is deprecated and slated to become an error in Python 3.19.
    struct_NV2080_CTRL_INTERNAL_BIF_GET_ASPM_L1_FLAGS_PARAMS._fields_ = [

tinyops/image/blur_test.py::test_blur_color[ksize0]
  /app/.venv/lib/python3.14/site-packages/tinygrad/runtime/autogen/nv_gpu.py:21542: DeprecationWarning: Due to '_pack_', the 'struct_NV2080_CTRL_INTERNAL_PERF_CF_CONTROLLERS_SET_MAX_VGPU_VM_COUNT_PARAMS' Structure will use memory layout compatible with MSVC (Windows). If this is intended, set _layout_ to 'ms'. The implicit default is deprecated and slated to become an error in Python 3.19.
    struct_NV2080_CTRL_INTERNAL_PERF_CF_CONTROLLERS_SET_MAX_VGPU_VM_COUNT_PARAMS._fields_ = [

tinyops/image/blur_test.py::test_blur_color[ksize0]
  /app/.venv/lib/python3.14/site-packages/tinygrad/runtime/autogen/nv_gpu.py:21551: DeprecationWarning: Due to '_pack_', the 'struct_NV2080_CTRL_INTERNAL_MEMSYS_PROGRAM_RAW_COMPRESSION_MODE_PARAMS' Structure will use memory layout compatible with MSVC (Windows). If this is intended, set _layout_ to 'ms'. The implicit default is deprecated and slated to become an error in Python 3.19.
    struct_NV2080_CTRL_INTERNAL_MEMSYS_PROGRAM_RAW_COMPRESSION_MODE_PARAMS._fields_ = [

tinyops/image/blur_test.py::test_blur_color[ksize0]
  /app/.venv/lib/python3.14/site-packages/tinygrad/runtime/autogen/nv_gpu.py:21560: DeprecationWarning: Due to '_pack_', the 'struct_NV2080_CTRL_INTERNAL_CCU_SAMPLE_INFO_PARAMS' Structure will use memory layout compatible with MSVC (Windows). If this is intended, set _layout_ to 'ms'. The implicit default is deprecated and slated to become an error in Python 3.19.
    struct_NV2080_CTRL_INTERNAL_CCU_SAMPLE_INFO_PARAMS._fields_ = [

tinyops/image/blur_test.py::test_blur_color[ksize0]
  /app/.venv/lib/python3.14/site-packages/tinygrad/runtime/autogen/nv_gpu.py:21569: DeprecationWarning: Due to '_pack_', the 'struct_NV2080_CTRL_INTERNAL_CCU_MAP_INFO' Structure will use memory layout compatible with MSVC (Windows). If this is intended, set _layout_ to 'ms'. The implicit default is deprecated and slated to become an error in Python 3.19.
    struct_NV2080_CTRL_INTERNAL_CCU_MAP_INFO._fields_ = [

tinyops/image/blur_test.py::test_blur_color[ksize0]
  /app/.venv/lib/python3.14/site-packages/tinygrad/runtime/autogen/nv_gpu.py:21576: DeprecationWarning: Due to '_pack_', the 'struct_NV2080_CTRL_INTERNAL_CCU_MAP_INFO_PARAMS' Structure will use memory layout compatible with MSVC (Windows). If this is intended, set _layout_ to 'ms'. The implicit default is deprecated and slated to become an error in Python 3.19.
    class struct_NV2080_CTRL_INTERNAL_CCU_MAP_INFO_PARAMS(Structure):

tinyops/image/blur_test.py::test_blur_color[ksize0]
  /app/.venv/lib/python3.14/site-packages/tinygrad/runtime/autogen/nv_gpu.py:21587: DeprecationWarning: Due to '_pack_', the 'struct_NV2080_CTRL_INTERNAL_CCU_UNMAP_INFO_PARAMS' Structure will use memory layout compatible with MSVC (Windows). If this is intended, set _layout_ to 'ms'. The implicit default is deprecated and slated to become an error in Python 3.19.
    struct_NV2080_CTRL_INTERNAL_CCU_UNMAP_INFO_PARAMS._fields_ = [

tinyops/image/blur_test.py::test_blur_color[ksize0]
  /app/.venv/lib/python3.14/site-packages/tinygrad/runtime/autogen/nv_gpu.py:21597: DeprecationWarning: Due to '_pack_', the 'struct_NV2080_CTRL_INTERNAL_SET_P2P_CAPS_PEER_INFO' Structure will use memory layout compatible with MSVC (Windows). If this is intended, set _layout_ to 'ms'. The implicit default is deprecated and slated to become an error in Python 3.19.
    struct_NV2080_CTRL_INTERNAL_SET_P2P_CAPS_PEER_INFO._fields_ = [

tinyops/image/blur_test.py::test_blur_color[ksize0]
  /app/.venv/lib/python3.14/site-packages/tinygrad/runtime/autogen/nv_gpu.py:21614: DeprecationWarning: Due to '_pack_', the 'struct_NV2080_CTRL_INTERNAL_SET_P2P_CAPS_PARAMS' Structure will use memory layout compatible with MSVC (Windows). If this is intended, set _layout_ to 'ms'. The implicit default is deprecated and slated to become an error in Python 3.19.
    struct_NV2080_CTRL_INTERNAL_SET_P2P_CAPS_PARAMS._fields_ = [

tinyops/image/blur_test.py::test_blur_color[ksize0]
  /app/.venv/lib/python3.14/site-packages/tinygrad/runtime/autogen/nv_gpu.py:21624: DeprecationWarning: Due to '_pack_', the 'struct_NV2080_CTRL_INTERNAL_REMOVE_P2P_CAPS_PARAMS' Structure will use memory layout compatible with MSVC (Windows). If this is intended, set _layout_ to 'ms'. The implicit default is deprecated and slated to become an error in Python 3.19.
    struct_NV2080_CTRL_INTERNAL_REMOVE_P2P_CAPS_PARAMS._fields_ = [

tinyops/image/blur_test.py::test_blur_color[ksize0]
  /app/.venv/lib/python3.14/site-packages/tinygrad/runtime/autogen/nv_gpu.py:21634: DeprecationWarning: Due to '_pack_', the 'struct_NV2080_CTRL_INTERNAL_GET_PCIE_P2P_CAPS_PARAMS' Structure will use memory layout compatible with MSVC (Windows). If this is intended, set _layout_ to 'ms'. The implicit default is deprecated and slated to become an error in Python 3.19.
    struct_NV2080_CTRL_INTERNAL_GET_PCIE_P2P_CAPS_PARAMS._fields_ = [

tinyops/image/blur_test.py::test_blur_color[ksize0]
  /app/.venv/lib/python3.14/site-packages/tinygrad/runtime/autogen/nv_gpu.py:21645: DeprecationWarning: Due to '_pack_', the 'struct_NV2080_CTRL_INTERNAL_BIF_SET_PCIE_RO_PARAMS' Structure will use memory layout compatible with MSVC (Windows). If this is intended, set _layout_ to 'ms'. The implicit default is deprecated and slated to become an error in Python 3.19.
    struct_NV2080_CTRL_INTERNAL_BIF_SET_PCIE_RO_PARAMS._fields_ = [

tinyops/image/blur_test.py::test_blur_color[ksize0]
  /app/.venv/lib/python3.14/site-packages/tinygrad/runtime/autogen/nv_gpu.py:21654: DeprecationWarning: Due to '_pack_', the 'struct_NV2080_CTRL_CMD_INTERNAL_DISPLAY_PRE_UNIX_CONSOLE_PARAMS' Structure will use memory layout compatible with MSVC (Windows). If this is intended, set _layout_ to 'ms'. The implicit default is deprecated and slated to become an error in Python 3.19.
    struct_NV2080_CTRL_CMD_INTERNAL_DISPLAY_PRE_UNIX_CONSOLE_PARAMS._fields_ = [

tinyops/image/blur_test.py::test_blur_color[ksize0]
  /app/.venv/lib/python3.14/site-packages/tinygrad/runtime/autogen/nv_gpu.py:21665: DeprecationWarning: Due to '_pack_', the 'struct_NV2080_CTRL_CMD_INTERNAL_DISPLAY_POST_UNIX_CONSOLE_PARAMS' Structure will use memory layout compatible with MSVC (Windows). If this is intended, set _layout_ to 'ms'. The implicit default is deprecated and slated to become an error in Python 3.19.
    struct_NV2080_CTRL_CMD_INTERNAL_DISPLAY_POST_UNIX_CONSOLE_PARAMS._fields_ = [

tinyops/image/blur_test.py::test_blur_color[ksize0]
  /app/.venv/lib/python3.14/site-packages/tinygrad/runtime/autogen/nv_gpu.py:21676: DeprecationWarning: Due to '_pack_', the 'struct_NV2080_CTRL_INTERNAL_MIGMGR_COMPUTE_PROFILE' Structure will use memory layout compatible with MSVC (Windows). If this is intended, set _layout_ to 'ms'. The implicit default is deprecated and slated to become an error in Python 3.19.
    struct_NV2080_CTRL_INTERNAL_MIGMGR_COMPUTE_PROFILE._fields_ = [

tinyops/image/blur_test.py::test_blur_color[ksize0]
  /app/.venv/lib/python3.14/site-packages/tinygrad/runtime/autogen/nv_gpu.py:21691: DeprecationWarning: Due to '_pack_', the 'struct_NV2080_CTRL_INTERNAL_STATIC_MIGMGR_GET_COMPUTE_PROFILES_PARAMS' Structure will use memory layout compatible with MSVC (Windows). If this is intended, set _layout_ to 'ms'. The implicit default is deprecated and slated to become an error in Python 3.19.
    struct_NV2080_CTRL_INTERNAL_STATIC_MIGMGR_GET_COMPUTE_PROFILES_PARAMS._fields_ = [

tinyops/image/blur_test.py::test_blur_color[ksize0]
  /app/.venv/lib/python3.14/site-packages/tinygrad/runtime/autogen/nv_gpu.py:21702: DeprecationWarning: Due to '_pack_', the 'struct_NV2080_CTRL_INTERNAL_CCU_STREAM_STATE_PARAMS' Structure will use memory layout compatible with MSVC (Windows). If this is intended, set _layout_ to 'ms'. The implicit default is deprecated and slated to become an error in Python 3.19.
    struct_NV2080_CTRL_INTERNAL_CCU_STREAM_STATE_PARAMS._fields_ = [

tinyops/image/blur_test.py::test_blur_color[ksize0]
  /app/.venv/lib/python3.14/site-packages/tinygrad/runtime/autogen/nv_gpu.py:21711: DeprecationWarning: Due to '_pack_', the 'struct_NV2080_CTRL_INTERNAL_GSYNC_ATTACH_AND_INIT_PARAMS' Structure will use memory layout compatible with MSVC (Windows). If this is intended, set _layout_ to 'ms'. The implicit default is deprecated and slated to become an error in Python 3.19.
    struct_NV2080_CTRL_INTERNAL_GSYNC_ATTACH_AND_INIT_PARAMS._fields_ = [

tinyops/image/blur_test.py::test_blur_color[ksize0]
  /app/.venv/lib/python3.14/site-packages/tinygrad/runtime/autogen/nv_gpu.py:21723: DeprecationWarning: Due to '_pack_', the 'struct_NV30F1_CTRL_GSYNC_GET_OPTIMIZED_TIMING_PARAMS' Structure will use memory layout compatible with MSVC (Windows). If this is intended, set _layout_ to 'ms'. The implicit default is deprecated and slated to become an error in Python 3.19.
    struct_NV30F1_CTRL_GSYNC_GET_OPTIMIZED_TIMING_PARAMS._fields_ = [

tinyops/image/blur_test.py::test_blur_color[ksize0]
  /app/.venv/lib/python3.14/site-packages/tinygrad/runtime/autogen/nv_gpu.py:21750: DeprecationWarning: Due to '_pack_', the 'struct_NV2080_CTRL_INTERNAL_GSYNC_OPTIMIZE_TIMING_PARAMETERS_PARAMS' Structure will use memory layout compatible with MSVC (Windows). If this is intended, set _layout_ to 'ms'. The implicit default is deprecated and slated to become an error in Python 3.19.
    struct_NV2080_CTRL_INTERNAL_GSYNC_OPTIMIZE_TIMING_PARAMETERS_PARAMS._fields_ = [

tinyops/image/blur_test.py::test_blur_color[ksize0]
  /app/.venv/lib/python3.14/site-packages/tinygrad/runtime/autogen/nv_gpu.py:21759: DeprecationWarning: Due to '_pack_', the 'struct_NV2080_CTRL_INTERNAL_GSYNC_GET_DISPLAY_IDS_PARAMS' Structure will use memory layout compatible with MSVC (Windows). If this is intended, set _layout_ to 'ms'. The implicit default is deprecated and slated to become an error in Python 3.19.
    struct_NV2080_CTRL_INTERNAL_GSYNC_GET_DISPLAY_IDS_PARAMS._fields_ = [

tinyops/image/blur_test.py::test_blur_color[ksize0]
  /app/.venv/lib/python3.14/site-packages/tinygrad/runtime/autogen/nv_gpu.py:21768: DeprecationWarning: Due to '_pack_', the 'struct_NV2080_CTRL_INTERNAL_GSYNC_SET_STREO_SYNC_PARAMS' Structure will use memory layout compatible with MSVC (Windows). If this is intended, set _layout_ to 'ms'. The implicit default is deprecated and slated to become an error in Python 3.19.
    struct_NV2080_CTRL_INTERNAL_GSYNC_SET_STREO_SYNC_PARAMS._fields_ = [

tinyops/image/blur_test.py::test_blur_color[ksize0]
  /app/.venv/lib/python3.14/site-packages/tinygrad/runtime/autogen/nv_gpu.py:21780: DeprecationWarning: Due to '_pack_', the 'struct_NV2080_CTRL_INTERNAL_GSYNC_GET_VERTICAL_ACTIVE_LINES_PARAMS' Structure will use memory layout compatible with MSVC (Windows). If this is intended, set _layout_ to 'ms'. The implicit default is deprecated and slated to become an error in Python 3.19.
    struct_NV2080_CTRL_INTERNAL_GSYNC_GET_VERTICAL_ACTIVE_LINES_PARAMS._fields_ = [

tinyops/image/blur_test.py::test_blur_color[ksize0]
  /app/.venv/lib/python3.14/site-packages/tinygrad/runtime/autogen/nv_gpu.py:21790: DeprecationWarning: Due to '_pack_', the 'struct_NV2080_CTRL_INTERNAL_GSYNC_IS_DISPLAYID_VALID_PARAMS' Structure will use memory layout compatible with MSVC (Windows). If this is intended, set _layout_ to 'ms'. The implicit default is deprecated and slated to become an error in Python 3.19.
    struct_NV2080_CTRL_INTERNAL_GSYNC_IS_DISPLAYID_VALID_PARAMS._fields_ = [

tinyops/image/blur_test.py::test_blur_color[ksize0]
  /app/.venv/lib/python3.14/site-packages/tinygrad/runtime/autogen/nv_gpu.py:21800: DeprecationWarning: Due to '_pack_', the 'struct_NV2080_CTRL_INTERNAL_GSYNC_SET_OR_RESTORE_RASTER_SYNC_PARAMS' Structure will use memory layout compatible with MSVC (Windows). If this is intended, set _layout_ to 'ms'. The implicit default is deprecated and slated to become an error in Python 3.19.
    struct_NV2080_CTRL_INTERNAL_GSYNC_SET_OR_RESTORE_RASTER_SYNC_PARAMS._fields_ = [

tinyops/image/blur_test.py::test_blur_color[ksize0]
  /app/.venv/lib/python3.14/site-packages/tinygrad/runtime/autogen/nv_gpu.py:21812: DeprecationWarning: Due to '_pack_', the 'struct_NV2080_CTRL_INTERNAL_FBSR_INIT_PARAMS' Structure will use memory layout compatible with MSVC (Windows). If this is intended, set _layout_ to 'ms'. The implicit default is deprecated and slated to become an error in Python 3.19.
    struct_NV2080_CTRL_INTERNAL_FBSR_INIT_PARAMS._fields_ = [

tinyops/image/blur_test.py::test_blur_color[ksize0]
  /app/.venv/lib/python3.14/site-packages/tinygrad/runtime/autogen/nv_gpu.py:21825: DeprecationWarning: Due to '_pack_', the 'struct_NV2080_CTRL_CMD_INTERNAL_FIFO_TOGGLE_ACTIVE_CHANNEL_SCHEDULING_PARAMS' Structure will use memory layout compatible with MSVC (Windows). If this is intended, set _layout_ to 'ms'. The implicit default is deprecated and slated to become an error in Python 3.19.
    struct_NV2080_CTRL_CMD_INTERNAL_FIFO_TOGGLE_ACTIVE_CHANNEL_SCHEDULING_PARAMS._fields_ = [

tinyops/image/blur_test.py::test_blur_color[ksize0]
  /app/.venv/lib/python3.14/site-packages/tinygrad/runtime/autogen/nv_gpu.py:21834: DeprecationWarning: Due to '_pack_', the 'struct_NV2080_CTRL_INTERNAL_MEMMGR_GET_VGPU_CONFIG_HOST_RESERVED_FB_PARAMS' Structure will use memory layout compatible with MSVC (Windows). If this is intended, set _layout_ to 'ms'. The implicit default is deprecated and slated to become an error in Python 3.19.
    struct_NV2080_CTRL_INTERNAL_MEMMGR_GET_VGPU_CONFIG_HOST_RESERVED_FB_PARAMS._fields_ = [

tinyops/image/blur_test.py::test_blur_color[ksize0]
  /app/.venv/lib/python3.14/site-packages/tinygrad/runtime/autogen/nv_gpu.py:21845: DeprecationWarning: Due to '_pack_', the 'struct_NV2080_CTRL_INTERNAL_INIT_BRIGHTC_STATE_LOAD_PARAMS' Structure will use memory layout compatible with MSVC (Windows). If this is intended, set _layout_ to 'ms'. The implicit default is deprecated and slated to become an error in Python 3.19.
    struct_NV2080_CTRL_INTERNAL_INIT_BRIGHTC_STATE_LOAD_PARAMS._fields_ = [

tinyops/image/blur_test.py::test_blur_color[ksize0]
  /app/.venv/lib/python3.14/site-packages/tinygrad/runtime/autogen/nv_gpu.py:21857: DeprecationWarning: Due to '_pack_', the 'struct_NV2080_CTRL_INTERNAL_NVLINK_GET_NUM_ACTIVE_LINK_PER_IOCTRL_PARAMS' Structure will use memory layout compatible with MSVC (Windows). If this is intended, set _layout_ to 'ms'. The implicit default is deprecated and slated to become an error in Python 3.19.
    struct_NV2080_CTRL_INTERNAL_NVLINK_GET_NUM_ACTIVE_LINK_PER_IOCTRL_PARAMS._fields_ = [

tinyops/image/blur_test.py::test_blur_color[ksize0]
  /app/.venv/lib/python3.14/site-packages/tinygrad/runtime/autogen/nv_gpu.py:21866: DeprecationWarning: Due to '_pack_', the 'struct_NV2080_CTRL_INTERNAL_NVLINK_GET_TOTAL_NUM_LINK_PER_IOCTRL_PARAMS' Structure will use memory layout compatible with MSVC (Windows). If this is intended, set _layout_ to 'ms'. The implicit default is deprecated and slated to become an error in Python 3.19.
    struct_NV2080_CTRL_INTERNAL_NVLINK_GET_TOTAL_NUM_LINK_PER_IOCTRL_PARAMS._fields_ = [

tinyops/image/blur_test.py::test_blur_color[ksize0]
  /app/.venv/lib/python3.14/site-packages/tinygrad/runtime/autogen/nv_gpu.py:21875: DeprecationWarning: Due to '_pack_', the 'struct_NV2080_CTRL_INTERNAL_SMBPBI_PFM_REQ_HNDLR_CAP_UPDATE_PARAMS' Structure will use memory layout compatible with MSVC (Windows). If this is intended, set _layout_ to 'ms'. The implicit default is deprecated and slated to become an error in Python 3.19.
    struct_NV2080_CTRL_INTERNAL_SMBPBI_PFM_REQ_HNDLR_CAP_UPDATE_PARAMS._fields_ = [

tinyops/image/blur_test.py::test_blur_color[ksize0]
  /app/.venv/lib/python3.14/site-packages/tinygrad/runtime/autogen/nv_gpu.py:21885: DeprecationWarning: Due to '_pack_', the 'struct_NV2080_CTRL_INTERNAL_PFM_REQ_HNDLR_STATE_SYNC_DATA_SMBPBI' Structure will use memory layout compatible with MSVC (Windows). If this is intended, set _layout_ to 'ms'. The implicit default is deprecated and slated to become an error in Python 3.19.
    struct_NV2080_CTRL_INTERNAL_PFM_REQ_HNDLR_STATE_SYNC_DATA_SMBPBI._fields_ = [

tinyops/image/blur_test.py::test_blur_color[ksize0]
  /app/.venv/lib/python3.14/site-packages/tinygrad/runtime/autogen/nv_gpu.py:21894: DeprecationWarning: Due to '_pack_', the 'union_NV2080_CTRL_INTERNAL_PFM_REQ_HNDLR_STATE_SYNC_DATA_data' Union will use memory layout compatible with MSVC (Windows). If this is intended, set _layout_ to 'ms'. The implicit default is deprecated and slated to become an error in Python 3.19.
    class union_NV2080_CTRL_INTERNAL_PFM_REQ_HNDLR_STATE_SYNC_DATA_data(Union):

tinyops/image/blur_test.py::test_blur_color[ksize0]
  /app/.venv/lib/python3.14/site-packages/tinygrad/runtime/autogen/nv_gpu.py:21901: DeprecationWarning: Due to '_pack_', the 'struct_NV2080_CTRL_INTERNAL_PFM_REQ_HNDLR_STATE_SYNC_DATA' Structure will use memory layout compatible with MSVC (Windows). If this is intended, set _layout_ to 'ms'. The implicit default is deprecated and slated to become an error in Python 3.19.
    struct_NV2080_CTRL_INTERNAL_PFM_REQ_HNDLR_STATE_SYNC_DATA._fields_ = [

tinyops/image/blur_test.py::test_blur_color[ksize0]
  /app/.venv/lib/python3.14/site-packages/tinygrad/runtime/autogen/nv_gpu.py:21912: DeprecationWarning: Due to '_pack_', the 'struct_NV2080_CTRL_INTERNAL_PFM_REQ_HNDLR_STATE_SYNC_PARAMS' Structure will use memory layout compatible with MSVC (Windows). If this is intended, set _layout_ to 'ms'. The implicit default is deprecated and slated to become an error in Python 3.19.
    struct_NV2080_CTRL_INTERNAL_PFM_REQ_HNDLR_STATE_SYNC_PARAMS._fields_ = [

tinyops/image/blur_test.py::test_blur_color[ksize0]
  /app/.venv/lib/python3.14/site-packages/tinygrad/runtime/autogen/nv_gpu.py:21925: DeprecationWarning: Due to '_pack_', the 'struct_NV2080_CTRL_CMD_INTERNAL_PERF_PFM_REQ_HNDLR_GET_PM1_STATE_PARAMS' Structure will use memory layout compatible with MSVC (Windows). If this is intended, set _layout_ to 'ms'. The implicit default is deprecated and slated to become an error in Python 3.19.
    struct_NV2080_CTRL_CMD_INTERNAL_PERF_PFM_REQ_HNDLR_GET_PM1_STATE_PARAMS._fields_ = [

tinyops/image/blur_test.py::test_blur_color[ksize0]
  /app/.venv/lib/python3.14/site-packages/tinygrad/runtime/autogen/nv_gpu.py:21935: DeprecationWarning: Due to '_pack_', the 'struct_NV2080_CTRL_CMD_INTERNAL_PERF_PFM_REQ_HNDLR_SET_PM1_STATE_PARAMS' Structure will use memory layout compatible with MSVC (Windows). If this is intended, set _layout_ to 'ms'. The implicit default is deprecated and slated to become an error in Python 3.19.
    struct_NV2080_CTRL_CMD_INTERNAL_PERF_PFM_REQ_HNDLR_SET_PM1_STATE_PARAMS._fields_ = [

tinyops/image/blur_test.py::test_blur_color[ksize0]
  /app/.venv/lib/python3.14/site-packages/tinygrad/runtime/autogen/nv_gpu.py:21944: DeprecationWarning: Due to '_pack_', the 'struct_NV2080_CTRL_CMD_INTERNAL_PMGR_PFM_REQ_HNDLR_UPDATE_EDPP_LIMIT_PARAMS' Structure will use memory layout compatible with MSVC (Windows). If this is intended, set _layout_ to 'ms'. The implicit default is deprecated and slated to become an error in Python 3.19.
    struct_NV2080_CTRL_CMD_INTERNAL_PMGR_PFM_REQ_HNDLR_UPDATE_EDPP_LIMIT_PARAMS._fields_ = [

tinyops/image/blur_test.py::test_blur_color[ksize0]
  /app/.venv/lib/python3.14/site-packages/tinygrad/runtime/autogen/nv_gpu.py:21955: DeprecationWarning: Due to '_pack_', the 'struct_NV2080_CTRL_CMD_INTERNAL_THERM_PFM_REQ_HNDLR_UPDATE_TGPU_LIMIT_PARAMS' Structure will use memory layout compatible with MSVC (Windows). If this is intended, set _layout_ to 'ms'. The implicit default is deprecated and slated to become an error in Python 3.19.
    struct_NV2080_CTRL_CMD_INTERNAL_THERM_PFM_REQ_HNDLR_UPDATE_TGPU_LIMIT_PARAMS._fields_ = [

tinyops/image/blur_test.py::test_blur_color[ksize0]
  /app/.venv/lib/python3.14/site-packages/tinygrad/runtime/autogen/nv_gpu.py:21964: DeprecationWarning: Due to '_pack_', the 'struct_NV2080_CTRL_CMD_INTERNAL_PMGR_PFM_REQ_HNDLR_CONFIGURE_TGP_MODE_PARAMS' Structure will use memory layout compatible with MSVC (Windows). If this is intended, set _layout_ to 'ms'. The implicit default is deprecated and slated to become an error in Python 3.19.
    struct_NV2080_CTRL_CMD_INTERNAL_PMGR_PFM_REQ_HNDLR_CONFIGURE_TGP_MODE_PARAMS._fields_ = [

tinyops/image/blur_test.py::test_blur_color[ksize0]
  /app/.venv/lib/python3.14/site-packages/tinygrad/runtime/autogen/nv_gpu.py:21973: DeprecationWarning: Due to '_pack_', the 'struct_NV2080_CTRL_CMD_INTERNAL_PMGR_PFM_REQ_HNDLR_CONFIGURE_TURBO_V2_PARAMS' Structure will use memory layout compatible with MSVC (Windows). If this is intended, set _layout_ to 'ms'. The implicit default is deprecated and slated to become an error in Python 3.19.
    struct_NV2080_CTRL_CMD_INTERNAL_PMGR_PFM_REQ_HNDLR_CONFIGURE_TURBO_V2_PARAMS._fields_ = [

tinyops/image/blur_test.py::test_blur_color[ksize0]
  /app/.venv/lib/python3.14/site-packages/tinygrad/runtime/autogen/nv_gpu.py:21982: DeprecationWarning: Due to '_pack_', the 'struct_NV2080_CTRL_CMD_INTERNAL_PERF_PFM_REQ_HNDLR_GET_VPSTATE_INFO_PARAMS' Structure will use memory layout compatible with MSVC (Windows). If this is intended, set _layout_ to 'ms'. The implicit default is deprecated and slated to become an error in Python 3.19.
    struct_NV2080_CTRL_CMD_INTERNAL_PERF_PFM_REQ_HNDLR_GET_VPSTATE_INFO_PARAMS._fields_ = [

tinyops/image/blur_test.py::test_blur_color[ksize0]
  /app/.venv/lib/python3.14/site-packages/tinygrad/runtime/autogen/nv_gpu.py:21993: DeprecationWarning: Due to '_pack_', the 'struct_NV2080_CTRL_CMD_INTERNAL_PERF_PFM_REQ_HNDLR_GET_VPSTATE_MAPPING_PARAMS' Structure will use memory layout compatible with MSVC (Windows). If this is intended, set _layout_ to 'ms'. The implicit default is deprecated and slated to become an error in Python 3.19.
    struct_NV2080_CTRL_CMD_INTERNAL_PERF_PFM_REQ_HNDLR_GET_VPSTATE_MAPPING_PARAMS._fields_ = [

tinyops/image/blur_test.py::test_blur_color[ksize0]
  /app/.venv/lib/python3.14/site-packages/tinygrad/runtime/autogen/nv_gpu.py:22003: DeprecationWarning: Due to '_pack_', the 'struct_NV2080_CTRL_CMD_INTERNAL_PERF_PFM_REQ_HNDLR_SET_VPSTATE_PARAMS' Structure will use memory layout compatible with MSVC (Windows). If this is intended, set _layout_ to 'ms'. The implicit default is deprecated and slated to become an error in Python 3.19.
    struct_NV2080_CTRL_CMD_INTERNAL_PERF_PFM_REQ_HNDLR_SET_VPSTATE_PARAMS._fields_ = [

tinyops/image/blur_test.py::test_blur_color[ksize0]
  /app/.venv/lib/python3.14/site-packages/tinygrad/runtime/autogen/nv_gpu.py:22012: DeprecationWarning: Due to '_pack_', the 'struct_NV2080_CTRL_INTERNAL_GCX_ENTRY_PREREQUISITE_PARAMS' Structure will use memory layout compatible with MSVC (Windows). If this is intended, set _layout_ to 'ms'. The implicit default is deprecated and slated to become an error in Python 3.19.
    struct_NV2080_CTRL_INTERNAL_GCX_ENTRY_PREREQUISITE_PARAMS._fields_ = [

tinyops/image/blur_test.py::test_blur_color[ksize0]
  /app/.venv/lib/python3.14/site-packages/tinygrad/runtime/autogen/nv_gpu.py:22022: DeprecationWarning: Due to '_pack_', the 'struct_NV2080_CTRL_INTERNAL_FIFO_GET_NUM_SECURE_CHANNELS_PARAMS' Structure will use memory layout compatible with MSVC (Windows). If this is intended, set _layout_ to 'ms'. The implicit default is deprecated and slated to become an error in Python 3.19.
    struct_NV2080_CTRL_INTERNAL_FIFO_GET_NUM_SECURE_CHANNELS_PARAMS._fields_ = [

tinyops/image/blur_test.py::test_blur_color[ksize0]
  /app/.venv/lib/python3.14/site-packages/tinygrad/runtime/autogen/nv_gpu.py:22032: DeprecationWarning: Due to '_pack_', the 'struct_NV2080_CTRL_INTERNAL_BIF_DISABLE_SYSTEM_MEMORY_ACCESS_PARAMS' Structure will use memory layout compatible with MSVC (Windows). If this is intended, set _layout_ to 'ms'. The implicit default is deprecated and slated to become an error in Python 3.19.
    struct_NV2080_CTRL_INTERNAL_BIF_DISABLE_SYSTEM_MEMORY_ACCESS_PARAMS._fields_ = [

tinyops/image/blur_test.py::test_blur_color[ksize0]
  /app/.venv/lib/python3.14/site-packages/tinygrad/runtime/autogen/nv_gpu.py:22041: DeprecationWarning: Due to '_pack_', the 'struct_NV2080_CTRL_INTERNAL_DISP_PINSETS_TO_LOCKPINS_PARAMS' Structure will use memory layout compatible with MSVC (Windows). If this is intended, set _layout_ to 'ms'. The implicit default is deprecated and slated to become an error in Python 3.19.
    struct_NV2080_CTRL_INTERNAL_DISP_PINSETS_TO_LOCKPINS_PARAMS._fields_ = [

tinyops/image/blur_test.py::test_blur_color[ksize0]
  /app/.venv/lib/python3.14/site-packages/tinygrad/runtime/autogen/nv_gpu.py:22057: DeprecationWarning: Due to '_pack_', the 'struct_NV2080_CTRL_INTERNAL_DISP_SET_SLI_LINK_GPIO_SW_CONTROL_PARAMS' Structure will use memory layout compatible with MSVC (Windows). If this is intended, set _layout_ to 'ms'. The implicit default is deprecated and slated to become an error in Python 3.19.
    struct_NV2080_CTRL_INTERNAL_DISP_SET_SLI_LINK_GPIO_SW_CONTROL_PARAMS._fields_ = [

tinyops/image/blur_test.py::test_blur_color[ksize0]
  /app/.venv/lib/python3.14/site-packages/tinygrad/runtime/autogen/nv_gpu.py:22070: DeprecationWarning: Due to '_pack_', the 'struct_NV2080_CTRL_INTERNAL_EDID_DATA' Structure will use memory layout compatible with MSVC (Windows). If this is intended, set _layout_ to 'ms'. The implicit default is deprecated and slated to become an error in Python 3.19.
    struct_NV2080_CTRL_INTERNAL_EDID_DATA._fields_ = [

tinyops/image/blur_test.py::test_blur_color[ksize0]
  /app/.venv/lib/python3.14/site-packages/tinygrad/runtime/autogen/nv_gpu.py:22082: DeprecationWarning: Due to '_pack_', the 'struct_NV2080_CTRL_CMD_INTERNAL_SET_STATIC_EDID_DATA_PARAMS' Structure will use memory layout compatible with MSVC (Windows). If this is intended, set _layout_ to 'ms'. The implicit default is deprecated and slated to become an error in Python 3.19.
    struct_NV2080_CTRL_CMD_INTERNAL_SET_STATIC_EDID_DATA_PARAMS._fields_ = [

tinyops/image/blur_test.py::test_blur_color[ksize0]
  /app/.venv/lib/python3.14/site-packages/tinygrad/runtime/autogen/nv_gpu.py:22092: DeprecationWarning: Due to '_pack_', the 'struct_NV2080_CTRL_CMD_INTERNAL_GET_GPU_FABRIC_PROBE_INFO_PARAMS' Structure will use memory layout compatible with MSVC (Windows). If this is intended, set _layout_ to 'ms'. The implicit default is deprecated and slated to become an error in Python 3.19.
    struct_NV2080_CTRL_CMD_INTERNAL_GET_GPU_FABRIC_PROBE_INFO_PARAMS._fields_ = [

tinyops/image/blur_test.py::test_blur_color[ksize0]
  /app/.venv/lib/python3.14/site-packages/tinygrad/runtime/autogen/nv_gpu.py:22101: DeprecationWarning: Due to '_pack_', the 'struct_NV2080_CTRL_CMD_INTERNAL_START_GPU_FABRIC_PROBE_INFO_PARAMS' Structure will use memory layout compatible with MSVC (Windows). If this is intended, set _layout_ to 'ms'. The implicit default is deprecated and slated to become an error in Python 3.19.
    struct_NV2080_CTRL_CMD_INTERNAL_START_GPU_FABRIC_PROBE_INFO_PARAMS._fields_ = [

tinyops/image/blur_test.py::test_blur_color[ksize0]
  /app/.venv/lib/python3.14/site-packages/tinygrad/runtime/autogen/nv_gpu.py:22111: DeprecationWarning: Due to '_pack_', the 'struct_NV2080_CTRL_CMD_INTERNAL_RESUME_GPU_FABRIC_PROBE_INFO_PARAMS' Structure will use memory layout compatible with MSVC (Windows). If this is intended, set _layout_ to 'ms'. The implicit default is deprecated and slated to become an error in Python 3.19.
    struct_NV2080_CTRL_CMD_INTERNAL_RESUME_GPU_FABRIC_PROBE_INFO_PARAMS._fields_ = [

tinyops/image/blur_test.py::test_blur_color[ksize0]
  /app/.venv/lib/python3.14/site-packages/tinygrad/runtime/autogen/nv_gpu.py:22120: DeprecationWarning: Due to '_pack_', the 'struct_NV2080_CTRL_INTERNAL_CONF_COMPUTE_GET_STATIC_INFO_PARAMS' Structure will use memory layout compatible with MSVC (Windows). If this is intended, set _layout_ to 'ms'. The implicit default is deprecated and slated to become an error in Python 3.19.
    struct_NV2080_CTRL_INTERNAL_CONF_COMPUTE_GET_STATIC_INFO_PARAMS._fields_ = [

tinyops/image/blur_test.py::test_blur_color[ksize0]
  /app/.venv/lib/python3.14/site-packages/tinygrad/runtime/autogen/nv_gpu.py:22130: DeprecationWarning: Due to '_pack_', the 'struct_NV2080_CTRL_INTERNAL_CONF_COMPUTE_IVMASK' Structure will use memory layout compatible with MSVC (Windows). If this is intended, set _layout_ to 'ms'. The implicit default is deprecated and slated to become an error in Python 3.19.
    struct_NV2080_CTRL_INTERNAL_CONF_COMPUTE_IVMASK._fields_ = [

tinyops/image/blur_test.py::test_blur_color[ksize0]
  /app/.venv/lib/python3.14/site-packages/tinygrad/runtime/autogen/nv_gpu.py:22139: DeprecationWarning: Due to '_pack_', the 'struct_NV2080_CTRL_INTERNAL_CONF_COMPUTE_DERIVE_SWL_KEYS_PARAMS' Structure will use memory layout compatible with MSVC (Windows). If this is intended, set _layout_ to 'ms'. The implicit default is deprecated and slated to become an error in Python 3.19.
    struct_NV2080_CTRL_INTERNAL_CONF_COMPUTE_DERIVE_SWL_KEYS_PARAMS._fields_ = [

tinyops/image/blur_test.py::test_blur_color[ksize0]
  /app/.venv/lib/python3.14/site-packages/tinygrad/runtime/autogen/nv_gpu.py:22149: DeprecationWarning: Due to '_pack_', the 'struct_NV2080_CTRL_INTERNAL_CONF_COMPUTE_DERIVE_LCE_KEYS_PARAMS' Structure will use memory layout compatible with MSVC (Windows). If this is intended, set _layout_ to 'ms'. The implicit default is deprecated and slated to become an error in Python 3.19.
    struct_NV2080_CTRL_INTERNAL_CONF_COMPUTE_DERIVE_LCE_KEYS_PARAMS._fields_ = [

tinyops/image/blur_test.py::test_blur_color[ksize0]
  /app/.venv/lib/python3.14/site-packages/tinygrad/runtime/autogen/nv_gpu.py:22159: DeprecationWarning: Due to '_pack_', the 'struct_NV2080_CTRL_INTERNAL_CONF_COMPUTE_ROTATE_KEYS_PARAMS' Structure will use memory layout compatible with MSVC (Windows). If this is intended, set _layout_ to 'ms'. The implicit default is deprecated and slated to become an error in Python 3.19.
    struct_NV2080_CTRL_INTERNAL_CONF_COMPUTE_ROTATE_KEYS_PARAMS._fields_ = [

tinyops/image/blur_test.py::test_blur_color[ksize0]
  /app/.venv/lib/python3.14/site-packages/tinygrad/runtime/autogen/nv_gpu.py:22170: DeprecationWarning: Due to '_pack_', the 'struct_NV2080_CTRL_INTERNAL_CONF_COMPUTE_RC_CHANNELS_FOR_KEY_ROTATION_PARAMS' Structure will use memory layout compatible with MSVC (Windows). If this is intended, set _layout_ to 'ms'. The implicit default is deprecated and slated to become an error in Python 3.19.
    struct_NV2080_CTRL_INTERNAL_CONF_COMPUTE_RC_CHANNELS_FOR_KEY_ROTATION_PARAMS._fields_ = [

tinyops/image/blur_test.py::test_blur_color[ksize0]
  /app/.venv/lib/python3.14/site-packages/tinygrad/runtime/autogen/nv_gpu.py:22180: DeprecationWarning: Due to '_pack_', the 'struct_NV2080_CTRL_CMD_INTERNAL_CONF_COMPUTE_SET_GPU_STATE_PARAMS' Structure will use memory layout compatible with MSVC (Windows). If this is intended, set _layout_ to 'ms'. The implicit default is deprecated and slated to become an error in Python 3.19.
    struct_NV2080_CTRL_CMD_INTERNAL_CONF_COMPUTE_SET_GPU_STATE_PARAMS._fields_ = [

tinyops/image/blur_test.py::test_blur_color[ksize0]
  /app/.venv/lib/python3.14/site-packages/tinygrad/runtime/autogen/nv_gpu.py:22189: DeprecationWarning: Due to '_pack_', the 'struct_NV2080_CTRL_CMD_INTERNAL_CONF_COMPUTE_SET_SECURITY_POLICY_PARAMS' Structure will use memory layout compatible with MSVC (Windows). If this is intended, set _layout_ to 'ms'. The implicit default is deprecated and slated to become an error in Python 3.19.
    struct_NV2080_CTRL_CMD_INTERNAL_CONF_COMPUTE_SET_SECURITY_POLICY_PARAMS._fields_ = [

tinyops/image/blur_test.py::test_blur_color[ksize0]
  /app/.venv/lib/python3.14/site-packages/tinygrad/runtime/autogen/nv_gpu.py:22198: DeprecationWarning: Due to '_pack_', the 'struct_NV2080_CTRL_INTERNAL_FIFO_GET_LOGICAL_UPROC_ID_PARAMS' Structure will use memory layout compatible with MSVC (Windows). If this is intended, set _layout_ to 'ms'. The implicit default is deprecated and slated to become an error in Python 3.19.
    struct_NV2080_CTRL_INTERNAL_FIFO_GET_LOGICAL_UPROC_ID_PARAMS._fields_ = [

tinyops/image/blur_test.py::test_blur_color[ksize0]
  /app/.venv/lib/python3.14/site-packages/tinygrad/runtime/autogen/nv_gpu.py:22216: DeprecationWarning: Due to '_pack_', the 'struct_NV2080_CTRL_INTERNAL_TRANSFER_SURFACE_INFO' Structure will use memory layout compatible with MSVC (Windows). If this is intended, set _layout_ to 'ms'. The implicit default is deprecated and slated to become an error in Python 3.19.
    struct_NV2080_CTRL_INTERNAL_TRANSFER_SURFACE_INFO._fields_ = [

tinyops/image/blur_test.py::test_blur_color[ksize0]
  /app/.venv/lib/python3.14/site-packages/tinygrad/runtime/autogen/nv_gpu.py:22229: DeprecationWarning: Due to '_pack_', the 'struct_NV2080_CTRL_INTERNAL_MEMMGR_MEMORY_TRANSFER_WITH_GSP_PARAMS' Structure will use memory layout compatible with MSVC (Windows). If this is intended, set _layout_ to 'ms'. The implicit default is deprecated and slated to become an error in Python 3.19.
    struct_NV2080_CTRL_INTERNAL_MEMMGR_MEMORY_TRANSFER_WITH_GSP_PARAMS._fields_ = [

tinyops/image/blur_test.py::test_blur_color[ksize0]
  /app/.venv/lib/python3.14/site-packages/tinygrad/runtime/autogen/nv_gpu.py:22243: DeprecationWarning: Due to '_pack_', the 'struct_NV2080_CTRL_INTERNAL_MEMSYS_GET_LOCAL_ATS_CONFIG_PARAMS' Structure will use memory layout compatible with MSVC (Windows). If this is intended, set _layout_ to 'ms'. The implicit default is deprecated and slated to become an error in Python 3.19.
    struct_NV2080_CTRL_INTERNAL_MEMSYS_GET_LOCAL_ATS_CONFIG_PARAMS._fields_ = [

tinyops/image/blur_test.py::test_blur_color[ksize0]
  /app/.venv/lib/python3.14/site-packages/tinygrad/runtime/autogen/nv_gpu.py:22256: DeprecationWarning: Due to '_pack_', the 'struct_NV2080_CTRL_INTERNAL_MEMSYS_SET_PEER_ATS_CONFIG_PARAMS' Structure will use memory layout compatible with MSVC (Windows). If this is intended, set _layout_ to 'ms'. The implicit default is deprecated and slated to become an error in Python 3.19.
    struct_NV2080_CTRL_INTERNAL_MEMSYS_SET_PEER_ATS_CONFIG_PARAMS._fields_ = [

tinyops/image/blur_test.py::test_blur_color[ksize0]
  /app/.venv/lib/python3.14/site-packages/tinygrad/runtime/autogen/nv_gpu.py:22271: DeprecationWarning: Due to '_pack_', the 'struct_NV2080_CTRL_CMD_INTERNAL_PMGR_PFM_REQ_HNDLR_GET_EDPP_LIMIT_INFO_PARAMS' Structure will use memory layout compatible with MSVC (Windows). If this is intended, set _layout_ to 'ms'. The implicit default is deprecated and slated to become an error in Python 3.19.
    struct_NV2080_CTRL_CMD_INTERNAL_PMGR_PFM_REQ_HNDLR_GET_EDPP_LIMIT_INFO_PARAMS._fields_ = [

tinyops/image/blur_test.py::test_blur_color[ksize0]
  /app/.venv/lib/python3.14/site-packages/tinygrad/runtime/autogen/nv_gpu.py:22285: DeprecationWarning: Due to '_pack_', the 'struct_NV2080_CTRL_INTERNAL_INIT_USER_SHARED_DATA_PARAMS' Structure will use memory layout compatible with MSVC (Windows). If this is intended, set _layout_ to 'ms'. The implicit default is deprecated and slated to become an error in Python 3.19.
    struct_NV2080_CTRL_INTERNAL_INIT_USER_SHARED_DATA_PARAMS._fields_ = [

tinyops/image/blur_test.py::test_blur_color[ksize0]
  /app/.venv/lib/python3.14/site-packages/tinygrad/runtime/autogen/nv_gpu.py:22294: DeprecationWarning: Due to '_pack_', the 'struct_NV2080_CTRL_INTERNAL_USER_SHARED_DATA_SET_DATA_POLL_PARAMS' Structure will use memory layout compatible with MSVC (Windows). If this is intended, set _layout_ to 'ms'. The implicit default is deprecated and slated to become an error in Python 3.19.
    struct_NV2080_CTRL_INTERNAL_USER_SHARED_DATA_SET_DATA_POLL_PARAMS._fields_ = [

tinyops/image/blur_test.py::test_blur_color[ksize0]
  /app/.venv/lib/python3.14/site-packages/tinygrad/runtime/autogen/nv_gpu.py:22305: DeprecationWarning: Due to '_pack_', the 'struct_NV2080_CTRL_CMD_INTERNAL_CONTROL_GSP_TRACE_PARAMS' Structure will use memory layout compatible with MSVC (Windows). If this is intended, set _layout_ to 'ms'. The implicit default is deprecated and slated to become an error in Python 3.19.
    struct_NV2080_CTRL_CMD_INTERNAL_CONTROL_GSP_TRACE_PARAMS._fields_ = [

tinyops/image/blur_test.py::test_blur_color[ksize0]
  /app/.venv/lib/python3.14/site-packages/tinygrad/runtime/autogen/nv_gpu.py:22319: DeprecationWarning: Due to '_pack_', the 'struct_NV2080_CTRL_CMD_INTERNAL_GET_ENABLED_SEC2_CLASSES_PARAMS' Structure will use memory layout compatible with MSVC (Windows). If this is intended, set _layout_ to 'ms'. The implicit default is deprecated and slated to become an error in Python 3.19.
    struct_NV2080_CTRL_CMD_INTERNAL_GET_ENABLED_SEC2_CLASSES_PARAMS._fields_ = [

tinyops/image/blur_test.py::test_blur_color[ksize0]
  /app/.venv/lib/python3.14/site-packages/tinygrad/runtime/autogen/nv_gpu.py:22331: DeprecationWarning: Due to '_pack_', the 'struct_NV2080_CTRL_INTERNAL_GPU_CLIENT_LOW_POWER_MODE_ENTER_PARAMS' Structure will use memory layout compatible with MSVC (Windows). If this is intended, set _layout_ to 'ms'. The implicit default is deprecated and slated to become an error in Python 3.19.
    struct_NV2080_CTRL_INTERNAL_GPU_CLIENT_LOW_POWER_MODE_ENTER_PARAMS._fields_ = [

tinyops/image/blur_test.py::test_blur_color[ksize0]
  /app/.venv/lib/python3.14/site-packages/tinygrad/runtime/autogen/nv_gpu.py:22342: DeprecationWarning: Due to '_pack_', the 'struct_NV2080_CTRL_INTERNAL_NVLINK_POST_FATAL_ERROR_RECOVERY_PARAMS' Structure will use memory layout compatible with MSVC (Windows). If this is intended, set _layout_ to 'ms'. The implicit default is deprecated and slated to become an error in Python 3.19.
    struct_NV2080_CTRL_INTERNAL_NVLINK_POST_FATAL_ERROR_RECOVERY_PARAMS._fields_ = [

tinyops/image/blur_test.py::test_blur_color[ksize0]
  /app/.venv/lib/python3.14/site-packages/tinygrad/runtime/autogen/nv_gpu.py:22351: DeprecationWarning: Due to '_pack_', the 'struct_NV2080_CTRL_INTERNAL_GPU_GET_GSP_RM_FREE_HEAP_PARAMS' Structure will use memory layout compatible with MSVC (Windows). If this is intended, set _layout_ to 'ms'. The implicit default is deprecated and slated to become an error in Python 3.19.
    struct_NV2080_CTRL_INTERNAL_GPU_GET_GSP_RM_FREE_HEAP_PARAMS._fields_ = [

tinyops/image/blur_test.py::test_blur_color[ksize0]
  /app/.venv/lib/python3.14/site-packages/tinygrad/runtime/autogen/nv_gpu.py:22360: DeprecationWarning: Due to '_pack_', the 'struct_NV2080_CTRL_INTERNAL_GPU_SET_ILLUM_PARAMS' Structure will use memory layout compatible with MSVC (Windows). If this is intended, set _layout_ to 'ms'. The implicit default is deprecated and slated to become an error in Python 3.19.
    struct_NV2080_CTRL_INTERNAL_GPU_SET_ILLUM_PARAMS._fields_ = [

tinyops/image/blur_test.py::test_blur_color[ksize0]
  /app/.venv/lib/python3.14/site-packages/tinygrad/runtime/autogen/nv_gpu.py:22370: DeprecationWarning: Due to '_pack_', the 'struct_NV2080_CTRL_INTERNAL_GSYNC_APPLY_STEREO_PIN_ALWAYS_HI_WAR_PARAMS' Structure will use memory layout compatible with MSVC (Windows). If this is intended, set _layout_ to 'ms'. The implicit default is deprecated and slated to become an error in Python 3.19.
    struct_NV2080_CTRL_INTERNAL_GSYNC_APPLY_STEREO_PIN_ALWAYS_HI_WAR_PARAMS._fields_ = [

tinyops/image/blur_test.py::test_blur_color[ksize0]
  /app/.venv/lib/python3.14/site-packages/tinygrad/runtime/autogen/nv_gpu.py:22379: DeprecationWarning: Due to '_pack_', the 'struct_NV2080_CTRL_INTERNAL_HSHUB_GET_MAX_HSHUBS_PER_SHIM_PARAMS' Structure will use memory layout compatible with MSVC (Windows). If this is intended, set _layout_ to 'ms'. The implicit default is deprecated and slated to become an error in Python 3.19.
    struct_NV2080_CTRL_INTERNAL_HSHUB_GET_MAX_HSHUBS_PER_SHIM_PARAMS._fields_ = [

tinyops/image/blur_test.py::test_blur_color[ksize0]
  /app/.venv/lib/python3.14/site-packages/tinygrad/runtime/autogen/nv_gpu.py:22388: DeprecationWarning: Due to '_pack_', the 'struct_NV2080_CTRL_INTERNAL_GSYNC_GET_RASTER_SYNC_DECODE_MODE_PARAMS' Structure will use memory layout compatible with MSVC (Windows). If this is intended, set _layout_ to 'ms'. The implicit default is deprecated and slated to become an error in Python 3.19.
    struct_NV2080_CTRL_INTERNAL_GSYNC_GET_RASTER_SYNC_DECODE_MODE_PARAMS._fields_ = [

tinyops/image/blur_test.py::test_blur_color[ksize0]
  /app/.venv/lib/python3.14/site-packages/tinygrad/runtime/autogen/nv_gpu.py:22397: DeprecationWarning: Due to '_pack_', the 'struct_NV2080_CTRL_INTERNAL_GPU_GET_PF_BAR1_SPA_PARAMS' Structure will use memory layout compatible with MSVC (Windows). If this is intended, set _layout_ to 'ms'. The implicit default is deprecated and slated to become an error in Python 3.19.
    struct_NV2080_CTRL_INTERNAL_GPU_GET_PF_BAR1_SPA_PARAMS._fields_ = [

tinyops/image/blur_test.py::test_blur_color[ksize0]
  /app/.venv/lib/python3.14/site-packages/tinygrad/runtime/autogen/nv_gpu.py:22406: DeprecationWarning: Due to '_pack_', the 'struct_NV2080_CTRL_INTERNAL_NVLINK_ENABLE_NVLINK_PEER_PARAMS' Structure will use memory layout compatible with MSVC (Windows). If this is intended, set _layout_ to 'ms'. The implicit default is deprecated and slated to become an error in Python 3.19.
    struct_NV2080_CTRL_INTERNAL_NVLINK_ENABLE_NVLINK_PEER_PARAMS._fields_ = [

tinyops/image/blur_test.py::test_blur_color[ksize0]
  /app/.venv/lib/python3.14/site-packages/tinygrad/runtime/autogen/nv_gpu.py:22417: DeprecationWarning: Due to '_pack_', the 'struct_NV2080_CTRL_INTERNAL_NVLINK_CALLBACK_GET_DL_LINK_MODE_PARAMS' Structure will use memory layout compatible with MSVC (Windows). If this is intended, set _layout_ to 'ms'. The implicit default is deprecated and slated to become an error in Python 3.19.
    struct_NV2080_CTRL_INTERNAL_NVLINK_CALLBACK_GET_DL_LINK_MODE_PARAMS._fields_ = [

tinyops/image/blur_test.py::test_blur_color[ksize0]
  /app/.venv/lib/python3.14/site-packages/tinygrad/runtime/autogen/nv_gpu.py:22426: DeprecationWarning: Due to '_pack_', the 'struct_NV2080_CTRL_INTERNAL_NVLINK_SET_DL_LINK_MODE_OFF_PARAMS' Structure will use memory layout compatible with MSVC (Windows). If this is intended, set _layout_ to 'ms'. The implicit default is deprecated and slated to become an error in Python 3.19.
    struct_NV2080_CTRL_INTERNAL_NVLINK_SET_DL_LINK_MODE_OFF_PARAMS._fields_ = [

tinyops/image/blur_test.py::test_blur_color[ksize0]
  /app/.venv/lib/python3.14/site-packages/tinygrad/runtime/autogen/nv_gpu.py:22435: DeprecationWarning: Due to '_pack_', the 'struct_NV2080_CTRL_INTERNAL_NVLINK_SET_DL_LINK_MODE_PRE_HS_PARAMS' Structure will use memory layout compatible with MSVC (Windows). If this is intended, set _layout_ to 'ms'. The implicit default is deprecated and slated to become an error in Python 3.19.
    struct_NV2080_CTRL_INTERNAL_NVLINK_SET_DL_LINK_MODE_PRE_HS_PARAMS._fields_ = [

tinyops/image/blur_test.py::test_blur_color[ksize0]
  /app/.venv/lib/python3.14/site-packages/tinygrad/runtime/autogen/nv_gpu.py:22445: DeprecationWarning: Due to '_pack_', the 'struct_NV2080_CTRL_INTERNAL_NVLINK_SET_DL_LINK_MODE_INIT_PHASE1_PARAMS' Structure will use memory layout compatible with MSVC (Windows). If this is intended, set _layout_ to 'ms'. The implicit default is deprecated and slated to become an error in Python 3.19.
    struct_NV2080_CTRL_INTERNAL_NVLINK_SET_DL_LINK_MODE_INIT_PHASE1_PARAMS._fields_ = [

tinyops/image/blur_test.py::test_blur_color[ksize0]
  /app/.venv/lib/python3.14/site-packages/tinygrad/runtime/autogen/nv_gpu.py:22454: DeprecationWarning: Due to '_pack_', the 'struct_NV2080_CTRL_INTERNAL_NVLINK_REMOTE_LOCAL_SID_INFO' Structure will use memory layout compatible with MSVC (Windows). If this is intended, set _layout_ to 'ms'. The implicit default is deprecated and slated to become an error in Python 3.19.
    struct_NV2080_CTRL_INTERNAL_NVLINK_REMOTE_LOCAL_SID_INFO._fields_ = [

tinyops/image/blur_test.py::test_blur_color[ksize0]
  /app/.venv/lib/python3.14/site-packages/tinygrad/runtime/autogen/nv_gpu.py:22466: DeprecationWarning: Due to '_pack_', the 'struct_NV2080_CTRL_INTERNAL_NVLINK_SET_DL_LINK_MODE_POST_INITNEGOTIATE_PARAMS' Structure will use memory layout compatible with MSVC (Windows). If this is intended, set _layout_ to 'ms'. The implicit default is deprecated and slated to become an error in Python 3.19.
    struct_NV2080_CTRL_INTERNAL_NVLINK_SET_DL_LINK_MODE_POST_INITNEGOTIATE_PARAMS._fields_ = [

tinyops/image/blur_test.py::test_blur_color[ksize0]
  /app/.venv/lib/python3.14/site-packages/tinygrad/runtime/autogen/nv_gpu.py:22477: DeprecationWarning: Due to '_pack_', the 'struct_NV2080_CTRL_INTERNAL_NVLINK_SET_DL_LINK_MODE_POST_INITOPTIMIZE_PARAMS' Structure will use memory layout compatible with MSVC (Windows). If this is intended, set _layout_ to 'ms'. The implicit default is deprecated and slated to become an error in Python 3.19.
    struct_NV2080_CTRL_INTERNAL_NVLINK_SET_DL_LINK_MODE_POST_INITOPTIMIZE_PARAMS._fields_ = [

tinyops/image/blur_test.py::test_blur_color[ksize0]
  /app/.venv/lib/python3.14/site-packages/tinygrad/runtime/autogen/nv_gpu.py:22489: DeprecationWarning: Due to '_pack_', the 'union_NV2080_CTRL_INTERNAL_NVLINK_CALLBACK_SET_DL_LINK_MODE_PARAMS_linkModeParams' Union will use memory layout compatible with MSVC (Windows). If this is intended, set _layout_ to 'ms'. The implicit default is deprecated and slated to become an error in Python 3.19.
    union_NV2080_CTRL_INTERNAL_NVLINK_CALLBACK_SET_DL_LINK_MODE_PARAMS_linkModeParams._fields_ = [

tinyops/image/blur_test.py::test_blur_color[ksize0]
  /app/.venv/lib/python3.14/site-packages/tinygrad/runtime/autogen/nv_gpu.py:22499: DeprecationWarning: Due to '_pack_', the 'struct_NV2080_CTRL_INTERNAL_NVLINK_CALLBACK_SET_DL_LINK_MODE_PARAMS' Structure will use memory layout compatible with MSVC (Windows). If this is intended, set _layout_ to 'ms'. The implicit default is deprecated and slated to become an error in Python 3.19.
    struct_NV2080_CTRL_INTERNAL_NVLINK_CALLBACK_SET_DL_LINK_MODE_PARAMS._fields_ = [

tinyops/image/blur_test.py::test_blur_color[ksize0]
  /app/.venv/lib/python3.14/site-packages/tinygrad/runtime/autogen/nv_gpu.py:22512: DeprecationWarning: Due to '_pack_', the 'struct_NV2080_CTRL_INTERNAL_NVLINK_CALLBACK_GET_TL_LINK_MODE_PARAMS' Structure will use memory layout compatible with MSVC (Windows). If this is intended, set _layout_ to 'ms'. The implicit default is deprecated and slated to become an error in Python 3.19.
    struct_NV2080_CTRL_INTERNAL_NVLINK_CALLBACK_GET_TL_LINK_MODE_PARAMS._fields_ = [

tinyops/image/blur_test.py::test_blur_color[ksize0]
  /app/.venv/lib/python3.14/site-packages/tinygrad/runtime/autogen/nv_gpu.py:22521: DeprecationWarning: Due to '_pack_', the 'struct_NV2080_CTRL_INTERNAL_NVLINK_CALLBACK_SET_TL_LINK_MODE_PARAMS' Structure will use memory layout compatible with MSVC (Windows). If this is intended, set _layout_ to 'ms'. The implicit default is deprecated and slated to become an error in Python 3.19.
    struct_NV2080_CTRL_INTERNAL_NVLINK_CALLBACK_SET_TL_LINK_MODE_PARAMS._fields_ = [

tinyops/image/blur_test.py::test_blur_color[ksize0]
  /app/.venv/lib/python3.14/site-packages/tinygrad/runtime/autogen/nv_gpu.py:22532: DeprecationWarning: Due to '_pack_', the 'struct_NV2080_CTRL_INTERNAL_NVLINK_CALLBACK_GET_SUBLINK_MODE_PARAMS' Structure will use memory layout compatible with MSVC (Windows). If this is intended, set _layout_ to 'ms'. The implicit default is deprecated and slated to become an error in Python 3.19.
    struct_NV2080_CTRL_INTERNAL_NVLINK_CALLBACK_GET_SUBLINK_MODE_PARAMS._fields_ = [

tinyops/image/blur_test.py::test_blur_color[ksize0]
  /app/.venv/lib/python3.14/site-packages/tinygrad/runtime/autogen/nv_gpu.py:22542: DeprecationWarning: Due to '_pack_', the 'struct_NV2080_CTRL_INTERNAL_NVLINK_CALLBACK_SET_TX_SUBLINK_MODE_PARAMS' Structure will use memory layout compatible with MSVC (Windows). If this is intended, set _layout_ to 'ms'. The implicit default is deprecated and slated to become an error in Python 3.19.
    struct_NV2080_CTRL_INTERNAL_NVLINK_CALLBACK_SET_TX_SUBLINK_MODE_PARAMS._fields_ = [

tinyops/image/blur_test.py::test_blur_color[ksize0]
  /app/.venv/lib/python3.14/site-packages/tinygrad/runtime/autogen/nv_gpu.py:22553: DeprecationWarning: Due to '_pack_', the 'struct_NV2080_CTRL_INTERNAL_NVLINK_CALLBACK_SET_RX_SUBLINK_MODE_PARAMS' Structure will use memory layout compatible with MSVC (Windows). If this is intended, set _layout_ to 'ms'. The implicit default is deprecated and slated to become an error in Python 3.19.
    struct_NV2080_CTRL_INTERNAL_NVLINK_CALLBACK_SET_RX_SUBLINK_MODE_PARAMS._fields_ = [

tinyops/image/blur_test.py::test_blur_color[ksize0]
  /app/.venv/lib/python3.14/site-packages/tinygrad/runtime/autogen/nv_gpu.py:22564: DeprecationWarning: Due to '_pack_', the 'struct_NV2080_CTRL_INTERNAL_NVLINK_CALLBACK_GET_RX_DETECT_PARAMS' Structure will use memory layout compatible with MSVC (Windows). If this is intended, set _layout_ to 'ms'. The implicit default is deprecated and slated to become an error in Python 3.19.
    struct_NV2080_CTRL_INTERNAL_NVLINK_CALLBACK_GET_RX_DETECT_PARAMS._fields_ = [

tinyops/image/blur_test.py::test_blur_color[ksize0]
  /app/.venv/lib/python3.14/site-packages/tinygrad/runtime/autogen/nv_gpu.py:22573: DeprecationWarning: Due to '_pack_', the 'struct_NV2080_CTRL_INTERNAL_NVLINK_CALLBACK_SET_RX_DETECT_PARAMS' Structure will use memory layout compatible with MSVC (Windows). If this is intended, set _layout_ to 'ms'. The implicit default is deprecated and slated to become an error in Python 3.19.
    struct_NV2080_CTRL_INTERNAL_NVLINK_CALLBACK_SET_RX_DETECT_PARAMS._fields_ = [

tinyops/image/blur_test.py::test_blur_color[ksize0]
  /app/.venv/lib/python3.14/site-packages/tinygrad/runtime/autogen/nv_gpu.py:22582: DeprecationWarning: Due to '_pack_', the 'struct_NV2080_CTRL_INTERNAL_NVLINK_CALLBACK_RD_WR_DISCOVERY_TOKEN_PARAMS' Structure will use memory layout compatible with MSVC (Windows). If this is intended, set _layout_ to 'ms'. The implicit default is deprecated and slated to become an error in Python 3.19.
    struct_NV2080_CTRL_INTERNAL_NVLINK_CALLBACK_RD_WR_DISCOVERY_TOKEN_PARAMS._fields_ = [

tinyops/image/blur_test.py::test_blur_color[ksize0]
  /app/.venv/lib/python3.14/site-packages/tinygrad/runtime/autogen/nv_gpu.py:22593: DeprecationWarning: Due to '_pack_', the 'struct_NV2080_CTRL_INTERNAL_NVLINK_CALLBACK_GET_UPHY_LOAD_PARAMS' Structure will use memory layout compatible with MSVC (Windows). If this is intended, set _layout_ to 'ms'. The implicit default is deprecated and slated to become an error in Python 3.19.
    struct_NV2080_CTRL_INTERNAL_NVLINK_CALLBACK_GET_UPHY_LOAD_PARAMS._fields_ = [

tinyops/image/blur_test.py::test_blur_color[ksize0]
  /app/.venv/lib/python3.14/site-packages/tinygrad/runtime/autogen/nv_gpu.py:22605: DeprecationWarning: Due to '_pack_', the 'union_NV2080_CTRL_INTERNAL_NVLINK_CALLBACK_TYPE_callbackParams' Union will use memory layout compatible with MSVC (Windows). If this is intended, set _layout_ to 'ms'. The implicit default is deprecated and slated to become an error in Python 3.19.
    union_NV2080_CTRL_INTERNAL_NVLINK_CALLBACK_TYPE_callbackParams._fields_ = [

tinyops/image/blur_test.py::test_blur_color[ksize0]
  /app/.venv/lib/python3.14/site-packages/tinygrad/runtime/autogen/nv_gpu.py:22623: DeprecationWarning: Due to '_pack_', the 'struct_NV2080_CTRL_INTERNAL_NVLINK_CALLBACK_TYPE' Structure will use memory layout compatible with MSVC (Windows). If this is intended, set _layout_ to 'ms'. The implicit default is deprecated and slated to become an error in Python 3.19.
    struct_NV2080_CTRL_INTERNAL_NVLINK_CALLBACK_TYPE._fields_ = [

tinyops/image/blur_test.py::test_blur_color[ksize0]
  /app/.venv/lib/python3.14/site-packages/tinygrad/runtime/autogen/nv_gpu.py:22634: DeprecationWarning: Due to '_pack_', the 'struct_NV2080_CTRL_INTERNAL_NVLINK_CORE_CALLBACK_PARAMS' Structure will use memory layout compatible with MSVC (Windows). If this is intended, set _layout_ to 'ms'. The implicit default is deprecated and slated to become an error in Python 3.19.
    struct_NV2080_CTRL_INTERNAL_NVLINK_CORE_CALLBACK_PARAMS._fields_ = [

tinyops/image/blur_test.py::test_blur_color[ksize0]
  /app/.venv/lib/python3.14/site-packages/tinygrad/runtime/autogen/nv_gpu.py:22645: DeprecationWarning: Due to '_pack_', the 'struct_NV2080_CTRL_INTERNAL_NVLINK_UPDATE_REMOTE_LOCAL_SID_PARAMS' Structure will use memory layout compatible with MSVC (Windows). If this is intended, set _layout_ to 'ms'. The implicit default is deprecated and slated to become an error in Python 3.19.
    struct_NV2080_CTRL_INTERNAL_NVLINK_UPDATE_REMOTE_LOCAL_SID_PARAMS._fields_ = [

tinyops/image/blur_test.py::test_blur_color[ksize0]
  /app/.venv/lib/python3.14/site-packages/tinygrad/runtime/autogen/nv_gpu.py:22656: DeprecationWarning: Due to '_pack_', the 'struct_NV2080_CTRL_INTERNAL_NVLINK_GET_ALI_ENABLED_PARAMS' Structure will use memory layout compatible with MSVC (Windows). If this is intended, set _layout_ to 'ms'. The implicit default is deprecated and slated to become an error in Python 3.19.
    struct_NV2080_CTRL_INTERNAL_NVLINK_GET_ALI_ENABLED_PARAMS._fields_ = [

tinyops/image/blur_test.py::test_blur_color[ksize0]
  /app/.venv/lib/python3.14/site-packages/tinygrad/runtime/autogen/nv_gpu.py:22665: DeprecationWarning: Due to '_pack_', the 'struct_NV2080_CTRL_INTERNAL_NVLINK_UPDATE_HSHUB_MUX_PARAMS' Structure will use memory layout compatible with MSVC (Windows). If this is intended, set _layout_ to 'ms'. The implicit default is deprecated and slated to become an error in Python 3.19.
    struct_NV2080_CTRL_INTERNAL_NVLINK_UPDATE_HSHUB_MUX_PARAMS._fields_ = [

tinyops/image/blur_test.py::test_blur_color[ksize0]
  /app/.venv/lib/python3.14/site-packages/tinygrad/runtime/autogen/nv_gpu.py:22677: DeprecationWarning: Due to '_pack_', the 'struct_NV2080_CTRL_INTERNAL_NVLINK_PRE_SETUP_NVLINK_PEER_PARAMS' Structure will use memory layout compatible with MSVC (Windows). If this is intended, set _layout_ to 'ms'. The implicit default is deprecated and slated to become an error in Python 3.19.
    struct_NV2080_CTRL_INTERNAL_NVLINK_PRE_SETUP_NVLINK_PEER_PARAMS._fields_ = [

tinyops/image/blur_test.py::test_blur_color[ksize0]
  /app/.venv/lib/python3.14/site-packages/tinygrad/runtime/autogen/nv_gpu.py:22690: DeprecationWarning: Due to '_pack_', the 'struct_NV2080_CTRL_INTERNAL_NVLINK_POST_SETUP_NVLINK_PEER_PARAMS' Structure will use memory layout compatible with MSVC (Windows). If this is intended, set _layout_ to 'ms'. The implicit default is deprecated and slated to become an error in Python 3.19.
    struct_NV2080_CTRL_INTERNAL_NVLINK_POST_SETUP_NVLINK_PEER_PARAMS._fields_ = [

tinyops/image/blur_test.py::test_blur_color[ksize0]
  /app/.venv/lib/python3.14/site-packages/tinygrad/runtime/autogen/nv_gpu.py:22699: DeprecationWarning: Due to '_pack_', the 'struct_NV2080_CTRL_INTERNAL_LOG_OOB_XID_PARAMS' Structure will use memory layout compatible with MSVC (Windows). If this is intended, set _layout_ to 'ms'. The implicit default is deprecated and slated to become an error in Python 3.19.
    struct_NV2080_CTRL_INTERNAL_LOG_OOB_XID_PARAMS._fields_ = [

tinyops/image/blur_test.py::test_blur_color[ksize0]
  /app/.venv/lib/python3.14/site-packages/tinygrad/runtime/autogen/nv_gpu.py:22711: DeprecationWarning: Due to '_pack_', the 'struct_NV2080_CTRL_INTERNAL_NVLINK_REMOVE_NVLINK_MAPPING_PARAMS' Structure will use memory layout compatible with MSVC (Windows). If this is intended, set _layout_ to 'ms'. The implicit default is deprecated and slated to become an error in Python 3.19.
    struct_NV2080_CTRL_INTERNAL_NVLINK_REMOVE_NVLINK_MAPPING_PARAMS._fields_ = [

tinyops/image/blur_test.py::test_blur_color[ksize0]
  /app/.venv/lib/python3.14/site-packages/tinygrad/runtime/autogen/nv_gpu.py:22723: DeprecationWarning: Due to '_pack_', the 'struct_NV2080_CTRL_INTERNAL_NVLINK_SAVE_RESTORE_HSHUB_STATE_PARAMS' Structure will use memory layout compatible with MSVC (Windows). If this is intended, set _layout_ to 'ms'. The implicit default is deprecated and slated to become an error in Python 3.19.
    struct_NV2080_CTRL_INTERNAL_NVLINK_SAVE_RESTORE_HSHUB_STATE_PARAMS._fields_ = [

tinyops/image/blur_test.py::test_blur_color[ksize0]
  /app/.venv/lib/python3.14/site-packages/tinygrad/runtime/autogen/nv_gpu.py:22734: DeprecationWarning: Due to '_pack_', the 'struct_NV2080_CTRL_INTERNAL_NVLINK_PROGRAM_BUFFERREADY_PARAMS' Structure will use memory layout compatible with MSVC (Windows). If this is intended, set _layout_ to 'ms'. The implicit default is deprecated and slated to become an error in Python 3.19.
    struct_NV2080_CTRL_INTERNAL_NVLINK_PROGRAM_BUFFERREADY_PARAMS._fields_ = [

tinyops/image/blur_test.py::test_blur_color[ksize0]
  /app/.venv/lib/python3.14/site-packages/tinygrad/runtime/autogen/nv_gpu.py:22746: DeprecationWarning: Due to '_pack_', the 'struct_NV2080_CTRL_INTERNAL_NVLINK_UPDATE_CURRENT_CONFIG_PARAMS' Structure will use memory layout compatible with MSVC (Windows). If this is intended, set _layout_ to 'ms'. The implicit default is deprecated and slated to become an error in Python 3.19.
    struct_NV2080_CTRL_INTERNAL_NVLINK_UPDATE_CURRENT_CONFIG_PARAMS._fields_ = [

tinyops/image/blur_test.py::test_blur_color[ksize0]
  /app/.venv/lib/python3.14/site-packages/tinygrad/runtime/autogen/nv_gpu.py:22755: DeprecationWarning: Due to '_pack_', the 'struct_NV2080_CTRL_INTERNAL_NVLINK_UPDATE_PEER_LINK_MASK_PARAMS' Structure will use memory layout compatible with MSVC (Windows). If this is intended, set _layout_ to 'ms'. The implicit default is deprecated and slated to become an error in Python 3.19.
    struct_NV2080_CTRL_INTERNAL_NVLINK_UPDATE_PEER_LINK_MASK_PARAMS._fields_ = [

tinyops/image/blur_test.py::test_blur_color[ksize0]
  /app/.venv/lib/python3.14/site-packages/tinygrad/runtime/autogen/nv_gpu.py:22765: DeprecationWarning: Due to '_pack_', the 'struct_NV2080_CTRL_INTERNAL_NVLINK_UPDATE_LINK_CONNECTION_PARAMS' Structure will use memory layout compatible with MSVC (Windows). If this is intended, set _layout_ to 'ms'. The implicit default is deprecated and slated to become an error in Python 3.19.
    struct_NV2080_CTRL_INTERNAL_NVLINK_UPDATE_LINK_CONNECTION_PARAMS._fields_ = [

tinyops/image/blur_test.py::test_blur_color[ksize0]
  /app/.venv/lib/python3.14/site-packages/tinygrad/runtime/autogen/nv_gpu.py:22784: DeprecationWarning: Due to '_pack_', the 'struct_NV2080_CTRL_INTERNAL_NVLINK_ENABLE_LINKS_POST_TOPOLOGY_PARAMS' Structure will use memory layout compatible with MSVC (Windows). If this is intended, set _layout_ to 'ms'. The implicit default is deprecated and slated to become an error in Python 3.19.
    struct_NV2080_CTRL_INTERNAL_NVLINK_ENABLE_LINKS_POST_TOPOLOGY_PARAMS._fields_ = [

tinyops/image/blur_test.py::test_blur_color[ksize0]
  /app/.venv/lib/python3.14/site-packages/tinygrad/runtime/autogen/nv_gpu.py:22794: DeprecationWarning: Due to '_pack_', the 'struct_NV2080_CTRL_INTERNAL_NVLINK_PRE_LINK_TRAIN_ALI_PARAMS' Structure will use memory layout compatible with MSVC (Windows). If this is intended, set _layout_ to 'ms'. The implicit default is deprecated and slated to become an error in Python 3.19.
    struct_NV2080_CTRL_INTERNAL_NVLINK_PRE_LINK_TRAIN_ALI_PARAMS._fields_ = [

tinyops/image/blur_test.py::test_blur_color[ksize0]
  /app/.venv/lib/python3.14/site-packages/tinygrad/runtime/autogen/nv_gpu.py:22805: DeprecationWarning: Due to '_pack_', the 'struct_NV2080_CTRL_INTERNAL_NVLINK_GET_LINK_MASK_POST_RX_DET_PARAMS' Structure will use memory layout compatible with MSVC (Windows). If this is intended, set _layout_ to 'ms'. The implicit default is deprecated and slated to become an error in Python 3.19.
    struct_NV2080_CTRL_INTERNAL_NVLINK_GET_LINK_MASK_POST_RX_DET_PARAMS._fields_ = [

tinyops/image/blur_test.py::test_blur_color[ksize0]
  /app/.venv/lib/python3.14/site-packages/tinygrad/runtime/autogen/nv_gpu.py:22815: DeprecationWarning: Due to '_pack_', the 'struct_NV2080_CTRL_INTERNAL_NVLINK_LINK_TRAIN_ALI_PARAMS' Structure will use memory layout compatible with MSVC (Windows). If this is intended, set _layout_ to 'ms'. The implicit default is deprecated and slated to become an error in Python 3.19.
    struct_NV2080_CTRL_INTERNAL_NVLINK_LINK_TRAIN_ALI_PARAMS._fields_ = [

tinyops/image/blur_test.py::test_blur_color[ksize0]
  /app/.venv/lib/python3.14/site-packages/tinygrad/runtime/autogen/nv_gpu.py:22826: DeprecationWarning: Due to '_pack_', the 'struct_NV2080_CTRL_INTERNAL_NVLINK_DEVICE_LINK_VALUES' Structure will use memory layout compatible with MSVC (Windows). If this is intended, set _layout_ to 'ms'. The implicit default is deprecated and slated to become an error in Python 3.19.
    struct_NV2080_CTRL_INTERNAL_NVLINK_DEVICE_LINK_VALUES._fields_ = [

tinyops/image/blur_test.py::test_blur_color[ksize0]
  /app/.venv/lib/python3.14/site-packages/tinygrad/runtime/autogen/nv_gpu.py:22842: DeprecationWarning: Due to '_pack_', the 'struct_NV2080_CTRL_INTERNAL_NVLINK_GET_NVLINK_DEVICE_INFO_PARAMS' Structure will use memory layout compatible with MSVC (Windows). If this is intended, set _layout_ to 'ms'. The implicit default is deprecated and slated to become an error in Python 3.19.
    struct_NV2080_CTRL_INTERNAL_NVLINK_GET_NVLINK_DEVICE_INFO_PARAMS._fields_ = [

tinyops/image/blur_test.py::test_blur_color[ksize0]
  /app/.venv/lib/python3.14/site-packages/tinygrad/runtime/autogen/nv_gpu.py:22859: DeprecationWarning: Due to '_pack_', the 'struct_NV2080_CTRL_INTERNAL_NVLINK_DEVICE_IP_REVISION_VALUES' Structure will use memory layout compatible with MSVC (Windows). If this is intended, set _layout_ to 'ms'. The implicit default is deprecated and slated to become an error in Python 3.19.
    struct_NV2080_CTRL_INTERNAL_NVLINK_DEVICE_IP_REVISION_VALUES._fields_ = [

tinyops/image/blur_test.py::test_blur_color[ksize0]
  /app/.venv/lib/python3.14/site-packages/tinygrad/runtime/autogen/nv_gpu.py:22869: DeprecationWarning: Due to '_pack_', the 'struct_NV2080_CTRL_INTERNAL_NVLINK_GET_IOCTRL_DEVICE_INFO_PARAMS' Structure will use memory layout compatible with MSVC (Windows). If this is intended, set _layout_ to 'ms'. The implicit default is deprecated and slated to become an error in Python 3.19.
    struct_NV2080_CTRL_INTERNAL_NVLINK_GET_IOCTRL_DEVICE_INFO_PARAMS._fields_ = [

tinyops/image/blur_test.py::test_blur_color[ksize0]
  /app/.venv/lib/python3.14/site-packages/tinygrad/runtime/autogen/nv_gpu.py:22885: DeprecationWarning: Due to '_pack_', the 'struct_NV2080_CTRL_INTERNAL_NVLINK_PROGRAM_LINK_SPEED_PARAMS' Structure will use memory layout compatible with MSVC (Windows). If this is intended, set _layout_ to 'ms'. The implicit default is deprecated and slated to become an error in Python 3.19.
    struct_NV2080_CTRL_INTERNAL_NVLINK_PROGRAM_LINK_SPEED_PARAMS._fields_ = [

tinyops/image/blur_test.py::test_blur_color[ksize0]
  /app/.venv/lib/python3.14/site-packages/tinygrad/runtime/autogen/nv_gpu.py:22897: DeprecationWarning: Due to '_pack_', the 'struct_NV2080_CTRL_INTERNAL_NVLINK_ARE_LINKS_TRAINED_PARAMS' Structure will use memory layout compatible with MSVC (Windows). If this is intended, set _layout_ to 'ms'. The implicit default is deprecated and slated to become an error in Python 3.19.
    struct_NV2080_CTRL_INTERNAL_NVLINK_ARE_LINKS_TRAINED_PARAMS._fields_ = [

tinyops/image/blur_test.py::test_blur_color[ksize0]
  /app/.venv/lib/python3.14/site-packages/tinygrad/runtime/autogen/nv_gpu.py:22909: DeprecationWarning: Due to '_pack_', the 'struct_NV2080_CTRL_INTERNAL_NVLINK_RESET_LINKS_PARAMS' Structure will use memory layout compatible with MSVC (Windows). If this is intended, set _layout_ to 'ms'. The implicit default is deprecated and slated to become an error in Python 3.19.
    struct_NV2080_CTRL_INTERNAL_NVLINK_RESET_LINKS_PARAMS._fields_ = [

tinyops/image/blur_test.py::test_blur_color[ksize0]
  /app/.venv/lib/python3.14/site-packages/tinygrad/runtime/autogen/nv_gpu.py:22919: DeprecationWarning: Due to '_pack_', the 'struct_NV2080_CTRL_INTERNAL_NVLINK_DISABLE_DL_INTERRUPTS_PARAMS' Structure will use memory layout compatible with MSVC (Windows). If this is intended, set _layout_ to 'ms'. The implicit default is deprecated and slated to become an error in Python 3.19.
    struct_NV2080_CTRL_INTERNAL_NVLINK_DISABLE_DL_INTERRUPTS_PARAMS._fields_ = [

tinyops/image/blur_test.py::test_blur_color[ksize0]
  /app/.venv/lib/python3.14/site-packages/tinygrad/runtime/autogen/nv_gpu.py:22928: DeprecationWarning: Due to '_pack_', the 'struct_NV2080_CTRL_INTERNAL_NVLINK_GET_LINK_AND_CLOCK_VALUES' Structure will use memory layout compatible with MSVC (Windows). If this is intended, set _layout_ to 'ms'. The implicit default is deprecated and slated to become an error in Python 3.19.
    struct_NV2080_CTRL_INTERNAL_NVLINK_GET_LINK_AND_CLOCK_VALUES._fields_ = [

tinyops/image/blur_test.py::test_blur_color[ksize0]
  /app/.venv/lib/python3.14/site-packages/tinygrad/runtime/autogen/nv_gpu.py:22955: DeprecationWarning: Due to '_pack_', the 'struct_NV2080_CTRL_INTERNAL_NVLINK_GET_LINK_AND_CLOCK_INFO_PARAMS' Structure will use memory layout compatible with MSVC (Windows). If this is intended, set _layout_ to 'ms'. The implicit default is deprecated and slated to become an error in Python 3.19.
    struct_NV2080_CTRL_INTERNAL_NVLINK_GET_LINK_AND_CLOCK_INFO_PARAMS._fields_ = [

tinyops/image/blur_test.py::test_blur_color[ksize0]
  /app/.venv/lib/python3.14/site-packages/tinygrad/runtime/autogen/nv_gpu.py:22968: DeprecationWarning: Due to '_pack_', the 'struct_NV2080_CTRL_INTERNAL_NVLINK_SETUP_NVLINK_SYSMEM_PARAMS' Structure will use memory layout compatible with MSVC (Windows). If this is intended, set _layout_ to 'ms'. The implicit default is deprecated and slated to become an error in Python 3.19.
    struct_NV2080_CTRL_INTERNAL_NVLINK_SETUP_NVLINK_SYSMEM_PARAMS._fields_ = [

tinyops/image/blur_test.py::test_blur_color[ksize0]
  /app/.venv/lib/python3.14/site-packages/tinygrad/runtime/autogen/nv_gpu.py:22977: DeprecationWarning: Due to '_pack_', the 'struct_NV2080_CTRL_INTERNAL_NVLINK_PROCESS_FORCED_CONFIGS_PARAMS' Structure will use memory layout compatible with MSVC (Windows). If this is intended, set _layout_ to 'ms'. The implicit default is deprecated and slated to become an error in Python 3.19.
    struct_NV2080_CTRL_INTERNAL_NVLINK_PROCESS_FORCED_CONFIGS_PARAMS._fields_ = [

tinyops/image/blur_test.py::test_blur_color[ksize0]
  /app/.venv/lib/python3.14/site-packages/tinygrad/runtime/autogen/nv_gpu.py:22990: DeprecationWarning: Due to '_pack_', the 'struct_NV2080_CTRL_INTERNAL_NVLINK_SYNC_NVLINK_SHUTDOWN_PROPS_PARAMS' Structure will use memory layout compatible with MSVC (Windows). If this is intended, set _layout_ to 'ms'. The implicit default is deprecated and slated to become an error in Python 3.19.
    struct_NV2080_CTRL_INTERNAL_NVLINK_SYNC_NVLINK_SHUTDOWN_PROPS_PARAMS._fields_ = [

tinyops/image/blur_test.py::test_blur_color[ksize0]
  /app/.venv/lib/python3.14/site-packages/tinygrad/runtime/autogen/nv_gpu.py:22999: DeprecationWarning: Due to '_pack_', the 'struct_NV2080_CTRL_INTERNAL_NVLINK_ENABLE_SYSMEM_NVLINK_ATS_PARAMS' Structure will use memory layout compatible with MSVC (Windows). If this is intended, set _layout_ to 'ms'. The implicit default is deprecated and slated to become an error in Python 3.19.
    struct_NV2080_CTRL_INTERNAL_NVLINK_ENABLE_SYSMEM_NVLINK_ATS_PARAMS._fields_ = [

tinyops/image/blur_test.py::test_blur_color[ksize0]
  /app/.venv/lib/python3.14/site-packages/tinygrad/runtime/autogen/nv_gpu.py:23008: DeprecationWarning: Due to '_pack_', the 'struct_NV2080_CTRL_INTERNAL_NVLINK_HSHUB_GET_SYSMEM_NVLINK_MASK_PARAMS' Structure will use memory layout compatible with MSVC (Windows). If this is intended, set _layout_ to 'ms'. The implicit default is deprecated and slated to become an error in Python 3.19.
    struct_NV2080_CTRL_INTERNAL_NVLINK_HSHUB_GET_SYSMEM_NVLINK_MASK_PARAMS._fields_ = [

tinyops/image/blur_test.py::test_blur_color[ksize0]
  /app/.venv/lib/python3.14/site-packages/tinygrad/runtime/autogen/nv_gpu.py:23030: DeprecationWarning: Due to '_pack_', the 'struct_NV2080_CTRL_CMD_LPWR_DIFR_CTRL_PARAMS' Structure will use memory layout compatible with MSVC (Windows). If this is intended, set _layout_ to 'ms'. The implicit default is deprecated and slated to become an error in Python 3.19.
    struct_NV2080_CTRL_CMD_LPWR_DIFR_CTRL_PARAMS._fields_ = [

tinyops/image/blur_test.py::test_blur_color[ksize0]
  /app/.venv/lib/python3.14/site-packages/tinygrad/runtime/autogen/nv_gpu.py:23039: DeprecationWarning: Due to '_pack_', the 'struct_NV2080_CTRL_CMD_LPWR_DIFR_PREFETCH_RESPONSE_PARAMS' Structure will use memory layout compatible with MSVC (Windows). If this is intended, set _layout_ to 'ms'. The implicit default is deprecated and slated to become an error in Python 3.19.
    struct_NV2080_CTRL_CMD_LPWR_DIFR_PREFETCH_RESPONSE_PARAMS._fields_ = [

tinyops/image/blur_test.py::test_blur_color[ksize0]
  /app/.venv/lib/python3.14/site-packages/tinygrad/runtime/autogen/nv_gpu.py:23127: DeprecationWarning: Due to '_pack_', the 'struct_NV2080_CTRL_MC_GET_ARCH_INFO_PARAMS' Structure will use memory layout compatible with MSVC (Windows). If this is intended, set _layout_ to 'ms'. The implicit default is deprecated and slated to become an error in Python 3.19.
    struct_NV2080_CTRL_MC_GET_ARCH_INFO_PARAMS._fields_ = [

tinyops/image/blur_test.py::test_blur_color[ksize0]
  /app/.venv/lib/python3.14/site-packages/tinygrad/runtime/autogen/nv_gpu.py:23140: DeprecationWarning: Due to '_pack_', the 'struct_NV2080_CTRL_MC_SERVICE_INTERRUPTS_PARAMS' Structure will use memory layout compatible with MSVC (Windows). If this is intended, set _layout_ to 'ms'. The implicit default is deprecated and slated to become an error in Python 3.19.
    struct_NV2080_CTRL_MC_SERVICE_INTERRUPTS_PARAMS._fields_ = [

tinyops/image/blur_test.py::test_blur_color[ksize0]
  /app/.venv/lib/python3.14/site-packages/tinygrad/runtime/autogen/nv_gpu.py:23149: DeprecationWarning: Due to '_pack_', the 'struct_NV2080_CTRL_MC_GET_MANUFACTURER_PARAMS' Structure will use memory layout compatible with MSVC (Windows). If this is intended, set _layout_ to 'ms'. The implicit default is deprecated and slated to become an error in Python 3.19.
    struct_NV2080_CTRL_MC_GET_MANUFACTURER_PARAMS._fields_ = [

tinyops/image/blur_test.py::test_blur_color[ksize0]
  /app/.venv/lib/python3.14/site-packages/tinygrad/runtime/autogen/nv_gpu.py:23158: DeprecationWarning: Due to '_pack_', the 'struct_NV2080_CTRL_MC_CHANGE_REPLAYABLE_FAULT_OWNERSHIP_PARAMS' Structure will use memory layout compatible with MSVC (Windows). If this is intended, set _layout_ to 'ms'. The implicit default is deprecated and slated to become an error in Python 3.19.
    struct_NV2080_CTRL_MC_CHANGE_REPLAYABLE_FAULT_OWNERSHIP_PARAMS._fields_ = [

tinyops/image/blur_test.py::test_blur_color[ksize0]
  /app/.venv/lib/python3.14/site-packages/tinygrad/runtime/autogen/nv_gpu.py:23167: DeprecationWarning: Due to '_pack_', the 'struct_NV2080_CTRL_MC_ENGINE_NOTIFICATION_INTR_VECTOR_ENTRY' Structure will use memory layout compatible with MSVC (Windows). If this is intended, set _layout_ to 'ms'. The implicit default is deprecated and slated to become an error in Python 3.19.
    struct_NV2080_CTRL_MC_ENGINE_NOTIFICATION_INTR_VECTOR_ENTRY._fields_ = [

tinyops/image/blur_test.py::test_blur_color[ksize0]
  /app/.venv/lib/python3.14/site-packages/tinygrad/runtime/autogen/nv_gpu.py:23177: DeprecationWarning: Due to '_pack_', the 'struct_NV2080_CTRL_MC_GET_ENGINE_NOTIFICATION_INTR_VECTORS_PARAMS' Structure will use memory layout compatible with MSVC (Windows). If this is intended, set _layout_ to 'ms'. The implicit default is deprecated and slated to become an error in Python 3.19.
    struct_NV2080_CTRL_MC_GET_ENGINE_NOTIFICATION_INTR_VECTORS_PARAMS._fields_ = [

tinyops/image/blur_test.py::test_blur_color[ksize0]
  /app/.venv/lib/python3.14/site-packages/tinygrad/runtime/autogen/nv_gpu.py:23187: DeprecationWarning: Due to '_pack_', the 'struct_NV2080_CTRL_MC_STATIC_INTR_ENTRY' Structure will use memory layout compatible with MSVC (Windows). If this is intended, set _layout_ to 'ms'. The implicit default is deprecated and slated to become an error in Python 3.19.
    struct_NV2080_CTRL_MC_STATIC_INTR_ENTRY._fields_ = [

tinyops/image/blur_test.py::test_blur_color[ksize0]
  /app/.venv/lib/python3.14/site-packages/tinygrad/runtime/autogen/nv_gpu.py:23199: DeprecationWarning: Due to '_pack_', the 'struct_NV2080_CTRL_MC_GET_STATIC_INTR_TABLE_PARAMS' Structure will use memory layout compatible with MSVC (Windows). If this is intended, set _layout_ to 'ms'. The implicit default is deprecated and slated to become an error in Python 3.19.
    struct_NV2080_CTRL_MC_GET_STATIC_INTR_TABLE_PARAMS._fields_ = [

tinyops/image/blur_test.py::test_blur_color[ksize0]
  /app/.venv/lib/python3.14/site-packages/tinygrad/runtime/autogen/nv_gpu.py:23291: DeprecationWarning: Due to '_pack_', the 'struct_NV2080_CTRL_NVD_GET_DUMP_SIZE_PARAMS' Structure will use memory layout compatible with MSVC (Windows). If this is intended, set _layout_ to 'ms'. The implicit default is deprecated and slated to become an error in Python 3.19.
    struct_NV2080_CTRL_NVD_GET_DUMP_SIZE_PARAMS._fields_ = [

tinyops/image/blur_test.py::test_blur_color[ksize0]
  /app/.venv/lib/python3.14/site-packages/tinygrad/runtime/autogen/nv_gpu.py:23301: DeprecationWarning: Due to '_pack_', the 'struct_NV2080_CTRL_NVD_GET_DUMP_PARAMS' Structure will use memory layout compatible with MSVC (Windows). If this is intended, set _layout_ to 'ms'. The implicit default is deprecated and slated to become an error in Python 3.19.
    struct_NV2080_CTRL_NVD_GET_DUMP_PARAMS._fields_ = [

tinyops/image/blur_test.py::test_blur_color[ksize0]
  /app/.venv/lib/python3.14/site-packages/tinygrad/runtime/autogen/nv_gpu.py:23312: DeprecationWarning: Due to '_pack_', the 'struct_NV2080_NOCAT_JOURNAL_OVERCLOCK_DETAILS' Structure will use memory layout compatible with MSVC (Windows). If this is intended, set _layout_ to 'ms'. The implicit default is deprecated and slated to become an error in Python 3.19.
    struct_NV2080_NOCAT_JOURNAL_OVERCLOCK_DETAILS._fields_ = [

tinyops/image/blur_test.py::test_blur_color[ksize0]
  /app/.venv/lib/python3.14/site-packages/tinygrad/runtime/autogen/nv_gpu.py:23328: DeprecationWarning: Due to '_pack_', the 'struct_NV2080_NOCAT_JOURNAL_OVERCLOCK_CFG' Structure will use memory layout compatible with MSVC (Windows). If this is intended, set _layout_ to 'ms'. The implicit default is deprecated and slated to become an error in Python 3.19.
    struct_NV2080_NOCAT_JOURNAL_OVERCLOCK_CFG._fields_ = [

tinyops/image/blur_test.py::test_blur_color[ksize0]
  /app/.venv/lib/python3.14/site-packages/tinygrad/runtime/autogen/nv_gpu.py:23342: DeprecationWarning: Due to '_pack_', the 'struct_NV2080_NOCAT_JOURNAL_GPU_STATE' Structure will use memory layout compatible with MSVC (Windows). If this is intended, set _layout_ to 'ms'. The implicit default is deprecated and slated to become an error in Python 3.19.
    struct_NV2080_NOCAT_JOURNAL_GPU_STATE._fields_ = [

tinyops/image/blur_test.py::test_blur_color[ksize0]
  /app/.venv/lib/python3.14/site-packages/tinygrad/runtime/autogen/nv_gpu.py:23373: DeprecationWarning: Due to '_pack_', the 'struct_NV2080_NOCAT_JOURNAL_ENTRY' Structure will use memory layout compatible with MSVC (Windows). If this is intended, set _layout_ to 'ms'. The implicit default is deprecated and slated to become an error in Python 3.19.
    struct_NV2080_NOCAT_JOURNAL_ENTRY._fields_ = [

tinyops/image/blur_test.py::test_blur_color[ksize0]
  /app/.venv/lib/python3.14/site-packages/tinygrad/runtime/autogen/nv_gpu.py:23398: DeprecationWarning: Due to '_pack_', the 'struct_NV2080_NOCAT_JOURNAL_RECORD' Structure will use memory layout compatible with MSVC (Windows). If this is intended, set _layout_ to 'ms'. The implicit default is deprecated and slated to become an error in Python 3.19.
    struct_NV2080_NOCAT_JOURNAL_RECORD._fields_ = [

tinyops/image/blur_test.py::test_blur_color[ksize0]
  /app/.venv/lib/python3.14/site-packages/tinygrad/runtime/autogen/nv_gpu.py:23413: DeprecationWarning: Due to '_pack_', the 'struct_NV2080_CTRL_NVD_GET_NOCAT_JOURNAL_PARAMS' Structure will use memory layout compatible with MSVC (Windows). If this is intended, set _layout_ to 'ms'. The implicit default is deprecated and slated to become an error in Python 3.19.
    struct_NV2080_CTRL_NVD_GET_NOCAT_JOURNAL_PARAMS._fields_ = [

tinyops/image/blur_test.py::test_blur_color[ksize0]
  /app/.venv/lib/python3.14/site-packages/tinygrad/runtime/autogen/nv_gpu.py:23429: DeprecationWarning: Due to '_pack_', the 'struct_NV2080CtrlNocatJournalDataTdrReason' Structure will use memory layout compatible with MSVC (Windows). If this is intended, set _layout_ to 'ms'. The implicit default is deprecated and slated to become an error in Python 3.19.
    struct_NV2080CtrlNocatJournalDataTdrReason._fields_ = [

tinyops/image/blur_test.py::test_blur_color[ksize0]
  /app/.venv/lib/python3.14/site-packages/tinygrad/runtime/autogen/nv_gpu.py:23445: DeprecationWarning: Due to '_pack_', the 'struct_NV2080CtrlNocatJournalSetTag' Structure will use memory layout compatible with MSVC (Windows). If this is intended, set _layout_ to 'ms'. The implicit default is deprecated and slated to become an error in Python 3.19.
    struct_NV2080CtrlNocatJournalSetTag._fields_ = [

tinyops/image/blur_test.py::test_blur_color[ksize0]
  /app/.venv/lib/python3.14/site-packages/tinygrad/runtime/autogen/nv_gpu.py:23456: DeprecationWarning: Due to '_pack_', the 'struct_NV2080CtrlNocatJournalRclog' Structure will use memory layout compatible with MSVC (Windows). If this is intended, set _layout_ to 'ms'. The implicit default is deprecated and slated to become an error in Python 3.19.
    struct_NV2080CtrlNocatJournalRclog._fields_ = [

tinyops/image/blur_test.py::test_blur_color[ksize0]
  /app/.venv/lib/python3.14/site-packages/tinygrad/runtime/autogen/nv_gpu.py:23475: DeprecationWarning: Due to '_pack_', the 'union_NV2080_CTRL_NVD_SET_NOCAT_JOURNAL_DATA_PARAMS_nocatJournalData' Union will use memory layout compatible with MSVC (Windows). If this is intended, set _layout_ to 'ms'. The implicit default is deprecated and slated to become an error in Python 3.19.
    union_NV2080_CTRL_NVD_SET_NOCAT_JOURNAL_DATA_PARAMS_nocatJournalData._fields_ = [

tinyops/image/blur_test.py::test_blur_color[ksize0]
  /app/.venv/lib/python3.14/site-packages/tinygrad/runtime/autogen/nv_gpu.py:23483: DeprecationWarning: Due to '_pack_', the 'struct_NV2080_CTRL_NVD_SET_NOCAT_JOURNAL_DATA_PARAMS' Structure will use memory layout compatible with MSVC (Windows). If this is intended, set _layout_ to 'ms'. The implicit default is deprecated and slated to become an error in Python 3.19.
    struct_NV2080_CTRL_NVD_SET_NOCAT_JOURNAL_DATA_PARAMS._fields_ = [

tinyops/image/blur_test.py::test_blur_color[ksize0]
  /app/.venv/lib/python3.14/site-packages/tinygrad/runtime/autogen/nv_gpu.py:23494: DeprecationWarning: Due to '_pack_', the 'struct_NV2080CtrlNocatJournalInsertRecord' Structure will use memory layout compatible with MSVC (Windows). If this is intended, set _layout_ to 'ms'. The implicit default is deprecated and slated to become an error in Python 3.19.
    struct_NV2080CtrlNocatJournalInsertRecord._fields_ = [

tinyops/image/blur_test.py::test_blur_color[ksize0]
  /app/.venv/lib/python3.14/site-packages/tinygrad/runtime/autogen/nv_gpu.py:23514: DeprecationWarning: Due to '_pack_', the 'struct_NV2080_CTRL_CMD_NVD_INSERT_NOCAT_JOURNAL_RECORD_PARAMS' Structure will use memory layout compatible with MSVC (Windows). If this is intended, set _layout_ to 'ms'. The implicit default is deprecated and slated to become an error in Python 3.19.
    class struct_NV2080_CTRL_CMD_NVD_INSERT_NOCAT_JOURNAL_RECORD_PARAMS(Structure):

tinyops/image/blur_test.py::test_blur_color[ksize0]
  /app/.venv/lib/python3.14/site-packages/tinygrad/runtime/autogen/nv_gpu.py:24171: DeprecationWarning: Due to '_pack_', the 'struct_NV2080_CTRL_CMD_NVLINK_GET_NVLINK_CAPS_PARAMS' Structure will use memory layout compatible with MSVC (Windows). If this is intended, set _layout_ to 'ms'. The implicit default is deprecated and slated to become an error in Python 3.19.
    struct_NV2080_CTRL_CMD_NVLINK_GET_NVLINK_CAPS_PARAMS._fields_ = [

tinyops/image/blur_test.py::test_blur_color[ksize0]
  /app/.venv/lib/python3.14/site-packages/tinygrad/runtime/autogen/nv_gpu.py:24188: DeprecationWarning: Due to '_pack_', the 'struct_NV2080_CTRL_NVLINK_DEVICE_INFO' Structure will use memory layout compatible with MSVC (Windows). If this is intended, set _layout_ to 'ms'. The implicit default is deprecated and slated to become an error in Python 3.19.
    struct_NV2080_CTRL_NVLINK_DEVICE_INFO._fields_ = [

tinyops/image/blur_test.py::test_blur_color[ksize0]
  /app/.venv/lib/python3.14/site-packages/tinygrad/runtime/autogen/nv_gpu.py:24208: DeprecationWarning: Due to '_pack_', the 'struct_NV2080_CTRL_NVLINK_LINK_STATUS_INFO' Structure will use memory layout compatible with MSVC (Windows). If this is intended, set _layout_ to 'ms'. The implicit default is deprecated and slated to become an error in Python 3.19.
    struct_NV2080_CTRL_NVLINK_LINK_STATUS_INFO._fields_ = [

tinyops/image/blur_test.py::test_blur_color[ksize0]
  /app/.venv/lib/python3.14/site-packages/tinygrad/runtime/autogen/nv_gpu.py:24260: DeprecationWarning: Due to '_pack_', the 'struct_NV2080_CTRL_CMD_NVLINK_GET_NVLINK_STATUS_PARAMS' Structure will use memory layout compatible with MSVC (Windows). If this is intended, set _layout_ to 'ms'. The implicit default is deprecated and slated to become an error in Python 3.19.
    struct_NV2080_CTRL_CMD_NVLINK_GET_NVLINK_STATUS_PARAMS._fields_ = [

tinyops/image/blur_test.py::test_blur_color[ksize0]
  /app/.venv/lib/python3.14/site-packages/tinygrad/runtime/autogen/nv_gpu.py:24272: DeprecationWarning: Due to '_pack_', the 'struct_NV2080_CTRL_NVLINK_ERR_INFO' Structure will use memory layout compatible with MSVC (Windows). If this is intended, set _layout_ to 'ms'. The implicit default is deprecated and slated to become an error in Python 3.19.
    struct_NV2080_CTRL_NVLINK_ERR_INFO._fields_ = [

tinyops/image/blur_test.py::test_blur_color[ksize0]
  /app/.venv/lib/python3.14/site-packages/tinygrad/runtime/autogen/nv_gpu.py:24309: DeprecationWarning: Due to '_pack_', the 'struct_NV2080_CTRL_NVLINK_COMMON_ERR_INFO' Structure will use memory layout compatible with MSVC (Windows). If this is intended, set _layout_ to 'ms'. The implicit default is deprecated and slated to become an error in Python 3.19.
    struct_NV2080_CTRL_NVLINK_COMMON_ERR_INFO._fields_ = [

tinyops/image/blur_test.py::test_blur_color[ksize0]
  /app/.venv/lib/python3.14/site-packages/tinygrad/runtime/autogen/nv_gpu.py:24319: DeprecationWarning: Due to '_pack_', the 'struct_NV2080_CTRL_NVLINK_GET_ERR_INFO_PARAMS' Structure will use memory layout compatible with MSVC (Windows). If this is intended, set _layout_ to 'ms'. The implicit default is deprecated and slated to become an error in Python 3.19.
    struct_NV2080_CTRL_NVLINK_GET_ERR_INFO_PARAMS._fields_ = [

tinyops/image/blur_test.py::test_blur_color[ksize0]
  /app/.venv/lib/python3.14/site-packages/tinygrad/runtime/autogen/nv_gpu.py:24333: DeprecationWarning: Due to '_pack_', the 'struct_NV2080_CTRL_NVLINK_GET_COUNTERS_VALUES' Structure will use memory layout compatible with MSVC (Windows). If this is intended, set _layout_ to 'ms'. The implicit default is deprecated and slated to become an error in Python 3.19.
    struct_NV2080_CTRL_NVLINK_GET_COUNTERS_VALUES._fields_ = [

tinyops/image/blur_test.py::test_blur_color[ksize0]
  /app/.venv/lib/python3.14/site-packages/tinygrad/runtime/autogen/nv_gpu.py:24347: DeprecationWarning: Due to '_pack_', the 'struct_NV2080_CTRL_NVLINK_GET_COUNTERS_PARAMS' Structure will use memory layout compatible with MSVC (Windows). If this is intended, set _layout_ to 'ms'. The implicit default is deprecated and slated to become an error in Python 3.19.
    struct_NV2080_CTRL_NVLINK_GET_COUNTERS_PARAMS._fields_ = [

tinyops/image/blur_test.py::test_blur_color[ksize0]
  /app/.venv/lib/python3.14/site-packages/tinygrad/runtime/autogen/nv_gpu.py:24359: DeprecationWarning: Due to '_pack_', the 'struct_NV2080_CTRL_NVLINK_CLEAR_COUNTERS_PARAMS' Structure will use memory layout compatible with MSVC (Windows). If this is intended, set _layout_ to 'ms'. The implicit default is deprecated and slated to become an error in Python 3.19.
    struct_NV2080_CTRL_NVLINK_CLEAR_COUNTERS_PARAMS._fields_ = [

tinyops/image/blur_test.py::test_blur_color[ksize0]
  /app/.venv/lib/python3.14/site-packages/tinygrad/runtime/autogen/nv_gpu.py:24370: DeprecationWarning: Due to '_pack_', the 'struct_NV2080_CTRL_NVLINK_COUNTERS_V2_VALUES' Structure will use memory layout compatible with MSVC (Windows). If this is intended, set _layout_ to 'ms'. The implicit default is deprecated and slated to become an error in Python 3.19.
    struct_NV2080_CTRL_NVLINK_COUNTERS_V2_VALUES._fields_ = [

tinyops/image/blur_test.py::test_blur_color[ksize0]
  /app/.venv/lib/python3.14/site-packages/tinygrad/runtime/autogen/nv_gpu.py:24381: DeprecationWarning: Due to '_pack_', the 'struct_NV2080_CTRL_NVLINK_GET_COUNTERS_V2_PARAMS' Structure will use memory layout compatible with MSVC (Windows). If this is intended, set _layout_ to 'ms'. The implicit default is deprecated and slated to become an error in Python 3.19.
    struct_NV2080_CTRL_NVLINK_GET_COUNTERS_V2_PARAMS._fields_ = [

tinyops/image/blur_test.py::test_blur_color[ksize0]
  /app/.venv/lib/python3.14/site-packages/tinygrad/runtime/autogen/nv_gpu.py:24392: DeprecationWarning: Due to '_pack_', the 'struct_NV2080_CTRL_NVLINK_CLEAR_COUNTERS_V2_PARAMS' Structure will use memory layout compatible with MSVC (Windows). If this is intended, set _layout_ to 'ms'. The implicit default is deprecated and slated to become an error in Python 3.19.
    struct_NV2080_CTRL_NVLINK_CLEAR_COUNTERS_V2_PARAMS._fields_ = [

tinyops/image/blur_test.py::test_blur_color[ksize0]
  /app/.venv/lib/python3.14/site-packages/tinygrad/runtime/autogen/nv_gpu.py:24402: DeprecationWarning: Due to '_pack_', the 'struct_NV2080_CTRL_NVLINK_INJECT_ERROR_PARAMS' Structure will use memory layout compatible with MSVC (Windows). If this is intended, set _layout_ to 'ms'. The implicit default is deprecated and slated to become an error in Python 3.19.
    struct_NV2080_CTRL_NVLINK_INJECT_ERROR_PARAMS._fields_ = [

tinyops/image/blur_test.py::test_blur_color[ksize0]
  /app/.venv/lib/python3.14/site-packages/tinygrad/runtime/autogen/nv_gpu.py:24428: DeprecationWarning: Due to '_pack_', the 'struct_NV2080_CTRL_NVLINK_HW_ERROR_INJECT_CFG' Structure will use memory layout compatible with MSVC (Windows). If this is intended, set _layout_ to 'ms'. The implicit default is deprecated and slated to become an error in Python 3.19.
    struct_NV2080_CTRL_NVLINK_HW_ERROR_INJECT_CFG._fields_ = [

tinyops/image/blur_test.py::test_blur_color[ksize0]
  /app/.venv/lib/python3.14/site-packages/tinygrad/runtime/autogen/nv_gpu.py:24439: DeprecationWarning: Due to '_pack_', the 'struct_NV2080_CTRL_NVLINK_SET_HW_ERROR_INJECT_PARAMS' Structure will use memory layout compatible with MSVC (Windows). If this is intended, set _layout_ to 'ms'. The implicit default is deprecated and slated to become an error in Python 3.19.
    struct_NV2080_CTRL_NVLINK_SET_HW_ERROR_INJECT_PARAMS._fields_ = [

tinyops/image/blur_test.py::test_blur_color[ksize0]
  /app/.venv/lib/python3.14/site-packages/tinygrad/runtime/autogen/nv_gpu.py:24449: DeprecationWarning: Due to '_pack_', the 'struct_NV2080_CTRL_NVLINK_HW_ERROR_INJECT_INFO' Structure will use memory layout compatible with MSVC (Windows). If this is intended, set _layout_ to 'ms'. The implicit default is deprecated and slated to become an error in Python 3.19.
    struct_NV2080_CTRL_NVLINK_HW_ERROR_INJECT_INFO._fields_ = [

tinyops/image/blur_test.py::test_blur_color[ksize0]
  /app/.venv/lib/python3.14/site-packages/tinygrad/runtime/autogen/nv_gpu.py:24462: DeprecationWarning: Due to '_pack_', the 'struct_NV2080_CTRL_NVLINK_GET_HW_ERROR_INJECT_PARAMS' Structure will use memory layout compatible with MSVC (Windows). If this is intended, set _layout_ to 'ms'. The implicit default is deprecated and slated to become an error in Python 3.19.
    struct_NV2080_CTRL_NVLINK_GET_HW_ERROR_INJECT_PARAMS._fields_ = [

tinyops/image/blur_test.py::test_blur_color[ksize0]
  /app/.venv/lib/python3.14/site-packages/tinygrad/runtime/autogen/nv_gpu.py:24472: DeprecationWarning: Due to '_pack_', the 'struct_NV2080_CTRL_CMD_NVLINK_GET_ERROR_RECOVERIES_PARAMS' Structure will use memory layout compatible with MSVC (Windows). If this is intended, set _layout_ to 'ms'. The implicit default is deprecated and slated to become an error in Python 3.19.
    struct_NV2080_CTRL_CMD_NVLINK_GET_ERROR_RECOVERIES_PARAMS._fields_ = [

tinyops/image/blur_test.py::test_blur_color[ksize0]
  /app/.venv/lib/python3.14/site-packages/tinygrad/runtime/autogen/nv_gpu.py:24482: DeprecationWarning: Due to '_pack_', the 'struct_NV2080_CTRL_NVLINK_GET_LINK_LAST_ERROR_REMOTE_TYPE_PARAMS' Structure will use memory layout compatible with MSVC (Windows). If this is intended, set _layout_ to 'ms'. The implicit default is deprecated and slated to become an error in Python 3.19.
    struct_NV2080_CTRL_NVLINK_GET_LINK_LAST_ERROR_REMOTE_TYPE_PARAMS._fields_ = [

tinyops/image/blur_test.py::test_blur_color[ksize0]
  /app/.venv/lib/python3.14/site-packages/tinygrad/runtime/autogen/nv_gpu.py:24492: DeprecationWarning: Due to '_pack_', the 'struct_NV2080_CTRL_NVLINK_GET_LINK_FATAL_ERROR_COUNTS_PARAMS' Structure will use memory layout compatible with MSVC (Windows). If this is intended, set _layout_ to 'ms'. The implicit default is deprecated and slated to become an error in Python 3.19.
    struct_NV2080_CTRL_NVLINK_GET_LINK_FATAL_ERROR_COUNTS_PARAMS._fields_ = [

tinyops/image/blur_test.py::test_blur_color[ksize0]
  /app/.venv/lib/python3.14/site-packages/tinygrad/runtime/autogen/nv_gpu.py:24505: DeprecationWarning: Due to '_pack_', the 'struct_NV2080_CTRL_NVLINK_NONFATAL_ERROR_RATE' Structure will use memory layout compatible with MSVC (Windows). If this is intended, set _layout_ to 'ms'. The implicit default is deprecated and slated to become an error in Python 3.19.
    struct_NV2080_CTRL_NVLINK_NONFATAL_ERROR_RATE._fields_ = [

tinyops/image/blur_test.py::test_blur_color[ksize0]
  /app/.venv/lib/python3.14/site-packages/tinygrad/runtime/autogen/nv_gpu.py:24515: DeprecationWarning: Due to '_pack_', the 'struct_NV2080_CTRL_NVLINK_GET_LINK_NONFATAL_ERROR_RATES_PARAMS' Structure will use memory layout compatible with MSVC (Windows). If this is intended, set _layout_ to 'ms'. The implicit default is deprecated and slated to become an error in Python 3.19.
    struct_NV2080_CTRL_NVLINK_GET_LINK_NONFATAL_ERROR_RATES_PARAMS._fields_ = [

tinyops/image/blur_test.py::test_blur_color[ksize0]
  /app/.venv/lib/python3.14/site-packages/tinygrad/runtime/autogen/nv_gpu.py:24528: DeprecationWarning: Due to '_pack_', the 'struct_NV2080_CTRL_NVLINK_SET_ERROR_INJECTION_MODE_PARAMS' Structure will use memory layout compatible with MSVC (Windows). If this is intended, set _layout_ to 'ms'. The implicit default is deprecated and slated to become an error in Python 3.19.
    struct_NV2080_CTRL_NVLINK_SET_ERROR_INJECTION_MODE_PARAMS._fields_ = [

tinyops/image/blur_test.py::test_blur_color[ksize0]
  /app/.venv/lib/python3.14/site-packages/tinygrad/runtime/autogen/nv_gpu.py:24537: DeprecationWarning: Due to '_pack_', the 'struct_NV2080_CTRL_CMD_NVLINK_SETUP_EOM_PARAMS' Structure will use memory layout compatible with MSVC (Windows). If this is intended, set _layout_ to 'ms'. The implicit default is deprecated and slated to become an error in Python 3.19.
    struct_NV2080_CTRL_CMD_NVLINK_SETUP_EOM_PARAMS._fields_ = [

tinyops/image/blur_test.py::test_blur_color[ksize0]
  /app/.venv/lib/python3.14/site-packages/tinygrad/runtime/autogen/nv_gpu.py:24548: DeprecationWarning: Due to '_pack_', the 'struct_NV2080_CTRL_NVLINK_SET_POWER_STATE_PARAMS' Structure will use memory layout compatible with MSVC (Windows). If this is intended, set _layout_ to 'ms'. The implicit default is deprecated and slated to become an error in Python 3.19.
    struct_NV2080_CTRL_NVLINK_SET_POWER_STATE_PARAMS._fields_ = [

tinyops/image/blur_test.py::test_blur_color[ksize0]
  /app/.venv/lib/python3.14/site-packages/tinygrad/runtime/autogen/nv_gpu.py:24558: DeprecationWarning: Due to '_pack_', the 'struct_NV2080_CTRL_NVLINK_GET_POWER_STATE_PARAMS' Structure will use memory layout compatible with MSVC (Windows). If this is intended, set _layout_ to 'ms'. The implicit default is deprecated and slated to become an error in Python 3.19.
    struct_NV2080_CTRL_NVLINK_GET_POWER_STATE_PARAMS._fields_ = [

tinyops/image/blur_test.py::test_blur_color[ksize0]
  /app/.venv/lib/python3.14/site-packages/tinygrad/runtime/autogen/nv_gpu.py:24595: DeprecationWarning: Due to '_pack_', the 'union_NV2080_CTRL_NVLINK_INJECT_TLC_ERROR_TYPE' Union will use memory layout compatible with MSVC (Windows). If this is intended, set _layout_ to 'ms'. The implicit default is deprecated and slated to become an error in Python 3.19.
    class union_NV2080_CTRL_NVLINK_INJECT_TLC_ERROR_TYPE(Union):

tinyops/image/blur_test.py::test_blur_color[ksize0]
  /app/.venv/lib/python3.14/site-packages/tinygrad/runtime/autogen/nv_gpu.py:24607: DeprecationWarning: Due to '_pack_', the 'struct_NV2080_CTRL_NVLINK_INJECT_TLC_ERROR_PARAMS' Structure will use memory layout compatible with MSVC (Windows). If this is intended, set _layout_ to 'ms'. The implicit default is deprecated and slated to become an error in Python 3.19.
    struct_NV2080_CTRL_NVLINK_INJECT_TLC_ERROR_PARAMS._fields_ = [

tinyops/image/blur_test.py::test_blur_color[ksize0]
  /app/.venv/lib/python3.14/site-packages/tinygrad/runtime/autogen/nv_gpu.py:24620: DeprecationWarning: Due to '_pack_', the 'struct_NV2080_CTRL_CMD_NVLINK_GET_LINK_FOM_VALUES_PARAMS' Structure will use memory layout compatible with MSVC (Windows). If this is intended, set _layout_ to 'ms'. The implicit default is deprecated and slated to become an error in Python 3.19.
    struct_NV2080_CTRL_CMD_NVLINK_GET_LINK_FOM_VALUES_PARAMS._fields_ = [

tinyops/image/blur_test.py::test_blur_color[ksize0]
  /app/.venv/lib/python3.14/site-packages/tinygrad/runtime/autogen/nv_gpu.py:24633: DeprecationWarning: Due to '_pack_', the 'struct_NV2080_CTRL_NVLINK_SET_NVLINK_PEER_PARAMS' Structure will use memory layout compatible with MSVC (Windows). If this is intended, set _layout_ to 'ms'. The implicit default is deprecated and slated to become an error in Python 3.19.
    struct_NV2080_CTRL_NVLINK_SET_NVLINK_PEER_PARAMS._fields_ = [

tinyops/image/blur_test.py::test_blur_color[ksize0]
  /app/.venv/lib/python3.14/site-packages/tinygrad/runtime/autogen/nv_gpu.py:24644: DeprecationWarning: Due to '_pack_', the 'struct_NV2080_CTRL_NVLINK_READ_UPHY_PAD_LANE_REG_PARAMS' Structure will use memory layout compatible with MSVC (Windows). If this is intended, set _layout_ to 'ms'. The implicit default is deprecated and slated to become an error in Python 3.19.
    struct_NV2080_CTRL_NVLINK_READ_UPHY_PAD_LANE_REG_PARAMS._fields_ = [

tinyops/image/blur_test.py::test_blur_color[ksize0]
  /app/.venv/lib/python3.14/site-packages/tinygrad/runtime/autogen/nv_gpu.py:24656: DeprecationWarning: Due to '_pack_', the 'struct_NV2080_CTRL_NVLINK_LANE_ERROR' Structure will use memory layout compatible with MSVC (Windows). If this is intended, set _layout_ to 'ms'. The implicit default is deprecated and slated to become an error in Python 3.19.
    struct_NV2080_CTRL_NVLINK_LANE_ERROR._fields_ = [

tinyops/image/blur_test.py::test_blur_color[ksize0]
  /app/.venv/lib/python3.14/site-packages/tinygrad/runtime/autogen/nv_gpu.py:24669: DeprecationWarning: Due to '_pack_', the 'struct_NV2080_CTRL_NVLINK_LINK_ECC_ERROR' Structure will use memory layout compatible with MSVC (Windows). If this is intended, set _layout_ to 'ms'. The implicit default is deprecated and slated to become an error in Python 3.19.
    struct_NV2080_CTRL_NVLINK_LINK_ECC_ERROR._fields_ = [

tinyops/image/blur_test.py::test_blur_color[ksize0]
  /app/.venv/lib/python3.14/site-packages/tinygrad/runtime/autogen/nv_gpu.py:24681: DeprecationWarning: Due to '_pack_', the 'struct_NV2080_CTRL_NVLINK_GET_NVLINK_ECC_ERRORS_PARAMS' Structure will use memory layout compatible with MSVC (Windows). If this is intended, set _layout_ to 'ms'. The implicit default is deprecated and slated to become an error in Python 3.19.
    struct_NV2080_CTRL_NVLINK_GET_NVLINK_ECC_ERRORS_PARAMS._fields_ = [

tinyops/image/blur_test.py::test_blur_color[ksize0]
  /app/.venv/lib/python3.14/site-packages/tinygrad/runtime/autogen/nv_gpu.py:24691: DeprecationWarning: Due to '_pack_', the 'struct_NV2080_CTRL_NVLINK_READ_TP_COUNTERS_VALUES' Structure will use memory layout compatible with MSVC (Windows). If this is intended, set _layout_ to 'ms'. The implicit default is deprecated and slated to become an error in Python 3.19.
    struct_NV2080_CTRL_NVLINK_READ_TP_COUNTERS_VALUES._fields_ = [

tinyops/image/blur_test.py::test_blur_color[ksize0]
  /app/.venv/lib/python3.14/site-packages/tinygrad/runtime/autogen/nv_gpu.py:24700: DeprecationWarning: Due to '_pack_', the 'struct_NV2080_CTRL_NVLINK_READ_TP_COUNTERS_PARAMS' Structure will use memory layout compatible with MSVC (Windows). If this is intended, set _layout_ to 'ms'. The implicit default is deprecated and slated to become an error in Python 3.19.
    struct_NV2080_CTRL_NVLINK_READ_TP_COUNTERS_PARAMS._fields_ = [

tinyops/image/blur_test.py::test_blur_color[ksize0]
  /app/.venv/lib/python3.14/site-packages/tinygrad/runtime/autogen/nv_gpu.py:24712: DeprecationWarning: Due to '_pack_', the 'struct_NV2080_CTRL_CMD_NVLINK_LOCK_LINK_POWER_STATE_PARAMS' Structure will use memory layout compatible with MSVC (Windows). If this is intended, set _layout_ to 'ms'. The implicit default is deprecated and slated to become an error in Python 3.19.
    struct_NV2080_CTRL_CMD_NVLINK_LOCK_LINK_POWER_STATE_PARAMS._fields_ = [

tinyops/image/blur_test.py::test_blur_color[ksize0]
  /app/.venv/lib/python3.14/site-packages/tinygrad/runtime/autogen/nv_gpu.py:24721: DeprecationWarning: Due to '_pack_', the 'struct_NV2080_CTRL_NVLINK_GET_LP_COUNTERS_PARAMS' Structure will use memory layout compatible with MSVC (Windows). If this is intended, set _layout_ to 'ms'. The implicit default is deprecated and slated to become an error in Python 3.19.
    struct_NV2080_CTRL_NVLINK_GET_LP_COUNTERS_PARAMS._fields_ = [

tinyops/image/blur_test.py::test_blur_color[ksize0]
  /app/.venv/lib/python3.14/site-packages/tinygrad/runtime/autogen/nv_gpu.py:24732: DeprecationWarning: Due to '_pack_', the 'struct_NV2080_CTRL_NVLINK_SET_LOOPBACK_MODE_PARAMS' Structure will use memory layout compatible with MSVC (Windows). If this is intended, set _layout_ to 'ms'. The implicit default is deprecated and slated to become an error in Python 3.19.
    struct_NV2080_CTRL_NVLINK_SET_LOOPBACK_MODE_PARAMS._fields_ = [

tinyops/image/blur_test.py::test_blur_color[ksize0]
  /app/.venv/lib/python3.14/site-packages/tinygrad/runtime/autogen/nv_gpu.py:24743: DeprecationWarning: Due to '_pack_', the 'struct_NV2080_CTRL_NVLINK_PHY_REFRESH_STATUS_INFO' Structure will use memory layout compatible with MSVC (Windows). If this is intended, set _layout_ to 'ms'. The implicit default is deprecated and slated to become an error in Python 3.19.
    struct_NV2080_CTRL_NVLINK_PHY_REFRESH_STATUS_INFO._fields_ = [

tinyops/image/blur_test.py::test_blur_color[ksize0]
  /app/.venv/lib/python3.14/site-packages/tinygrad/runtime/autogen/nv_gpu.py:24755: DeprecationWarning: Due to '_pack_', the 'struct_NV2080_CTRL_NVLINK_GET_REFRESH_COUNTERS_PARAMS' Structure will use memory layout compatible with MSVC (Windows). If this is intended, set _layout_ to 'ms'. The implicit default is deprecated and slated to become an error in Python 3.19.
    struct_NV2080_CTRL_NVLINK_GET_REFRESH_COUNTERS_PARAMS._fields_ = [

tinyops/image/blur_test.py::test_blur_color[ksize0]
  /app/.venv/lib/python3.14/site-packages/tinygrad/runtime/autogen/nv_gpu.py:24765: DeprecationWarning: Due to '_pack_', the 'struct_NV2080_CTRL_NVLINK_CLEAR_REFRESH_COUNTERS_PARAMS' Structure will use memory layout compatible with MSVC (Windows). If this is intended, set _layout_ to 'ms'. The implicit default is deprecated and slated to become an error in Python 3.19.
    struct_NV2080_CTRL_NVLINK_CLEAR_REFRESH_COUNTERS_PARAMS._fields_ = [

tinyops/image/blur_test.py::test_blur_color[ksize0]
  /app/.venv/lib/python3.14/site-packages/tinygrad/runtime/autogen/nv_gpu.py:24774: DeprecationWarning: Due to '_pack_', the 'struct_NV2080_CTRL_NVLINK_GET_SET_NVSWITCH_FLA_ADDR_PARAMS' Structure will use memory layout compatible with MSVC (Windows). If this is intended, set _layout_ to 'ms'. The implicit default is deprecated and slated to become an error in Python 3.19.
    struct_NV2080_CTRL_NVLINK_GET_SET_NVSWITCH_FLA_ADDR_PARAMS._fields_ = [

tinyops/image/blur_test.py::test_blur_color[ksize0]
  /app/.venv/lib/python3.14/site-packages/tinygrad/runtime/autogen/nv_gpu.py:24785: DeprecationWarning: Due to '_pack_', the 'struct_NV2080_CTRL_NVLINK_SYNC_LINK_MASKS_AND_VBIOS_INFO_PARAMS' Structure will use memory layout compatible with MSVC (Windows). If this is intended, set _layout_ to 'ms'. The implicit default is deprecated and slated to become an error in Python 3.19.
    struct_NV2080_CTRL_NVLINK_SYNC_LINK_MASKS_AND_VBIOS_INFO_PARAMS._fields_ = [

tinyops/image/blur_test.py::test_blur_color[ksize0]
  /app/.venv/lib/python3.14/site-packages/tinygrad/runtime/autogen/nv_gpu.py:24804: DeprecationWarning: Due to '_pack_', the 'struct_NV2080_CTRL_NVLINK_PROCESS_INIT_DISABLED_LINKS_PARAMS' Structure will use memory layout compatible with MSVC (Windows). If this is intended, set _layout_ to 'ms'. The implicit default is deprecated and slated to become an error in Python 3.19.
    struct_NV2080_CTRL_NVLINK_PROCESS_INIT_DISABLED_LINKS_PARAMS._fields_ = [

tinyops/image/blur_test.py::test_blur_color[ksize0]
  /app/.venv/lib/python3.14/site-packages/tinygrad/runtime/autogen/nv_gpu.py:24828: DeprecationWarning: Due to '_pack_', the 'struct_NV2080_CTRL_NVLINK_EOM_MEASUREMENT' Structure will use memory layout compatible with MSVC (Windows). If this is intended, set _layout_ to 'ms'. The implicit default is deprecated and slated to become an error in Python 3.19.
    struct_NV2080_CTRL_NVLINK_EOM_MEASUREMENT._fields_ = [

tinyops/image/blur_test.py::test_blur_color[ksize0]
  /app/.venv/lib/python3.14/site-packages/tinygrad/runtime/autogen/nv_gpu.py:24840: DeprecationWarning: Due to '_pack_', the 'struct_NV2080_CTRL_NVLINK_EOM_CONTROL_PARAMS' Structure will use memory layout compatible with MSVC (Windows). If this is intended, set _layout_ to 'ms'. The implicit default is deprecated and slated to become an error in Python 3.19.
    struct_NV2080_CTRL_NVLINK_EOM_CONTROL_PARAMS._fields_ = [

tinyops/image/blur_test.py::test_blur_color[ksize0]
  /app/.venv/lib/python3.14/site-packages/tinygrad/runtime/autogen/nv_gpu.py:24852: DeprecationWarning: Due to '_pack_', the 'struct_NV2080_CTRL_NVLINK_INBAND_RECEIVED_DATA_PARAMS' Structure will use memory layout compatible with MSVC (Windows). If this is intended, set _layout_ to 'ms'. The implicit default is deprecated and slated to become an error in Python 3.19.
    struct_NV2080_CTRL_NVLINK_INBAND_RECEIVED_DATA_PARAMS._fields_ = [

tinyops/image/blur_test.py::test_blur_color[ksize0]
  /app/.venv/lib/python3.14/site-packages/tinygrad/runtime/autogen/nv_gpu.py:24862: DeprecationWarning: Due to '_pack_', the 'struct_NV2080_CTRL_NVLINK_SET_L1_THRESHOLD_PARAMS' Structure will use memory layout compatible with MSVC (Windows). If this is intended, set _layout_ to 'ms'. The implicit default is deprecated and slated to become an error in Python 3.19.
    struct_NV2080_CTRL_NVLINK_SET_L1_THRESHOLD_PARAMS._fields_ = [

tinyops/image/blur_test.py::test_blur_color[ksize0]
  /app/.venv/lib/python3.14/site-packages/tinygrad/runtime/autogen/nv_gpu.py:24872: DeprecationWarning: Due to '_pack_', the 'struct_NV2080_CTRL_NVLINK_GET_L1_THRESHOLD_PARAMS' Structure will use memory layout compatible with MSVC (Windows). If this is intended, set _layout_ to 'ms'. The implicit default is deprecated and slated to become an error in Python 3.19.
    struct_NV2080_CTRL_NVLINK_GET_L1_THRESHOLD_PARAMS._fields_ = [

tinyops/image/blur_test.py::test_blur_color[ksize0]
  /app/.venv/lib/python3.14/site-packages/tinygrad/runtime/autogen/nv_gpu.py:24882: DeprecationWarning: Due to '_pack_', the 'struct_NV2080_CTRL_NVLINK_INBAND_SEND_DATA_PARAMS' Structure will use memory layout compatible with MSVC (Windows). If this is intended, set _layout_ to 'ms'. The implicit default is deprecated and slated to become an error in Python 3.19.
    struct_NV2080_CTRL_NVLINK_INBAND_SEND_DATA_PARAMS._fields_ = [

tinyops/image/blur_test.py::test_blur_color[ksize0]
  /app/.venv/lib/python3.14/site-packages/tinygrad/runtime/autogen/nv_gpu.py:24892: DeprecationWarning: Due to '_pack_', the 'struct_NV2080_CTRL_NVLINK_IS_GPU_DEGRADED_PARAMS' Structure will use memory layout compatible with MSVC (Windows). If this is intended, set _layout_ to 'ms'. The implicit default is deprecated and slated to become an error in Python 3.19.
    struct_NV2080_CTRL_NVLINK_IS_GPU_DEGRADED_PARAMS._fields_ = [

tinyops/image/blur_test.py::test_blur_color[ksize0]
  /app/.venv/lib/python3.14/site-packages/tinygrad/runtime/autogen/nv_gpu.py:24903: DeprecationWarning: Due to '_pack_', the 'struct_NV2080_CTRL_NVLINK_DIRECT_CONNECT_CHECK_PARAMS' Structure will use memory layout compatible with MSVC (Windows). If this is intended, set _layout_ to 'ms'. The implicit default is deprecated and slated to become an error in Python 3.19.
    struct_NV2080_CTRL_NVLINK_DIRECT_CONNECT_CHECK_PARAMS._fields_ = [

tinyops/image/blur_test.py::test_blur_color[ksize0]
  /app/.venv/lib/python3.14/site-packages/tinygrad/runtime/autogen/nv_gpu.py:24915: DeprecationWarning: Due to '_pack_', the 'struct_NV2080_CTRL_NVLINK_POST_FAULT_UP_PARAMS' Structure will use memory layout compatible with MSVC (Windows). If this is intended, set _layout_ to 'ms'. The implicit default is deprecated and slated to become an error in Python 3.19.
    struct_NV2080_CTRL_NVLINK_POST_FAULT_UP_PARAMS._fields_ = [

tinyops/image/blur_test.py::test_blur_color[ksize0]
  /app/.venv/lib/python3.14/site-packages/tinygrad/runtime/autogen/nv_gpu.py:24924: DeprecationWarning: Due to '_pack_', the 'struct_NV2080_CTRL_NVLINK_PORT_EVENT' Structure will use memory layout compatible with MSVC (Windows). If this is intended, set _layout_ to 'ms'. The implicit default is deprecated and slated to become an error in Python 3.19.
    struct_NV2080_CTRL_NVLINK_PORT_EVENT._fields_ = [

tinyops/image/blur_test.py::test_blur_color[ksize0]
  /app/.venv/lib/python3.14/site-packages/tinygrad/runtime/autogen/nv_gpu.py:24937: DeprecationWarning: Due to '_pack_', the 'struct_NV2080_CTRL_NVLINK_GET_PORT_EVENTS_PARAMS' Structure will use memory layout compatible with MSVC (Windows). If this is intended, set _layout_ to 'ms'. The implicit default is deprecated and slated to become an error in Python 3.19.
    struct_NV2080_CTRL_NVLINK_GET_PORT_EVENTS_PARAMS._fields_ = [

tinyops/image/blur_test.py::test_blur_color[ksize0]
  /app/.venv/lib/python3.14/site-packages/tinygrad/runtime/autogen/nv_gpu.py:24951: DeprecationWarning: Due to '_pack_', the 'struct_NV2080_CTRL_NVLINK_CYCLE_LINK_PARAMS' Structure will use memory layout compatible with MSVC (Windows). If this is intended, set _layout_ to 'ms'. The implicit default is deprecated and slated to become an error in Python 3.19.
    struct_NV2080_CTRL_NVLINK_CYCLE_LINK_PARAMS._fields_ = [

tinyops/image/blur_test.py::test_blur_color[ksize0]
  /app/.venv/lib/python3.14/site-packages/tinygrad/runtime/autogen/nv_gpu.py:24960: DeprecationWarning: Due to '_pack_', the 'struct_NV2080_CTRL_NVLINK_IS_REDUCED_CONFIG_PARAMS' Structure will use memory layout compatible with MSVC (Windows). If this is intended, set _layout_ to 'ms'. The implicit default is deprecated and slated to become an error in Python 3.19.
    struct_NV2080_CTRL_NVLINK_IS_REDUCED_CONFIG_PARAMS._fields_ = [

tinyops/image/blur_test.py::test_blur_color[ksize0]
  /app/.venv/lib/python3.14/site-packages/tinygrad/runtime/autogen/nv_gpu.py:24969: DeprecationWarning: Due to '_pack_', the 'struct_NV2080_CTRL_NVLINK_PRM_DATA' Structure will use memory layout compatible with MSVC (Windows). If this is intended, set _layout_ to 'ms'. The implicit default is deprecated and slated to become an error in Python 3.19.
    struct_NV2080_CTRL_NVLINK_PRM_DATA._fields_ = [

tinyops/image/blur_test.py::test_blur_color[ksize0]
  /app/.venv/lib/python3.14/site-packages/tinygrad/runtime/autogen/nv_gpu.py:24978: DeprecationWarning: Due to '_pack_', the 'struct_NV2080_CTRL_NVLINK_PRM_ACCESS_PAOS_PARAMS' Structure will use memory layout compatible with MSVC (Windows). If this is intended, set _layout_ to 'ms'. The implicit default is deprecated and slated to become an error in Python 3.19.
    struct_NV2080_CTRL_NVLINK_PRM_ACCESS_PAOS_PARAMS._fields_ = [

tinyops/image/blur_test.py::test_blur_color[ksize0]
  /app/.venv/lib/python3.14/site-packages/tinygrad/runtime/autogen/nv_gpu.py:25001: DeprecationWarning: Due to '_pack_', the 'struct_NV2080_CTRL_NVLINK_PRM_ACCESS_PLTC_PARAMS' Structure will use memory layout compatible with MSVC (Windows). If this is intended, set _layout_ to 'ms'. The implicit default is deprecated and slated to become an error in Python 3.19.
    struct_NV2080_CTRL_NVLINK_PRM_ACCESS_PLTC_PARAMS._fields_ = [

tinyops/image/blur_test.py::test_blur_color[ksize0]
  /app/.venv/lib/python3.14/site-packages/tinygrad/runtime/autogen/nv_gpu.py:25017: DeprecationWarning: Due to '_pack_', the 'struct_NV2080_CTRL_NVLINK_PRM_ACCESS_PPLM_PARAMS' Structure will use memory layout compatible with MSVC (Windows). If this is intended, set _layout_ to 'ms'. The implicit default is deprecated and slated to become an error in Python 3.19.
    struct_NV2080_CTRL_NVLINK_PRM_ACCESS_PPLM_PARAMS._fields_ = [

tinyops/image/blur_test.py::test_blur_color[ksize0]
  /app/.venv/lib/python3.14/site-packages/tinygrad/runtime/autogen/nv_gpu.py:25048: DeprecationWarning: Due to '_pack_', the 'struct_NV2080_CTRL_NVLINK_PRM_ACCESS_PPSLC_PARAMS' Structure will use memory layout compatible with MSVC (Windows). If this is intended, set _layout_ to 'ms'. The implicit default is deprecated and slated to become an error in Python 3.19.
    struct_NV2080_CTRL_NVLINK_PRM_ACCESS_PPSLC_PARAMS._fields_ = [

tinyops/image/blur_test.py::test_blur_color[ksize0]
  /app/.venv/lib/python3.14/site-packages/tinygrad/runtime/autogen/nv_gpu.py:25069: DeprecationWarning: Due to '_pack_', the 'struct_NV2080_CTRL_NVLINK_PRM_ACCESS_MCAM_PARAMS' Structure will use memory layout compatible with MSVC (Windows). If this is intended, set _layout_ to 'ms'. The implicit default is deprecated and slated to become an error in Python 3.19.
    struct_NV2080_CTRL_NVLINK_PRM_ACCESS_MCAM_PARAMS._fields_ = [

tinyops/image/blur_test.py::test_blur_color[ksize0]
  /app/.venv/lib/python3.14/site-packages/tinygrad/runtime/autogen/nv_gpu.py:25081: DeprecationWarning: Due to '_pack_', the 'struct_NV2080_CTRL_NVLINK_PRM_ACCESS_MTECR_PARAMS' Structure will use memory layout compatible with MSVC (Windows). If this is intended, set _layout_ to 'ms'. The implicit default is deprecated and slated to become an error in Python 3.19.
    struct_NV2080_CTRL_NVLINK_PRM_ACCESS_MTECR_PARAMS._fields_ = [

tinyops/image/blur_test.py::test_blur_color[ksize0]
  /app/.venv/lib/python3.14/site-packages/tinygrad/runtime/autogen/nv_gpu.py:25092: DeprecationWarning: Due to '_pack_', the 'struct_NV2080_CTRL_NVLINK_PRM_ACCESS_MTEWE_PARAMS' Structure will use memory layout compatible with MSVC (Windows). If this is intended, set _layout_ to 'ms'. The implicit default is deprecated and slated to become an error in Python 3.19.
    struct_NV2080_CTRL_NVLINK_PRM_ACCESS_MTEWE_PARAMS._fields_ = [

tinyops/image/blur_test.py::test_blur_color[ksize0]
  /app/.venv/lib/python3.14/site-packages/tinygrad/runtime/autogen/nv_gpu.py:25103: DeprecationWarning: Due to '_pack_', the 'struct_NV2080_CTRL_NVLINK_PRM_ACCESS_MTSDE_PARAMS' Structure will use memory layout compatible with MSVC (Windows). If this is intended, set _layout_ to 'ms'. The implicit default is deprecated and slated to become an error in Python 3.19.
    struct_NV2080_CTRL_NVLINK_PRM_ACCESS_MTSDE_PARAMS._fields_ = [

tinyops/image/blur_test.py::test_blur_color[ksize0]
  /app/.venv/lib/python3.14/site-packages/tinygrad/runtime/autogen/nv_gpu.py:25114: DeprecationWarning: Due to '_pack_', the 'struct_NV2080_CTRL_NVLINK_PRM_ACCESS_MTCAP_PARAMS' Structure will use memory layout compatible with MSVC (Windows). If this is intended, set _layout_ to 'ms'. The implicit default is deprecated and slated to become an error in Python 3.19.
    struct_NV2080_CTRL_NVLINK_PRM_ACCESS_MTCAP_PARAMS._fields_ = [

tinyops/image/blur_test.py::test_blur_color[ksize0]
  /app/.venv/lib/python3.14/site-packages/tinygrad/runtime/autogen/nv_gpu.py:25125: DeprecationWarning: Due to '_pack_', the 'struct_NV2080_CTRL_NVLINK_PRM_ACCESS_PMTU_PARAMS' Structure will use memory layout compatible with MSVC (Windows). If this is intended, set _layout_ to 'ms'. The implicit default is deprecated and slated to become an error in Python 3.19.
    struct_NV2080_CTRL_NVLINK_PRM_ACCESS_PMTU_PARAMS._fields_ = [

tinyops/image/blur_test.py::test_blur_color[ksize0]
  /app/.venv/lib/python3.14/site-packages/tinygrad/runtime/autogen/nv_gpu.py:25141: DeprecationWarning: Due to '_pack_', the 'struct_NV2080_CTRL_NVLINK_PRM_ACCESS_PMLP_PARAMS' Structure will use memory layout compatible with MSVC (Windows). If this is intended, set _layout_ to 'ms'. The implicit default is deprecated and slated to become an error in Python 3.19.
    struct_NV2080_CTRL_NVLINK_PRM_ACCESS_PMLP_PARAMS._fields_ = [

tinyops/image/blur_test.py::test_blur_color[ksize0]
  /app/.venv/lib/python3.14/site-packages/tinygrad/runtime/autogen/nv_gpu.py:25157: DeprecationWarning: Due to '_pack_', the 'struct_NV2080_CTRL_NVLINK_PRM_ACCESS_GHPKT_PARAMS' Structure will use memory layout compatible with MSVC (Windows). If this is intended, set _layout_ to 'ms'. The implicit default is deprecated and slated to become an error in Python 3.19.
    struct_NV2080_CTRL_NVLINK_PRM_ACCESS_GHPKT_PARAMS._fields_ = [

tinyops/image/blur_test.py::test_blur_color[ksize0]
  /app/.venv/lib/python3.14/site-packages/tinygrad/runtime/autogen/nv_gpu.py:25171: DeprecationWarning: Due to '_pack_', the 'struct_NV2080_CTRL_NVLINK_PRM_ACCESS_PDDR_PARAMS' Structure will use memory layout compatible with MSVC (Windows). If this is intended, set _layout_ to 'ms'. The implicit default is deprecated and slated to become an error in Python 3.19.
    struct_NV2080_CTRL_NVLINK_PRM_ACCESS_PDDR_PARAMS._fields_ = [

tinyops/image/blur_test.py::test_blur_color[ksize0]
  /app/.venv/lib/python3.14/site-packages/tinygrad/runtime/autogen/nv_gpu.py:25188: DeprecationWarning: Due to '_pack_', the 'struct_NV2080_CTRL_NVLINK_PRM_ACCESS_PPTT_PARAMS' Structure will use memory layout compatible with MSVC (Windows). If this is intended, set _layout_ to 'ms'. The implicit default is deprecated and slated to become an error in Python 3.19.
    struct_NV2080_CTRL_NVLINK_PRM_ACCESS_PPTT_PARAMS._fields_ = [

tinyops/image/blur_test.py::test_blur_color[ksize0]
  /app/.venv/lib/python3.14/site-packages/tinygrad/runtime/autogen/nv_gpu.py:25212: DeprecationWarning: Due to '_pack_', the 'struct_NV2080_CTRL_NVLINK_PRM_ACCESS_PPCNT_PARAMS' Structure will use memory layout compatible with MSVC (Windows). If this is intended, set _layout_ to 'ms'. The implicit default is deprecated and slated to become an error in Python 3.19.
    struct_NV2080_CTRL_NVLINK_PRM_ACCESS_PPCNT_PARAMS._fields_ = [

tinyops/image/blur_test.py::test_blur_color[ksize0]
  /app/.venv/lib/python3.14/site-packages/tinygrad/runtime/autogen/nv_gpu.py:25234: DeprecationWarning: Due to '_pack_', the 'struct_NV2080_CTRL_NVLINK_PRM_ACCESS_MGIR_PARAMS' Structure will use memory layout compatible with MSVC (Windows). If this is intended, set _layout_ to 'ms'. The implicit default is deprecated and slated to become an error in Python 3.19.
    struct_NV2080_CTRL_NVLINK_PRM_ACCESS_MGIR_PARAMS._fields_ = [

tinyops/image/blur_test.py::test_blur_color[ksize0]
  /app/.venv/lib/python3.14/site-packages/tinygrad/runtime/autogen/nv_gpu.py:25244: DeprecationWarning: Due to '_pack_', the 'struct_NV2080_CTRL_NVLINK_PRM_ACCESS_PPAOS_PARAMS' Structure will use memory layout compatible with MSVC (Windows). If this is intended, set _layout_ to 'ms'. The implicit default is deprecated and slated to become an error in Python 3.19.
    struct_NV2080_CTRL_NVLINK_PRM_ACCESS_PPAOS_PARAMS._fields_ = [

tinyops/image/blur_test.py::test_blur_color[ksize0]
  /app/.venv/lib/python3.14/site-packages/tinygrad/runtime/autogen/nv_gpu.py:25261: DeprecationWarning: Due to '_pack_', the 'struct_NV2080_CTRL_NVLINK_PRM_ACCESS_PPHCR_PARAMS' Structure will use memory layout compatible with MSVC (Windows). If this is intended, set _layout_ to 'ms'. The implicit default is deprecated and slated to become an error in Python 3.19.
    struct_NV2080_CTRL_NVLINK_PRM_ACCESS_PPHCR_PARAMS._fields_ = [

tinyops/image/blur_test.py::test_blur_color[ksize0]
  /app/.venv/lib/python3.14/site-packages/tinygrad/runtime/autogen/nv_gpu.py:25277: DeprecationWarning: Due to '_pack_', the 'struct_NV2080_CTRL_NVLINK_PRM_ACCESS_SLTP_PARAMS' Structure will use memory layout compatible with MSVC (Windows). If this is intended, set _layout_ to 'ms'. The implicit default is deprecated and slated to become an error in Python 3.19.
    struct_NV2080_CTRL_NVLINK_PRM_ACCESS_SLTP_PARAMS._fields_ = [

tinyops/image/blur_test.py::test_blur_color[ksize0]
  /app/.venv/lib/python3.14/site-packages/tinygrad/runtime/autogen/nv_gpu.py:25295: DeprecationWarning: Due to '_pack_', the 'struct_NV2080_CTRL_NVLINK_PRM_ACCESS_PGUID_PARAMS' Structure will use memory layout compatible with MSVC (Windows). If this is intended, set _layout_ to 'ms'. The implicit default is deprecated and slated to become an error in Python 3.19.
    struct_NV2080_CTRL_NVLINK_PRM_ACCESS_PGUID_PARAMS._fields_ = [

tinyops/image/blur_test.py::test_blur_color[ksize0]
  /app/.venv/lib/python3.14/site-packages/tinygrad/runtime/autogen/nv_gpu.py:25308: DeprecationWarning: Due to '_pack_', the 'struct_NV2080_CTRL_NVLINK_PRM_ACCESS_PPRT_PARAMS' Structure will use memory layout compatible with MSVC (Windows). If this is intended, set _layout_ to 'ms'. The implicit default is deprecated and slated to become an error in Python 3.19.
    struct_NV2080_CTRL_NVLINK_PRM_ACCESS_PPRT_PARAMS._fields_ = [

tinyops/image/blur_test.py::test_blur_color[ksize0]
  /app/.venv/lib/python3.14/site-packages/tinygrad/runtime/autogen/nv_gpu.py:25332: DeprecationWarning: Due to '_pack_', the 'struct_NV2080_CTRL_NVLINK_PRM_ACCESS_PTYS_PARAMS' Structure will use memory layout compatible with MSVC (Windows). If this is intended, set _layout_ to 'ms'. The implicit default is deprecated and slated to become an error in Python 3.19.
    struct_NV2080_CTRL_NVLINK_PRM_ACCESS_PTYS_PARAMS._fields_ = [

tinyops/image/blur_test.py::test_blur_color[ksize0]
  /app/.venv/lib/python3.14/site-packages/tinygrad/runtime/autogen/nv_gpu.py:25359: DeprecationWarning: Due to '_pack_', the 'struct_NV2080_CTRL_NVLINK_PRM_ACCESS_SLRG_PARAMS' Structure will use memory layout compatible with MSVC (Windows). If this is intended, set _layout_ to 'ms'. The implicit default is deprecated and slated to become an error in Python 3.19.
    struct_NV2080_CTRL_NVLINK_PRM_ACCESS_SLRG_PARAMS._fields_ = [

tinyops/image/blur_test.py::test_blur_color[ksize0]
  /app/.venv/lib/python3.14/site-packages/tinygrad/runtime/autogen/nv_gpu.py:25374: DeprecationWarning: Due to '_pack_', the 'struct_NV2080_CTRL_NVLINK_PRM_ACCESS_PMAOS_PARAMS' Structure will use memory layout compatible with MSVC (Windows). If this is intended, set _layout_ to 'ms'. The implicit default is deprecated and slated to become an error in Python 3.19.
    struct_NV2080_CTRL_NVLINK_PRM_ACCESS_PMAOS_PARAMS._fields_ = [

tinyops/image/blur_test.py::test_blur_color[ksize0]
  /app/.venv/lib/python3.14/site-packages/tinygrad/runtime/autogen/nv_gpu.py:25391: DeprecationWarning: Due to '_pack_', the 'struct_NV2080_CTRL_NVLINK_PRM_ACCESS_PPLR_PARAMS' Structure will use memory layout compatible with MSVC (Windows). If this is intended, set _layout_ to 'ms'. The implicit default is deprecated and slated to become an error in Python 3.19.
    struct_NV2080_CTRL_NVLINK_PRM_ACCESS_PPLR_PARAMS._fields_ = [

tinyops/image/blur_test.py::test_blur_color[ksize0]
  /app/.venv/lib/python3.14/site-packages/tinygrad/runtime/autogen/nv_gpu.py:25409: DeprecationWarning: Due to '_pack_', the 'struct_NV2080_CTRL_NVLINK_GET_SUPPORTED_COUNTERS_PARAMS' Structure will use memory layout compatible with MSVC (Windows). If this is intended, set _layout_ to 'ms'. The implicit default is deprecated and slated to become an error in Python 3.19.
    struct_NV2080_CTRL_NVLINK_GET_SUPPORTED_COUNTERS_PARAMS._fields_ = [

tinyops/image/blur_test.py::test_blur_color[ksize0]
  /app/.venv/lib/python3.14/site-packages/tinygrad/runtime/autogen/nv_gpu.py:25418: DeprecationWarning: Due to '_pack_', the 'struct_NV2080_CTRL_NVLINK_PRM_ACCESS_MORD_PARAMS' Structure will use memory layout compatible with MSVC (Windows). If this is intended, set _layout_ to 'ms'. The implicit default is deprecated and slated to become an error in Python 3.19.
    struct_NV2080_CTRL_NVLINK_PRM_ACCESS_MORD_PARAMS._fields_ = [

tinyops/image/blur_test.py::test_blur_color[ksize0]
  /app/.venv/lib/python3.14/site-packages/tinygrad/runtime/autogen/nv_gpu.py:25444: DeprecationWarning: Due to '_pack_', the 'struct_NV2080_CTRL_NVLINK_PRM_ACCESS_MTRC_CAP_PARAMS' Structure will use memory layout compatible with MSVC (Windows). If this is intended, set _layout_ to 'ms'. The implicit default is deprecated and slated to become an error in Python 3.19.
    struct_NV2080_CTRL_NVLINK_PRM_ACCESS_MTRC_CAP_PARAMS._fields_ = [

tinyops/image/blur_test.py::test_blur_color[ksize0]
  /app/.venv/lib/python3.14/site-packages/tinygrad/runtime/autogen/nv_gpu.py:25455: DeprecationWarning: Due to '_pack_', the 'struct_NV2080_CTRL_NVLINK_PRM_ACCESS_MTRC_CONF_PARAMS' Structure will use memory layout compatible with MSVC (Windows). If this is intended, set _layout_ to 'ms'. The implicit default is deprecated and slated to become an error in Python 3.19.
    struct_NV2080_CTRL_NVLINK_PRM_ACCESS_MTRC_CONF_PARAMS._fields_ = [

tinyops/image/blur_test.py::test_blur_color[ksize0]
  /app/.venv/lib/python3.14/site-packages/tinygrad/runtime/autogen/nv_gpu.py:25468: DeprecationWarning: Due to '_pack_', the 'struct_NV2080_CTRL_NVLINK_PRM_ACCESS_MTRC_CTRL_PARAMS' Structure will use memory layout compatible with MSVC (Windows). If this is intended, set _layout_ to 'ms'. The implicit default is deprecated and slated to become an error in Python 3.19.
    struct_NV2080_CTRL_NVLINK_PRM_ACCESS_MTRC_CTRL_PARAMS._fields_ = [

tinyops/image/blur_test.py::test_blur_color[ksize0]
  /app/.venv/lib/python3.14/site-packages/tinygrad/runtime/autogen/nv_gpu.py:25482: DeprecationWarning: Due to '_pack_', the 'struct_NV2080_CTRL_NVLINK_PRM_ACCESS_MTEIM_PARAMS' Structure will use memory layout compatible with MSVC (Windows). If this is intended, set _layout_ to 'ms'. The implicit default is deprecated and slated to become an error in Python 3.19.
    struct_NV2080_CTRL_NVLINK_PRM_ACCESS_MTEIM_PARAMS._fields_ = [

tinyops/image/blur_test.py::test_blur_color[ksize0]
  /app/.venv/lib/python3.14/site-packages/tinygrad/runtime/autogen/nv_gpu.py:25492: DeprecationWarning: Due to '_pack_', the 'struct_NV2080_CTRL_NVLINK_PRM_ACCESS_MTIE_PARAMS' Structure will use memory layout compatible with MSVC (Windows). If this is intended, set _layout_ to 'ms'. The implicit default is deprecated and slated to become an error in Python 3.19.
    struct_NV2080_CTRL_NVLINK_PRM_ACCESS_MTIE_PARAMS._fields_ = [

tinyops/image/blur_test.py::test_blur_color[ksize0]
  /app/.venv/lib/python3.14/site-packages/tinygrad/runtime/autogen/nv_gpu.py:25506: DeprecationWarning: Due to '_pack_', the 'struct_NV2080_CTRL_NVLINK_PRM_ACCESS_MTIM_PARAMS' Structure will use memory layout compatible with MSVC (Windows). If this is intended, set _layout_ to 'ms'. The implicit default is deprecated and slated to become an error in Python 3.19.
    struct_NV2080_CTRL_NVLINK_PRM_ACCESS_MTIM_PARAMS._fields_ = [

tinyops/image/blur_test.py::test_blur_color[ksize0]
  /app/.venv/lib/python3.14/site-packages/tinygrad/runtime/autogen/nv_gpu.py:25519: DeprecationWarning: Due to '_pack_', the 'struct_NV2080_CTRL_NVLINK_PRM_ACCESS_MPSCR_PARAMS' Structure will use memory layout compatible with MSVC (Windows). If this is intended, set _layout_ to 'ms'. The implicit default is deprecated and slated to become an error in Python 3.19.
    struct_NV2080_CTRL_NVLINK_PRM_ACCESS_MPSCR_PARAMS._fields_ = [

tinyops/image/blur_test.py::test_blur_color[ksize0]
  /app/.venv/lib/python3.14/site-packages/tinygrad/runtime/autogen/nv_gpu.py:25534: DeprecationWarning: Due to '_pack_', the 'struct_NV2080_CTRL_NVLINK_PRM_ACCESS_MTSR_PARAMS' Structure will use memory layout compatible with MSVC (Windows). If this is intended, set _layout_ to 'ms'. The implicit default is deprecated and slated to become an error in Python 3.19.
    struct_NV2080_CTRL_NVLINK_PRM_ACCESS_MTSR_PARAMS._fields_ = [

tinyops/image/blur_test.py::test_blur_color[ksize0]
  /app/.venv/lib/python3.14/site-packages/tinygrad/runtime/autogen/nv_gpu.py:25544: DeprecationWarning: Due to '_pack_', the 'struct_NV2080_CTRL_NVLINK_PRM_ACCESS_PPSLS_PARAMS' Structure will use memory layout compatible with MSVC (Windows). If this is intended, set _layout_ to 'ms'. The implicit default is deprecated and slated to become an error in Python 3.19.
    struct_NV2080_CTRL_NVLINK_PRM_ACCESS_PPSLS_PARAMS._fields_ = [

tinyops/image/blur_test.py::test_blur_color[ksize0]
  /app/.venv/lib/python3.14/site-packages/tinygrad/runtime/autogen/nv_gpu.py:25556: DeprecationWarning: Due to '_pack_', the 'struct_NV2080_CTRL_NVLINK_PRM_ACCESS_MLPC_PARAMS' Structure will use memory layout compatible with MSVC (Windows). If this is intended, set _layout_ to 'ms'. The implicit default is deprecated and slated to become an error in Python 3.19.
    struct_NV2080_CTRL_NVLINK_PRM_ACCESS_MLPC_PARAMS._fields_ = [

tinyops/image/blur_test.py::test_blur_color[ksize0]
  /app/.venv/lib/python3.14/site-packages/tinygrad/runtime/autogen/nv_gpu.py:25575: DeprecationWarning: Due to '_pack_', the 'struct_NV2080_CTRL_NVLINK_PRM_ACCESS_PLIB_PARAMS' Structure will use memory layout compatible with MSVC (Windows). If this is intended, set _layout_ to 'ms'. The implicit default is deprecated and slated to become an error in Python 3.19.
    struct_NV2080_CTRL_NVLINK_PRM_ACCESS_PLIB_PARAMS._fields_ = [

tinyops/image/blur_test.py::test_blur_color[ksize0]
  /app/.venv/lib/python3.14/site-packages/tinygrad/runtime/autogen/nv_gpu.py:25591: DeprecationWarning: Due to '_pack_', the 'struct_NV2080_CTRL_NVLINK_GET_PLATFORM_INFO_PARAMS' Structure will use memory layout compatible with MSVC (Windows). If this is intended, set _layout_ to 'ms'. The implicit default is deprecated and slated to become an error in Python 3.19.
    struct_NV2080_CTRL_NVLINK_GET_PLATFORM_INFO_PARAMS._fields_ = [

tinyops/image/blur_test.py::test_blur_color[ksize0]
  /app/.venv/lib/python3.14/site-packages/tinygrad/runtime/autogen/nv_gpu.py:25606: DeprecationWarning: Due to '_pack_', the 'struct_NV2080_CTRL_NVLINK_UPHY_CLN_CMD' Structure will use memory layout compatible with MSVC (Windows). If this is intended, set _layout_ to 'ms'. The implicit default is deprecated and slated to become an error in Python 3.19.
    struct_NV2080_CTRL_NVLINK_UPHY_CLN_CMD._fields_ = [

tinyops/image/blur_test.py::test_blur_color[ksize0]
  /app/.venv/lib/python3.14/site-packages/tinygrad/runtime/autogen/nv_gpu.py:25617: DeprecationWarning: Due to '_pack_', the 'struct_NV2080_CTRL_NVLINK_READ_UPHY_CLN_REG_PARAMS' Structure will use memory layout compatible with MSVC (Windows). If this is intended, set _layout_ to 'ms'. The implicit default is deprecated and slated to become an error in Python 3.19.
    struct_NV2080_CTRL_NVLINK_READ_UPHY_CLN_REG_PARAMS._fields_ = [

tinyops/image/blur_test.py::test_blur_color[ksize0]
  /app/.venv/lib/python3.14/site-packages/tinygrad/runtime/autogen/nv_gpu.py:25628: DeprecationWarning: Due to '_pack_', the 'struct_NV2080_CTRL_NVLINK_GET_SUPPORTED_BW_MODE_PARAMS' Structure will use memory layout compatible with MSVC (Windows). If this is intended, set _layout_ to 'ms'. The implicit default is deprecated and slated to become an error in Python 3.19.
    struct_NV2080_CTRL_NVLINK_GET_SUPPORTED_BW_MODE_PARAMS._fields_ = [

tinyops/image/blur_test.py::test_blur_color[ksize0]
  /app/.venv/lib/python3.14/site-packages/tinygrad/runtime/autogen/nv_gpu.py:25638: DeprecationWarning: Due to '_pack_', the 'struct_NV2080_CTRL_NVLINK_SET_BW_MODE_PARAMS' Structure will use memory layout compatible with MSVC (Windows). If this is intended, set _layout_ to 'ms'. The implicit default is deprecated and slated to become an error in Python 3.19.
    struct_NV2080_CTRL_NVLINK_SET_BW_MODE_PARAMS._fields_ = [

tinyops/image/blur_test.py::test_blur_color[ksize0]
  /app/.venv/lib/python3.14/site-packages/tinygrad/runtime/autogen/nv_gpu.py:25647: DeprecationWarning: Due to '_pack_', the 'struct_NV2080_CTRL_NVLINK_GET_BW_MODE_PARAMS' Structure will use memory layout compatible with MSVC (Windows). If this is intended, set _layout_ to 'ms'. The implicit default is deprecated and slated to become an error in Python 3.19.
    struct_NV2080_CTRL_NVLINK_GET_BW_MODE_PARAMS._fields_ = [

tinyops/image/blur_test.py::test_blur_color[ksize0]
  /app/.venv/lib/python3.14/site-packages/tinygrad/runtime/autogen/nv_gpu.py:25652: DeprecationWarning: Due to '_pack_', the 'struct_NV2080_CTRL_NVLINK_GET_LOCAL_DEVICE_INFO_PARAMS' Structure will use memory layout compatible with MSVC (Windows). If this is intended, set _layout_ to 'ms'. The implicit default is deprecated and slated to become an error in Python 3.19.
    class struct_NV2080_CTRL_NVLINK_GET_LOCAL_DEVICE_INFO_PARAMS(Structure):

tinyops/image/blur_test.py::test_blur_color[ksize0]
  /app/.venv/lib/python3.14/site-packages/tinygrad/runtime/autogen/nv_gpu.py:25712: DeprecationWarning: Due to '_pack_', the 'struct_NV2080_CTRL_NVLINK_INJECT_SW_ERROR_PARAMS' Structure will use memory layout compatible with MSVC (Windows). If this is intended, set _layout_ to 'ms'. The implicit default is deprecated and slated to become an error in Python 3.19.
    struct_NV2080_CTRL_NVLINK_INJECT_SW_ERROR_PARAMS._fields_ = [

tinyops/image/blur_test.py::test_blur_color[ksize0]
  /app/.venv/lib/python3.14/site-packages/tinygrad/runtime/autogen/nv_gpu.py:25737: DeprecationWarning: Due to '_pack_', the 'struct_NV2080_CTRL_NVLINK_L1_FORCE_CONFIG' Structure will use memory layout compatible with MSVC (Windows). If this is intended, set _layout_ to 'ms'. The implicit default is deprecated and slated to become an error in Python 3.19.
    struct_NV2080_CTRL_NVLINK_L1_FORCE_CONFIG._fields_ = [

tinyops/image/blur_test.py::test_blur_color[ksize0]
  /app/.venv/lib/python3.14/site-packages/tinygrad/runtime/autogen/nv_gpu.py:25750: DeprecationWarning: Due to '_pack_', the 'struct_NV2080_CTRL_NVLINK_CONFIGURE_L1_TOGGLE_PARAMS' Structure will use memory layout compatible with MSVC (Windows). If this is intended, set _layout_ to 'ms'. The implicit default is deprecated and slated to become an error in Python 3.19.
    struct_NV2080_CTRL_NVLINK_CONFIGURE_L1_TOGGLE_PARAMS._fields_ = [

tinyops/image/blur_test.py::test_blur_color[ksize0]
  /app/.venv/lib/python3.14/site-packages/tinygrad/runtime/autogen/nv_gpu.py:25760: DeprecationWarning: Due to '_pack_', the 'struct_NV2080_CTRL_NVLINK_GET_L1_TOGGLE_PARAMS' Structure will use memory layout compatible with MSVC (Windows). If this is intended, set _layout_ to 'ms'. The implicit default is deprecated and slated to become an error in Python 3.19.
    struct_NV2080_CTRL_NVLINK_GET_L1_TOGGLE_PARAMS._fields_ = [

tinyops/image/blur_test.py::test_blur_color[ksize0]
  /app/.venv/lib/python3.14/site-packages/tinygrad/runtime/autogen/nv_gpu.py:25871: DeprecationWarning: Due to '_pack_', the 'struct_NV2080_CTRL_PERF_BOOST_PARAMS' Structure will use memory layout compatible with MSVC (Windows). If this is intended, set _layout_ to 'ms'. The implicit default is deprecated and slated to become an error in Python 3.19.
    struct_NV2080_CTRL_PERF_BOOST_PARAMS._fields_ = [

tinyops/image/blur_test.py::test_blur_color[ksize0]
  /app/.venv/lib/python3.14/site-packages/tinygrad/runtime/autogen/nv_gpu.py:25881: DeprecationWarning: Due to '_pack_', the 'struct_NV2080_CTRL_PERF_RESERVE_PERFMON_HW_PARAMS' Structure will use memory layout compatible with MSVC (Windows). If this is intended, set _layout_ to 'ms'. The implicit default is deprecated and slated to become an error in Python 3.19.
    struct_NV2080_CTRL_PERF_RESERVE_PERFMON_HW_PARAMS._fields_ = [

tinyops/image/blur_test.py::test_blur_color[ksize0]
  /app/.venv/lib/python3.14/site-packages/tinygrad/runtime/autogen/nv_gpu.py:25890: DeprecationWarning: Due to '_pack_', the 'struct_NV2080_CTRL_PERF_POWERSTATE_PARAMS' Structure will use memory layout compatible with MSVC (Windows). If this is intended, set _layout_ to 'ms'. The implicit default is deprecated and slated to become an error in Python 3.19.
    struct_NV2080_CTRL_PERF_POWERSTATE_PARAMS._fields_ = [

tinyops/image/blur_test.py::test_blur_color[ksize0]
  /app/.venv/lib/python3.14/site-packages/tinygrad/runtime/autogen/nv_gpu.py:25895: DeprecationWarning: Due to '_pack_', the 'struct_NV2080_CTRL_PERF_SET_POWERSTATE_PARAMS' Structure will use memory layout compatible with MSVC (Windows). If this is intended, set _layout_ to 'ms'. The implicit default is deprecated and slated to become an error in Python 3.19.
    class struct_NV2080_CTRL_PERF_SET_POWERSTATE_PARAMS(Structure):

tinyops/image/blur_test.py::test_blur_color[ksize0]
  /app/.venv/lib/python3.14/site-packages/tinygrad/runtime/autogen/nv_gpu.py:25906: DeprecationWarning: Due to '_pack_', the 'struct_NV2080_CTRL_PERF_SET_AUX_POWER_STATE_PARAMS' Structure will use memory layout compatible with MSVC (Windows). If this is intended, set _layout_ to 'ms'. The implicit default is deprecated and slated to become an error in Python 3.19.
    struct_NV2080_CTRL_PERF_SET_AUX_POWER_STATE_PARAMS._fields_ = [

tinyops/image/blur_test.py::test_blur_color[ksize0]
  /app/.venv/lib/python3.14/site-packages/tinygrad/runtime/autogen/nv_gpu.py:25954: DeprecationWarning: Due to '_pack_', the 'struct_NV2080_CTRL_PERF_RATED_TDP_CLIENT_REQUEST' Structure will use memory layout compatible with MSVC (Windows). If this is intended, set _layout_ to 'ms'. The implicit default is deprecated and slated to become an error in Python 3.19.
    class struct_NV2080_CTRL_PERF_RATED_TDP_CLIENT_REQUEST(Structure):

tinyops/image/blur_test.py::test_blur_color[ksize0]
  /app/.venv/lib/python3.14/site-packages/tinygrad/runtime/autogen/nv_gpu.py:25969: DeprecationWarning: Due to '_pack_', the 'struct_NV2080_CTRL_PERF_RATED_TDP_STATUS_PARAMS_rm' Structure will use memory layout compatible with MSVC (Windows). If this is intended, set _layout_ to 'ms'. The implicit default is deprecated and slated to become an error in Python 3.19.
    struct_NV2080_CTRL_PERF_RATED_TDP_STATUS_PARAMS_rm._fields_ = [

tinyops/image/blur_test.py::test_blur_color[ksize0]
  /app/.venv/lib/python3.14/site-packages/tinygrad/runtime/autogen/nv_gpu.py:25976: DeprecationWarning: Due to '_pack_', the 'struct_NV2080_CTRL_PERF_RATED_TDP_STATUS_PARAMS' Structure will use memory layout compatible with MSVC (Windows). If this is intended, set _layout_ to 'ms'. The implicit default is deprecated and slated to become an error in Python 3.19.
    struct_NV2080_CTRL_PERF_RATED_TDP_STATUS_PARAMS._fields_ = [

tinyops/image/blur_test.py::test_blur_color[ksize0]
  /app/.venv/lib/python3.14/site-packages/tinygrad/runtime/autogen/nv_gpu.py:25985: DeprecationWarning: Due to '_pack_', the 'struct_NV2080_CTRL_PERF_RATED_TDP_CONTROL_PARAMS' Structure will use memory layout compatible with MSVC (Windows). If this is intended, set _layout_ to 'ms'. The implicit default is deprecated and slated to become an error in Python 3.19.
    class struct_NV2080_CTRL_PERF_RATED_TDP_CONTROL_PARAMS(Structure):

tinyops/image/blur_test.py::test_blur_color[ksize0]
  /app/.venv/lib/python3.14/site-packages/tinygrad/runtime/autogen/nv_gpu.py:26000: DeprecationWarning: Due to '_pack_', the 'struct_NV2080_CTRL_PERF_GPUMON_ENGINE_UTIL_SAMPLE' Structure will use memory layout compatible with MSVC (Windows). If this is intended, set _layout_ to 'ms'. The implicit default is deprecated and slated to become an error in Python 3.19.
    struct_NV2080_CTRL_PERF_GPUMON_ENGINE_UTIL_SAMPLE._fields_ = [

tinyops/image/blur_test.py::test_blur_color[ksize0]
  /app/.venv/lib/python3.14/site-packages/tinygrad/runtime/autogen/nv_gpu.py:26011: DeprecationWarning: Due to '_pack_', the 'struct_NV2080_CTRL_PERF_GPUMON_PERFMON_UTIL_SAMPLE' Structure will use memory layout compatible with MSVC (Windows). If this is intended, set _layout_ to 'ms'. The implicit default is deprecated and slated to become an error in Python 3.19.
    class struct_NV2080_CTRL_PERF_GPUMON_PERFMON_UTIL_SAMPLE(Structure):

tinyops/image/blur_test.py::test_blur_color[ksize0]
  /app/.venv/lib/python3.14/site-packages/tinygrad/runtime/autogen/nv_gpu.py:26030: DeprecationWarning: Due to '_pack_', the 'struct_NV2080_CTRL_PERF_GET_GPUMON_PERFMON_UTIL_SAMPLES_V2_PARAMS' Structure will use memory layout compatible with MSVC (Windows). If this is intended, set _layout_ to 'ms'. The implicit default is deprecated and slated to become an error in Python 3.19.
    struct_NV2080_CTRL_PERF_GET_GPUMON_PERFMON_UTIL_SAMPLES_V2_PARAMS._fields_ = [

tinyops/image/blur_test.py::test_blur_color[ksize0]
  /app/.venv/lib/python3.14/site-packages/tinygrad/runtime/autogen/nv_gpu.py:26044: DeprecationWarning: Due to '_pack_', the 'struct_NV2080_CTRL_PERF_GPU_IS_IDLE_PARAMS' Structure will use memory layout compatible with MSVC (Windows). If this is intended, set _layout_ to 'ms'. The implicit default is deprecated and slated to become an error in Python 3.19.
    struct_NV2080_CTRL_PERF_GPU_IS_IDLE_PARAMS._fields_ = [

tinyops/image/blur_test.py::test_blur_color[ksize0]
  /app/.venv/lib/python3.14/site-packages/tinygrad/runtime/autogen/nv_gpu.py:26054: DeprecationWarning: Due to '_pack_', the 'struct_NV2080_CTRL_PERF_AGGRESSIVE_PSTATE_NOTIFY_PARAMS' Structure will use memory layout compatible with MSVC (Windows). If this is intended, set _layout_ to 'ms'. The implicit default is deprecated and slated to become an error in Python 3.19.
    struct_NV2080_CTRL_PERF_AGGRESSIVE_PSTATE_NOTIFY_PARAMS._fields_ = [

tinyops/image/blur_test.py::test_blur_color[ksize0]
  /app/.venv/lib/python3.14/site-packages/tinygrad/runtime/autogen/nv_gpu.py:26067: DeprecationWarning: Due to '_pack_', the 'struct_NV2080_CTRL_PERF_GET_CLK_INFO' Structure will use memory layout compatible with MSVC (Windows). If this is intended, set _layout_ to 'ms'. The implicit default is deprecated and slated to become an error in Python 3.19.
    struct_NV2080_CTRL_PERF_GET_CLK_INFO._fields_ = [

tinyops/image/blur_test.py::test_blur_color[ksize0]
  /app/.venv/lib/python3.14/site-packages/tinygrad/runtime/autogen/nv_gpu.py:26081: DeprecationWarning: Due to '_pack_', the 'struct_NV2080_CTRL_PERF_GET_LEVEL_INFO_PARAMS' Structure will use memory layout compatible with MSVC (Windows). If this is intended, set _layout_ to 'ms'. The implicit default is deprecated and slated to become an error in Python 3.19.
    struct_NV2080_CTRL_PERF_GET_LEVEL_INFO_PARAMS._fields_ = [

tinyops/image/blur_test.py::test_blur_color[ksize0]
  /app/.venv/lib/python3.14/site-packages/tinygrad/runtime/autogen/nv_gpu.py:26094: DeprecationWarning: Due to '_pack_', the 'struct_NV2080_CTRL_PERF_GET_LEVEL_INFO_V2_PARAMS' Structure will use memory layout compatible with MSVC (Windows). If this is intended, set _layout_ to 'ms'. The implicit default is deprecated and slated to become an error in Python 3.19.
    struct_NV2080_CTRL_PERF_GET_LEVEL_INFO_V2_PARAMS._fields_ = [

tinyops/image/blur_test.py::test_blur_color[ksize0]
  /app/.venv/lib/python3.14/site-packages/tinygrad/runtime/autogen/nv_gpu.py:26119: DeprecationWarning: Due to '_pack_', the 'struct_NV2080_CTRL_PERF_GET_VID_ENG_PERFMON_SAMPLE_PARAMS' Structure will use memory layout compatible with MSVC (Windows). If this is intended, set _layout_ to 'ms'. The implicit default is deprecated and slated to become an error in Python 3.19.
    struct_NV2080_CTRL_PERF_GET_VID_ENG_PERFMON_SAMPLE_PARAMS._fields_ = [

tinyops/image/blur_test.py::test_blur_color[ksize0]
  /app/.venv/lib/python3.14/site-packages/tinygrad/runtime/autogen/nv_gpu.py:26126: DeprecationWarning: Due to '_pack_', the 'struct_NV2080_CTRL_PERF_GET_POWERSTATE_PARAMS' Structure will use memory layout compatible with MSVC (Windows). If this is intended, set _layout_ to 'ms'. The implicit default is deprecated and slated to become an error in Python 3.19.
    class struct_NV2080_CTRL_PERF_GET_POWERSTATE_PARAMS(Structure):

tinyops/image/blur_test.py::test_blur_color[ksize0]
  /app/.venv/lib/python3.14/site-packages/tinygrad/runtime/autogen/nv_gpu.py:26137: DeprecationWarning: Due to '_pack_', the 'struct_NV2080_CTRL_PERF_NOTIFY_VIDEOEVENT_PARAMS' Structure will use memory layout compatible with MSVC (Windows). If this is intended, set _layout_ to 'ms'. The implicit default is deprecated and slated to become an error in Python 3.19.
    struct_NV2080_CTRL_PERF_NOTIFY_VIDEOEVENT_PARAMS._fields_ = [

tinyops/image/blur_test.py::test_blur_color[ksize0]
  /app/.venv/lib/python3.14/site-packages/tinygrad/runtime/autogen/nv_gpu.py:26147: DeprecationWarning: Due to '_pack_', the 'struct_NV2080_CTRL_PERF_GET_CURRENT_PSTATE_PARAMS' Structure will use memory layout compatible with MSVC (Windows). If this is intended, set _layout_ to 'ms'. The implicit default is deprecated and slated to become an error in Python 3.19.
    struct_NV2080_CTRL_PERF_GET_CURRENT_PSTATE_PARAMS._fields_ = [

tinyops/image/blur_test.py::test_blur_color[ksize0]
  /app/.venv/lib/python3.14/site-packages/tinygrad/runtime/autogen/nv_gpu.py:26161: DeprecationWarning: Due to '_pack_', the 'struct_NV2080_CTRL_PMGR_MODULE_INFO_PARAMS' Structure will use memory layout compatible with MSVC (Windows). If this is intended, set _layout_ to 'ms'. The implicit default is deprecated and slated to become an error in Python 3.19.
    struct_NV2080_CTRL_PMGR_MODULE_INFO_PARAMS._fields_ = [

tinyops/image/blur_test.py::test_blur_color[ksize0]
  /app/.venv/lib/python3.14/site-packages/tinygrad/runtime/autogen/nv_gpu.py:26190: DeprecationWarning: Due to '_pack_', the 'struct_NV2080_CTRL_GC6_ENTRY_PARAMS_params' Structure will use memory layout compatible with MSVC (Windows). If this is intended, set _layout_ to 'ms'. The implicit default is deprecated and slated to become an error in Python 3.19.
    struct_NV2080_CTRL_GC6_ENTRY_PARAMS_params._fields_ = [

tinyops/image/blur_test.py::test_blur_color[ksize0]
  /app/.venv/lib/python3.14/site-packages/tinygrad/runtime/autogen/nv_gpu.py:26197: DeprecationWarning: Due to '_pack_', the 'struct_NV2080_CTRL_GC6_ENTRY_PARAMS' Structure will use memory layout compatible with MSVC (Windows). If this is intended, set _layout_ to 'ms'. The implicit default is deprecated and slated to become an error in Python 3.19.
    struct_NV2080_CTRL_GC6_ENTRY_PARAMS._fields_ = [

tinyops/image/blur_test.py::test_blur_color[ksize0]
  /app/.venv/lib/python3.14/site-packages/tinygrad/runtime/autogen/nv_gpu.py:26212: DeprecationWarning: Due to '_pack_', the 'struct_NV2080_CTRL_GC6_EXIT_PARAMS_params' Structure will use memory layout compatible with MSVC (Windows). If this is intended, set _layout_ to 'ms'. The implicit default is deprecated and slated to become an error in Python 3.19.
    struct_NV2080_CTRL_GC6_EXIT_PARAMS_params._fields_ = [

tinyops/image/blur_test.py::test_blur_color[ksize0]
  /app/.venv/lib/python3.14/site-packages/tinygrad/runtime/autogen/nv_gpu.py:26219: DeprecationWarning: Due to '_pack_', the 'struct_NV2080_CTRL_GC6_EXIT_PARAMS' Structure will use memory layout compatible with MSVC (Windows). If this is intended, set _layout_ to 'ms'. The implicit default is deprecated and slated to become an error in Python 3.19.
    struct_NV2080_CTRL_GC6_EXIT_PARAMS._fields_ = [

tinyops/image/blur_test.py::test_blur_color[ksize0]
  /app/.venv/lib/python3.14/site-packages/tinygrad/runtime/autogen/nv_gpu.py:26241: DeprecationWarning: Due to '_pack_', the 'struct_NV2080_CTRL_GC6_FLAVOR_INFO' Structure will use memory layout compatible with MSVC (Windows). If this is intended, set _layout_ to 'ms'. The implicit default is deprecated and slated to become an error in Python 3.19.
    struct_NV2080_CTRL_GC6_FLAVOR_INFO._fields_ = [

tinyops/image/blur_test.py::test_blur_color[ksize0]
  /app/.venv/lib/python3.14/site-packages/tinygrad/runtime/autogen/nv_gpu.py:26290: DeprecationWarning: Due to '_pack_', the 'struct_NV2080_CTRL_RC_READ_VIRTUAL_MEM_PARAMS' Structure will use memory layout compatible with MSVC (Windows). If this is intended, set _layout_ to 'ms'. The implicit default is deprecated and slated to become an error in Python 3.19.
    struct_NV2080_CTRL_RC_READ_VIRTUAL_MEM_PARAMS._fields_ = [

tinyops/image/blur_test.py::test_blur_color[ksize0]
  /app/.venv/lib/python3.14/site-packages/tinygrad/runtime/autogen/nv_gpu.py:26304: DeprecationWarning: Due to '_pack_', the 'struct_NV2080_CTRL_RC_GET_ERROR_COUNT_PARAMS' Structure will use memory layout compatible with MSVC (Windows). If this is intended, set _layout_ to 'ms'. The implicit default is deprecated and slated to become an error in Python 3.19.
    struct_NV2080_CTRL_RC_GET_ERROR_COUNT_PARAMS._fields_ = [

tinyops/image/blur_test.py::test_blur_color[ksize0]
  /app/.venv/lib/python3.14/site-packages/tinygrad/runtime/autogen/nv_gpu.py:26313: DeprecationWarning: Due to '_pack_', the 'struct_NV2080_CTRL_RC_GET_ERROR_V2_PARAMS' Structure will use memory layout compatible with MSVC (Windows). If this is intended, set _layout_ to 'ms'. The implicit default is deprecated and slated to become an error in Python 3.19.
    struct_NV2080_CTRL_RC_GET_ERROR_V2_PARAMS._fields_ = [

tinyops/image/blur_test.py::test_blur_color[ksize0]
  /app/.venv/lib/python3.14/site-packages/tinygrad/runtime/autogen/nv_gpu.py:26324: DeprecationWarning: Due to '_pack_', the 'struct_NV2080_CTRL_RC_GET_WATCHDOG_INFO_PARAMS' Structure will use memory layout compatible with MSVC (Windows). If this is intended, set _layout_ to 'ms'. The implicit default is deprecated and slated to become an error in Python 3.19.
    struct_NV2080_CTRL_RC_GET_WATCHDOG_INFO_PARAMS._fields_ = [

tinyops/image/blur_test.py::test_blur_color[ksize0]
  /app/.venv/lib/python3.14/site-packages/tinygrad/runtime/autogen/nv_gpu.py:26333: DeprecationWarning: Due to '_pack_', the 'struct_NV2080_CTRL_CMD_RC_RECOVERY_PARAMS' Structure will use memory layout compatible with MSVC (Windows). If this is intended, set _layout_ to 'ms'. The implicit default is deprecated and slated to become an error in Python 3.19.
    struct_NV2080_CTRL_CMD_RC_RECOVERY_PARAMS._fields_ = [

tinyops/image/blur_test.py::test_blur_color[ksize0]
  /app/.venv/lib/python3.14/site-packages/tinygrad/runtime/autogen/nv_gpu.py:26344: DeprecationWarning: Due to '_pack_', the 'struct_NV2080_CTRL_TDR_SET_TIMEOUT_STATE_PARAMS' Structure will use memory layout compatible with MSVC (Windows). If this is intended, set _layout_ to 'ms'. The implicit default is deprecated and slated to become an error in Python 3.19.
    struct_NV2080_CTRL_TDR_SET_TIMEOUT_STATE_PARAMS._fields_ = [

tinyops/image/blur_test.py::test_blur_color[ksize0]
  /app/.venv/lib/python3.14/site-packages/tinygrad/runtime/autogen/nv_gpu.py:26354: DeprecationWarning: Due to '_pack_', the 'struct_NV2080_CTRL_CMD_RC_INFO_PARAMS' Structure will use memory layout compatible with MSVC (Windows). If this is intended, set _layout_ to 'ms'. The implicit default is deprecated and slated to become an error in Python 3.19.
    struct_NV2080_CTRL_CMD_RC_INFO_PARAMS._fields_ = [

tinyops/image/blur_test.py::test_blur_color[ksize0]
  /app/.venv/lib/python3.14/site-packages/tinygrad/runtime/autogen/nv_gpu.py:26390: DeprecationWarning: Due to '_pack_', the 'struct_RM_GSP_SPDM_CMD_CC_INIT' Structure will use memory layout compatible with MSVC (Windows). If this is intended, set _layout_ to 'ms'. The implicit default is deprecated and slated to become an error in Python 3.19.
    struct_RM_GSP_SPDM_CMD_CC_INIT._fields_ = [

tinyops/image/blur_test.py::test_blur_color[ksize0]
  /app/.venv/lib/python3.14/site-packages/tinygrad/runtime/autogen/nv_gpu.py:26400: DeprecationWarning: Due to '_pack_', the 'struct_RM_GSP_SPDM_CMD_CC_DEINIT' Structure will use memory layout compatible with MSVC (Windows). If this is intended, set _layout_ to 'ms'. The implicit default is deprecated and slated to become an error in Python 3.19.
    struct_RM_GSP_SPDM_CMD_CC_DEINIT._fields_ = [

tinyops/image/blur_test.py::test_blur_color[ksize0]
  /app/.venv/lib/python3.14/site-packages/tinygrad/runtime/autogen/nv_gpu.py:26410: DeprecationWarning: Due to '_pack_', the 'struct_RM_GSP_SPDM_CMD_CC_CTRL' Structure will use memory layout compatible with MSVC (Windows). If this is intended, set _layout_ to 'ms'. The implicit default is deprecated and slated to become an error in Python 3.19.
    struct_RM_GSP_SPDM_CMD_CC_CTRL._fields_ = [

tinyops/image/blur_test.py::test_blur_color[ksize0]
  /app/.venv/lib/python3.14/site-packages/tinygrad/runtime/autogen/nv_gpu.py:26420: DeprecationWarning: Due to '_pack_', the 'struct_RM_GSP_SPDM_CMD_CC_INIT_RM_DATA' Structure will use memory layout compatible with MSVC (Windows). If this is intended, set _layout_ to 'ms'. The implicit default is deprecated and slated to become an error in Python 3.19.
    struct_RM_GSP_SPDM_CMD_CC_INIT_RM_DATA._fields_ = [

tinyops/image/blur_test.py::test_blur_color[ksize0]
  /app/.venv/lib/python3.14/site-packages/tinygrad/runtime/autogen/nv_gpu.py:26441: DeprecationWarning: Due to '_pack_', the 'struct_RM_GSP_SPDM_CMD_CC_HEARTBEAT_CTRL' Structure will use memory layout compatible with MSVC (Windows). If this is intended, set _layout_ to 'ms'. The implicit default is deprecated and slated to become an error in Python 3.19.
    struct_RM_GSP_SPDM_CMD_CC_HEARTBEAT_CTRL._fields_ = [

tinyops/image/blur_test.py::test_blur_color[ksize0]
  /app/.venv/lib/python3.14/site-packages/tinygrad/runtime/autogen/nv_gpu.py:26458: DeprecationWarning: Due to '_pack_', the 'struct_CC_AES_CRYPTOBUNDLE' Structure will use memory layout compatible with MSVC (Windows). If this is intended, set _layout_ to 'ms'. The implicit default is deprecated and slated to become an error in Python 3.19.
    struct_CC_AES_CRYPTOBUNDLE._fields_ = [

tinyops/image/blur_test.py::test_blur_color[ksize0]
  /app/.venv/lib/python3.14/site-packages/tinygrad/runtime/autogen/nv_gpu.py:26471: DeprecationWarning: Due to '_pack_', the 'struct_CC_HMAC_CRYPTOBUNDLE' Structure will use memory layout compatible with MSVC (Windows). If this is intended, set _layout_ to 'ms'. The implicit default is deprecated and slated to become an error in Python 3.19.
    struct_CC_HMAC_CRYPTOBUNDLE._fields_ = [

tinyops/image/blur_test.py::test_blur_color[ksize0]
  /app/.venv/lib/python3.14/site-packages/tinygrad/runtime/autogen/nv_gpu.py:26477: DeprecationWarning: Due to '_pack_', the 'union_CC_KMB_0' Union will use memory layout compatible with MSVC (Windows). If this is intended, set _layout_ to 'ms'. The implicit default is deprecated and slated to become an error in Python 3.19.
    union_CC_KMB_0._fields_ = [

tinyops/image/blur_test.py::test_blur_color[ksize0]
  /app/.venv/lib/python3.14/site-packages/tinygrad/runtime/autogen/nv_gpu.py:26485: DeprecationWarning: Due to '_pack_', the 'struct_CC_KMB' Structure will use memory layout compatible with MSVC (Windows). If this is intended, set _layout_ to 'ms'. The implicit default is deprecated and slated to become an error in Python 3.19.
    struct_CC_KMB._fields_ = [

tinyops/image/blur_test.py::test_blur_color[ksize0]
  /app/.venv/lib/python3.14/site-packages/tinygrad/runtime/autogen/nv_gpu.py:26493: DeprecationWarning: Due to '_pack_', the 'struct_RM_GSP_SPDM_CMD_FIPS_SELFTEST' Structure will use memory layout compatible with MSVC (Windows). If this is intended, set _layout_ to 'ms'. The implicit default is deprecated and slated to become an error in Python 3.19.
    struct_RM_GSP_SPDM_CMD_FIPS_SELFTEST._fields_ = [

tinyops/image/blur_test.py::test_blur_color[ksize0]
  /app/.venv/lib/python3.14/site-packages/tinygrad/runtime/autogen/nv_gpu.py:26508: DeprecationWarning: Due to '_pack_', the 'union_RM_GSP_SPDM_CMD' Union will use memory layout compatible with MSVC (Windows). If this is intended, set _layout_ to 'ms'. The implicit default is deprecated and slated to become an error in Python 3.19.
    union_RM_GSP_SPDM_CMD._fields_ = [

tinyops/image/blur_test.py::test_blur_color[ksize0]
  /app/.venv/lib/python3.14/site-packages/tinygrad/runtime/autogen/nv_gpu.py:26524: DeprecationWarning: Due to '_pack_', the 'struct_RM_GSP_SPDM_MSG' Structure will use memory layout compatible with MSVC (Windows). If this is intended, set _layout_ to 'ms'. The implicit default is deprecated and slated to become an error in Python 3.19.
    struct_RM_GSP_SPDM_MSG._fields_ = [

tinyops/image/blur_test.py::test_blur_color[ksize0]
  /app/.venv/lib/python3.14/site-packages/tinygrad/runtime/autogen/nv_gpu.py:26541: DeprecationWarning: Due to '_pack_', the 'struct_NV2080_CTRL_INTERNAL_SPDM_PARTITION_PARAMS' Structure will use memory layout compatible with MSVC (Windows). If this is intended, set _layout_ to 'ms'. The implicit default is deprecated and slated to become an error in Python 3.19.
    struct_NV2080_CTRL_INTERNAL_SPDM_PARTITION_PARAMS._fields_ = [

tinyops/image/blur_test.py::test_blur_color[ksize0]
  /app/.venv/lib/python3.14/site-packages/tinygrad/runtime/autogen/nv_gpu.py:26553: DeprecationWarning: Due to '_pack_', the 'struct_NV2080_CTRL_INTERNAL_SPDM_RETRIEVE_TRANSCRIPT_PARAMS' Structure will use memory layout compatible with MSVC (Windows). If this is intended, set _layout_ to 'ms'. The implicit default is deprecated and slated to become an error in Python 3.19.
    struct_NV2080_CTRL_INTERNAL_SPDM_RETRIEVE_TRANSCRIPT_PARAMS._fields_ = [

tinyops/image/blur_test.py::test_blur_color[ksize0]
  /app/.venv/lib/python3.14/site-packages/tinygrad/runtime/autogen/nv_gpu.py:26586: DeprecationWarning: Due to '_pack_', the 'struct_NV2080_CTRL_CMD_TIMER_SCHEDULE_PARAMS' Structure will use memory layout compatible with MSVC (Windows). If this is intended, set _layout_ to 'ms'. The implicit default is deprecated and slated to become an error in Python 3.19.
    struct_NV2080_CTRL_CMD_TIMER_SCHEDULE_PARAMS._fields_ = [

tinyops/image/blur_test.py::test_blur_color[ksize0]
  /app/.venv/lib/python3.14/site-packages/tinygrad/runtime/autogen/nv_gpu.py:26597: DeprecationWarning: Due to '_pack_', the 'struct_NV2080_CTRL_TIMER_GET_TIME_PARAMS' Structure will use memory layout compatible with MSVC (Windows). If this is intended, set _layout_ to 'ms'. The implicit default is deprecated and slated to become an error in Python 3.19.
    struct_NV2080_CTRL_TIMER_GET_TIME_PARAMS._fields_ = [

tinyops/image/blur_test.py::test_blur_color[ksize0]
  /app/.venv/lib/python3.14/site-packages/tinygrad/runtime/autogen/nv_gpu.py:26606: DeprecationWarning: Due to '_pack_', the 'struct_NV2080_CTRL_TIMER_GET_REGISTER_OFFSET_PARAMS' Structure will use memory layout compatible with MSVC (Windows). If this is intended, set _layout_ to 'ms'. The implicit default is deprecated and slated to become an error in Python 3.19.
    struct_NV2080_CTRL_TIMER_GET_REGISTER_OFFSET_PARAMS._fields_ = [

tinyops/image/blur_test.py::test_blur_color[ksize0]
  /app/.venv/lib/python3.14/site-packages/tinygrad/runtime/autogen/nv_gpu.py:26615: DeprecationWarning: Due to '_pack_', the 'struct_NV2080_CTRL_TIMER_GPU_CPU_TIME_SAMPLE' Structure will use memory layout compatible with MSVC (Windows). If this is intended, set _layout_ to 'ms'. The implicit default is deprecated and slated to become an error in Python 3.19.
    struct_NV2080_CTRL_TIMER_GPU_CPU_TIME_SAMPLE._fields_ = [

tinyops/image/blur_test.py::test_blur_color[ksize0]
  /app/.venv/lib/python3.14/site-packages/tinygrad/runtime/autogen/nv_gpu.py:26625: DeprecationWarning: Due to '_pack_', the 'struct_NV2080_CTRL_TIMER_GET_GPU_CPU_TIME_CORRELATION_INFO_PARAMS' Structure will use memory layout compatible with MSVC (Windows). If this is intended, set _layout_ to 'ms'. The implicit default is deprecated and slated to become an error in Python 3.19.
    struct_NV2080_CTRL_TIMER_GET_GPU_CPU_TIME_CORRELATION_INFO_PARAMS._fields_ = [

tinyops/image/blur_test.py::test_blur_color[ksize0]
  /app/.venv/lib/python3.14/site-packages/tinygrad/runtime/autogen/nv_gpu.py:26637: DeprecationWarning: Due to '_pack_', the 'struct_NV2080_CTRL_CMD_TIMER_SET_GR_TICK_FREQ_PARAMS' Structure will use memory layout compatible with MSVC (Windows). If this is intended, set _layout_ to 'ms'. The implicit default is deprecated and slated to become an error in Python 3.19.
    struct_NV2080_CTRL_CMD_TIMER_SET_GR_TICK_FREQ_PARAMS._fields_ = [

tinyops/image/blur_test.py::test_blur_color[ksize0]
  /app/.venv/lib/python3.14/site-packages/tinygrad/runtime/autogen/nv_gpu.py:26664: DeprecationWarning: Due to '_pack_', the 'struct_NV2080_CTRL_OS_UNIX_GC6_BLOCKER_REFCNT_PARAMS' Structure will use memory layout compatible with MSVC (Windows). If this is intended, set _layout_ to 'ms'. The implicit default is deprecated and slated to become an error in Python 3.19.
    struct_NV2080_CTRL_OS_UNIX_GC6_BLOCKER_REFCNT_PARAMS._fields_ = [

tinyops/image/blur_test.py::test_blur_color[ksize0]
  /app/.venv/lib/python3.14/site-packages/tinygrad/runtime/autogen/nv_gpu.py:26673: DeprecationWarning: Due to '_pack_', the 'struct_NV2080_CTRL_OS_UNIX_ALLOW_DISALLOW_GCOFF_PARAMS' Structure will use memory layout compatible with MSVC (Windows). If this is intended, set _layout_ to 'ms'. The implicit default is deprecated and slated to become an error in Python 3.19.
    struct_NV2080_CTRL_OS_UNIX_ALLOW_DISALLOW_GCOFF_PARAMS._fields_ = [

tinyops/image/blur_test.py::test_blur_color[ksize0]
  /app/.venv/lib/python3.14/site-packages/tinygrad/runtime/autogen/nv_gpu.py:26682: DeprecationWarning: Due to '_pack_', the 'struct_NV2080_CTRL_OS_UNIX_AUDIO_DYNAMIC_POWER_PARAMS' Structure will use memory layout compatible with MSVC (Windows). If this is intended, set _layout_ to 'ms'. The implicit default is deprecated and slated to become an error in Python 3.19.
    struct_NV2080_CTRL_OS_UNIX_AUDIO_DYNAMIC_POWER_PARAMS._fields_ = [

tinyops/image/blur_test.py::test_blur_color[ksize0]
  /app/.venv/lib/python3.14/site-packages/tinygrad/runtime/autogen/nv_gpu.py:26691: DeprecationWarning: Due to '_pack_', the 'struct_NV2080_CTRL_OS_UNIX_INSTALL_PROFILER_HOOKS_PARAMS' Structure will use memory layout compatible with MSVC (Windows). If this is intended, set _layout_ to 'ms'. The implicit default is deprecated and slated to become an error in Python 3.19.
    struct_NV2080_CTRL_OS_UNIX_INSTALL_PROFILER_HOOKS_PARAMS._fields_ = [

tinyops/image/blur_test.py::test_blur_color[ksize0]
  /app/.venv/lib/python3.14/site-packages/tinygrad/runtime/autogen/nv_gpu.py:26705: DeprecationWarning: Due to '_pack_', the 'struct_NV2080_CTRL_OS_UNIX_VIDMEM_PERSISTENCE_STATUS_PARAMS' Structure will use memory layout compatible with MSVC (Windows). If this is intended, set _layout_ to 'ms'. The implicit default is deprecated and slated to become an error in Python 3.19.
    struct_NV2080_CTRL_OS_UNIX_VIDMEM_PERSISTENCE_STATUS_PARAMS._fields_ = [

tinyops/image/blur_test.py::test_blur_color[ksize0]
  /app/.venv/lib/python3.14/site-packages/tinygrad/runtime/autogen/nv_gpu.py:26714: DeprecationWarning: Due to '_pack_', the 'struct_NV2080_CTRL_OS_UNIX_UPDATE_TGP_STATUS_PARAMS' Structure will use memory layout compatible with MSVC (Windows). If this is intended, set _layout_ to 'ms'. The implicit default is deprecated and slated to become an error in Python 3.19.
    struct_NV2080_CTRL_OS_UNIX_UPDATE_TGP_STATUS_PARAMS._fields_ = [

tinyops/image/blur_test.py::test_blur_color[ksize0]
  /app/.venv/lib/python3.14/site-packages/tinygrad/runtime/autogen/nv_gpu.py:26755: DeprecationWarning: Due to '_pack_', the 'struct_NV2080_CTRL_VGPU_MGR_INTERNAL_BOOTLOAD_GSP_VGPU_PLUGIN_TASK_PARAMS' Structure will use memory layout compatible with MSVC (Windows). If this is intended, set _layout_ to 'ms'. The implicit default is deprecated and slated to become an error in Python 3.19.
    struct_NV2080_CTRL_VGPU_MGR_INTERNAL_BOOTLOAD_GSP_VGPU_PLUGIN_TASK_PARAMS._fields_ = [

tinyops/image/blur_test.py::test_blur_color[ksize0]
  /app/.venv/lib/python3.14/site-packages/tinygrad/runtime/autogen/nv_gpu.py:26790: DeprecationWarning: Due to '_pack_', the 'struct_NV2080_CTRL_VGPU_MGR_INTERNAL_SHUTDOWN_GSP_VGPU_PLUGIN_TASK_PARAMS' Structure will use memory layout compatible with MSVC (Windows). If this is intended, set _layout_ to 'ms'. The implicit default is deprecated and slated to become an error in Python 3.19.
    struct_NV2080_CTRL_VGPU_MGR_INTERNAL_SHUTDOWN_GSP_VGPU_PLUGIN_TASK_PARAMS._fields_ = [

tinyops/image/blur_test.py::test_blur_color[ksize0]
  /app/.venv/lib/python3.14/site-packages/tinygrad/runtime/autogen/nv_gpu.py:26802: DeprecationWarning: Due to '_pack_', the 'struct_NVA081_CTRL_VGPU_INFO' Structure will use memory layout compatible with MSVC (Windows). If this is intended, set _layout_ to 'ms'. The implicit default is deprecated and slated to become an error in Python 3.19.
    struct_NVA081_CTRL_VGPU_INFO._fields_ = [

tinyops/image/blur_test.py::test_blur_color[ksize0]
  /app/.venv/lib/python3.14/site-packages/tinygrad/runtime/autogen/nv_gpu.py:26851: DeprecationWarning: Due to '_pack_', the 'struct_NV2080_CTRL_VGPU_MGR_INTERNAL_PGPU_ADD_VGPU_TYPE_PARAMS' Structure will use memory layout compatible with MSVC (Windows). If this is intended, set _layout_ to 'ms'. The implicit default is deprecated and slated to become an error in Python 3.19.
    struct_NV2080_CTRL_VGPU_MGR_INTERNAL_PGPU_ADD_VGPU_TYPE_PARAMS._fields_ = [

tinyops/image/blur_test.py::test_blur_color[ksize0]
  /app/.venv/lib/python3.14/site-packages/tinygrad/runtime/autogen/nv_gpu.py:26872: DeprecationWarning: Due to '_pack_', the 'struct_NV2080_GUEST_VM_INFO' Structure will use memory layout compatible with MSVC (Windows). If this is intended, set _layout_ to 'ms'. The implicit default is deprecated and slated to become an error in Python 3.19.
    struct_NV2080_GUEST_VM_INFO._fields_ = [

tinyops/image/blur_test.py::test_blur_color[ksize0]
  /app/.venv/lib/python3.14/site-packages/tinygrad/runtime/autogen/nv_gpu.py:26894: DeprecationWarning: Due to '_pack_', the 'struct_NV2080_HOST_VGPU_DEVICE' Structure will use memory layout compatible with MSVC (Windows). If this is intended, set _layout_ to 'ms'. The implicit default is deprecated and slated to become an error in Python 3.19.
    struct_NV2080_HOST_VGPU_DEVICE._fields_ = [

tinyops/image/blur_test.py::test_blur_color[ksize0]
  /app/.venv/lib/python3.14/site-packages/tinygrad/runtime/autogen/nv_gpu.py:26908: DeprecationWarning: Due to '_pack_', the 'struct_NV2080_VGPU_GUEST' Structure will use memory layout compatible with MSVC (Windows). If this is intended, set _layout_ to 'ms'. The implicit default is deprecated and slated to become an error in Python 3.19.
    class struct_NV2080_VGPU_GUEST(Structure):

tinyops/image/blur_test.py::test_blur_color[ksize0]
  /app/.venv/lib/python3.14/site-packages/tinygrad/runtime/autogen/nv_gpu.py:26920: DeprecationWarning: Due to '_pack_', the 'struct_NV2080_CTRL_VGPU_MGR_INTERNAL_ENUMERATE_VGPU_PER_PGPU_PARAMS' Structure will use memory layout compatible with MSVC (Windows). If this is intended, set _layout_ to 'ms'. The implicit default is deprecated and slated to become an error in Python 3.19.
    struct_NV2080_CTRL_VGPU_MGR_INTERNAL_ENUMERATE_VGPU_PER_PGPU_PARAMS._fields_ = [

tinyops/image/blur_test.py::test_blur_color[ksize0]
  /app/.venv/lib/python3.14/site-packages/tinygrad/runtime/autogen/nv_gpu.py:26931: DeprecationWarning: Due to '_pack_', the 'struct_NV2080_CTRL_VGPU_MGR_INTERNAL_CLEAR_GUEST_VM_INFO_PARAMS' Structure will use memory layout compatible with MSVC (Windows). If this is intended, set _layout_ to 'ms'. The implicit default is deprecated and slated to become an error in Python 3.19.
    struct_NV2080_CTRL_VGPU_MGR_INTERNAL_CLEAR_GUEST_VM_INFO_PARAMS._fields_ = [

tinyops/image/blur_test.py::test_blur_color[ksize0]
  /app/.venv/lib/python3.14/site-packages/tinygrad/runtime/autogen/nv_gpu.py:26940: DeprecationWarning: Due to '_pack_', the 'struct_NV2080_VGPU_FB_USAGE' Structure will use memory layout compatible with MSVC (Windows). If this is intended, set _layout_ to 'ms'. The implicit default is deprecated and slated to become an error in Python 3.19.
    struct_NV2080_VGPU_FB_USAGE._fields_ = [

tinyops/image/blur_test.py::test_blur_color[ksize0]
  /app/.venv/lib/python3.14/site-packages/tinygrad/runtime/autogen/nv_gpu.py:26951: DeprecationWarning: Due to '_pack_', the 'struct_NV2080_CTRL_VGPU_MGR_INTERNAL_GET_VGPU_FB_USAGE_PARAMS' Structure will use memory layout compatible with MSVC (Windows). If this is intended, set _layout_ to 'ms'. The implicit default is deprecated and slated to become an error in Python 3.19.
    struct_NV2080_CTRL_VGPU_MGR_INTERNAL_GET_VGPU_FB_USAGE_PARAMS._fields_ = [

tinyops/image/blur_test.py::test_blur_color[ksize0]
  /app/.venv/lib/python3.14/site-packages/tinygrad/runtime/autogen/nv_gpu.py:26962: DeprecationWarning: Due to '_pack_', the 'struct_NV2080_CTRL_VGPU_MGR_INTERNAL_SET_VGPU_ENCODER_CAPACITY_PARAMS' Structure will use memory layout compatible with MSVC (Windows). If this is intended, set _layout_ to 'ms'. The implicit default is deprecated and slated to become an error in Python 3.19.
    struct_NV2080_CTRL_VGPU_MGR_INTERNAL_SET_VGPU_ENCODER_CAPACITY_PARAMS._fields_ = [

tinyops/image/blur_test.py::test_blur_color[ksize0]
  /app/.venv/lib/python3.14/site-packages/tinygrad/runtime/autogen/nv_gpu.py:26972: DeprecationWarning: Due to '_pack_', the 'struct_NV2080_CTRL_VGPU_MGR_INTERNAL_VGPU_PLUGIN_CLEANUP_PARAMS' Structure will use memory layout compatible with MSVC (Windows). If this is intended, set _layout_ to 'ms'. The implicit default is deprecated and slated to become an error in Python 3.19.
    struct_NV2080_CTRL_VGPU_MGR_INTERNAL_VGPU_PLUGIN_CLEANUP_PARAMS._fields_ = [

tinyops/image/blur_test.py::test_blur_color[ksize0]
  /app/.venv/lib/python3.14/site-packages/tinygrad/runtime/autogen/nv_gpu.py:26981: DeprecationWarning: Due to '_pack_', the 'struct_NV2080_CTRL_VGPU_MGR_INTERNAL_GET_PGPU_FS_ENCODING_PARAMS' Structure will use memory layout compatible with MSVC (Windows). If this is intended, set _layout_ to 'ms'. The implicit default is deprecated and slated to become an error in Python 3.19.
    struct_NV2080_CTRL_VGPU_MGR_INTERNAL_GET_PGPU_FS_ENCODING_PARAMS._fields_ = [

tinyops/image/blur_test.py::test_blur_color[ksize0]
  /app/.venv/lib/python3.14/site-packages/tinygrad/runtime/autogen/nv_gpu.py:26991: DeprecationWarning: Due to '_pack_', the 'struct_NV2080_CTRL_VGPU_MGR_INTERNAL_GET_PGPU_MIGRATION_SUPPORT_PARAMS' Structure will use memory layout compatible with MSVC (Windows). If this is intended, set _layout_ to 'ms'. The implicit default is deprecated and slated to become an error in Python 3.19.
    struct_NV2080_CTRL_VGPU_MGR_INTERNAL_GET_PGPU_MIGRATION_SUPPORT_PARAMS._fields_ = [

tinyops/image/blur_test.py::test_blur_color[ksize0]
  /app/.venv/lib/python3.14/site-packages/tinygrad/runtime/autogen/nv_gpu.py:27000: DeprecationWarning: Due to '_pack_', the 'struct_NV2080_CTRL_VGPU_MGR_INTERNAL_SET_VGPU_MGR_CONFIG_PARAMS' Structure will use memory layout compatible with MSVC (Windows). If this is intended, set _layout_ to 'ms'. The implicit default is deprecated and slated to become an error in Python 3.19.
    struct_NV2080_CTRL_VGPU_MGR_INTERNAL_SET_VGPU_MGR_CONFIG_PARAMS._fields_ = [

tinyops/image/blur_test.py::test_blur_color[ksize0]
  /app/.venv/lib/python3.14/site-packages/tinygrad/runtime/autogen/nv_gpu.py:27009: DeprecationWarning: Due to '_pack_', the 'struct_NV2080_CTRL_VGPU_MGR_INTERNAL_FREE_STATES_PARAMS' Structure will use memory layout compatible with MSVC (Windows). If this is intended, set _layout_ to 'ms'. The implicit default is deprecated and slated to become an error in Python 3.19.
    struct_NV2080_CTRL_VGPU_MGR_INTERNAL_FREE_STATES_PARAMS._fields_ = [

tinyops/image/blur_test.py::test_blur_color[ksize0]
  /app/.venv/lib/python3.14/site-packages/tinygrad/runtime/autogen/nv_gpu.py:27019: DeprecationWarning: Due to '_pack_', the 'struct_NV2080_CTRL_VGPU_MGR_GET_FRAME_RATE_LIMITER_STATUS_PARAMS' Structure will use memory layout compatible with MSVC (Windows). If this is intended, set _layout_ to 'ms'. The implicit default is deprecated and slated to become an error in Python 3.19.
    struct_NV2080_CTRL_VGPU_MGR_GET_FRAME_RATE_LIMITER_STATUS_PARAMS._fields_ = [

tinyops/image/blur_test.py::test_blur_color[ksize0]
  /app/.venv/lib/python3.14/site-packages/tinygrad/runtime/autogen/nv_gpu.py:27028: DeprecationWarning: Due to '_pack_', the 'struct_NV2080_CTRL_VGPU_MGR_INTERNAL_SET_VGPU_HETEROGENEOUS_MODE_PARAMS' Structure will use memory layout compatible with MSVC (Windows). If this is intended, set _layout_ to 'ms'. The implicit default is deprecated and slated to become an error in Python 3.19.
    struct_NV2080_CTRL_VGPU_MGR_INTERNAL_SET_VGPU_HETEROGENEOUS_MODE_PARAMS._fields_ = [

tinyops/image/blur_test.py::test_blur_color[ksize0]
  /app/.venv/lib/python3.14/site-packages/tinygrad/runtime/autogen/nv_gpu.py:27137: DeprecationWarning: Due to '_pack_', the 'struct_NV83DE_CTRL_DEBUG_SET_MODE_MMU_DEBUG_PARAMS' Structure will use memory layout compatible with MSVC (Windows). If this is intended, set _layout_ to 'ms'. The implicit default is deprecated and slated to become an error in Python 3.19.
    struct_NV83DE_CTRL_DEBUG_SET_MODE_MMU_DEBUG_PARAMS._fields_ = [

tinyops/image/blur_test.py::test_blur_color[ksize0]
  /app/.venv/lib/python3.14/site-packages/tinygrad/runtime/autogen/nv_gpu.py:27146: DeprecationWarning: Due to '_pack_', the 'struct_NV83DE_CTRL_DEBUG_GET_MODE_MMU_DEBUG_PARAMS' Structure will use memory layout compatible with MSVC (Windows). If this is intended, set _layout_ to 'ms'. The implicit default is deprecated and slated to become an error in Python 3.19.
    struct_NV83DE_CTRL_DEBUG_GET_MODE_MMU_DEBUG_PARAMS._fields_ = [

tinyops/image/blur_test.py::test_blur_color[ksize0]
  /app/.venv/lib/python3.14/site-packages/tinygrad/runtime/autogen/nv_gpu.py:27155: DeprecationWarning: Due to '_pack_', the 'struct_NV83DE_CTRL_DEBUG_SET_EXCEPTION_MASK_PARAMS' Structure will use memory layout compatible with MSVC (Windows). If this is intended, set _layout_ to 'ms'. The implicit default is deprecated and slated to become an error in Python 3.19.
    struct_NV83DE_CTRL_DEBUG_SET_EXCEPTION_MASK_PARAMS._fields_ = [

tinyops/image/blur_test.py::test_blur_color[ksize0]
  /app/.venv/lib/python3.14/site-packages/tinygrad/runtime/autogen/nv_gpu.py:27164: DeprecationWarning: Due to '_pack_', the 'struct_NV83DE_SM_ERROR_STATE_REGISTERS' Structure will use memory layout compatible with MSVC (Windows). If this is intended, set _layout_ to 'ms'. The implicit default is deprecated and slated to become an error in Python 3.19.
    struct_NV83DE_SM_ERROR_STATE_REGISTERS._fields_ = [

tinyops/image/blur_test.py::test_blur_color[ksize0]
  /app/.venv/lib/python3.14/site-packages/tinygrad/runtime/autogen/nv_gpu.py:27182: DeprecationWarning: Due to '_pack_', the 'struct_NV83DE_CTRL_DEBUG_READ_SINGLE_SM_ERROR_STATE_PARAMS' Structure will use memory layout compatible with MSVC (Windows). If this is intended, set _layout_ to 'ms'. The implicit default is deprecated and slated to become an error in Python 3.19.
    struct_NV83DE_CTRL_DEBUG_READ_SINGLE_SM_ERROR_STATE_PARAMS._fields_ = [

tinyops/image/blur_test.py::test_blur_color[ksize0]
  /app/.venv/lib/python3.14/site-packages/tinygrad/runtime/autogen/nv_gpu.py:27193: DeprecationWarning: Due to '_pack_', the 'struct_NV83DE_MMU_FAULT_INFO' Structure will use memory layout compatible with MSVC (Windows). If this is intended, set _layout_ to 'ms'. The implicit default is deprecated and slated to become an error in Python 3.19.
    struct_NV83DE_MMU_FAULT_INFO._fields_ = [

tinyops/image/blur_test.py::test_blur_color[ksize0]
  /app/.venv/lib/python3.14/site-packages/tinygrad/runtime/autogen/nv_gpu.py:27204: DeprecationWarning: Due to '_pack_', the 'struct_NV83DE_CTRL_DEBUG_READ_ALL_SM_ERROR_STATES_PARAMS' Structure will use memory layout compatible with MSVC (Windows). If this is intended, set _layout_ to 'ms'. The implicit default is deprecated and slated to become an error in Python 3.19.
    struct_NV83DE_CTRL_DEBUG_READ_ALL_SM_ERROR_STATES_PARAMS._fields_ = [

tinyops/image/blur_test.py::test_blur_color[ksize0]
  /app/.venv/lib/python3.14/site-packages/tinygrad/runtime/autogen/nv_gpu.py:27218: DeprecationWarning: Due to '_pack_', the 'struct_NV83DE_CTRL_DEBUG_CLEAR_SINGLE_SM_ERROR_STATE_PARAMS' Structure will use memory layout compatible with MSVC (Windows). If this is intended, set _layout_ to 'ms'. The implicit default is deprecated and slated to become an error in Python 3.19.
    struct_NV83DE_CTRL_DEBUG_CLEAR_SINGLE_SM_ERROR_STATE_PARAMS._fields_ = [

tinyops/image/blur_test.py::test_blur_color[ksize0]
  /app/.venv/lib/python3.14/site-packages/tinygrad/runtime/autogen/nv_gpu.py:27228: DeprecationWarning: Due to '_pack_', the 'struct_NV83DE_CTRL_DEBUG_CLEAR_ALL_SM_ERROR_STATES_PARAMS' Structure will use memory layout compatible with MSVC (Windows). If this is intended, set _layout_ to 'ms'. The implicit default is deprecated and slated to become an error in Python 3.19.
    struct_NV83DE_CTRL_DEBUG_CLEAR_ALL_SM_ERROR_STATES_PARAMS._fields_ = [

tinyops/image/blur_test.py::test_blur_color[ksize0]
  /app/.venv/lib/python3.14/site-packages/tinygrad/runtime/autogen/nv_gpu.py:27238: DeprecationWarning: Due to '_pack_', the 'struct_NV83DE_CTRL_CMD_DEBUG_SUSPEND_ALL_CONTEXTS_FOR_CLIENT_PARAMS' Structure will use memory layout compatible with MSVC (Windows). If this is intended, set _layout_ to 'ms'. The implicit default is deprecated and slated to become an error in Python 3.19.
    struct_NV83DE_CTRL_CMD_DEBUG_SUSPEND_ALL_CONTEXTS_FOR_CLIENT_PARAMS._fields_ = [

tinyops/image/blur_test.py::test_blur_color[ksize0]
  /app/.venv/lib/python3.14/site-packages/tinygrad/runtime/autogen/nv_gpu.py:27248: DeprecationWarning: Due to '_pack_', the 'struct_NV83DE_CTRL_DEBUG_SET_NEXT_STOP_TRIGGER_TYPE_PARAMS' Structure will use memory layout compatible with MSVC (Windows). If this is intended, set _layout_ to 'ms'. The implicit default is deprecated and slated to become an error in Python 3.19.
    struct_NV83DE_CTRL_DEBUG_SET_NEXT_STOP_TRIGGER_TYPE_PARAMS._fields_ = [

tinyops/image/blur_test.py::test_blur_color[ksize0]
  /app/.venv/lib/python3.14/site-packages/tinygrad/runtime/autogen/nv_gpu.py:27257: DeprecationWarning: Due to '_pack_', the 'struct_NV83DE_CTRL_DEBUG_SET_SINGLE_STEP_INTERRUPT_HANDLING_PARAMS' Structure will use memory layout compatible with MSVC (Windows). If this is intended, set _layout_ to 'ms'. The implicit default is deprecated and slated to become an error in Python 3.19.
    struct_NV83DE_CTRL_DEBUG_SET_SINGLE_STEP_INTERRUPT_HANDLING_PARAMS._fields_ = [

tinyops/image/blur_test.py::test_blur_color[ksize0]
  /app/.venv/lib/python3.14/site-packages/tinygrad/runtime/autogen/nv_gpu.py:27266: DeprecationWarning: Due to '_pack_', the 'struct_NV83DE_CTRL_DEBUG_READ_MEMORY_PARAMS' Structure will use memory layout compatible with MSVC (Windows). If this is intended, set _layout_ to 'ms'. The implicit default is deprecated and slated to become an error in Python 3.19.
    struct_NV83DE_CTRL_DEBUG_READ_MEMORY_PARAMS._fields_ = [

tinyops/image/blur_test.py::test_blur_color[ksize0]
  /app/.venv/lib/python3.14/site-packages/tinygrad/runtime/autogen/nv_gpu.py:27278: DeprecationWarning: Due to '_pack_', the 'struct_NV83DE_CTRL_DEBUG_WRITE_MEMORY_PARAMS' Structure will use memory layout compatible with MSVC (Windows). If this is intended, set _layout_ to 'ms'. The implicit default is deprecated and slated to become an error in Python 3.19.
    struct_NV83DE_CTRL_DEBUG_WRITE_MEMORY_PARAMS._fields_ = [

tinyops/image/blur_test.py::test_blur_color[ksize0]
  /app/.venv/lib/python3.14/site-packages/tinygrad/runtime/autogen/nv_gpu.py:27291: DeprecationWarning: Due to '_pack_', the 'struct_NV83DE_CTRL_DEBUG_GET_HANDLES_PARAMS' Structure will use memory layout compatible with MSVC (Windows). If this is intended, set _layout_ to 'ms'. The implicit default is deprecated and slated to become an error in Python 3.19.
    struct_NV83DE_CTRL_DEBUG_GET_HANDLES_PARAMS._fields_ = [

tinyops/image/blur_test.py::test_blur_color[ksize0]
  /app/.venv/lib/python3.14/site-packages/tinygrad/runtime/autogen/nv_gpu.py:27301: DeprecationWarning: Due to '_pack_', the 'struct_NV83DE_CTRL_DEBUG_ACCESS_OP' Structure will use memory layout compatible with MSVC (Windows). If this is intended, set _layout_ to 'ms'. The implicit default is deprecated and slated to become an error in Python 3.19.
    struct_NV83DE_CTRL_DEBUG_ACCESS_OP._fields_ = [

tinyops/image/blur_test.py::test_blur_color[ksize0]
  /app/.venv/lib/python3.14/site-packages/tinygrad/runtime/autogen/nv_gpu.py:27313: DeprecationWarning: Due to '_pack_', the 'struct_NV83DE_CTRL_DEBUG_ACCESS_SURFACE_PARAMETERS' Structure will use memory layout compatible with MSVC (Windows). If this is intended, set _layout_ to 'ms'. The implicit default is deprecated and slated to become an error in Python 3.19.
    struct_NV83DE_CTRL_DEBUG_ACCESS_SURFACE_PARAMETERS._fields_ = [

tinyops/image/blur_test.py::test_blur_color[ksize0]
  /app/.venv/lib/python3.14/site-packages/tinygrad/runtime/autogen/nv_gpu.py:27324: DeprecationWarning: Due to '_pack_', the 'struct_NV83DE_CTRL_DEBUG_GET_MAPPINGS_OP' Structure will use memory layout compatible with MSVC (Windows). If this is intended, set _layout_ to 'ms'. The implicit default is deprecated and slated to become an error in Python 3.19.
    struct_NV83DE_CTRL_DEBUG_GET_MAPPINGS_OP._fields_ = [

tinyops/image/blur_test.py::test_blur_color[ksize0]
  /app/.venv/lib/python3.14/site-packages/tinygrad/runtime/autogen/nv_gpu.py:27335: DeprecationWarning: Due to '_pack_', the 'struct_NV83DE_CTRL_DEBUG_GET_MAPPINGS_PARAMETERS' Structure will use memory layout compatible with MSVC (Windows). If this is intended, set _layout_ to 'ms'. The implicit default is deprecated and slated to become an error in Python 3.19.
    struct_NV83DE_CTRL_DEBUG_GET_MAPPINGS_PARAMETERS._fields_ = [

tinyops/image/blur_test.py::test_blur_color[ksize0]
  /app/.venv/lib/python3.14/site-packages/tinygrad/runtime/autogen/nv_gpu.py:27348: DeprecationWarning: Due to '_pack_', the 'struct_NV83DE_CTRL_DEBUG_EXEC_REG_OPS_PARAMS' Structure will use memory layout compatible with MSVC (Windows). If this is intended, set _layout_ to 'ms'. The implicit default is deprecated and slated to become an error in Python 3.19.
    struct_NV83DE_CTRL_DEBUG_EXEC_REG_OPS_PARAMS._fields_ = [

tinyops/image/blur_test.py::test_blur_color[ksize0]
  /app/.venv/lib/python3.14/site-packages/tinygrad/runtime/autogen/nv_gpu.py:27360: DeprecationWarning: Due to '_pack_', the 'struct_NV83DE_CTRL_DEBUG_SET_MODE_ERRBAR_DEBUG_PARAMS' Structure will use memory layout compatible with MSVC (Windows). If this is intended, set _layout_ to 'ms'. The implicit default is deprecated and slated to become an error in Python 3.19.
    struct_NV83DE_CTRL_DEBUG_SET_MODE_ERRBAR_DEBUG_PARAMS._fields_ = [

tinyops/image/blur_test.py::test_blur_color[ksize0]
  /app/.venv/lib/python3.14/site-packages/tinygrad/runtime/autogen/nv_gpu.py:27369: DeprecationWarning: Due to '_pack_', the 'struct_NV83DE_CTRL_DEBUG_GET_MODE_ERRBAR_DEBUG_PARAMS' Structure will use memory layout compatible with MSVC (Windows). If this is intended, set _layout_ to 'ms'. The implicit default is deprecated and slated to become an error in Python 3.19.
    struct_NV83DE_CTRL_DEBUG_GET_MODE_ERRBAR_DEBUG_PARAMS._fields_ = [

tinyops/image/blur_test.py::test_blur_color[ksize0]
  /app/.venv/lib/python3.14/site-packages/tinygrad/runtime/autogen/nv_gpu.py:27378: DeprecationWarning: Due to '_pack_', the 'struct_NV83DE_CTRL_DEBUG_SET_SINGLE_SM_SINGLE_STEP_PARAMS' Structure will use memory layout compatible with MSVC (Windows). If this is intended, set _layout_ to 'ms'. The implicit default is deprecated and slated to become an error in Python 3.19.
    struct_NV83DE_CTRL_DEBUG_SET_SINGLE_SM_SINGLE_STEP_PARAMS._fields_ = [

tinyops/image/blur_test.py::test_blur_color[ksize0]
  /app/.venv/lib/python3.14/site-packages/tinygrad/runtime/autogen/nv_gpu.py:27389: DeprecationWarning: Due to '_pack_', the 'struct_NV83DE_CTRL_DEBUG_SET_SINGLE_SM_STOP_TRIGGER_PARAMS' Structure will use memory layout compatible with MSVC (Windows). If this is intended, set _layout_ to 'ms'. The implicit default is deprecated and slated to become an error in Python 3.19.
    struct_NV83DE_CTRL_DEBUG_SET_SINGLE_SM_STOP_TRIGGER_PARAMS._fields_ = [

tinyops/image/blur_test.py::test_blur_color[ksize0]
  /app/.venv/lib/python3.14/site-packages/tinygrad/runtime/autogen/nv_gpu.py:27400: DeprecationWarning: Due to '_pack_', the 'struct_NV83DE_CTRL_DEBUG_SET_SINGLE_SM_RUN_TRIGGER_PARAMS' Structure will use memory layout compatible with MSVC (Windows). If this is intended, set _layout_ to 'ms'. The implicit default is deprecated and slated to become an error in Python 3.19.
    struct_NV83DE_CTRL_DEBUG_SET_SINGLE_SM_RUN_TRIGGER_PARAMS._fields_ = [

tinyops/image/blur_test.py::test_blur_color[ksize0]
  /app/.venv/lib/python3.14/site-packages/tinygrad/runtime/autogen/nv_gpu.py:27411: DeprecationWarning: Due to '_pack_', the 'struct_NV83DE_CTRL_DEBUG_SET_SINGLE_SM_SKIP_IDLE_WARP_DETECT_PARAMS' Structure will use memory layout compatible with MSVC (Windows). If this is intended, set _layout_ to 'ms'. The implicit default is deprecated and slated to become an error in Python 3.19.
    struct_NV83DE_CTRL_DEBUG_SET_SINGLE_SM_SKIP_IDLE_WARP_DETECT_PARAMS._fields_ = [

tinyops/image/blur_test.py::test_blur_color[ksize0]
  /app/.venv/lib/python3.14/site-packages/tinygrad/runtime/autogen/nv_gpu.py:27422: DeprecationWarning: Due to '_pack_', the 'struct_NV83DE_CTRL_DEBUG_SINGLE_SM_DEBUGGER_STATUS' Structure will use memory layout compatible with MSVC (Windows). If this is intended, set _layout_ to 'ms'. The implicit default is deprecated and slated to become an error in Python 3.19.
    struct_NV83DE_CTRL_DEBUG_SINGLE_SM_DEBUGGER_STATUS._fields_ = [

tinyops/image/blur_test.py::test_blur_color[ksize0]
  /app/.venv/lib/python3.14/site-packages/tinygrad/runtime/autogen/nv_gpu.py:27435: DeprecationWarning: Due to '_pack_', the 'struct_NV83DE_CTRL_DEBUG_GET_SINGLE_SM_DEBUGGER_STATUS_PARAMS' Structure will use memory layout compatible with MSVC (Windows). If this is intended, set _layout_ to 'ms'. The implicit default is deprecated and slated to become an error in Python 3.19.
    struct_NV83DE_CTRL_DEBUG_GET_SINGLE_SM_DEBUGGER_STATUS_PARAMS._fields_ = [

tinyops/image/blur_test.py::test_blur_color[ksize0]
  /app/.venv/lib/python3.14/site-packages/tinygrad/runtime/autogen/nv_gpu.py:27446: DeprecationWarning: Due to '_pack_', the 'struct_NV83DE_CTRL_DEBUG_ACCESS_MEMORY_ENTRY' Structure will use memory layout compatible with MSVC (Windows). If this is intended, set _layout_ to 'ms'. The implicit default is deprecated and slated to become an error in Python 3.19.
    struct_NV83DE_CTRL_DEBUG_ACCESS_MEMORY_ENTRY._fields_ = [

tinyops/image/blur_test.py::test_blur_color[ksize0]
  /app/.venv/lib/python3.14/site-packages/tinygrad/runtime/autogen/nv_gpu.py:27459: DeprecationWarning: Due to '_pack_', the 'struct_NV83DE_CTRL_DEBUG_ACCESS_MEMORY_PARAMS' Structure will use memory layout compatible with MSVC (Windows). If this is intended, set _layout_ to 'ms'. The implicit default is deprecated and slated to become an error in Python 3.19.
    struct_NV83DE_CTRL_DEBUG_ACCESS_MEMORY_PARAMS._fields_ = [

tinyops/image/blur_test.py::test_blur_color[ksize0]
  /app/.venv/lib/python3.14/site-packages/tinygrad/runtime/autogen/nv_gpu.py:27471: DeprecationWarning: Due to '_pack_', the 'struct_NV83DE_CTRL_DEBUG_READ_MMU_FAULT_INFO_ENTRY' Structure will use memory layout compatible with MSVC (Windows). If this is intended, set _layout_ to 'ms'. The implicit default is deprecated and slated to become an error in Python 3.19.
    struct_NV83DE_CTRL_DEBUG_READ_MMU_FAULT_INFO_ENTRY._fields_ = [

tinyops/image/blur_test.py::test_blur_color[ksize0]
  /app/.venv/lib/python3.14/site-packages/tinygrad/runtime/autogen/nv_gpu.py:27482: DeprecationWarning: Due to '_pack_', the 'struct_NV83DE_CTRL_DEBUG_READ_MMU_FAULT_INFO_PARAMS' Structure will use memory layout compatible with MSVC (Windows). If this is intended, set _layout_ to 'ms'. The implicit default is deprecated and slated to become an error in Python 3.19.
    struct_NV83DE_CTRL_DEBUG_READ_MMU_FAULT_INFO_PARAMS._fields_ = [

tinyops/image/blur_test.py::test_blur_color[ksize0]
  /app/.venv/lib/python3.14/site-packages/tinygrad/runtime/autogen/nv_gpu.py:27493: DeprecationWarning: Due to '_pack_', the 'struct_NV83DE_CTRL_DEBUG_SET_DROP_DEFERRED_RC_PARAMS' Structure will use memory layout compatible with MSVC (Windows). If this is intended, set _layout_ to 'ms'. The implicit default is deprecated and slated to become an error in Python 3.19.
    struct_NV83DE_CTRL_DEBUG_SET_DROP_DEFERRED_RC_PARAMS._fields_ = [

tinyops/image/blur_test.py::test_blur_color[ksize0]
  /app/.venv/lib/python3.14/site-packages/tinygrad/runtime/autogen/nv_gpu.py:27502: DeprecationWarning: Due to '_pack_', the 'struct_NV83DE_CTRL_DEBUG_SET_MODE_MMU_GCC_DEBUG_PARAMS' Structure will use memory layout compatible with MSVC (Windows). If this is intended, set _layout_ to 'ms'. The implicit default is deprecated and slated to become an error in Python 3.19.
    struct_NV83DE_CTRL_DEBUG_SET_MODE_MMU_GCC_DEBUG_PARAMS._fields_ = [

tinyops/image/blur_test.py::test_blur_color[ksize0]
  /app/.venv/lib/python3.14/site-packages/tinygrad/runtime/autogen/nv_gpu.py:27511: DeprecationWarning: Due to '_pack_', the 'struct_NV83DE_CTRL_DEBUG_GET_MODE_MMU_GCC_DEBUG_PARAMS' Structure will use memory layout compatible with MSVC (Windows). If this is intended, set _layout_ to 'ms'. The implicit default is deprecated and slated to become an error in Python 3.19.
    struct_NV83DE_CTRL_DEBUG_GET_MODE_MMU_GCC_DEBUG_PARAMS._fields_ = [

tinyops/image/blur_test.py::test_blur_color[ksize0]
  /app/.venv/lib/python3.14/site-packages/tinygrad/runtime/autogen/nv_gpu.py:27538: DeprecationWarning: Due to '_pack_', the 'struct_NVC36F_CTRL_CMD_GPFIFO_GET_WORK_SUBMIT_TOKEN_PARAMS' Structure will use memory layout compatible with MSVC (Windows). If this is intended, set _layout_ to 'ms'. The implicit default is deprecated and slated to become an error in Python 3.19.
    struct_NVC36F_CTRL_CMD_GPFIFO_GET_WORK_SUBMIT_TOKEN_PARAMS._fields_ = [

tinyops/image/blur_test.py::test_blur_color[ksize0]
  /app/.venv/lib/python3.14/site-packages/tinygrad/runtime/autogen/nv_gpu.py:27547: DeprecationWarning: Due to '_pack_', the 'struct_NVC36F_CTRL_GPFIFO_UPDATE_FAULT_METHOD_BUFFER_PARAMS' Structure will use memory layout compatible with MSVC (Windows). If this is intended, set _layout_ to 'ms'. The implicit default is deprecated and slated to become an error in Python 3.19.
    struct_NVC36F_CTRL_GPFIFO_UPDATE_FAULT_METHOD_BUFFER_PARAMS._fields_ = [

tinyops/image/blur_test.py::test_blur_color[ksize0]
  /app/.venv/lib/python3.14/site-packages/tinygrad/runtime/autogen/nv_gpu.py:27556: DeprecationWarning: Due to '_pack_', the 'struct_NVC36F_CTRL_GPFIFO_SET_WORK_SUBMIT_TOKEN_NOTIF_INDEX_PARAMS' Structure will use memory layout compatible with MSVC (Windows). If this is intended, set _layout_ to 'ms'. The implicit default is deprecated and slated to become an error in Python 3.19.
    struct_NVC36F_CTRL_GPFIFO_SET_WORK_SUBMIT_TOKEN_NOTIF_INDEX_PARAMS._fields_ = [

tinyops/image/blur_test.py::test_blur_color[ksize0]
  /app/.venv/lib/python3.14/site-packages/tinygrad/runtime/autogen/nv_gpu.py:27613: DeprecationWarning: Due to '_pack_', the 'struct_NV_CONF_COMPUTE_CTRL_CMD_SYSTEM_GET_CAPABILITIES_PARAMS' Structure will use memory layout compatible with MSVC (Windows). If this is intended, set _layout_ to 'ms'. The implicit default is deprecated and slated to become an error in Python 3.19.
    struct_NV_CONF_COMPUTE_CTRL_CMD_SYSTEM_GET_CAPABILITIES_PARAMS._fields_ = [

tinyops/image/blur_test.py::test_blur_color[ksize0]
  /app/.venv/lib/python3.14/site-packages/tinygrad/runtime/autogen/nv_gpu.py:27627: DeprecationWarning: Due to '_pack_', the 'struct_NV_CONF_COMPUTE_CTRL_CMD_SYSTEM_GET_GPUS_STATE_PARAMS' Structure will use memory layout compatible with MSVC (Windows). If this is intended, set _layout_ to 'ms'. The implicit default is deprecated and slated to become an error in Python 3.19.
    struct_NV_CONF_COMPUTE_CTRL_CMD_SYSTEM_GET_GPUS_STATE_PARAMS._fields_ = [

tinyops/image/blur_test.py::test_blur_color[ksize0]
  /app/.venv/lib/python3.14/site-packages/tinygrad/runtime/autogen/nv_gpu.py:27636: DeprecationWarning: Due to '_pack_', the 'struct_NV_CONF_COMPUTE_CTRL_CMD_SYSTEM_SET_GPUS_STATE_PARAMS' Structure will use memory layout compatible with MSVC (Windows). If this is intended, set _layout_ to 'ms'. The implicit default is deprecated and slated to become an error in Python 3.19.
    struct_NV_CONF_COMPUTE_CTRL_CMD_SYSTEM_SET_GPUS_STATE_PARAMS._fields_ = [

tinyops/image/blur_test.py::test_blur_color[ksize0]
  /app/.venv/lib/python3.14/site-packages/tinygrad/runtime/autogen/nv_gpu.py:27645: DeprecationWarning: Due to '_pack_', the 'struct_NV_CONF_COMPUTE_CTRL_CMD_GPU_GET_VIDMEM_SIZE_PARAMS' Structure will use memory layout compatible with MSVC (Windows). If this is intended, set _layout_ to 'ms'. The implicit default is deprecated and slated to become an error in Python 3.19.
    struct_NV_CONF_COMPUTE_CTRL_CMD_GPU_GET_VIDMEM_SIZE_PARAMS._fields_ = [

tinyops/image/blur_test.py::test_blur_color[ksize0]
  /app/.venv/lib/python3.14/site-packages/tinygrad/runtime/autogen/nv_gpu.py:27657: DeprecationWarning: Due to '_pack_', the 'struct_NV_CONF_COMPUTE_CTRL_CMD_GPU_SET_VIDMEM_SIZE_PARAMS' Structure will use memory layout compatible with MSVC (Windows). If this is intended, set _layout_ to 'ms'. The implicit default is deprecated and slated to become an error in Python 3.19.
    struct_NV_CONF_COMPUTE_CTRL_CMD_GPU_SET_VIDMEM_SIZE_PARAMS._fields_ = [

tinyops/image/blur_test.py::test_blur_color[ksize0]
  /app/.venv/lib/python3.14/site-packages/tinygrad/runtime/autogen/nv_gpu.py:27669: DeprecationWarning: Due to '_pack_', the 'struct_NV_CONF_COMPUTE_CTRL_CMD_GET_NUM_SUPPORTED_CC_SECURE_CHANNELS_PARAMS' Structure will use memory layout compatible with MSVC (Windows). If this is intended, set _layout_ to 'ms'. The implicit default is deprecated and slated to become an error in Python 3.19.
    struct_NV_CONF_COMPUTE_CTRL_CMD_GET_NUM_SUPPORTED_CC_SECURE_CHANNELS_PARAMS._fields_ = [

tinyops/image/blur_test.py::test_blur_color[ksize0]
  /app/.venv/lib/python3.14/site-packages/tinygrad/runtime/autogen/nv_gpu.py:27680: DeprecationWarning: Due to '_pack_', the 'struct_NV_CONF_COMPUTE_CTRL_CMD_GET_GPU_CERTIFICATE_PARAMS' Structure will use memory layout compatible with MSVC (Windows). If this is intended, set _layout_ to 'ms'. The implicit default is deprecated and slated to become an error in Python 3.19.
    struct_NV_CONF_COMPUTE_CTRL_CMD_GET_GPU_CERTIFICATE_PARAMS._fields_ = [

tinyops/image/blur_test.py::test_blur_color[ksize0]
  /app/.venv/lib/python3.14/site-packages/tinygrad/runtime/autogen/nv_gpu.py:27693: DeprecationWarning: Due to '_pack_', the 'struct_NV_CONF_COMPUTE_CTRL_CMD_GET_GPU_ATTESTATION_REPORT_PARAMS' Structure will use memory layout compatible with MSVC (Windows). If this is intended, set _layout_ to 'ms'. The implicit default is deprecated and slated to become an error in Python 3.19.
    struct_NV_CONF_COMPUTE_CTRL_CMD_GET_GPU_ATTESTATION_REPORT_PARAMS._fields_ = [

tinyops/image/blur_test.py::test_blur_color[ksize0]
  /app/.venv/lib/python3.14/site-packages/tinygrad/runtime/autogen/nv_gpu.py:27709: DeprecationWarning: Due to '_pack_', the 'struct_NV_CONF_COMPUTE_CTRL_CMD_GPU_GET_NUM_SECURE_CHANNELS_PARAMS' Structure will use memory layout compatible with MSVC (Windows). If this is intended, set _layout_ to 'ms'. The implicit default is deprecated and slated to become an error in Python 3.19.
    struct_NV_CONF_COMPUTE_CTRL_CMD_GPU_GET_NUM_SECURE_CHANNELS_PARAMS._fields_ = [

tinyops/image/blur_test.py::test_blur_color[ksize0]
  /app/.venv/lib/python3.14/site-packages/tinygrad/runtime/autogen/nv_gpu.py:27720: DeprecationWarning: Due to '_pack_', the 'struct_NV_CONF_COMPUTE_CTRL_CMD_GPU_GET_KEY_ROTATION_STATE_PARAMS' Structure will use memory layout compatible with MSVC (Windows). If this is intended, set _layout_ to 'ms'. The implicit default is deprecated and slated to become an error in Python 3.19.
    struct_NV_CONF_COMPUTE_CTRL_CMD_GPU_GET_KEY_ROTATION_STATE_PARAMS._fields_ = [

tinyops/image/blur_test.py::test_blur_color[ksize0]
  /app/.venv/lib/python3.14/site-packages/tinygrad/runtime/autogen/nv_gpu.py:27767: DeprecationWarning: Due to '_pack_', the 'struct_NVA06F_CTRL_GPFIFO_SCHEDULE_PARAMS' Structure will use memory layout compatible with MSVC (Windows). If this is intended, set _layout_ to 'ms'. The implicit default is deprecated and slated to become an error in Python 3.19.
    struct_NVA06F_CTRL_GPFIFO_SCHEDULE_PARAMS._fields_ = [

tinyops/image/blur_test.py::test_blur_color[ksize0]
  /app/.venv/lib/python3.14/site-packages/tinygrad/runtime/autogen/nv_gpu.py:27777: DeprecationWarning: Due to '_pack_', the 'struct_NVA06F_CTRL_BIND_PARAMS' Structure will use memory layout compatible with MSVC (Windows). If this is intended, set _layout_ to 'ms'. The implicit default is deprecated and slated to become an error in Python 3.19.
    struct_NVA06F_CTRL_BIND_PARAMS._fields_ = [

tinyops/image/blur_test.py::test_blur_color[ksize0]
  /app/.venv/lib/python3.14/site-packages/tinygrad/runtime/autogen/nv_gpu.py:27786: DeprecationWarning: Due to '_pack_', the 'struct_NVA06C_CTRL_TIMESLICE_PARAMS' Structure will use memory layout compatible with MSVC (Windows). If this is intended, set _layout_ to 'ms'. The implicit default is deprecated and slated to become an error in Python 3.19.
    struct_NVA06C_CTRL_TIMESLICE_PARAMS._fields_ = [

tinyops/image/blur_test.py::test_blur_color[ksize0]
  /app/.venv/lib/python3.14/site-packages/tinygrad/runtime/autogen/nv_gpu.py:27797: DeprecationWarning: Due to '_pack_', the 'struct_NVA06C_CTRL_PREEMPT_PARAMS' Structure will use memory layout compatible with MSVC (Windows). If this is intended, set _layout_ to 'ms'. The implicit default is deprecated and slated to become an error in Python 3.19.
    struct_NVA06C_CTRL_PREEMPT_PARAMS._fields_ = [

tinyops/image/blur_test.py::test_blur_color[ksize0]
  /app/.venv/lib/python3.14/site-packages/tinygrad/runtime/autogen/nv_gpu.py:27809: DeprecationWarning: Due to '_pack_', the 'struct_NVA06C_CTRL_GET_INFO_PARAMS' Structure will use memory layout compatible with MSVC (Windows). If this is intended, set _layout_ to 'ms'. The implicit default is deprecated and slated to become an error in Python 3.19.
    struct_NVA06C_CTRL_GET_INFO_PARAMS._fields_ = [

tinyops/image/blur_test.py::test_blur_color[ksize0]
  /app/.venv/lib/python3.14/site-packages/tinygrad/runtime/autogen/nv_gpu.py:27818: DeprecationWarning: Due to '_pack_', the 'struct_NVA06C_CTRL_INTERLEAVE_LEVEL_PARAMS' Structure will use memory layout compatible with MSVC (Windows). If this is intended, set _layout_ to 'ms'. The implicit default is deprecated and slated to become an error in Python 3.19.
    struct_NVA06C_CTRL_INTERLEAVE_LEVEL_PARAMS._fields_ = [

tinyops/image/blur_test.py::test_blur_color[ksize0]
  /app/.venv/lib/python3.14/site-packages/tinygrad/runtime/autogen/nv_gpu.py:27836: DeprecationWarning: Due to '_pack_', the 'struct_NVA06C_CTRL_PROGRAM_VIDMEM_PROMOTE_FIELD' Structure will use memory layout compatible with MSVC (Windows). If this is intended, set _layout_ to 'ms'. The implicit default is deprecated and slated to become an error in Python 3.19.
    class struct_NVA06C_CTRL_PROGRAM_VIDMEM_PROMOTE_FIELD(Structure):

tinyops/image/blur_test.py::test_blur_color[ksize0]
  /app/.venv/lib/python3.14/site-packages/tinygrad/runtime/autogen/nv_gpu.py:27843: DeprecationWarning: Due to '_pack_', the 'struct_NVA06C_CTRL_PROGRAM_VIDMEM_PROMOTE_PARAMS' Structure will use memory layout compatible with MSVC (Windows). If this is intended, set _layout_ to 'ms'. The implicit default is deprecated and slated to become an error in Python 3.19.
    class struct_NVA06C_CTRL_PROGRAM_VIDMEM_PROMOTE_PARAMS(Structure):

tinyops/image/blur_test.py::test_blur_color[ksize0]
  /app/.venv/lib/python3.14/site-packages/tinygrad/runtime/autogen/nv_gpu.py:27855: DeprecationWarning: Due to '_pack_', the 'struct_NVA06C_CTRL_INTERNAL_PROMOTE_FAULT_METHOD_BUFFERS_PARAMS' Structure will use memory layout compatible with MSVC (Windows). If this is intended, set _layout_ to 'ms'. The implicit default is deprecated and slated to become an error in Python 3.19.
    struct_NVA06C_CTRL_INTERNAL_PROMOTE_FAULT_METHOD_BUFFERS_PARAMS._fields_ = [

tinyops/image/blur_test.py::test_blur_color[ksize0]
  /app/.venv/lib/python3.14/site-packages/tinygrad/runtime/autogen/nv_gpu.py:27867: DeprecationWarning: Due to '_pack_', the 'struct_NVA06C_CTRL_MAKE_REALTIME_PARAMS' Structure will use memory layout compatible with MSVC (Windows). If this is intended, set _layout_ to 'ms'. The implicit default is deprecated and slated to become an error in Python 3.19.
    struct_NVA06C_CTRL_MAKE_REALTIME_PARAMS._fields_ = [

tinyops/image/blur_test.py::test_blur_color[ksize0]
  /app/.venv/lib/python3.14/site-packages/tinygrad/runtime/autogen/nv/nv.py:154: DeprecationWarning: Due to '_pack_', the 'struct_c__SA_MCTP_HEADER' Structure will use memory layout compatible with MSVC (Windows). If this is intended, set _layout_ to 'ms'. The implicit default is deprecated and slated to become an error in Python 3.19.
    struct_c__SA_MCTP_HEADER._fields_ = [

tinyops/image/blur_test.py::test_blur_color[ksize0]
  /app/.venv/lib/python3.14/site-packages/tinygrad/runtime/autogen/nv/nv.py:165: DeprecationWarning: Due to '_pack_', the 'struct_c__SA_NVDM_PAYLOAD_COT' Structure will use memory layout compatible with MSVC (Windows). If this is intended, set _layout_ to 'ms'. The implicit default is deprecated and slated to become an error in Python 3.19.
    struct_c__SA_NVDM_PAYLOAD_COT._fields_ = [

tinyops/image/blur_test.py::test_blur_color[ksize0]
  /app/.venv/lib/python3.14/site-packages/tinygrad/runtime/autogen/nv/nv.py:200: DeprecationWarning: Due to '_pack_', the 'struct_GSP_FMC_INIT_PARAMS' Structure will use memory layout compatible with MSVC (Windows). If this is intended, set _layout_ to 'ms'. The implicit default is deprecated and slated to become an error in Python 3.19.
    struct_GSP_FMC_INIT_PARAMS._fields_ = [

tinyops/image/blur_test.py::test_blur_color[ksize0]
  /app/.venv/lib/python3.14/site-packages/tinygrad/runtime/autogen/nv/nv.py:209: DeprecationWarning: Due to '_pack_', the 'struct_GSP_ACR_BOOT_GSP_RM_PARAMS' Structure will use memory layout compatible with MSVC (Windows). If this is intended, set _layout_ to 'ms'. The implicit default is deprecated and slated to become an error in Python 3.19.
    struct_GSP_ACR_BOOT_GSP_RM_PARAMS._fields_ = [

tinyops/image/blur_test.py::test_blur_color[ksize0]
  /app/.venv/lib/python3.14/site-packages/tinygrad/runtime/autogen/nv/nv.py:224: DeprecationWarning: Due to '_pack_', the 'struct_GSP_RM_PARAMS' Structure will use memory layout compatible with MSVC (Windows). If this is intended, set _layout_ to 'ms'. The implicit default is deprecated and slated to become an error in Python 3.19.
    struct_GSP_RM_PARAMS._fields_ = [

tinyops/image/blur_test.py::test_blur_color[ksize0]
  /app/.venv/lib/python3.14/site-packages/tinygrad/runtime/autogen/nv/nv.py:235: DeprecationWarning: Due to '_pack_', the 'struct_GSP_SPDM_PARAMS' Structure will use memory layout compatible with MSVC (Windows). If this is intended, set _layout_ to 'ms'. The implicit default is deprecated and slated to become an error in Python 3.19.
    struct_GSP_SPDM_PARAMS._fields_ = [

tinyops/image/blur_test.py::test_blur_color[ksize0]
  /app/.venv/lib/python3.14/site-packages/tinygrad/runtime/autogen/nv/nv.py:248: DeprecationWarning: Due to '_pack_', the 'struct_GSP_FMC_BOOT_PARAMS' Structure will use memory layout compatible with MSVC (Windows). If this is intended, set _layout_ to 'ms'. The implicit default is deprecated and slated to become an error in Python 3.19.
    struct_GSP_FMC_BOOT_PARAMS._fields_ = [

tinyops/image/blur_test.py::test_blur_color[ksize0]
  /app/.venv/lib/python3.14/site-packages/tinygrad/runtime/autogen/nv/nv.py:277: DeprecationWarning: Due to '_pack_', the 'struct_c__SA_GspFwWprMeta_0_0' Structure will use memory layout compatible with MSVC (Windows). If this is intended, set _layout_ to 'ms'. The implicit default is deprecated and slated to become an error in Python 3.19.
    struct_c__SA_GspFwWprMeta_0_0._fields_ = [

tinyops/image/blur_test.py::test_blur_color[ksize0]
  /app/.venv/lib/python3.14/site-packages/tinygrad/runtime/autogen/nv/nv.py:286: DeprecationWarning: Due to '_pack_', the 'struct_c__SA_GspFwWprMeta_0_1' Structure will use memory layout compatible with MSVC (Windows). If this is intended, set _layout_ to 'ms'. The implicit default is deprecated and slated to become an error in Python 3.19.
    struct_c__SA_GspFwWprMeta_0_1._fields_ = [

tinyops/image/blur_test.py::test_blur_color[ksize0]
  /app/.venv/lib/python3.14/site-packages/tinygrad/runtime/autogen/nv/nv.py:294: DeprecationWarning: Due to '_pack_', the 'union_c__SA_GspFwWprMeta_0' Union will use memory layout compatible with MSVC (Windows). If this is intended, set _layout_ to 'ms'. The implicit default is deprecated and slated to become an error in Python 3.19.
    union_c__SA_GspFwWprMeta_0._fields_ = [

tinyops/image/blur_test.py::test_blur_color[ksize0]
  /app/.venv/lib/python3.14/site-packages/tinygrad/runtime/autogen/nv/nv.py:306: DeprecationWarning: Due to '_pack_', the 'struct_c__SA_GspFwWprMeta_1_0' Structure will use memory layout compatible with MSVC (Windows). If this is intended, set _layout_ to 'ms'. The implicit default is deprecated and slated to become an error in Python 3.19.
    struct_c__SA_GspFwWprMeta_1_0._fields_ = [

tinyops/image/blur_test.py::test_blur_color[ksize0]
  /app/.venv/lib/python3.14/site-packages/tinygrad/runtime/autogen/nv/nv.py:321: DeprecationWarning: Due to '_pack_', the 'struct_c__SA_GspFwWprMeta_1_1' Structure will use memory layout compatible with MSVC (Windows). If this is intended, set _layout_ to 'ms'. The implicit default is deprecated and slated to become an error in Python 3.19.
    struct_c__SA_GspFwWprMeta_1_1._fields_ = [

tinyops/image/blur_test.py::test_blur_color[ksize0]
  /app/.venv/lib/python3.14/site-packages/tinygrad/runtime/autogen/nv/nv.py:330: DeprecationWarning: Due to '_pack_', the 'union_c__SA_GspFwWprMeta_1' Union will use memory layout compatible with MSVC (Windows). If this is intended, set _layout_ to 'ms'. The implicit default is deprecated and slated to become an error in Python 3.19.
    union_c__SA_GspFwWprMeta_1._fields_ = [

tinyops/image/blur_test.py::test_blur_color[ksize0]
  /app/.venv/lib/python3.14/site-packages/tinygrad/runtime/autogen/nv/nv.py:337: DeprecationWarning: Due to '_pack_', the 'struct_c__SA_GspFwWprMeta' Structure will use memory layout compatible with MSVC (Windows). If this is intended, set _layout_ to 'ms'. The implicit default is deprecated and slated to become an error in Python 3.19.
    struct_c__SA_GspFwWprMeta._fields_ = [

tinyops/image/blur_test.py::test_blur_color[ksize0]
  /app/.venv/lib/python3.14/site-packages/tinygrad/runtime/autogen/nv/nv.py:376: DeprecationWarning: Due to '_pack_', the 'struct_c__SA_GspFwHeapFreeRegion' Structure will use memory layout compatible with MSVC (Windows). If this is intended, set _layout_ to 'ms'. The implicit default is deprecated and slated to become an error in Python 3.19.
    struct_c__SA_GspFwHeapFreeRegion._fields_ = [

tinyops/image/blur_test.py::test_blur_color[ksize0]
  /app/.venv/lib/python3.14/site-packages/tinygrad/runtime/autogen/nv/nv.py:386: DeprecationWarning: Due to '_pack_', the 'struct_c__SA_GspFwHeapFreeList' Structure will use memory layout compatible with MSVC (Windows). If this is intended, set _layout_ to 'ms'. The implicit default is deprecated and slated to become an error in Python 3.19.
    struct_c__SA_GspFwHeapFreeList._fields_ = [

tinyops/image/blur_test.py::test_blur_color[ksize0]
  /app/.venv/lib/python3.14/site-packages/tinygrad/runtime/autogen/nv/nv.py:402: DeprecationWarning: Due to '_pack_', the 'struct_c__SA_GspFwSRMeta' Structure will use memory layout compatible with MSVC (Windows). If this is intended, set _layout_ to 'ms'. The implicit default is deprecated and slated to become an error in Python 3.19.
    struct_c__SA_GspFwSRMeta._fields_ = [

tinyops/image/blur_test.py::test_blur_color[ksize0]
  /app/.venv/lib/python3.14/site-packages/tinygrad/runtime/autogen/nv/nv.py:419: DeprecationWarning: Due to '_pack_', the 'struct_c__SA_MESSAGE_QUEUE_INIT_ARGUMENTS' Structure will use memory layout compatible with MSVC (Windows). If this is intended, set _layout_ to 'ms'. The implicit default is deprecated and slated to become an error in Python 3.19.
    struct_c__SA_MESSAGE_QUEUE_INIT_ARGUMENTS._fields_ = [

tinyops/image/blur_test.py::test_blur_color[ksize0]
  /app/.venv/lib/python3.14/site-packages/tinygrad/runtime/autogen/nv/nv.py:432: DeprecationWarning: Due to '_pack_', the 'struct_c__SA_GSP_SR_INIT_ARGUMENTS' Structure will use memory layout compatible with MSVC (Windows). If this is intended, set _layout_ to 'ms'. The implicit default is deprecated and slated to become an error in Python 3.19.
    struct_c__SA_GSP_SR_INIT_ARGUMENTS._fields_ = [

tinyops/image/blur_test.py::test_blur_color[ksize0]
  /app/.venv/lib/python3.14/site-packages/tinygrad/runtime/autogen/nv/nv.py:447: DeprecationWarning: Due to '_pack_', the 'struct_c__SA_GSP_ARGUMENTS_CACHED_profilerArgs' Structure will use memory layout compatible with MSVC (Windows). If this is intended, set _layout_ to 'ms'. The implicit default is deprecated and slated to become an error in Python 3.19.
    struct_c__SA_GSP_ARGUMENTS_CACHED_profilerArgs._fields_ = [

tinyops/image/blur_test.py::test_blur_color[ksize0]
  /app/.venv/lib/python3.14/site-packages/tinygrad/runtime/autogen/nv/nv.py:453: DeprecationWarning: Due to '_pack_', the 'struct_c__SA_GSP_ARGUMENTS_CACHED' Structure will use memory layout compatible with MSVC (Windows). If this is intended, set _layout_ to 'ms'. The implicit default is deprecated and slated to become an error in Python 3.19.
    struct_c__SA_GSP_ARGUMENTS_CACHED._fields_ = [

tinyops/image/blur_test.py::test_blur_color[ksize0]
  /app/.venv/lib/python3.14/site-packages/tinygrad/runtime/autogen/nv/nv.py:498: DeprecationWarning: Due to '_pack_', the 'struct_c__SA_LibosMemoryRegionInitArgument' Structure will use memory layout compatible with MSVC (Windows). If this is intended, set _layout_ to 'ms'. The implicit default is deprecated and slated to become an error in Python 3.19.
    struct_c__SA_LibosMemoryRegionInitArgument._fields_ = [

tinyops/image/blur_test.py::test_blur_color[ksize0]
  /app/.venv/lib/python3.14/site-packages/tinygrad/runtime/autogen/nv/nv.py:513: DeprecationWarning: Due to '_pack_', the 'struct_c__SA_RM_RISCV_UCODE_DESC' Structure will use memory layout compatible with MSVC (Windows). If this is intended, set _layout_ to 'ms'. The implicit default is deprecated and slated to become an error in Python 3.19.
    struct_c__SA_RM_RISCV_UCODE_DESC._fields_ = [

tinyops/image/blur_test.py::test_blur_color[ksize0]
  /app/.venv/lib/python3.14/site-packages/tinygrad/runtime/autogen/nv/nv.py:544: DeprecationWarning: Due to '_pack_', the 'struct_c__SA_msgqTxHeader' Structure will use memory layout compatible with MSVC (Windows). If this is intended, set _layout_ to 'ms'. The implicit default is deprecated and slated to become an error in Python 3.19.
    struct_c__SA_msgqTxHeader._fields_ = [

tinyops/image/blur_test.py::test_blur_color[ksize0]
  /app/.venv/lib/python3.14/site-packages/tinygrad/runtime/autogen/nv/nv.py:560: DeprecationWarning: Due to '_pack_', the 'struct_c__SA_msgqRxHeader' Structure will use memory layout compatible with MSVC (Windows). If this is intended, set _layout_ to 'ms'. The implicit default is deprecated and slated to become an error in Python 3.19.
    struct_c__SA_msgqRxHeader._fields_ = [

tinyops/image/blur_test.py::test_blur_color[ksize0]
  /app/.venv/lib/python3.14/site-packages/tinygrad/runtime/autogen/nv/nv.py:569: DeprecationWarning: Due to '_pack_', the 'struct_c__SA_msgqMetadata' Structure will use memory layout compatible with MSVC (Windows). If this is intended, set _layout_ to 'ms'. The implicit default is deprecated and slated to become an error in Python 3.19.
    struct_c__SA_msgqMetadata._fields_ = [

tinyops/image/blur_test.py::test_blur_color[ksize0]
  /app/.venv/lib/python3.14/site-packages/tinygrad/runtime/autogen/nv/nv.py:1312: DeprecationWarning: Due to '_pack_', the 'struct_VIRTUAL_DISPLAY_GET_MAX_RESOLUTION_PARAMS' Structure will use memory layout compatible with MSVC (Windows). If this is intended, set _layout_ to 'ms'. The implicit default is deprecated and slated to become an error in Python 3.19.
    struct_VIRTUAL_DISPLAY_GET_MAX_RESOLUTION_PARAMS._fields_ = [

tinyops/image/blur_test.py::test_blur_color[ksize0]
  /app/.venv/lib/python3.14/site-packages/tinygrad/runtime/autogen/nv/nv.py:1323: DeprecationWarning: Due to '_pack_', the 'struct_VIRTUAL_DISPLAY_GET_NUM_HEADS_PARAMS' Structure will use memory layout compatible with MSVC (Windows). If this is intended, set _layout_ to 'ms'. The implicit default is deprecated and slated to become an error in Python 3.19.
    struct_VIRTUAL_DISPLAY_GET_NUM_HEADS_PARAMS._fields_ = [

tinyops/image/blur_test.py::test_blur_color[ksize0]
  /app/.venv/lib/python3.14/site-packages/tinygrad/runtime/autogen/nv/nv.py:1347: DeprecationWarning: Due to '_pack_', the 'struct_rpc_set_guest_system_info_v03_00' Structure will use memory layout compatible with MSVC (Windows). If this is intended, set _layout_ to 'ms'. The implicit default is deprecated and slated to become an error in Python 3.19.
    struct_rpc_set_guest_system_info_v03_00._fields_ = [

tinyops/image/blur_test.py::test_blur_color[ksize0]
  /app/.venv/lib/python3.14/site-packages/tinygrad/runtime/autogen/nv/nv.py:1365: DeprecationWarning: Due to '_pack_', the 'struct_rpc_set_guest_system_info_ext_v15_02' Structure will use memory layout compatible with MSVC (Windows). If this is intended, set _layout_ to 'ms'. The implicit default is deprecated and slated to become an error in Python 3.19.
    struct_rpc_set_guest_system_info_ext_v15_02._fields_ = [

tinyops/image/blur_test.py::test_blur_color[ksize0]
  /app/.venv/lib/python3.14/site-packages/tinygrad/runtime/autogen/nv/nv.py:1377: DeprecationWarning: Due to '_pack_', the 'struct_rpc_set_guest_system_info_ext_v25_1B' Structure will use memory layout compatible with MSVC (Windows). If this is intended, set _layout_ to 'ms'. The implicit default is deprecated and slated to become an error in Python 3.19.
    struct_rpc_set_guest_system_info_ext_v25_1B._fields_ = [

tinyops/image/blur_test.py::test_blur_color[ksize0]
  /app/.venv/lib/python3.14/site-packages/tinygrad/runtime/autogen/nv/nv.py:1391: DeprecationWarning: Due to '_pack_', the 'struct_rpc_alloc_root_v07_00' Structure will use memory layout compatible with MSVC (Windows). If this is intended, set _layout_ to 'ms'. The implicit default is deprecated and slated to become an error in Python 3.19.
    struct_rpc_alloc_root_v07_00._fields_ = [

tinyops/image/blur_test.py::test_blur_color[ksize0]
  /app/.venv/lib/python3.14/site-packages/tinygrad/runtime/autogen/nv/nv.py:1409: DeprecationWarning: Due to '_pack_', the 'union_pte_desc_0' Union will use memory layout compatible with MSVC (Windows). If this is intended, set _layout_ to 'ms'. The implicit default is deprecated and slated to become an error in Python 3.19.
    union_pte_desc_0._fields_ = [

tinyops/image/blur_test.py::test_blur_color[ksize0]
  /app/.venv/lib/python3.14/site-packages/tinygrad/runtime/autogen/nv/nv.py:1415: DeprecationWarning: Due to '_pack_', the 'struct_pte_desc' Structure will use memory layout compatible with MSVC (Windows). If this is intended, set _layout_ to 'ms'. The implicit default is deprecated and slated to become an error in Python 3.19.
    struct_pte_desc._fields_ = [

tinyops/image/blur_test.py::test_blur_color[ksize0]
  /app/.venv/lib/python3.14/site-packages/tinygrad/runtime/autogen/nv/nv.py:1424: DeprecationWarning: Due to '_pack_', the 'struct_rpc_alloc_memory_v13_01' Structure will use memory layout compatible with MSVC (Windows). If this is intended, set _layout_ to 'ms'. The implicit default is deprecated and slated to become an error in Python 3.19.
    struct_rpc_alloc_memory_v13_01._fields_ = [

tinyops/image/blur_test.py::test_blur_color[ksize0]
  /app/.venv/lib/python3.14/site-packages/tinygrad/runtime/autogen/nv/nv.py:1451: DeprecationWarning: Due to '_pack_', the 'struct_NV_MEMORY_DESC_PARAMS_v18_01' Structure will use memory layout compatible with MSVC (Windows). If this is intended, set _layout_ to 'ms'. The implicit default is deprecated and slated to become an error in Python 3.19.
    struct_NV_MEMORY_DESC_PARAMS_v18_01._fields_ = [

tinyops/image/blur_test.py::test_blur_color[ksize0]
  /app/.venv/lib/python3.14/site-packages/tinygrad/runtime/autogen/nv/nv.py:1459: DeprecationWarning: Due to '_pack_', the 'struct_NV_CHANNEL_ALLOC_PARAMS_v1F_04' Structure will use memory layout compatible with MSVC (Windows). If this is intended, set _layout_ to 'ms'. The implicit default is deprecated and slated to become an error in Python 3.19.
    struct_NV_CHANNEL_ALLOC_PARAMS_v1F_04._fields_ = [

tinyops/image/blur_test.py::test_blur_color[ksize0]
  /app/.venv/lib/python3.14/site-packages/tinygrad/runtime/autogen/nv/nv.py:1485: DeprecationWarning: Due to '_pack_', the 'struct_rpc_alloc_channel_dma_v1F_04' Structure will use memory layout compatible with MSVC (Windows). If this is intended, set _layout_ to 'ms'. The implicit default is deprecated and slated to become an error in Python 3.19.
    struct_rpc_alloc_channel_dma_v1F_04._fields_ = [

tinyops/image/blur_test.py::test_blur_color[ksize0]
  /app/.venv/lib/python3.14/site-packages/tinygrad/runtime/autogen/nv/nv.py:1509: DeprecationWarning: Due to '_pack_', the 'struct_alloc_object_NV50_TESLA_v03_00' Structure will use memory layout compatible with MSVC (Windows). If this is intended, set _layout_ to 'ms'. The implicit default is deprecated and slated to become an error in Python 3.19.
    struct_alloc_object_NV50_TESLA_v03_00._fields_ = [

tinyops/image/blur_test.py::test_blur_color[ksize0]
  /app/.venv/lib/python3.14/site-packages/tinygrad/runtime/autogen/nv/nv.py:1520: DeprecationWarning: Due to '_pack_', the 'struct_alloc_object_GT212_DMA_COPY_v03_00' Structure will use memory layout compatible with MSVC (Windows). If this is intended, set _layout_ to 'ms'. The implicit default is deprecated and slated to become an error in Python 3.19.
    struct_alloc_object_GT212_DMA_COPY_v03_00._fields_ = [

tinyops/image/blur_test.py::test_blur_color[ksize0]
  /app/.venv/lib/python3.14/site-packages/tinygrad/runtime/autogen/nv/nv.py:1529: DeprecationWarning: Due to '_pack_', the 'struct_alloc_object_GF100_DISP_SW_v03_00' Structure will use memory layout compatible with MSVC (Windows). If this is intended, set _layout_ to 'ms'. The implicit default is deprecated and slated to become an error in Python 3.19.
    struct_alloc_object_GF100_DISP_SW_v03_00._fields_ = [

tinyops/image/blur_test.py::test_blur_color[ksize0]
  /app/.venv/lib/python3.14/site-packages/tinygrad/runtime/autogen/nv/nv.py:1543: DeprecationWarning: Due to '_pack_', the 'struct_alloc_object_KEPLER_CHANNEL_GROUP_A_v12_08' Structure will use memory layout compatible with MSVC (Windows). If this is intended, set _layout_ to 'ms'. The implicit default is deprecated and slated to become an error in Python 3.19.
    struct_alloc_object_KEPLER_CHANNEL_GROUP_A_v12_08._fields_ = [

tinyops/image/blur_test.py::test_blur_color[ksize0]
  /app/.venv/lib/python3.14/site-packages/tinygrad/runtime/autogen/nv/nv.py:1553: DeprecationWarning: Due to '_pack_', the 'struct_alloc_object_FERMI_CONTEXT_SHARE_A_v04_00' Structure will use memory layout compatible with MSVC (Windows). If this is intended, set _layout_ to 'ms'. The implicit default is deprecated and slated to become an error in Python 3.19.
    struct_alloc_object_FERMI_CONTEXT_SHARE_A_v04_00._fields_ = [

tinyops/image/blur_test.py::test_blur_color[ksize0]
  /app/.venv/lib/python3.14/site-packages/tinygrad/runtime/autogen/nv/nv.py:1563: DeprecationWarning: Due to '_pack_', the 'struct_alloc_object_NVD0B7_VIDEO_ENCODER_v03_00' Structure will use memory layout compatible with MSVC (Windows). If this is intended, set _layout_ to 'ms'. The implicit default is deprecated and slated to become an error in Python 3.19.
    struct_alloc_object_NVD0B7_VIDEO_ENCODER_v03_00._fields_ = [

tinyops/image/blur_test.py::test_blur_color[ksize0]
  /app/.venv/lib/python3.14/site-packages/tinygrad/runtime/autogen/nv/nv.py:1573: DeprecationWarning: Due to '_pack_', the 'struct_alloc_object_FERMI_VASPACE_A_v03_00' Structure will use memory layout compatible with MSVC (Windows). If this is intended, set _layout_ to 'ms'. The implicit default is deprecated and slated to become an error in Python 3.19.
    struct_alloc_object_FERMI_VASPACE_A_v03_00._fields_ = [

tinyops/image/blur_test.py::test_blur_color[ksize0]
  /app/.venv/lib/python3.14/site-packages/tinygrad/runtime/autogen/nv/nv.py:1586: DeprecationWarning: Due to '_pack_', the 'struct_alloc_object_NVB0B0_VIDEO_DECODER_v03_00' Structure will use memory layout compatible with MSVC (Windows). If this is intended, set _layout_ to 'ms'. The implicit default is deprecated and slated to become an error in Python 3.19.
    struct_alloc_object_NVB0B0_VIDEO_DECODER_v03_00._fields_ = [

tinyops/image/blur_test.py::test_blur_color[ksize0]
  /app/.venv/lib/python3.14/site-packages/tinygrad/runtime/autogen/nv/nv.py:1595: DeprecationWarning: Due to '_pack_', the 'struct_alloc_object_NV83DE_ALLOC_PARAMETERS_v03_00' Structure will use memory layout compatible with MSVC (Windows). If this is intended, set _layout_ to 'ms'. The implicit default is deprecated and slated to become an error in Python 3.19.
    struct_alloc_object_NV83DE_ALLOC_PARAMETERS_v03_00._fields_ = [

tinyops/image/blur_test.py::test_blur_color[ksize0]
  /app/.venv/lib/python3.14/site-packages/tinygrad/runtime/autogen/nv/nv.py:1605: DeprecationWarning: Due to '_pack_', the 'struct_alloc_object_NVENC_SW_SESSION_v06_01' Structure will use memory layout compatible with MSVC (Windows). If this is intended, set _layout_ to 'ms'. The implicit default is deprecated and slated to become an error in Python 3.19.
    struct_alloc_object_NVENC_SW_SESSION_v06_01._fields_ = [

tinyops/image/blur_test.py::test_blur_color[ksize0]
  /app/.venv/lib/python3.14/site-packages/tinygrad/runtime/autogen/nv/nv.py:1615: DeprecationWarning: Due to '_pack_', the 'struct_alloc_object_NVC4B0_VIDEO_DECODER_v12_02' Structure will use memory layout compatible with MSVC (Windows). If this is intended, set _layout_ to 'ms'. The implicit default is deprecated and slated to become an error in Python 3.19.
    struct_alloc_object_NVC4B0_VIDEO_DECODER_v12_02._fields_ = [

tinyops/image/blur_test.py::test_blur_color[ksize0]
  /app/.venv/lib/python3.14/site-packages/tinygrad/runtime/autogen/nv/nv.py:1625: DeprecationWarning: Due to '_pack_', the 'struct_alloc_object_NVFBC_SW_SESSION_v12_04' Structure will use memory layout compatible with MSVC (Windows). If this is intended, set _layout_ to 'ms'. The implicit default is deprecated and slated to become an error in Python 3.19.
    struct_alloc_object_NVFBC_SW_SESSION_v12_04._fields_ = [

tinyops/image/blur_test.py::test_blur_color[ksize0]
  /app/.venv/lib/python3.14/site-packages/tinygrad/runtime/autogen/nv/nv.py:1637: DeprecationWarning: Due to '_pack_', the 'struct_alloc_object_NV_NVJPG_ALLOCATION_PARAMETERS_v20_02' Structure will use memory layout compatible with MSVC (Windows). If this is intended, set _layout_ to 'ms'. The implicit default is deprecated and slated to become an error in Python 3.19.
    struct_alloc_object_NV_NVJPG_ALLOCATION_PARAMETERS_v20_02._fields_ = [

tinyops/image/blur_test.py::test_blur_color[ksize0]
  /app/.venv/lib/python3.14/site-packages/tinygrad/runtime/autogen/nv/nv.py:1647: DeprecationWarning: Due to '_pack_', the 'struct_alloc_object_NV503B_ALLOC_PARAMETERS_v1D_02' Structure will use memory layout compatible with MSVC (Windows). If this is intended, set _layout_ to 'ms'. The implicit default is deprecated and slated to become an error in Python 3.19.
    struct_alloc_object_NV503B_ALLOC_PARAMETERS_v1D_02._fields_ = [

tinyops/image/blur_test.py::test_blur_color[ksize0]
  /app/.venv/lib/python3.14/site-packages/tinygrad/runtime/autogen/nv/nv.py:1661: DeprecationWarning: Due to '_pack_', the 'struct_alloc_object_NVC637_ALLOCATION_PARAMETERS_v13_00' Structure will use memory layout compatible with MSVC (Windows). If this is intended, set _layout_ to 'ms'. The implicit default is deprecated and slated to become an error in Python 3.19.
    struct_alloc_object_NVC637_ALLOCATION_PARAMETERS_v13_00._fields_ = [

tinyops/image/blur_test.py::test_blur_color[ksize0]
  /app/.venv/lib/python3.14/site-packages/tinygrad/runtime/autogen/nv/nv.py:1669: DeprecationWarning: Due to '_pack_', the 'struct_alloc_object_NV_MEMORY_VIRTUAL_ALLOCATION_PARAMS_v13_03' Structure will use memory layout compatible with MSVC (Windows). If this is intended, set _layout_ to 'ms'. The implicit default is deprecated and slated to become an error in Python 3.19.
    struct_alloc_object_NV_MEMORY_VIRTUAL_ALLOCATION_PARAMS_v13_03._fields_ = [

tinyops/image/blur_test.py::test_blur_color[ksize0]
  /app/.venv/lib/python3.14/site-packages/tinygrad/runtime/autogen/nv/nv.py:1680: DeprecationWarning: Due to '_pack_', the 'struct_alloc_object_NVC638_ALLOCATION_PARAMETERS_v18_06' Structure will use memory layout compatible with MSVC (Windows). If this is intended, set _layout_ to 'ms'. The implicit default is deprecated and slated to become an error in Python 3.19.
    struct_alloc_object_NVC638_ALLOCATION_PARAMETERS_v18_06._fields_ = [

tinyops/image/blur_test.py::test_blur_color[ksize0]
  /app/.venv/lib/python3.14/site-packages/tinygrad/runtime/autogen/nv/nv.py:1688: DeprecationWarning: Due to '_pack_', the 'struct_alloc_object_NV503C_ALLOC_PARAMETERS_v18_15' Structure will use memory layout compatible with MSVC (Windows). If this is intended, set _layout_ to 'ms'. The implicit default is deprecated and slated to become an error in Python 3.19.
    struct_alloc_object_NV503C_ALLOC_PARAMETERS_v18_15._fields_ = [

tinyops/image/blur_test.py::test_blur_color[ksize0]
  /app/.venv/lib/python3.14/site-packages/tinygrad/runtime/autogen/nv/nv.py:1698: DeprecationWarning: Due to '_pack_', the 'struct_alloc_object_NVC670_ALLOCATION_PARAMETERS_v1A_01' Structure will use memory layout compatible with MSVC (Windows). If this is intended, set _layout_ to 'ms'. The implicit default is deprecated and slated to become an error in Python 3.19.
    struct_alloc_object_NVC670_ALLOCATION_PARAMETERS_v1A_01._fields_ = [

tinyops/image/blur_test.py::test_blur_color[ksize0]
  /app/.venv/lib/python3.14/site-packages/tinygrad/runtime/autogen/nv/nv.py:1708: DeprecationWarning: Due to '_pack_', the 'struct_alloc_object_NVB1CC_ALLOC_PARAMETERS_v1A_03' Structure will use memory layout compatible with MSVC (Windows). If this is intended, set _layout_ to 'ms'. The implicit default is deprecated and slated to become an error in Python 3.19.
    struct_alloc_object_NVB1CC_ALLOC_PARAMETERS_v1A_03._fields_ = [

tinyops/image/blur_test.py::test_blur_color[ksize0]
  /app/.venv/lib/python3.14/site-packages/tinygrad/runtime/autogen/nv/nv.py:1716: DeprecationWarning: Due to '_pack_', the 'struct_alloc_object_NVB2CC_ALLOC_PARAMETERS_v1A_03' Structure will use memory layout compatible with MSVC (Windows). If this is intended, set _layout_ to 'ms'. The implicit default is deprecated and slated to become an error in Python 3.19.
    struct_alloc_object_NVB2CC_ALLOC_PARAMETERS_v1A_03._fields_ = [

tinyops/image/blur_test.py::test_blur_color[ksize0]
  /app/.venv/lib/python3.14/site-packages/tinygrad/runtime/autogen/nv/nv.py:1725: DeprecationWarning: Due to '_pack_', the 'struct_NV_GR_ALLOCATION_PARAMETERS_v1A_17' Structure will use memory layout compatible with MSVC (Windows). If this is intended, set _layout_ to 'ms'. The implicit default is deprecated and slated to become an error in Python 3.19.
    struct_NV_GR_ALLOCATION_PARAMETERS_v1A_17._fields_ = [

tinyops/image/blur_test.py::test_blur_color[ksize0]
  /app/.venv/lib/python3.14/site-packages/tinygrad/runtime/autogen/nv/nv.py:1736: DeprecationWarning: Due to '_pack_', the 'struct_alloc_object_NV_UVM_CHANNEL_RETAINER_ALLOC_PARAMS_v1A_1B' Structure will use memory layout compatible with MSVC (Windows). If this is intended, set _layout_ to 'ms'. The implicit default is deprecated and slated to become an error in Python 3.19.
    struct_alloc_object_NV_UVM_CHANNEL_RETAINER_ALLOC_PARAMS_v1A_1B._fields_ = [

tinyops/image/blur_test.py::test_blur_color[ksize0]
  /app/.venv/lib/python3.14/site-packages/tinygrad/runtime/autogen/nv/nv.py:1748: DeprecationWarning: Due to '_pack_', the 'struct_NV00F8_ALLOCATION_PARAMETERS_MAP_STRUCT_v1E_0C' Structure will use memory layout compatible with MSVC (Windows). If this is intended, set _layout_ to 'ms'. The implicit default is deprecated and slated to become an error in Python 3.19.
    struct_NV00F8_ALLOCATION_PARAMETERS_MAP_STRUCT_v1E_0C._fields_ = [

tinyops/image/blur_test.py::test_blur_color[ksize0]
  /app/.venv/lib/python3.14/site-packages/tinygrad/runtime/autogen/nv/nv.py:1755: DeprecationWarning: Due to '_pack_', the 'struct_alloc_object_NV00F8_ALLOCATION_PARAMETERS_v1E_0C' Structure will use memory layout compatible with MSVC (Windows). If this is intended, set _layout_ to 'ms'. The implicit default is deprecated and slated to become an error in Python 3.19.
    struct_alloc_object_NV00F8_ALLOCATION_PARAMETERS_v1E_0C._fields_ = [

tinyops/image/blur_test.py::test_blur_color[ksize0]
  /app/.venv/lib/python3.14/site-packages/tinygrad/runtime/autogen/nv/nv.py:1767: DeprecationWarning: Due to '_pack_', the 'struct_alloc_object_NVC9FA_VIDEO_OFA_v1F_00' Structure will use memory layout compatible with MSVC (Windows). If this is intended, set _layout_ to 'ms'. The implicit default is deprecated and slated to become an error in Python 3.19.
    struct_alloc_object_NVC9FA_VIDEO_OFA_v1F_00._fields_ = [

tinyops/image/blur_test.py::test_blur_color[ksize0]
  /app/.venv/lib/python3.14/site-packages/tinygrad/runtime/autogen/nv/nv.py:1776: DeprecationWarning: Due to '_pack_', the 'struct_alloc_object_NV2081_ALLOC_PARAMETERS_v25_08' Structure will use memory layout compatible with MSVC (Windows). If this is intended, set _layout_ to 'ms'. The implicit default is deprecated and slated to become an error in Python 3.19.
    struct_alloc_object_NV2081_ALLOC_PARAMETERS_v25_08._fields_ = [

tinyops/image/blur_test.py::test_blur_color[ksize0]
  /app/.venv/lib/python3.14/site-packages/tinygrad/runtime/autogen/nv/nv.py:1781: DeprecationWarning: Due to '_pack_', the 'union_alloc_object_params_v25_08' Union will use memory layout compatible with MSVC (Windows). If this is intended, set _layout_ to 'ms'. The implicit default is deprecated and slated to become an error in Python 3.19.
    union_alloc_object_params_v25_08._fields_ = [

tinyops/image/blur_test.py::test_blur_color[ksize0]
  /app/.venv/lib/python3.14/site-packages/tinygrad/runtime/autogen/nv/nv.py:1812: DeprecationWarning: Due to '_pack_', the 'struct_rpc_alloc_object_v25_08' Structure will use memory layout compatible with MSVC (Windows). If this is intended, set _layout_ to 'ms'. The implicit default is deprecated and slated to become an error in Python 3.19.
    struct_rpc_alloc_object_v25_08._fields_ = [

tinyops/image/blur_test.py::test_blur_color[ksize0]
  /app/.venv/lib/python3.14/site-packages/tinygrad/runtime/autogen/nv/nv.py:1830: DeprecationWarning: Due to '_pack_', the 'union_alloc_object_params_v26_00' Union will use memory layout compatible with MSVC (Windows). If this is intended, set _layout_ to 'ms'. The implicit default is deprecated and slated to become an error in Python 3.19.
    union_alloc_object_params_v26_00._fields_ = [

tinyops/image/blur_test.py::test_blur_color[ksize0]
  /app/.venv/lib/python3.14/site-packages/tinygrad/runtime/autogen/nv/nv.py:1861: DeprecationWarning: Due to '_pack_', the 'struct_rpc_alloc_object_v26_00' Structure will use memory layout compatible with MSVC (Windows). If this is intended, set _layout_ to 'ms'. The implicit default is deprecated and slated to become an error in Python 3.19.
    struct_rpc_alloc_object_v26_00._fields_ = [

tinyops/image/blur_test.py::test_blur_color[ksize0]
  /app/.venv/lib/python3.14/site-packages/tinygrad/runtime/autogen/nv/nv.py:1879: DeprecationWarning: Due to '_pack_', the 'union_alloc_object_params_v27_00' Union will use memory layout compatible with MSVC (Windows). If this is intended, set _layout_ to 'ms'. The implicit default is deprecated and slated to become an error in Python 3.19.
    union_alloc_object_params_v27_00._fields_ = [

tinyops/image/blur_test.py::test_blur_color[ksize0]
  /app/.venv/lib/python3.14/site-packages/tinygrad/runtime/autogen/nv/nv.py:1910: DeprecationWarning: Due to '_pack_', the 'struct_rpc_alloc_object_v27_00' Structure will use memory layout compatible with MSVC (Windows). If this is intended, set _layout_ to 'ms'. The implicit default is deprecated and slated to become an error in Python 3.19.
    struct_rpc_alloc_object_v27_00._fields_ = [

tinyops/image/blur_test.py::test_blur_color[ksize0]
  /app/.venv/lib/python3.14/site-packages/tinygrad/runtime/autogen/nv/nv.py:1931: DeprecationWarning: Due to '_pack_', the 'struct_alloc_object_NVC9FA_VIDEO_OFA_v29_06' Structure will use memory layout compatible with MSVC (Windows). If this is intended, set _layout_ to 'ms'. The implicit default is deprecated and slated to become an error in Python 3.19.
    struct_alloc_object_NVC9FA_VIDEO_OFA_v29_06._fields_ = [

tinyops/image/blur_test.py::test_blur_color[ksize0]
  /app/.venv/lib/python3.14/site-packages/tinygrad/runtime/autogen/nv/nv.py:1938: DeprecationWarning: Due to '_pack_', the 'union_alloc_object_params_v29_06' Union will use memory layout compatible with MSVC (Windows). If this is intended, set _layout_ to 'ms'. The implicit default is deprecated and slated to become an error in Python 3.19.
    union_alloc_object_params_v29_06._fields_ = [

tinyops/image/blur_test.py::test_blur_color[ksize0]
  /app/.venv/lib/python3.14/site-packages/tinygrad/runtime/autogen/nv/nv.py:1969: DeprecationWarning: Due to '_pack_', the 'struct_rpc_alloc_object_v29_06' Structure will use memory layout compatible with MSVC (Windows). If this is intended, set _layout_ to 'ms'. The implicit default is deprecated and slated to become an error in Python 3.19.
    struct_rpc_alloc_object_v29_06._fields_ = [

tinyops/image/blur_test.py::test_blur_color[ksize0]
  /app/.venv/lib/python3.14/site-packages/tinygrad/runtime/autogen/nv/nv.py:1988: DeprecationWarning: Due to '_pack_', the 'struct_NVOS00_PARAMETERS_v03_00' Structure will use memory layout compatible with MSVC (Windows). If this is intended, set _layout_ to 'ms'. The implicit default is deprecated and slated to become an error in Python 3.19.
    struct_NVOS00_PARAMETERS_v03_00._fields_ = [

tinyops/image/blur_test.py::test_blur_color[ksize0]
  /app/.venv/lib/python3.14/site-packages/tinygrad/runtime/autogen/nv/nv.py:1996: DeprecationWarning: Due to '_pack_', the 'struct_rpc_free_v03_00' Structure will use memory layout compatible with MSVC (Windows). If this is intended, set _layout_ to 'ms'. The implicit default is deprecated and slated to become an error in Python 3.19.
    struct_rpc_free_v03_00._fields_ = [

tinyops/image/blur_test.py::test_blur_color[ksize0]
  /app/.venv/lib/python3.14/site-packages/tinygrad/runtime/autogen/nv/nv.py:2006: DeprecationWarning: Due to '_pack_', the 'struct_rpc_log_v03_00' Structure will use memory layout compatible with MSVC (Windows). If this is intended, set _layout_ to 'ms'. The implicit default is deprecated and slated to become an error in Python 3.19.
    struct_rpc_log_v03_00._fields_ = [

tinyops/image/blur_test.py::test_blur_color[ksize0]
  /app/.venv/lib/python3.14/site-packages/tinygrad/runtime/autogen/nv/nv.py:2021: DeprecationWarning: Due to '_pack_', the 'struct_NVOS46_PARAMETERS_v03_00' Structure will use memory layout compatible with MSVC (Windows). If this is intended, set _layout_ to 'ms'. The implicit default is deprecated and slated to become an error in Python 3.19.
    struct_NVOS46_PARAMETERS_v03_00._fields_ = [

tinyops/image/blur_test.py::test_blur_color[ksize0]
  /app/.venv/lib/python3.14/site-packages/tinygrad/runtime/autogen/nv/nv.py:2036: DeprecationWarning: Due to '_pack_', the 'struct_rpc_map_memory_dma_v03_00' Structure will use memory layout compatible with MSVC (Windows). If this is intended, set _layout_ to 'ms'. The implicit default is deprecated and slated to become an error in Python 3.19.
    struct_rpc_map_memory_dma_v03_00._fields_ = [

tinyops/image/blur_test.py::test_blur_color[ksize0]
  /app/.venv/lib/python3.14/site-packages/tinygrad/runtime/autogen/nv/nv.py:2049: DeprecationWarning: Due to '_pack_', the 'struct_NVOS47_PARAMETERS_v03_00' Structure will use memory layout compatible with MSVC (Windows). If this is intended, set _layout_ to 'ms'. The implicit default is deprecated and slated to become an error in Python 3.19.
    struct_NVOS47_PARAMETERS_v03_00._fields_ = [

tinyops/image/blur_test.py::test_blur_color[ksize0]
  /app/.venv/lib/python3.14/site-packages/tinygrad/runtime/autogen/nv/nv.py:2062: DeprecationWarning: Due to '_pack_', the 'struct_rpc_unmap_memory_dma_v03_00' Structure will use memory layout compatible with MSVC (Windows). If this is intended, set _layout_ to 'ms'. The implicit default is deprecated and slated to become an error in Python 3.19.
    struct_rpc_unmap_memory_dma_v03_00._fields_ = [

tinyops/image/blur_test.py::test_blur_color[ksize0]
  /app/.venv/lib/python3.14/site-packages/tinygrad/runtime/autogen/nv/nv.py:2075: DeprecationWarning: Due to '_pack_', the 'struct_NVOS21_PARAMETERS_v03_00' Structure will use memory layout compatible with MSVC (Windows). If this is intended, set _layout_ to 'ms'. The implicit default is deprecated and slated to become an error in Python 3.19.
    struct_NVOS21_PARAMETERS_v03_00._fields_ = [

tinyops/image/blur_test.py::test_blur_color[ksize0]
  /app/.venv/lib/python3.14/site-packages/tinygrad/runtime/autogen/nv/nv.py:2086: DeprecationWarning: Due to '_pack_', the 'struct_rpc_alloc_subdevice_v08_01' Structure will use memory layout compatible with MSVC (Windows). If this is intended, set _layout_ to 'ms'. The implicit default is deprecated and slated to become an error in Python 3.19.
    struct_rpc_alloc_subdevice_v08_01._fields_ = [

tinyops/image/blur_test.py::test_blur_color[ksize0]
  /app/.venv/lib/python3.14/site-packages/tinygrad/runtime/autogen/nv/nv.py:2101: DeprecationWarning: Due to '_pack_', the 'struct_NVOS55_PARAMETERS_v03_00' Structure will use memory layout compatible with MSVC (Windows). If this is intended, set _layout_ to 'ms'. The implicit default is deprecated and slated to become an error in Python 3.19.
    struct_NVOS55_PARAMETERS_v03_00._fields_ = [

tinyops/image/blur_test.py::test_blur_color[ksize0]
  /app/.venv/lib/python3.14/site-packages/tinygrad/runtime/autogen/nv/nv.py:2112: DeprecationWarning: Due to '_pack_', the 'struct_rpc_dup_object_v03_00' Structure will use memory layout compatible with MSVC (Windows). If this is intended, set _layout_ to 'ms'. The implicit default is deprecated and slated to become an error in Python 3.19.
    struct_rpc_dup_object_v03_00._fields_ = [

tinyops/image/blur_test.py::test_blur_color[ksize0]
  /app/.venv/lib/python3.14/site-packages/tinygrad/runtime/autogen/nv/nv.py:2125: DeprecationWarning: Due to '_pack_', the 'struct_idle_channel_list_v03_00' Structure will use memory layout compatible with MSVC (Windows). If this is intended, set _layout_ to 'ms'. The implicit default is deprecated and slated to become an error in Python 3.19.
    struct_idle_channel_list_v03_00._fields_ = [

tinyops/image/blur_test.py::test_blur_color[ksize0]
  /app/.venv/lib/python3.14/site-packages/tinygrad/runtime/autogen/nv/nv.py:2132: DeprecationWarning: Due to '_pack_', the 'struct_rpc_idle_channels_v03_00' Structure will use memory layout compatible with MSVC (Windows). If this is intended, set _layout_ to 'ms'. The implicit default is deprecated and slated to become an error in Python 3.19.
    struct_rpc_idle_channels_v03_00._fields_ = [

tinyops/image/blur_test.py::test_blur_color[ksize0]
  /app/.venv/lib/python3.14/site-packages/tinygrad/runtime/autogen/nv/nv.py:2145: DeprecationWarning: Due to '_pack_', the 'struct_rpc_alloc_event_v03_00' Structure will use memory layout compatible with MSVC (Windows). If this is intended, set _layout_ to 'ms'. The implicit default is deprecated and slated to become an error in Python 3.19.
    struct_rpc_alloc_event_v03_00._fields_ = [

tinyops/image/blur_test.py::test_blur_color[ksize0]
  /app/.venv/lib/python3.14/site-packages/tinygrad/runtime/autogen/nv/nv.py:2164: DeprecationWarning: Due to '_pack_', the 'struct_NVOS54_PARAMETERS_v03_00' Structure will use memory layout compatible with MSVC (Windows). If this is intended, set _layout_ to 'ms'. The implicit default is deprecated and slated to become an error in Python 3.19.
    struct_NVOS54_PARAMETERS_v03_00._fields_ = [

tinyops/image/blur_test.py::test_blur_color[ksize0]
  /app/.venv/lib/python3.14/site-packages/tinygrad/runtime/autogen/nv/nv.py:2175: DeprecationWarning: Due to '_pack_', the 'struct_rpc_rm_api_control_v25_0D' Structure will use memory layout compatible with MSVC (Windows). If this is intended, set _layout_ to 'ms'. The implicit default is deprecated and slated to become an error in Python 3.19.
    struct_rpc_rm_api_control_v25_0D._fields_ = [

tinyops/image/blur_test.py::test_blur_color[ksize0]
  /app/.venv/lib/python3.14/site-packages/tinygrad/runtime/autogen/nv/nv.py:2185: DeprecationWarning: Due to '_pack_', the 'struct_rpc_rm_api_control_v25_0F' Structure will use memory layout compatible with MSVC (Windows). If this is intended, set _layout_ to 'ms'. The implicit default is deprecated and slated to become an error in Python 3.19.
    struct_rpc_rm_api_control_v25_0F._fields_ = [

tinyops/image/blur_test.py::test_blur_color[ksize0]
  /app/.venv/lib/python3.14/site-packages/tinygrad/runtime/autogen/nv/nv.py:2195: DeprecationWarning: Due to '_pack_', the 'struct_rpc_rm_api_control_v25_10' Structure will use memory layout compatible with MSVC (Windows). If this is intended, set _layout_ to 'ms'. The implicit default is deprecated and slated to become an error in Python 3.19.
    struct_rpc_rm_api_control_v25_10._fields_ = [

tinyops/image/blur_test.py::test_blur_color[ksize0]
  /app/.venv/lib/python3.14/site-packages/tinygrad/runtime/autogen/nv/nv.py:2205: DeprecationWarning: Due to '_pack_', the 'struct_rpc_rm_api_control_v25_14' Structure will use memory layout compatible with MSVC (Windows). If this is intended, set _layout_ to 'ms'. The implicit default is deprecated and slated to become an error in Python 3.19.
    struct_rpc_rm_api_control_v25_14._fields_ = [

tinyops/image/blur_test.py::test_blur_color[ksize0]
  /app/.venv/lib/python3.14/site-packages/tinygrad/runtime/autogen/nv/nv.py:2215: DeprecationWarning: Due to '_pack_', the 'struct_rpc_rm_api_control_v25_15' Structure will use memory layout compatible with MSVC (Windows). If this is intended, set _layout_ to 'ms'. The implicit default is deprecated and slated to become an error in Python 3.19.
    struct_rpc_rm_api_control_v25_15._fields_ = [

tinyops/image/blur_test.py::test_blur_color[ksize0]
  /app/.venv/lib/python3.14/site-packages/tinygrad/runtime/autogen/nv/nv.py:2225: DeprecationWarning: Due to '_pack_', the 'struct_rpc_rm_api_control_v25_16' Structure will use memory layout compatible with MSVC (Windows). If this is intended, set _layout_ to 'ms'. The implicit default is deprecated and slated to become an error in Python 3.19.
    struct_rpc_rm_api_control_v25_16._fields_ = [

tinyops/image/blur_test.py::test_blur_color[ksize0]
  /app/.venv/lib/python3.14/site-packages/tinygrad/runtime/autogen/nv/nv.py:2235: DeprecationWarning: Due to '_pack_', the 'struct_rpc_rm_api_control_v25_17' Structure will use memory layout compatible with MSVC (Windows). If this is intended, set _layout_ to 'ms'. The implicit default is deprecated and slated to become an error in Python 3.19.
    struct_rpc_rm_api_control_v25_17._fields_ = [

tinyops/image/blur_test.py::test_blur_color[ksize0]
  /app/.venv/lib/python3.14/site-packages/tinygrad/runtime/autogen/nv/nv.py:2245: DeprecationWarning: Due to '_pack_', the 'struct_rpc_rm_api_control_v25_18' Structure will use memory layout compatible with MSVC (Windows). If this is intended, set _layout_ to 'ms'. The implicit default is deprecated and slated to become an error in Python 3.19.
    struct_rpc_rm_api_control_v25_18._fields_ = [

tinyops/image/blur_test.py::test_blur_color[ksize0]
  /app/.venv/lib/python3.14/site-packages/tinygrad/runtime/autogen/nv/nv.py:2255: DeprecationWarning: Due to '_pack_', the 'struct_rpc_rm_api_control_v25_19' Structure will use memory layout compatible with MSVC (Windows). If this is intended, set _layout_ to 'ms'. The implicit default is deprecated and slated to become an error in Python 3.19.
    struct_rpc_rm_api_control_v25_19._fields_ = [

tinyops/image/blur_test.py::test_blur_color[ksize0]
  /app/.venv/lib/python3.14/site-packages/tinygrad/runtime/autogen/nv/nv.py:2265: DeprecationWarning: Due to '_pack_', the 'struct_rpc_rm_api_control_v25_1A' Structure will use memory layout compatible with MSVC (Windows). If this is intended, set _layout_ to 'ms'. The implicit default is deprecated and slated to become an error in Python 3.19.
    struct_rpc_rm_api_control_v25_1A._fields_ = [

tinyops/image/blur_test.py::test_blur_color[ksize0]
  /app/.venv/lib/python3.14/site-packages/tinygrad/runtime/autogen/nv/nv.py:2275: DeprecationWarning: Due to '_pack_', the 'struct_rpc_rm_api_control_v27_03' Structure will use memory layout compatible with MSVC (Windows). If this is intended, set _layout_ to 'ms'. The implicit default is deprecated and slated to become an error in Python 3.19.
    struct_rpc_rm_api_control_v27_03._fields_ = [

tinyops/image/blur_test.py::test_blur_color[ksize0]
  /app/.venv/lib/python3.14/site-packages/tinygrad/runtime/autogen/nv/nv.py:2285: DeprecationWarning: Due to '_pack_', the 'struct_rpc_rm_api_control_v29_04' Structure will use memory layout compatible with MSVC (Windows). If this is intended, set _layout_ to 'ms'. The implicit default is deprecated and slated to become an error in Python 3.19.
    struct_rpc_rm_api_control_v29_04._fields_ = [

tinyops/image/blur_test.py::test_blur_color[ksize0]
  /app/.venv/lib/python3.14/site-packages/tinygrad/runtime/autogen/nv/nv.py:2295: DeprecationWarning: Due to '_pack_', the 'struct_rpc_rm_api_control_v29_09' Structure will use memory layout compatible with MSVC (Windows). If this is intended, set _layout_ to 'ms'. The implicit default is deprecated and slated to become an error in Python 3.19.
    struct_rpc_rm_api_control_v29_09._fields_ = [

tinyops/image/blur_test.py::test_blur_color[ksize0]
  /app/.venv/lib/python3.14/site-packages/tinygrad/runtime/autogen/nv/nv.py:2309: DeprecationWarning: Due to '_pack_', the 'struct_NV_DEVICE_ALLOCATION_PARAMETERS_v03_00' Structure will use memory layout compatible with MSVC (Windows). If this is intended, set _layout_ to 'ms'. The implicit default is deprecated and slated to become an error in Python 3.19.
    struct_NV_DEVICE_ALLOCATION_PARAMETERS_v03_00._fields_ = [

tinyops/image/blur_test.py::test_blur_color[ksize0]
  /app/.venv/lib/python3.14/site-packages/tinygrad/runtime/autogen/nv/nv.py:2322: DeprecationWarning: Due to '_pack_', the 'struct_rpc_alloc_share_device_v03_00' Structure will use memory layout compatible with MSVC (Windows). If this is intended, set _layout_ to 'ms'. The implicit default is deprecated and slated to become an error in Python 3.19.
    struct_rpc_alloc_share_device_v03_00._fields_ = [

tinyops/image/blur_test.py::test_blur_color[ksize0]
  /app/.venv/lib/python3.14/site-packages/tinygrad/runtime/autogen/nv/nv.py:2355: DeprecationWarning: Due to '_pack_', the 'struct_NV2080_CTRL_PERF_GET_VID_ENG_PERFMON_SAMPLE_PARAMS_v05_00' Structure will use memory layout compatible with MSVC (Windows). If this is intended, set _layout_ to 'ms'. The implicit default is deprecated and slated to become an error in Python 3.19.
    struct_NV2080_CTRL_PERF_GET_VID_ENG_PERFMON_SAMPLE_PARAMS_v05_00._fields_ = [

tinyops/image/blur_test.py::test_blur_color[ksize0]
  /app/.venv/lib/python3.14/site-packages/tinygrad/runtime/autogen/nv/nv.py:2365: DeprecationWarning: Due to '_pack_', the 'struct_NV0000_CTRL_GPUACCT_GET_ACCOUNTING_STATE_PARAMS_v09_0C' Structure will use memory layout compatible with MSVC (Windows). If this is intended, set _layout_ to 'ms'. The implicit default is deprecated and slated to become an error in Python 3.19.
    struct_NV0000_CTRL_GPUACCT_GET_ACCOUNTING_STATE_PARAMS_v09_0C._fields_ = [

tinyops/image/blur_test.py::test_blur_color[ksize0]
  /app/.venv/lib/python3.14/site-packages/tinygrad/runtime/autogen/nv/nv.py:2375: DeprecationWarning: Due to '_pack_', the 'struct_NV0000_CTRL_GPUACCT_SET_ACCOUNTING_STATE_PARAMS_v09_0C' Structure will use memory layout compatible with MSVC (Windows). If this is intended, set _layout_ to 'ms'. The implicit default is deprecated and slated to become an error in Python 3.19.
    struct_NV0000_CTRL_GPUACCT_SET_ACCOUNTING_STATE_PARAMS_v09_0C._fields_ = [

tinyops/image/blur_test.py::test_blur_color[ksize0]
  /app/.venv/lib/python3.14/site-packages/tinygrad/runtime/autogen/nv/nv.py:2385: DeprecationWarning: Due to '_pack_', the 'struct_NV0000_CTRL_GPUACCT_GET_ACCOUNTING_PIDS_PARAMS_v09_0C' Structure will use memory layout compatible with MSVC (Windows). If this is intended, set _layout_ to 'ms'. The implicit default is deprecated and slated to become an error in Python 3.19.
    struct_NV0000_CTRL_GPUACCT_GET_ACCOUNTING_PIDS_PARAMS_v09_0C._fields_ = [

tinyops/image/blur_test.py::test_blur_color[ksize0]
  /app/.venv/lib/python3.14/site-packages/tinygrad/runtime/autogen/nv/nv.py:2397: DeprecationWarning: Due to '_pack_', the 'struct_NV0000_CTRL_GPUACCT_GET_PROC_ACCOUNTING_INFO_PARAMS_v09_0C' Structure will use memory layout compatible with MSVC (Windows). If this is intended, set _layout_ to 'ms'. The implicit default is deprecated and slated to become an error in Python 3.19.
    struct_NV0000_CTRL_GPUACCT_GET_PROC_ACCOUNTING_INFO_PARAMS_v09_0C._fields_ = [

tinyops/image/blur_test.py::test_blur_color[ksize0]
  /app/.venv/lib/python3.14/site-packages/tinygrad/runtime/autogen/nv/nv.py:2413: DeprecationWarning: Due to '_pack_', the 'struct_NV0000_CTRL_GPUACCT_CLEAR_ACCOUNTING_DATA_PARAMS_v09_0C' Structure will use memory layout compatible with MSVC (Windows). If this is intended, set _layout_ to 'ms'. The implicit default is deprecated and slated to become an error in Python 3.19.
    struct_NV0000_CTRL_GPUACCT_CLEAR_ACCOUNTING_DATA_PARAMS_v09_0C._fields_ = [

tinyops/image/blur_test.py::test_blur_color[ksize0]
  /app/.venv/lib/python3.14/site-packages/tinygrad/runtime/autogen/nv/nv.py:2425: DeprecationWarning: Due to '_pack_', the 'struct_NV2080_CTRL_PERF_GPUMON_ENGINE_UTIL_SAMPLE_v17_00' Structure will use memory layout compatible with MSVC (Windows). If this is intended, set _layout_ to 'ms'. The implicit default is deprecated and slated to become an error in Python 3.19.
    struct_NV2080_CTRL_PERF_GPUMON_ENGINE_UTIL_SAMPLE_v17_00._fields_ = [

tinyops/image/blur_test.py::test_blur_color[ksize0]
  /app/.venv/lib/python3.14/site-packages/tinygrad/runtime/autogen/nv/nv.py:2432: DeprecationWarning: Due to '_pack_', the 'struct_NV2080_CTRL_PERF_GPUMON_PERFMON_UTIL_SAMPLE_v1F_0E' Structure will use memory layout compatible with MSVC (Windows). If this is intended, set _layout_ to 'ms'. The implicit default is deprecated and slated to become an error in Python 3.19.
    struct_NV2080_CTRL_PERF_GPUMON_PERFMON_UTIL_SAMPLE_v1F_0E._fields_ = [

tinyops/image/blur_test.py::test_blur_color[ksize0]
  /app/.venv/lib/python3.14/site-packages/tinygrad/runtime/autogen/nv/nv.py:2441: DeprecationWarning: Due to '_pack_', the 'union_vgpuGetEngineUtilization_data_v1F_0E' Union will use memory layout compatible with MSVC (Windows). If this is intended, set _layout_ to 'ms'. The implicit default is deprecated and slated to become an error in Python 3.19.
    union_vgpuGetEngineUtilization_data_v1F_0E._fields_ = [

tinyops/image/blur_test.py::test_blur_color[ksize0]
  /app/.venv/lib/python3.14/site-packages/tinygrad/runtime/autogen/nv/nv.py:2452: DeprecationWarning: Due to '_pack_', the 'struct_rpc_get_engine_utilization_v1F_0E' Structure will use memory layout compatible with MSVC (Windows). If this is intended, set _layout_ to 'ms'. The implicit default is deprecated and slated to become an error in Python 3.19.
    struct_rpc_get_engine_utilization_v1F_0E._fields_ = [

tinyops/image/blur_test.py::test_blur_color[ksize0]
  /app/.venv/lib/python3.14/site-packages/tinygrad/runtime/autogen/nv/nv.py:2466: DeprecationWarning: Due to '_pack_', the 'struct_rpc_perf_get_level_info_v03_00' Structure will use memory layout compatible with MSVC (Windows). If this is intended, set _layout_ to 'ms'. The implicit default is deprecated and slated to become an error in Python 3.19.
    struct_rpc_perf_get_level_info_v03_00._fields_ = [

tinyops/image/blur_test.py::test_blur_color[ksize0]
  /app/.venv/lib/python3.14/site-packages/tinygrad/runtime/autogen/nv/nv.py:2485: DeprecationWarning: Due to '_pack_', the 'struct_NVA080_CTRL_VGPU_DISPLAY_SET_SURFACE_PROPERTIES_v07_07' Structure will use memory layout compatible with MSVC (Windows). If this is intended, set _layout_ to 'ms'. The implicit default is deprecated and slated to become an error in Python 3.19.
    struct_NVA080_CTRL_VGPU_DISPLAY_SET_SURFACE_PROPERTIES_v07_07._fields_ = [

tinyops/image/blur_test.py::test_blur_color[ksize0]
  /app/.venv/lib/python3.14/site-packages/tinygrad/runtime/autogen/nv/nv.py:2507: DeprecationWarning: Due to '_pack_', the 'struct_rpc_set_surface_properties_v07_07' Structure will use memory layout compatible with MSVC (Windows). If this is intended, set _layout_ to 'ms'. The implicit default is deprecated and slated to become an error in Python 3.19.
    struct_rpc_set_surface_properties_v07_07._fields_ = [

tinyops/image/blur_test.py::test_blur_color[ksize0]
  /app/.venv/lib/python3.14/site-packages/tinygrad/runtime/autogen/nv/nv.py:2521: DeprecationWarning: Due to '_pack_', the 'struct_NVA080_CTRL_VGPU_DISPLAY_CLEANUP_SURFACE_PARAMS_v03_00' Structure will use memory layout compatible with MSVC (Windows). If this is intended, set _layout_ to 'ms'. The implicit default is deprecated and slated to become an error in Python 3.19.
    struct_NVA080_CTRL_VGPU_DISPLAY_CLEANUP_SURFACE_PARAMS_v03_00._fields_ = [

tinyops/image/blur_test.py::test_blur_color[ksize0]
  /app/.venv/lib/python3.14/site-packages/tinygrad/runtime/autogen/nv/nv.py:2527: DeprecationWarning: Due to '_pack_', the 'struct_rpc_cleanup_surface_v03_00' Structure will use memory layout compatible with MSVC (Windows). If this is intended, set _layout_ to 'ms'. The implicit default is deprecated and slated to become an error in Python 3.19.
    struct_rpc_cleanup_surface_v03_00._fields_ = [

tinyops/image/blur_test.py::test_blur_color[ksize0]
  /app/.venv/lib/python3.14/site-packages/tinygrad/runtime/autogen/nv/nv.py:2537: DeprecationWarning: Due to '_pack_', the 'struct_rpc_unloading_guest_driver_v1F_07' Structure will use memory layout compatible with MSVC (Windows). If this is intended, set _layout_ to 'ms'. The implicit default is deprecated and slated to become an error in Python 3.19.
    struct_rpc_unloading_guest_driver_v1F_07._fields_ = [

tinyops/image/blur_test.py::test_blur_color[ksize0]
  /app/.venv/lib/python3.14/site-packages/tinygrad/runtime/autogen/nv/nv.py:2559: DeprecationWarning: Due to '_pack_', the 'struct_NV2080_CTRL_GR_ROUTE_INFO_v12_01' Structure will use memory layout compatible with MSVC (Windows). If this is intended, set _layout_ to 'ms'. The implicit default is deprecated and slated to become an error in Python 3.19.
    struct_NV2080_CTRL_GR_ROUTE_INFO_v12_01._fields_ = [

tinyops/image/blur_test.py::test_blur_color[ksize0]
  /app/.venv/lib/python3.14/site-packages/tinygrad/runtime/autogen/nv/nv.py:2566: DeprecationWarning: Due to '_pack_', the 'struct_NV2080_CTRL_GPU_EXEC_REG_OPS_PARAMS_v12_01' Structure will use memory layout compatible with MSVC (Windows). If this is intended, set _layout_ to 'ms'. The implicit default is deprecated and slated to become an error in Python 3.19.
    struct_NV2080_CTRL_GPU_EXEC_REG_OPS_PARAMS_v12_01._fields_ = [

tinyops/image/blur_test.py::test_blur_color[ksize0]
  /app/.venv/lib/python3.14/site-packages/tinygrad/runtime/autogen/nv/nv.py:2579: DeprecationWarning: Due to '_pack_', the 'struct_NV2080_CTRL_GPU_REG_OP_v03_00' Structure will use memory layout compatible with MSVC (Windows). If this is intended, set _layout_ to 'ms'. The implicit default is deprecated and slated to become an error in Python 3.19.
    struct_NV2080_CTRL_GPU_REG_OP_v03_00._fields_ = [

tinyops/image/blur_test.py::test_blur_color[ksize0]
  /app/.venv/lib/python3.14/site-packages/tinygrad/runtime/autogen/nv/nv.py:2594: DeprecationWarning: Due to '_pack_', the 'struct_gpu_exec_reg_ops_v12_01' Structure will use memory layout compatible with MSVC (Windows). If this is intended, set _layout_ to 'ms'. The implicit default is deprecated and slated to become an error in Python 3.19.
    struct_gpu_exec_reg_ops_v12_01._fields_ = [

tinyops/image/blur_test.py::test_blur_color[ksize0]
  /app/.venv/lib/python3.14/site-packages/tinygrad/runtime/autogen/nv/nv.py:2600: DeprecationWarning: Due to '_pack_', the 'struct_rpc_gpu_exec_reg_ops_v12_01' Structure will use memory layout compatible with MSVC (Windows). If this is intended, set _layout_ to 'ms'. The implicit default is deprecated and slated to become an error in Python 3.19.
    struct_rpc_gpu_exec_reg_ops_v12_01._fields_ = [

tinyops/image/blur_test.py::test_blur_color[ksize0]
  /app/.venv/lib/python3.14/site-packages/tinygrad/runtime/autogen/nv/nv.py:2612: DeprecationWarning: Due to '_pack_', the 'struct_rpc_get_static_data_v25_0E' Structure will use memory layout compatible with MSVC (Windows). If this is intended, set _layout_ to 'ms'. The implicit default is deprecated and slated to become an error in Python 3.19.
    struct_rpc_get_static_data_v25_0E._fields_ = [

tinyops/image/blur_test.py::test_blur_color[ksize0]
  /app/.venv/lib/python3.14/site-packages/tinygrad/runtime/autogen/nv/nv.py:2623: DeprecationWarning: Due to '_pack_', the 'struct_rpc_get_static_data_v27_01' Structure will use memory layout compatible with MSVC (Windows). If this is intended, set _layout_ to 'ms'. The implicit default is deprecated and slated to become an error in Python 3.19.
    struct_rpc_get_static_data_v27_01._fields_ = [

tinyops/image/blur_test.py::test_blur_color[ksize0]
  /app/.venv/lib/python3.14/site-packages/tinygrad/runtime/autogen/nv/nv.py:2635: DeprecationWarning: Due to '_pack_', the 'struct_rpc_get_consolidated_gr_static_info_v1B_04' Structure will use memory layout compatible with MSVC (Windows). If this is intended, set _layout_ to 'ms'. The implicit default is deprecated and slated to become an error in Python 3.19.
    struct_rpc_get_consolidated_gr_static_info_v1B_04._fields_ = [

tinyops/image/blur_test.py::test_blur_color[ksize0]
  /app/.venv/lib/python3.14/site-packages/tinygrad/runtime/autogen/nv/nv.py:2650: DeprecationWarning: Due to '_pack_', the 'struct_NV0080_CTRL_DMA_SET_PAGE_DIRECTORY_PARAMS_v1E_05' Structure will use memory layout compatible with MSVC (Windows). If this is intended, set _layout_ to 'ms'. The implicit default is deprecated and slated to become an error in Python 3.19.
    struct_NV0080_CTRL_DMA_SET_PAGE_DIRECTORY_PARAMS_v1E_05._fields_ = [

tinyops/image/blur_test.py::test_blur_color[ksize0]
  /app/.venv/lib/python3.14/site-packages/tinygrad/runtime/autogen/nv/nv.py:2661: DeprecationWarning: Due to '_pack_', the 'struct_rpc_set_page_directory_v1E_05' Structure will use memory layout compatible with MSVC (Windows). If this is intended, set _layout_ to 'ms'. The implicit default is deprecated and slated to become an error in Python 3.19.
    struct_rpc_set_page_directory_v1E_05._fields_ = [

tinyops/image/blur_test.py::test_blur_color[ksize0]
  /app/.venv/lib/python3.14/site-packages/tinygrad/runtime/autogen/nv/nv.py:2678: DeprecationWarning: Due to '_pack_', the 'struct_NV0080_CTRL_DMA_UNSET_PAGE_DIRECTORY_PARAMS_v1E_05' Structure will use memory layout compatible with MSVC (Windows). If this is intended, set _layout_ to 'ms'. The implicit default is deprecated and slated to become an error in Python 3.19.
    struct_NV0080_CTRL_DMA_UNSET_PAGE_DIRECTORY_PARAMS_v1E_05._fields_ = [

tinyops/image/blur_test.py::test_blur_color[ksize0]
  /app/.venv/lib/python3.14/site-packages/tinygrad/runtime/autogen/nv/nv.py:2684: DeprecationWarning: Due to '_pack_', the 'struct_rpc_unset_page_directory_v1E_05' Structure will use memory layout compatible with MSVC (Windows). If this is intended, set _layout_ to 'ms'. The implicit default is deprecated and slated to become an error in Python 3.19.
    struct_rpc_unset_page_directory_v1E_05._fields_ = [

tinyops/image/blur_test.py::test_blur_color[ksize0]
  /app/.venv/lib/python3.14/site-packages/tinygrad/runtime/autogen/nv/nv.py:2696: DeprecationWarning: Due to '_pack_', the 'struct_rpc_get_gsp_static_info_v14_00' Structure will use memory layout compatible with MSVC (Windows). If this is intended, set _layout_ to 'ms'. The implicit default is deprecated and slated to become an error in Python 3.19.
    struct_rpc_get_gsp_static_info_v14_00._fields_ = [

tinyops/image/blur_test.py::test_blur_color[ksize0]
  /app/.venv/lib/python3.14/site-packages/tinygrad/runtime/autogen/nv/nv.py:2709: DeprecationWarning: Due to '_pack_', the 'struct_UpdateBarPde_v15_00' Structure will use memory layout compatible with MSVC (Windows). If this is intended, set _layout_ to 'ms'. The implicit default is deprecated and slated to become an error in Python 3.19.
    struct_UpdateBarPde_v15_00._fields_ = [

tinyops/image/blur_test.py::test_blur_color[ksize0]
  /app/.venv/lib/python3.14/site-packages/tinygrad/runtime/autogen/nv/nv.py:2717: DeprecationWarning: Due to '_pack_', the 'struct_rpc_update_bar_pde_v15_00' Structure will use memory layout compatible with MSVC (Windows). If this is intended, set _layout_ to 'ms'. The implicit default is deprecated and slated to become an error in Python 3.19.
    struct_rpc_update_bar_pde_v15_00._fields_ = [

tinyops/image/blur_test.py::test_blur_color[ksize0]
  /app/.venv/lib/python3.14/site-packages/tinygrad/runtime/autogen/nv/nv.py:2727: DeprecationWarning: Due to '_pack_', the 'struct_rpc_get_encoder_capacity_v07_00' Structure will use memory layout compatible with MSVC (Windows). If this is intended, set _layout_ to 'ms'. The implicit default is deprecated and slated to become an error in Python 3.19.
    struct_rpc_get_encoder_capacity_v07_00._fields_ = [

tinyops/image/blur_test.py::test_blur_color[ksize0]
  /app/.venv/lib/python3.14/site-packages/tinygrad/runtime/autogen/nv/nv.py:2739: DeprecationWarning: Due to '_pack_', the 'struct_rpc_vgpu_pf_reg_read32_v15_00' Structure will use memory layout compatible with MSVC (Windows). If this is intended, set _layout_ to 'ms'. The implicit default is deprecated and slated to become an error in Python 3.19.
    struct_rpc_vgpu_pf_reg_read32_v15_00._fields_ = [

tinyops/image/blur_test.py::test_blur_color[ksize0]
  /app/.venv/lib/python3.14/site-packages/tinygrad/runtime/autogen/nv/nv.py:2754: DeprecationWarning: Due to '_pack_', the 'struct_NVA080_CTRL_SET_FB_USAGE_PARAMS_v07_02' Structure will use memory layout compatible with MSVC (Windows). If this is intended, set _layout_ to 'ms'. The implicit default is deprecated and slated to become an error in Python 3.19.
    struct_NVA080_CTRL_SET_FB_USAGE_PARAMS_v07_02._fields_ = [

tinyops/image/blur_test.py::test_blur_color[ksize0]
  /app/.venv/lib/python3.14/site-packages/tinygrad/runtime/autogen/nv/nv.py:2759: DeprecationWarning: Due to '_pack_', the 'struct_rpc_ctrl_set_vgpu_fb_usage_v1A_08' Structure will use memory layout compatible with MSVC (Windows). If this is intended, set _layout_ to 'ms'. The implicit default is deprecated and slated to become an error in Python 3.19.
    struct_rpc_ctrl_set_vgpu_fb_usage_v1A_08._fields_ = [

tinyops/image/blur_test.py::test_blur_color[ksize0]
  /app/.venv/lib/python3.14/site-packages/tinygrad/runtime/autogen/nv/nv.py:2772: DeprecationWarning: Due to '_pack_', the 'struct_NVA0BC_CTRL_NVENC_SW_SESSION_UPDATE_INFO_PARAMS_v06_01' Structure will use memory layout compatible with MSVC (Windows). If this is intended, set _layout_ to 'ms'. The implicit default is deprecated and slated to become an error in Python 3.19.
    struct_NVA0BC_CTRL_NVENC_SW_SESSION_UPDATE_INFO_PARAMS_v06_01._fields_ = [

tinyops/image/blur_test.py::test_blur_color[ksize0]
  /app/.venv/lib/python3.14/site-packages/tinygrad/runtime/autogen/nv/nv.py:2783: DeprecationWarning: Due to '_pack_', the 'struct_rpc_ctrl_nvenc_sw_session_update_info_v1A_09' Structure will use memory layout compatible with MSVC (Windows). If this is intended, set _layout_ to 'ms'. The implicit default is deprecated and slated to become an error in Python 3.19.
    struct_rpc_ctrl_nvenc_sw_session_update_info_v1A_09._fields_ = [

tinyops/image/blur_test.py::test_blur_color[ksize0]
  /app/.venv/lib/python3.14/site-packages/tinygrad/runtime/autogen/nv/nv.py:2798: DeprecationWarning: Due to '_pack_', the 'struct_NV906F_CTRL_CMD_RESET_CHANNEL_PARAMS_v10_01' Structure will use memory layout compatible with MSVC (Windows). If this is intended, set _layout_ to 'ms'. The implicit default is deprecated and slated to become an error in Python 3.19.
    struct_NV906F_CTRL_CMD_RESET_CHANNEL_PARAMS_v10_01._fields_ = [

tinyops/image/blur_test.py::test_blur_color[ksize0]
  /app/.venv/lib/python3.14/site-packages/tinygrad/runtime/autogen/nv/nv.py:2805: DeprecationWarning: Due to '_pack_', the 'struct_rpc_ctrl_reset_channel_v1A_09' Structure will use memory layout compatible with MSVC (Windows). If this is intended, set _layout_ to 'ms'. The implicit default is deprecated and slated to become an error in Python 3.19.
    struct_rpc_ctrl_reset_channel_v1A_09._fields_ = [

tinyops/image/blur_test.py::test_blur_color[ksize0]
  /app/.venv/lib/python3.14/site-packages/tinygrad/runtime/autogen/nv/nv.py:2820: DeprecationWarning: Due to '_pack_', the 'struct_NV506F_CTRL_CMD_RESET_ISOLATED_CHANNEL_PARAMS_v03_00' Structure will use memory layout compatible with MSVC (Windows). If this is intended, set _layout_ to 'ms'. The implicit default is deprecated and slated to become an error in Python 3.19.
    struct_NV506F_CTRL_CMD_RESET_ISOLATED_CHANNEL_PARAMS_v03_00._fields_ = [

tinyops/image/blur_test.py::test_blur_color[ksize0]
  /app/.venv/lib/python3.14/site-packages/tinygrad/runtime/autogen/nv/nv.py:2826: DeprecationWarning: Due to '_pack_', the 'struct_rpc_ctrl_reset_isolated_channel_v1A_09' Structure will use memory layout compatible with MSVC (Windows). If this is intended, set _layout_ to 'ms'. The implicit default is deprecated and slated to become an error in Python 3.19.
    struct_rpc_ctrl_reset_isolated_channel_v1A_09._fields_ = [

tinyops/image/blur_test.py::test_blur_color[ksize0]
  /app/.venv/lib/python3.14/site-packages/tinygrad/runtime/autogen/nv/nv.py:2841: DeprecationWarning: Due to '_pack_', the 'struct_NV2080_CTRL_CMD_GPU_HANDLE_VF_PRI_FAULT_PARAMS_v18_09' Structure will use memory layout compatible with MSVC (Windows). If this is intended, set _layout_ to 'ms'. The implicit default is deprecated and slated to become an error in Python 3.19.
    struct_NV2080_CTRL_CMD_GPU_HANDLE_VF_PRI_FAULT_PARAMS_v18_09._fields_ = [

tinyops/image/blur_test.py::test_blur_color[ksize0]
  /app/.venv/lib/python3.14/site-packages/tinygrad/runtime/autogen/nv/nv.py:2846: DeprecationWarning: Due to '_pack_', the 'struct_rpc_ctrl_gpu_handle_vf_pri_fault_v1A_09' Structure will use memory layout compatible with MSVC (Windows). If this is intended, set _layout_ to 'ms'. The implicit default is deprecated and slated to become an error in Python 3.19.
    struct_rpc_ctrl_gpu_handle_vf_pri_fault_v1A_09._fields_ = [

tinyops/image/blur_test.py::test_blur_color[ksize0]
  /app/.venv/lib/python3.14/site-packages/tinygrad/runtime/autogen/nv/nv.py:2861: DeprecationWarning: Due to '_pack_', the 'struct_NV2080_CTRL_PERF_BOOST_PARAMS_v03_00' Structure will use memory layout compatible with MSVC (Windows). If this is intended, set _layout_ to 'ms'. The implicit default is deprecated and slated to become an error in Python 3.19.
    struct_NV2080_CTRL_PERF_BOOST_PARAMS_v03_00._fields_ = [

tinyops/image/blur_test.py::test_blur_color[ksize0]
  /app/.venv/lib/python3.14/site-packages/tinygrad/runtime/autogen/nv/nv.py:2867: DeprecationWarning: Due to '_pack_', the 'struct_rpc_ctrl_perf_boost_v1A_09' Structure will use memory layout compatible with MSVC (Windows). If this is intended, set _layout_ to 'ms'. The implicit default is deprecated and slated to become an error in Python 3.19.
    struct_rpc_ctrl_perf_boost_v1A_09._fields_ = [

tinyops/image/blur_test.py::test_blur_color[ksize0]
  /app/.venv/lib/python3.14/site-packages/tinygrad/runtime/autogen/nv/nv.py:2885: DeprecationWarning: Due to '_pack_', the 'struct_NV9096_CTRL_GET_ZBC_CLEAR_TABLE_PARAMS_value_v04_00' Structure will use memory layout compatible with MSVC (Windows). If this is intended, set _layout_ to 'ms'. The implicit default is deprecated and slated to become an error in Python 3.19.
    struct_NV9096_CTRL_GET_ZBC_CLEAR_TABLE_PARAMS_value_v04_00._fields_ = [

tinyops/image/blur_test.py::test_blur_color[ksize0]
  /app/.venv/lib/python3.14/site-packages/tinygrad/runtime/autogen/nv/nv.py:2893: DeprecationWarning: Due to '_pack_', the 'struct_NV9096_CTRL_GET_ZBC_CLEAR_TABLE_PARAMS_v04_00' Structure will use memory layout compatible with MSVC (Windows). If this is intended, set _layout_ to 'ms'. The implicit default is deprecated and slated to become an error in Python 3.19.
    struct_NV9096_CTRL_GET_ZBC_CLEAR_TABLE_PARAMS_v04_00._fields_ = [

tinyops/image/blur_test.py::test_blur_color[ksize0]
  /app/.venv/lib/python3.14/site-packages/tinygrad/runtime/autogen/nv/nv.py:2902: DeprecationWarning: Due to '_pack_', the 'struct_rpc_ctrl_get_zbc_clear_table_v1A_09' Structure will use memory layout compatible with MSVC (Windows). If this is intended, set _layout_ to 'ms'. The implicit default is deprecated and slated to become an error in Python 3.19.
    struct_rpc_ctrl_get_zbc_clear_table_v1A_09._fields_ = [

tinyops/image/blur_test.py::test_blur_color[ksize0]
  /app/.venv/lib/python3.14/site-packages/tinygrad/runtime/autogen/nv/nv.py:2917: DeprecationWarning: Due to '_pack_', the 'struct_NV9096_CTRL_SET_ZBC_COLOR_CLEAR_PARAMS_v03_00' Structure will use memory layout compatible with MSVC (Windows). If this is intended, set _layout_ to 'ms'. The implicit default is deprecated and slated to become an error in Python 3.19.
    struct_NV9096_CTRL_SET_ZBC_COLOR_CLEAR_PARAMS_v03_00._fields_ = [

tinyops/image/blur_test.py::test_blur_color[ksize0]
  /app/.venv/lib/python3.14/site-packages/tinygrad/runtime/autogen/nv/nv.py:2924: DeprecationWarning: Due to '_pack_', the 'struct_rpc_ctrl_set_zbc_color_clear_v1A_09' Structure will use memory layout compatible with MSVC (Windows). If this is intended, set _layout_ to 'ms'. The implicit default is deprecated and slated to become an error in Python 3.19.
    struct_rpc_ctrl_set_zbc_color_clear_v1A_09._fields_ = [

tinyops/image/blur_test.py::test_blur_color[ksize0]
  /app/.venv/lib/python3.14/site-packages/tinygrad/runtime/autogen/nv/nv.py:2939: DeprecationWarning: Due to '_pack_', the 'struct_NV9096_CTRL_SET_ZBC_DEPTH_CLEAR_PARAMS_v03_00' Structure will use memory layout compatible with MSVC (Windows). If this is intended, set _layout_ to 'ms'. The implicit default is deprecated and slated to become an error in Python 3.19.
    struct_NV9096_CTRL_SET_ZBC_DEPTH_CLEAR_PARAMS_v03_00._fields_ = [

tinyops/image/blur_test.py::test_blur_color[ksize0]
  /app/.venv/lib/python3.14/site-packages/tinygrad/runtime/autogen/nv/nv.py:2945: DeprecationWarning: Due to '_pack_', the 'struct_rpc_ctrl_set_zbc_depth_clear_v1A_09' Structure will use memory layout compatible with MSVC (Windows). If this is intended, set _layout_ to 'ms'. The implicit default is deprecated and slated to become an error in Python 3.19.
    struct_rpc_ctrl_set_zbc_depth_clear_v1A_09._fields_ = [

tinyops/image/blur_test.py::test_blur_color[ksize0]
  /app/.venv/lib/python3.14/site-packages/tinygrad/runtime/autogen/nv/nv.py:2960: DeprecationWarning: Due to '_pack_', the 'struct_NV9096_CTRL_SET_ZBC_STENCIL_CLEAR_PARAMS_v27_06' Structure will use memory layout compatible with MSVC (Windows). If this is intended, set _layout_ to 'ms'. The implicit default is deprecated and slated to become an error in Python 3.19.
    struct_NV9096_CTRL_SET_ZBC_STENCIL_CLEAR_PARAMS_v27_06._fields_ = [

tinyops/image/blur_test.py::test_blur_color[ksize0]
  /app/.venv/lib/python3.14/site-packages/tinygrad/runtime/autogen/nv/nv.py:2968: DeprecationWarning: Due to '_pack_', the 'struct_rpc_ctrl_set_zbc_stencil_clear_v27_06' Structure will use memory layout compatible with MSVC (Windows). If this is intended, set _layout_ to 'ms'. The implicit default is deprecated and slated to become an error in Python 3.19.
    struct_rpc_ctrl_set_zbc_stencil_clear_v27_06._fields_ = [

tinyops/image/blur_test.py::test_blur_color[ksize0]
  /app/.venv/lib/python3.14/site-packages/tinygrad/runtime/autogen/nv/nv.py:2983: DeprecationWarning: Due to '_pack_', the 'struct_NVA06F_CTRL_GPFIFO_SCHEDULE_PARAMS_v03_00' Structure will use memory layout compatible with MSVC (Windows). If this is intended, set _layout_ to 'ms'. The implicit default is deprecated and slated to become an error in Python 3.19.
    struct_NVA06F_CTRL_GPFIFO_SCHEDULE_PARAMS_v03_00._fields_ = [

tinyops/image/blur_test.py::test_blur_color[ksize0]
  /app/.venv/lib/python3.14/site-packages/tinygrad/runtime/autogen/nv/nv.py:2988: DeprecationWarning: Due to '_pack_', the 'struct_rpc_ctrl_gpfifo_schedule_v1A_0A' Structure will use memory layout compatible with MSVC (Windows). If this is intended, set _layout_ to 'ms'. The implicit default is deprecated and slated to become an error in Python 3.19.
    struct_rpc_ctrl_gpfifo_schedule_v1A_0A._fields_ = [

tinyops/image/blur_test.py::test_blur_color[ksize0]
  /app/.venv/lib/python3.14/site-packages/tinygrad/runtime/autogen/nv/nv.py:3005: DeprecationWarning: Due to '_pack_', the 'struct_NVA06C_CTRL_TIMESLICE_PARAMS_v06_00' Structure will use memory layout compatible with MSVC (Windows). If this is intended, set _layout_ to 'ms'. The implicit default is deprecated and slated to become an error in Python 3.19.
    struct_NVA06C_CTRL_TIMESLICE_PARAMS_v06_00._fields_ = [

tinyops/image/blur_test.py::test_blur_color[ksize0]
  /app/.venv/lib/python3.14/site-packages/tinygrad/runtime/autogen/nv/nv.py:3010: DeprecationWarning: Due to '_pack_', the 'struct_rpc_ctrl_set_timeslice_v1A_0A' Structure will use memory layout compatible with MSVC (Windows). If this is intended, set _layout_ to 'ms'. The implicit default is deprecated and slated to become an error in Python 3.19.
    struct_rpc_ctrl_set_timeslice_v1A_0A._fields_ = [

tinyops/image/blur_test.py::test_blur_color[ksize0]
  /app/.venv/lib/python3.14/site-packages/tinygrad/runtime/autogen/nv/nv.py:3025: DeprecationWarning: Due to '_pack_', the 'struct_NV2080_CTRL_FIFO_DISABLE_CHANNELS_PARAMS_v06_00' Structure will use memory layout compatible with MSVC (Windows). If this is intended, set _layout_ to 'ms'. The implicit default is deprecated and slated to become an error in Python 3.19.
    struct_NV2080_CTRL_FIFO_DISABLE_CHANNELS_PARAMS_v06_00._fields_ = [

tinyops/image/blur_test.py::test_blur_color[ksize0]
  /app/.venv/lib/python3.14/site-packages/tinygrad/runtime/autogen/nv/nv.py:3038: DeprecationWarning: Due to '_pack_', the 'struct_rpc_ctrl_fifo_disable_channels_v1A_0A' Structure will use memory layout compatible with MSVC (Windows). If this is intended, set _layout_ to 'ms'. The implicit default is deprecated and slated to become an error in Python 3.19.
    struct_rpc_ctrl_fifo_disable_channels_v1A_0A._fields_ = [

tinyops/image/blur_test.py::test_blur_color[ksize0]
  /app/.venv/lib/python3.14/site-packages/tinygrad/runtime/autogen/nv/nv.py:3053: DeprecationWarning: Due to '_pack_', the 'struct_NVA06C_CTRL_PREEMPT_PARAMS_v09_0A' Structure will use memory layout compatible with MSVC (Windows). If this is intended, set _layout_ to 'ms'. The implicit default is deprecated and slated to become an error in Python 3.19.
    struct_NVA06C_CTRL_PREEMPT_PARAMS_v09_0A._fields_ = [

tinyops/image/blur_test.py::test_blur_color[ksize0]
  /app/.venv/lib/python3.14/site-packages/tinygrad/runtime/autogen/nv/nv.py:3061: DeprecationWarning: Due to '_pack_', the 'struct_rpc_ctrl_preempt_v1A_0A' Structure will use memory layout compatible with MSVC (Windows). If this is intended, set _layout_ to 'ms'. The implicit default is deprecated and slated to become an error in Python 3.19.
    struct_rpc_ctrl_preempt_v1A_0A._fields_ = [

tinyops/image/blur_test.py::test_blur_color[ksize0]
  /app/.venv/lib/python3.14/site-packages/tinygrad/runtime/autogen/nv/nv.py:3076: DeprecationWarning: Due to '_pack_', the 'struct_NVA06C_CTRL_INTERLEAVE_LEVEL_PARAMS_v17_02' Structure will use memory layout compatible with MSVC (Windows). If this is intended, set _layout_ to 'ms'. The implicit default is deprecated and slated to become an error in Python 3.19.
    struct_NVA06C_CTRL_INTERLEAVE_LEVEL_PARAMS_v17_02._fields_ = [

tinyops/image/blur_test.py::test_blur_color[ksize0]
  /app/.venv/lib/python3.14/site-packages/tinygrad/runtime/autogen/nv/nv.py:3081: DeprecationWarning: Due to '_pack_', the 'struct_rpc_ctrl_set_tsg_interleave_level_v1A_0A' Structure will use memory layout compatible with MSVC (Windows). If this is intended, set _layout_ to 'ms'. The implicit default is deprecated and slated to become an error in Python 3.19.
    struct_rpc_ctrl_set_tsg_interleave_level_v1A_0A._fields_ = [

tinyops/image/blur_test.py::test_blur_color[ksize0]
  /app/.venv/lib/python3.14/site-packages/tinygrad/runtime/autogen/nv/nv.py:3096: DeprecationWarning: Due to '_pack_', the 'struct_NVA06F_CTRL_INTERLEAVE_LEVEL_PARAMS_v17_02' Structure will use memory layout compatible with MSVC (Windows). If this is intended, set _layout_ to 'ms'. The implicit default is deprecated and slated to become an error in Python 3.19.
    struct_NVA06F_CTRL_INTERLEAVE_LEVEL_PARAMS_v17_02._fields_ = [

tinyops/image/blur_test.py::test_blur_color[ksize0]
  /app/.venv/lib/python3.14/site-packages/tinygrad/runtime/autogen/nv/nv.py:3101: DeprecationWarning: Due to '_pack_', the 'struct_rpc_ctrl_set_channel_interleave_level_v1A_0A' Structure will use memory layout compatible with MSVC (Windows). If this is intended, set _layout_ to 'ms'. The implicit default is deprecated and slated to become an error in Python 3.19.
    struct_rpc_ctrl_set_channel_interleave_level_v1A_0A._fields_ = [

tinyops/image/blur_test.py::test_blur_color[ksize0]
  /app/.venv/lib/python3.14/site-packages/tinygrad/runtime/autogen/nv/nv.py:3116: DeprecationWarning: Due to '_pack_', the 'struct_NV2080_CTRL_GR_CTXSW_PREEMPTION_BIND_PARAMS_v12_01' Structure will use memory layout compatible with MSVC (Windows). If this is intended, set _layout_ to 'ms'. The implicit default is deprecated and slated to become an error in Python 3.19.
    struct_NV2080_CTRL_GR_CTXSW_PREEMPTION_BIND_PARAMS_v12_01._fields_ = [

tinyops/image/blur_test.py::test_blur_color[ksize0]
  /app/.venv/lib/python3.14/site-packages/tinygrad/runtime/autogen/nv/nv.py:3128: DeprecationWarning: Due to '_pack_', the 'struct_rpc_ctrl_gr_ctxsw_preemption_bind_v1A_0E' Structure will use memory layout compatible with MSVC (Windows). If this is intended, set _layout_ to 'ms'. The implicit default is deprecated and slated to become an error in Python 3.19.
    struct_rpc_ctrl_gr_ctxsw_preemption_bind_v1A_0E._fields_ = [

tinyops/image/blur_test.py::test_blur_color[ksize0]
  /app/.venv/lib/python3.14/site-packages/tinygrad/runtime/autogen/nv/nv.py:3142: DeprecationWarning: Due to '_pack_', the 'struct_NV2080_CTRL_GR_CTXSW_PREEMPTION_BIND_PARAMS_v28_07' Structure will use memory layout compatible with MSVC (Windows). If this is intended, set _layout_ to 'ms'. The implicit default is deprecated and slated to become an error in Python 3.19.
    struct_NV2080_CTRL_GR_CTXSW_PREEMPTION_BIND_PARAMS_v28_07._fields_ = [

tinyops/image/blur_test.py::test_blur_color[ksize0]
  /app/.venv/lib/python3.14/site-packages/tinygrad/runtime/autogen/nv/nv.py:3154: DeprecationWarning: Due to '_pack_', the 'struct_rpc_ctrl_gr_ctxsw_preemption_bind_v28_07' Structure will use memory layout compatible with MSVC (Windows). If this is intended, set _layout_ to 'ms'. The implicit default is deprecated and slated to become an error in Python 3.19.
    struct_rpc_ctrl_gr_ctxsw_preemption_bind_v28_07._fields_ = [

tinyops/image/blur_test.py::test_blur_color[ksize0]
  /app/.venv/lib/python3.14/site-packages/tinygrad/runtime/autogen/nv/nv.py:3169: DeprecationWarning: Due to '_pack_', the 'struct_NV2080_CTRL_GR_SET_CTXSW_PREEMPTION_MODE_PARAMS_v12_01' Structure will use memory layout compatible with MSVC (Windows). If this is intended, set _layout_ to 'ms'. The implicit default is deprecated and slated to become an error in Python 3.19.
    struct_NV2080_CTRL_GR_SET_CTXSW_PREEMPTION_MODE_PARAMS_v12_01._fields_ = [

tinyops/image/blur_test.py::test_blur_color[ksize0]
  /app/.venv/lib/python3.14/site-packages/tinygrad/runtime/autogen/nv/nv.py:3178: DeprecationWarning: Due to '_pack_', the 'struct_rpc_ctrl_gr_set_ctxsw_preemption_mode_v1A_0E' Structure will use memory layout compatible with MSVC (Windows). If this is intended, set _layout_ to 'ms'. The implicit default is deprecated and slated to become an error in Python 3.19.
    struct_rpc_ctrl_gr_set_ctxsw_preemption_mode_v1A_0E._fields_ = [

tinyops/image/blur_test.py::test_blur_color[ksize0]
  /app/.venv/lib/python3.14/site-packages/tinygrad/runtime/autogen/nv/nv.py:3193: DeprecationWarning: Due to '_pack_', the 'struct_NV2080_CTRL_GR_CTXSW_ZCULL_BIND_PARAMS_v03_00' Structure will use memory layout compatible with MSVC (Windows). If this is intended, set _layout_ to 'ms'. The implicit default is deprecated and slated to become an error in Python 3.19.
    struct_NV2080_CTRL_GR_CTXSW_ZCULL_BIND_PARAMS_v03_00._fields_ = [

tinyops/image/blur_test.py::test_blur_color[ksize0]
  /app/.venv/lib/python3.14/site-packages/tinygrad/runtime/autogen/nv/nv.py:3202: DeprecationWarning: Due to '_pack_', the 'struct_rpc_ctrl_gr_ctxsw_zcull_bind_v1A_0E' Structure will use memory layout compatible with MSVC (Windows). If this is intended, set _layout_ to 'ms'. The implicit default is deprecated and slated to become an error in Python 3.19.
    struct_rpc_ctrl_gr_ctxsw_zcull_bind_v1A_0E._fields_ = [

tinyops/image/blur_test.py::test_blur_color[ksize0]
  /app/.venv/lib/python3.14/site-packages/tinygrad/runtime/autogen/nv/nv.py:3217: DeprecationWarning: Due to '_pack_', the 'struct_NV2080_CTRL_GPU_INITIALIZE_CTX_PARAMS_v03_00' Structure will use memory layout compatible with MSVC (Windows). If this is intended, set _layout_ to 'ms'. The implicit default is deprecated and slated to become an error in Python 3.19.
    struct_NV2080_CTRL_GPU_INITIALIZE_CTX_PARAMS_v03_00._fields_ = [

tinyops/image/blur_test.py::test_blur_color[ksize0]
  /app/.venv/lib/python3.14/site-packages/tinygrad/runtime/autogen/nv/nv.py:3233: DeprecationWarning: Due to '_pack_', the 'struct_rpc_ctrl_gpu_initialize_ctx_v1A_0E' Structure will use memory layout compatible with MSVC (Windows). If this is intended, set _layout_ to 'ms'. The implicit default is deprecated and slated to become an error in Python 3.19.
    struct_rpc_ctrl_gpu_initialize_ctx_v1A_0E._fields_ = [

tinyops/image/blur_test.py::test_blur_color[ksize0]
  /app/.venv/lib/python3.14/site-packages/tinygrad/runtime/autogen/nv/nv.py:3251: DeprecationWarning: Due to '_pack_', the 'struct_NV90F1_CTRL_VASPACE_COPY_SERVER_RESERVED_PDES_PARAMS_levels_v1E_04' Structure will use memory layout compatible with MSVC (Windows). If this is intended, set _layout_ to 'ms'. The implicit default is deprecated and slated to become an error in Python 3.19.
    struct_NV90F1_CTRL_VASPACE_COPY_SERVER_RESERVED_PDES_PARAMS_levels_v1E_04._fields_ = [

tinyops/image/blur_test.py::test_blur_color[ksize0]
  /app/.venv/lib/python3.14/site-packages/tinygrad/runtime/autogen/nv/nv.py:3260: DeprecationWarning: Due to '_pack_', the 'struct_NV90F1_CTRL_VASPACE_COPY_SERVER_RESERVED_PDES_PARAMS_v1E_04' Structure will use memory layout compatible with MSVC (Windows). If this is intended, set _layout_ to 'ms'. The implicit default is deprecated and slated to become an error in Python 3.19.
    struct_NV90F1_CTRL_VASPACE_COPY_SERVER_RESERVED_PDES_PARAMS_v1E_04._fields_ = [

tinyops/image/blur_test.py::test_blur_color[ksize0]
  /app/.venv/lib/python3.14/site-packages/tinygrad/runtime/autogen/nv/nv.py:3272: DeprecationWarning: Due to '_pack_', the 'struct_rpc_ctrl_vaspace_copy_server_reserved_pdes_v1E_04' Structure will use memory layout compatible with MSVC (Windows). If this is intended, set _layout_ to 'ms'. The implicit default is deprecated and slated to become an error in Python 3.19.
    struct_rpc_ctrl_vaspace_copy_server_reserved_pdes_v1E_04._fields_ = [

tinyops/image/blur_test.py::test_blur_color[ksize0]
  /app/.venv/lib/python3.14/site-packages/tinygrad/runtime/autogen/nv/nv.py:3287: DeprecationWarning: Due to '_pack_', the 'struct_NV2080_CTRL_MC_SERVICE_INTERRUPTS_PARAMS_v15_01' Structure will use memory layout compatible with MSVC (Windows). If this is intended, set _layout_ to 'ms'. The implicit default is deprecated and slated to become an error in Python 3.19.
    struct_NV2080_CTRL_MC_SERVICE_INTERRUPTS_PARAMS_v15_01._fields_ = [

tinyops/image/blur_test.py::test_blur_color[ksize0]
  /app/.venv/lib/python3.14/site-packages/tinygrad/runtime/autogen/nv/nv.py:3292: DeprecationWarning: Due to '_pack_', the 'struct_rpc_ctrl_mc_service_interrupts_v1A_0E' Structure will use memory layout compatible with MSVC (Windows). If this is intended, set _layout_ to 'ms'. The implicit default is deprecated and slated to become an error in Python 3.19.
    struct_rpc_ctrl_mc_service_interrupts_v1A_0E._fields_ = [

tinyops/image/blur_test.py::test_blur_color[ksize0]
  /app/.venv/lib/python3.14/site-packages/tinygrad/runtime/autogen/nv/nv.py:3304: DeprecationWarning: Due to '_pack_', the 'struct_rpc_ctrl_get_p2p_caps_v2_v1F_0D' Structure will use memory layout compatible with MSVC (Windows). If this is intended, set _layout_ to 'ms'. The implicit default is deprecated and slated to become an error in Python 3.19.
    struct_rpc_ctrl_get_p2p_caps_v2_v1F_0D._fields_ = [

tinyops/image/blur_test.py::test_blur_color[ksize0]
  /app/.venv/lib/python3.14/site-packages/tinygrad/runtime/autogen/nv/nv.py:3329: DeprecationWarning: Due to '_pack_', the 'struct_NV2080_CTRL_GPU_P2P_PEER_CAPS_PEER_INFO_v21_02' Structure will use memory layout compatible with MSVC (Windows). If this is intended, set _layout_ to 'ms'. The implicit default is deprecated and slated to become an error in Python 3.19.
    struct_NV2080_CTRL_GPU_P2P_PEER_CAPS_PEER_INFO_v21_02._fields_ = [

tinyops/image/blur_test.py::test_blur_color[ksize0]
  /app/.venv/lib/python3.14/site-packages/tinygrad/runtime/autogen/nv/nv.py:3341: DeprecationWarning: Due to '_pack_', the 'struct_NV2080_CTRL_GET_P2P_CAPS_PARAMS_v21_02' Structure will use memory layout compatible with MSVC (Windows). If this is intended, set _layout_ to 'ms'. The implicit default is deprecated and slated to become an error in Python 3.19.
    struct_NV2080_CTRL_GET_P2P_CAPS_PARAMS_v21_02._fields_ = [

tinyops/image/blur_test.py::test_blur_color[ksize0]
  /app/.venv/lib/python3.14/site-packages/tinygrad/runtime/autogen/nv/nv.py:3350: DeprecationWarning: Due to '_pack_', the 'struct_rpc_ctrl_subdevice_get_p2p_caps_v21_02' Structure will use memory layout compatible with MSVC (Windows). If this is intended, set _layout_ to 'ms'. The implicit default is deprecated and slated to become an error in Python 3.19.
    struct_rpc_ctrl_subdevice_get_p2p_caps_v21_02._fields_ = [

tinyops/image/blur_test.py::test_blur_color[ksize0]
  /app/.venv/lib/python3.14/site-packages/tinygrad/runtime/autogen/nv/nv.py:3363: DeprecationWarning: Due to '_pack_', the 'struct_NV2080_CTRL_CMD_GSP_GET_VGPU_HEAP_STATS_PARAMS_v28_03' Structure will use memory layout compatible with MSVC (Windows). If this is intended, set _layout_ to 'ms'. The implicit default is deprecated and slated to become an error in Python 3.19.
    struct_NV2080_CTRL_CMD_GSP_GET_VGPU_HEAP_STATS_PARAMS_v28_03._fields_ = [

tinyops/image/blur_test.py::test_blur_color[ksize0]
  /app/.venv/lib/python3.14/site-packages/tinygrad/runtime/autogen/nv/nv.py:3372: DeprecationWarning: Due to '_pack_', the 'struct_rpc_ctrl_subdevice_get_vgpu_heap_stats_v28_03' Structure will use memory layout compatible with MSVC (Windows). If this is intended, set _layout_ to 'ms'. The implicit default is deprecated and slated to become an error in Python 3.19.
    struct_rpc_ctrl_subdevice_get_vgpu_heap_stats_v28_03._fields_ = [

tinyops/image/blur_test.py::test_blur_color[ksize0]
  /app/.venv/lib/python3.14/site-packages/tinygrad/runtime/autogen/nv/nv.py:3386: DeprecationWarning: Due to '_pack_', the 'struct_NV2080_CTRL_CMD_GSP_GET_VGPU_HEAP_STATS_PARAMS_v28_06' Structure will use memory layout compatible with MSVC (Windows). If this is intended, set _layout_ to 'ms'. The implicit default is deprecated and slated to become an error in Python 3.19.
    struct_NV2080_CTRL_CMD_GSP_GET_VGPU_HEAP_STATS_PARAMS_v28_06._fields_ = [

tinyops/image/blur_test.py::test_blur_color[ksize0]
  /app/.venv/lib/python3.14/site-packages/tinygrad/runtime/autogen/nv/nv.py:3396: DeprecationWarning: Due to '_pack_', the 'struct_rpc_ctrl_subdevice_get_vgpu_heap_stats_v28_06' Structure will use memory layout compatible with MSVC (Windows). If this is intended, set _layout_ to 'ms'. The implicit default is deprecated and slated to become an error in Python 3.19.
    struct_rpc_ctrl_subdevice_get_vgpu_heap_stats_v28_06._fields_ = [

tinyops/image/blur_test.py::test_blur_color[ksize0]
  /app/.venv/lib/python3.14/site-packages/tinygrad/runtime/autogen/nv/nv.py:3411: DeprecationWarning: Due to '_pack_', the 'struct_NV83DE_CTRL_DEBUG_CLEAR_ALL_SM_ERROR_STATES_PARAMS_v03_00' Structure will use memory layout compatible with MSVC (Windows). If this is intended, set _layout_ to 'ms'. The implicit default is deprecated and slated to become an error in Python 3.19.
    struct_NV83DE_CTRL_DEBUG_CLEAR_ALL_SM_ERROR_STATES_PARAMS_v03_00._fields_ = [

tinyops/image/blur_test.py::test_blur_color[ksize0]
  /app/.venv/lib/python3.14/site-packages/tinygrad/runtime/autogen/nv/nv.py:3417: DeprecationWarning: Due to '_pack_', the 'struct_rpc_ctrl_dbg_clear_all_sm_error_states_v1A_0C' Structure will use memory layout compatible with MSVC (Windows). If this is intended, set _layout_ to 'ms'. The implicit default is deprecated and slated to become an error in Python 3.19.
    struct_rpc_ctrl_dbg_clear_all_sm_error_states_v1A_0C._fields_ = [

tinyops/image/blur_test.py::test_blur_color[ksize0]
  /app/.venv/lib/python3.14/site-packages/tinygrad/runtime/autogen/nv/nv.py:3435: DeprecationWarning: Due to '_pack_', the 'struct_NV83DE_SM_ERROR_STATE_REGISTERS_v21_06' Structure will use memory layout compatible with MSVC (Windows). If this is intended, set _layout_ to 'ms'. The implicit default is deprecated and slated to become an error in Python 3.19.
    struct_NV83DE_SM_ERROR_STATE_REGISTERS_v21_06._fields_ = [

tinyops/image/blur_test.py::test_blur_color[ksize0]
  /app/.venv/lib/python3.14/site-packages/tinygrad/runtime/autogen/nv/nv.py:3452: DeprecationWarning: Due to '_pack_', the 'struct_NV83DE_MMU_FAULT_INFO_v16_03' Structure will use memory layout compatible with MSVC (Windows). If this is intended, set _layout_ to 'ms'. The implicit default is deprecated and slated to become an error in Python 3.19.
    struct_NV83DE_MMU_FAULT_INFO_v16_03._fields_ = [

tinyops/image/blur_test.py::test_blur_color[ksize0]
  /app/.venv/lib/python3.14/site-packages/tinygrad/runtime/autogen/nv/nv.py:3459: DeprecationWarning: Due to '_pack_', the 'struct_NV83DE_CTRL_DEBUG_READ_ALL_SM_ERROR_STATES_PARAMS_v21_06' Structure will use memory layout compatible with MSVC (Windows). If this is intended, set _layout_ to 'ms'. The implicit default is deprecated and slated to become an error in Python 3.19.
    struct_NV83DE_CTRL_DEBUG_READ_ALL_SM_ERROR_STATES_PARAMS_v21_06._fields_ = [

tinyops/image/blur_test.py::test_blur_color[ksize0]
  /app/.venv/lib/python3.14/site-packages/tinygrad/runtime/autogen/nv/nv.py:3469: DeprecationWarning: Due to '_pack_', the 'struct_rpc_ctrl_dbg_read_all_sm_error_states_v21_06' Structure will use memory layout compatible with MSVC (Windows). If this is intended, set _layout_ to 'ms'. The implicit default is deprecated and slated to become an error in Python 3.19.
    struct_rpc_ctrl_dbg_read_all_sm_error_states_v21_06._fields_ = [

tinyops/image/blur_test.py::test_blur_color[ksize0]
  /app/.venv/lib/python3.14/site-packages/tinygrad/runtime/autogen/nv/nv.py:3484: DeprecationWarning: Due to '_pack_', the 'struct_NV83DE_CTRL_DEBUG_SET_EXCEPTION_MASK_PARAMS_v03_00' Structure will use memory layout compatible with MSVC (Windows). If this is intended, set _layout_ to 'ms'. The implicit default is deprecated and slated to become an error in Python 3.19.
    struct_NV83DE_CTRL_DEBUG_SET_EXCEPTION_MASK_PARAMS_v03_00._fields_ = [

tinyops/image/blur_test.py::test_blur_color[ksize0]
  /app/.venv/lib/python3.14/site-packages/tinygrad/runtime/autogen/nv/nv.py:3489: DeprecationWarning: Due to '_pack_', the 'struct_rpc_ctrl_dbg_set_exception_mask_v1A_0C' Structure will use memory layout compatible with MSVC (Windows). If this is intended, set _layout_ to 'ms'. The implicit default is deprecated and slated to become an error in Python 3.19.
    struct_rpc_ctrl_dbg_set_exception_mask_v1A_0C._fields_ = [

tinyops/image/blur_test.py::test_blur_color[ksize0]
  /app/.venv/lib/python3.14/site-packages/tinygrad/runtime/autogen/nv/nv.py:3507: DeprecationWarning: Due to '_pack_', the 'struct_NV2080_CTRL_GPU_PROMOTE_CTX_BUFFER_ENTRY_v1A_20' Structure will use memory layout compatible with MSVC (Windows). If this is intended, set _layout_ to 'ms'. The implicit default is deprecated and slated to become an error in Python 3.19.
    struct_NV2080_CTRL_GPU_PROMOTE_CTX_BUFFER_ENTRY_v1A_20._fields_ = [

tinyops/image/blur_test.py::test_blur_color[ksize0]
  /app/.venv/lib/python3.14/site-packages/tinygrad/runtime/autogen/nv/nv.py:3518: DeprecationWarning: Due to '_pack_', the 'struct_NV2080_CTRL_GPU_PROMOTE_CTX_PARAMS_v1A_20' Structure will use memory layout compatible with MSVC (Windows). If this is intended, set _layout_ to 'ms'. The implicit default is deprecated and slated to become an error in Python 3.19.
    struct_NV2080_CTRL_GPU_PROMOTE_CTX_PARAMS_v1A_20._fields_ = [

tinyops/image/blur_test.py::test_blur_color[ksize0]
  /app/.venv/lib/python3.14/site-packages/tinygrad/runtime/autogen/nv/nv.py:3533: DeprecationWarning: Due to '_pack_', the 'struct_rpc_ctrl_gpu_promote_ctx_v1A_20' Structure will use memory layout compatible with MSVC (Windows). If this is intended, set _layout_ to 'ms'. The implicit default is deprecated and slated to become an error in Python 3.19.
    struct_rpc_ctrl_gpu_promote_ctx_v1A_20._fields_ = [

tinyops/image/blur_test.py::test_blur_color[ksize0]
  /app/.venv/lib/python3.14/site-packages/tinygrad/runtime/autogen/nv/nv.py:3548: DeprecationWarning: Due to '_pack_', the 'struct_NV83DE_CTRL_CMD_DEBUG_SUSPEND_CONTEXT_PARAMS_v1A_06' Structure will use memory layout compatible with MSVC (Windows). If this is intended, set _layout_ to 'ms'. The implicit default is deprecated and slated to become an error in Python 3.19.
    struct_NV83DE_CTRL_CMD_DEBUG_SUSPEND_CONTEXT_PARAMS_v1A_06._fields_ = [

tinyops/image/blur_test.py::test_blur_color[ksize0]
  /app/.venv/lib/python3.14/site-packages/tinygrad/runtime/autogen/nv/nv.py:3554: DeprecationWarning: Due to '_pack_', the 'struct_rpc_ctrl_dbg_suspend_context_v1A_10' Structure will use memory layout compatible with MSVC (Windows). If this is intended, set _layout_ to 'ms'. The implicit default is deprecated and slated to become an error in Python 3.19.
    struct_rpc_ctrl_dbg_suspend_context_v1A_10._fields_ = [

tinyops/image/blur_test.py::test_blur_color[ksize0]
  /app/.venv/lib/python3.14/site-packages/tinygrad/runtime/autogen/nv/nv.py:3566: DeprecationWarning: Due to '_pack_', the 'struct_rpc_ctrl_dbg_resume_context_v1A_10' Structure will use memory layout compatible with MSVC (Windows). If this is intended, set _layout_ to 'ms'. The implicit default is deprecated and slated to become an error in Python 3.19.
    struct_rpc_ctrl_dbg_resume_context_v1A_10._fields_ = [

tinyops/image/blur_test.py::test_blur_color[ksize0]
  /app/.venv/lib/python3.14/site-packages/tinygrad/runtime/autogen/nv/nv.py:3580: DeprecationWarning: Due to '_pack_', the 'struct_NV83DE_CTRL_DEBUG_EXEC_REG_OPS_PARAMS_v1A_06' Structure will use memory layout compatible with MSVC (Windows). If this is intended, set _layout_ to 'ms'. The implicit default is deprecated and slated to become an error in Python 3.19.
    struct_NV83DE_CTRL_DEBUG_EXEC_REG_OPS_PARAMS_v1A_06._fields_ = [

tinyops/image/blur_test.py::test_blur_color[ksize0]
  /app/.venv/lib/python3.14/site-packages/tinygrad/runtime/autogen/nv/nv.py:3588: DeprecationWarning: Due to '_pack_', the 'struct_rpc_ctrl_dbg_exec_reg_ops_v1A_10' Structure will use memory layout compatible with MSVC (Windows). If this is intended, set _layout_ to 'ms'. The implicit default is deprecated and slated to become an error in Python 3.19.
    struct_rpc_ctrl_dbg_exec_reg_ops_v1A_10._fields_ = [

tinyops/image/blur_test.py::test_blur_color[ksize0]
  /app/.venv/lib/python3.14/site-packages/tinygrad/runtime/autogen/nv/nv.py:3603: DeprecationWarning: Due to '_pack_', the 'struct_NV83DE_CTRL_DEBUG_SET_MODE_MMU_DEBUG_PARAMS_v1A_06' Structure will use memory layout compatible with MSVC (Windows). If this is intended, set _layout_ to 'ms'. The implicit default is deprecated and slated to become an error in Python 3.19.
    struct_NV83DE_CTRL_DEBUG_SET_MODE_MMU_DEBUG_PARAMS_v1A_06._fields_ = [

tinyops/image/blur_test.py::test_blur_color[ksize0]
  /app/.venv/lib/python3.14/site-packages/tinygrad/runtime/autogen/nv/nv.py:3608: DeprecationWarning: Due to '_pack_', the 'struct_rpc_ctrl_dbg_set_mode_mmu_debug_v1A_10' Structure will use memory layout compatible with MSVC (Windows). If this is intended, set _layout_ to 'ms'. The implicit default is deprecated and slated to become an error in Python 3.19.
    struct_rpc_ctrl_dbg_set_mode_mmu_debug_v1A_10._fields_ = [

tinyops/image/blur_test.py::test_blur_color[ksize0]
  /app/.venv/lib/python3.14/site-packages/tinygrad/runtime/autogen/nv/nv.py:3623: DeprecationWarning: Due to '_pack_', the 'struct_NV83DE_CTRL_DEBUG_SET_MODE_MMU_GCC_DEBUG_PARAMS_v29_07' Structure will use memory layout compatible with MSVC (Windows). If this is intended, set _layout_ to 'ms'. The implicit default is deprecated and slated to become an error in Python 3.19.
    struct_NV83DE_CTRL_DEBUG_SET_MODE_MMU_GCC_DEBUG_PARAMS_v29_07._fields_ = [

tinyops/image/blur_test.py::test_blur_color[ksize0]
  /app/.venv/lib/python3.14/site-packages/tinygrad/runtime/autogen/nv/nv.py:3628: DeprecationWarning: Due to '_pack_', the 'struct_rpc_ctrl_dbg_set_mode_mmu_gcc_debug_v29_07' Structure will use memory layout compatible with MSVC (Windows). If this is intended, set _layout_ to 'ms'. The implicit default is deprecated and slated to become an error in Python 3.19.
    struct_rpc_ctrl_dbg_set_mode_mmu_gcc_debug_v29_07._fields_ = [

tinyops/image/blur_test.py::test_blur_color[ksize0]
  /app/.venv/lib/python3.14/site-packages/tinygrad/runtime/autogen/nv/nv.py:3643: DeprecationWarning: Due to '_pack_', the 'struct_NV83DE_CTRL_DEBUG_READ_SINGLE_SM_ERROR_STATE_PARAMS_v21_06' Structure will use memory layout compatible with MSVC (Windows). If this is intended, set _layout_ to 'ms'. The implicit default is deprecated and slated to become an error in Python 3.19.
    struct_NV83DE_CTRL_DEBUG_READ_SINGLE_SM_ERROR_STATE_PARAMS_v21_06._fields_ = [

tinyops/image/blur_test.py::test_blur_color[ksize0]
  /app/.venv/lib/python3.14/site-packages/tinygrad/runtime/autogen/nv/nv.py:3650: DeprecationWarning: Due to '_pack_', the 'struct_rpc_ctrl_dbg_read_single_sm_error_state_v21_06' Structure will use memory layout compatible with MSVC (Windows). If this is intended, set _layout_ to 'ms'. The implicit default is deprecated and slated to become an error in Python 3.19.
    struct_rpc_ctrl_dbg_read_single_sm_error_state_v21_06._fields_ = [

tinyops/image/blur_test.py::test_blur_color[ksize0]
  /app/.venv/lib/python3.14/site-packages/tinygrad/runtime/autogen/nv/nv.py:3665: DeprecationWarning: Due to '_pack_', the 'struct_NV83DE_CTRL_DEBUG_CLEAR_SINGLE_SM_ERROR_STATE_PARAMS_v1A_06' Structure will use memory layout compatible with MSVC (Windows). If this is intended, set _layout_ to 'ms'. The implicit default is deprecated and slated to become an error in Python 3.19.
    struct_NV83DE_CTRL_DEBUG_CLEAR_SINGLE_SM_ERROR_STATE_PARAMS_v1A_06._fields_ = [

tinyops/image/blur_test.py::test_blur_color[ksize0]
  /app/.venv/lib/python3.14/site-packages/tinygrad/runtime/autogen/nv/nv.py:3671: DeprecationWarning: Due to '_pack_', the 'struct_rpc_ctrl_dbg_clear_single_sm_error_state_v1A_10' Structure will use memory layout compatible with MSVC (Windows). If this is intended, set _layout_ to 'ms'. The implicit default is deprecated and slated to become an error in Python 3.19.
    struct_rpc_ctrl_dbg_clear_single_sm_error_state_v1A_10._fields_ = [

tinyops/image/blur_test.py::test_blur_color[ksize0]
  /app/.venv/lib/python3.14/site-packages/tinygrad/runtime/autogen/nv/nv.py:3686: DeprecationWarning: Due to '_pack_', the 'struct_NV83DE_CTRL_DEBUG_SET_MODE_ERRBAR_DEBUG_PARAMS_v1A_06' Structure will use memory layout compatible with MSVC (Windows). If this is intended, set _layout_ to 'ms'. The implicit default is deprecated and slated to become an error in Python 3.19.
    struct_NV83DE_CTRL_DEBUG_SET_MODE_ERRBAR_DEBUG_PARAMS_v1A_06._fields_ = [

tinyops/image/blur_test.py::test_blur_color[ksize0]
  /app/.venv/lib/python3.14/site-packages/tinygrad/runtime/autogen/nv/nv.py:3691: DeprecationWarning: Due to '_pack_', the 'struct_rpc_ctrl_dbg_set_mode_errbar_debug_v1A_10' Structure will use memory layout compatible with MSVC (Windows). If this is intended, set _layout_ to 'ms'. The implicit default is deprecated and slated to become an error in Python 3.19.
    struct_rpc_ctrl_dbg_set_mode_errbar_debug_v1A_10._fields_ = [

tinyops/image/blur_test.py::test_blur_color[ksize0]
  /app/.venv/lib/python3.14/site-packages/tinygrad/runtime/autogen/nv/nv.py:3706: DeprecationWarning: Due to '_pack_', the 'struct_NV83DE_CTRL_DEBUG_SET_NEXT_STOP_TRIGGER_TYPE_PARAMS_v1A_06' Structure will use memory layout compatible with MSVC (Windows). If this is intended, set _layout_ to 'ms'. The implicit default is deprecated and slated to become an error in Python 3.19.
    struct_NV83DE_CTRL_DEBUG_SET_NEXT_STOP_TRIGGER_TYPE_PARAMS_v1A_06._fields_ = [

tinyops/image/blur_test.py::test_blur_color[ksize0]
  /app/.venv/lib/python3.14/site-packages/tinygrad/runtime/autogen/nv/nv.py:3711: DeprecationWarning: Due to '_pack_', the 'struct_rpc_ctrl_dbg_set_next_stop_trigger_type_v1A_10' Structure will use memory layout compatible with MSVC (Windows). If this is intended, set _layout_ to 'ms'. The implicit default is deprecated and slated to become an error in Python 3.19.
    struct_rpc_ctrl_dbg_set_next_stop_trigger_type_v1A_10._fields_ = [

tinyops/image/blur_test.py::test_blur_color[ksize0]
  /app/.venv/lib/python3.14/site-packages/tinygrad/runtime/autogen/nv/nv.py:3726: DeprecationWarning: Due to '_pack_', the 'struct_NV0080_CTRL_DMA_SET_DEFAULT_VASPACE_PARAMS_v03_00' Structure will use memory layout compatible with MSVC (Windows). If this is intended, set _layout_ to 'ms'. The implicit default is deprecated and slated to become an error in Python 3.19.
    struct_NV0080_CTRL_DMA_SET_DEFAULT_VASPACE_PARAMS_v03_00._fields_ = [

tinyops/image/blur_test.py::test_blur_color[ksize0]
  /app/.venv/lib/python3.14/site-packages/tinygrad/runtime/autogen/nv/nv.py:3731: DeprecationWarning: Due to '_pack_', the 'struct_rpc_ctrl_dma_set_default_vaspace_v1A_0E' Structure will use memory layout compatible with MSVC (Windows). If this is intended, set _layout_ to 'ms'. The implicit default is deprecated and slated to become an error in Python 3.19.
    struct_rpc_ctrl_dma_set_default_vaspace_v1A_0E._fields_ = [

tinyops/image/blur_test.py::test_blur_color[ksize0]
  /app/.venv/lib/python3.14/site-packages/tinygrad/runtime/autogen/nv/nv.py:3746: DeprecationWarning: Due to '_pack_', the 'struct_NV2080_CTRL_CE_GET_CE_PCE_MASK_PARAMS_v1A_07' Structure will use memory layout compatible with MSVC (Windows). If this is intended, set _layout_ to 'ms'. The implicit default is deprecated and slated to become an error in Python 3.19.
    struct_NV2080_CTRL_CE_GET_CE_PCE_MASK_PARAMS_v1A_07._fields_ = [

tinyops/image/blur_test.py::test_blur_color[ksize0]
  /app/.venv/lib/python3.14/site-packages/tinygrad/runtime/autogen/nv/nv.py:3752: DeprecationWarning: Due to '_pack_', the 'struct_rpc_ctrl_get_ce_pce_mask_v1A_0E' Structure will use memory layout compatible with MSVC (Windows). If this is intended, set _layout_ to 'ms'. The implicit default is deprecated and slated to become an error in Python 3.19.
    struct_rpc_ctrl_get_ce_pce_mask_v1A_0E._fields_ = [

tinyops/image/blur_test.py::test_blur_color[ksize0]
  /app/.venv/lib/python3.14/site-packages/tinygrad/runtime/autogen/nv/nv.py:3770: DeprecationWarning: Due to '_pack_', the 'struct_NV9096_CTRL_GET_ZBC_CLEAR_TABLE_ENTRY_PARAMS_value_v1A_07' Structure will use memory layout compatible with MSVC (Windows). If this is intended, set _layout_ to 'ms'. The implicit default is deprecated and slated to become an error in Python 3.19.
    struct_NV9096_CTRL_GET_ZBC_CLEAR_TABLE_ENTRY_PARAMS_value_v1A_07._fields_ = [

tinyops/image/blur_test.py::test_blur_color[ksize0]
  /app/.venv/lib/python3.14/site-packages/tinygrad/runtime/autogen/nv/nv.py:3793: DeprecationWarning: Due to '_pack_', the 'struct_NV9096_CTRL_GET_ZBC_CLEAR_TABLE_ENTRY_PARAMS_v1A_07' Structure will use memory layout compatible with MSVC (Windows). If this is intended, set _layout_ to 'ms'. The implicit default is deprecated and slated to become an error in Python 3.19.
    struct_NV9096_CTRL_GET_ZBC_CLEAR_TABLE_ENTRY_PARAMS_v1A_07._fields_ = [

tinyops/image/blur_test.py::test_blur_color[ksize0]
  /app/.venv/lib/python3.14/site-packages/tinygrad/runtime/autogen/nv/nv.py:3803: DeprecationWarning: Due to '_pack_', the 'struct_rpc_ctrl_get_zbc_clear_table_entry_v1A_0E' Structure will use memory layout compatible with MSVC (Windows). If this is intended, set _layout_ to 'ms'. The implicit default is deprecated and slated to become an error in Python 3.19.
    struct_rpc_ctrl_get_zbc_clear_table_entry_v1A_0E._fields_ = [

tinyops/image/blur_test.py::test_blur_color[ksize0]
  /app/.venv/lib/python3.14/site-packages/tinygrad/runtime/autogen/nv/nv.py:3824: DeprecationWarning: Due to '_pack_', the 'struct_NV2080_CTRL_NVLINK_DEVICE_INFO_v15_02' Structure will use memory layout compatible with MSVC (Windows). If this is intended, set _layout_ to 'ms'. The implicit default is deprecated and slated to become an error in Python 3.19.
    struct_NV2080_CTRL_NVLINK_DEVICE_INFO_v15_02._fields_ = [

tinyops/image/blur_test.py::test_blur_color[ksize0]
  /app/.venv/lib/python3.14/site-packages/tinygrad/runtime/autogen/nv/nv.py:3838: DeprecationWarning: Due to '_pack_', the 'struct_NV2080_CTRL_NVLINK_LINK_STATUS_INFO_v18_0D' Structure will use memory layout compatible with MSVC (Windows). If this is intended, set _layout_ to 'ms'. The implicit default is deprecated and slated to become an error in Python 3.19.
    struct_NV2080_CTRL_NVLINK_LINK_STATUS_INFO_v18_0D._fields_ = [

tinyops/image/blur_test.py::test_blur_color[ksize0]
  /app/.venv/lib/python3.14/site-packages/tinygrad/runtime/autogen/nv/nv.py:3861: DeprecationWarning: Due to '_pack_', the 'struct_NV2080_CTRL_CMD_NVLINK_GET_NVLINK_STATUS_PARAMS_v23_04' Structure will use memory layout compatible with MSVC (Windows). If this is intended, set _layout_ to 'ms'. The implicit default is deprecated and slated to become an error in Python 3.19.
    struct_NV2080_CTRL_CMD_NVLINK_GET_NVLINK_STATUS_PARAMS_v23_04._fields_ = [

tinyops/image/blur_test.py::test_blur_color[ksize0]
  /app/.venv/lib/python3.14/site-packages/tinygrad/runtime/autogen/nv/nv.py:3868: DeprecationWarning: Due to '_pack_', the 'struct_rpc_ctrl_get_nvlink_status_v23_04' Structure will use memory layout compatible with MSVC (Windows). If this is intended, set _layout_ to 'ms'. The implicit default is deprecated and slated to become an error in Python 3.19.
    struct_rpc_ctrl_get_nvlink_status_v23_04._fields_ = [

tinyops/image/blur_test.py::test_blur_color[ksize0]
  /app/.venv/lib/python3.14/site-packages/tinygrad/runtime/autogen/nv/nv.py:3888: DeprecationWarning: Due to '_pack_', the 'struct_NV2080_CTRL_NVLINK_DEVICE_INFO_v28_09' Structure will use memory layout compatible with MSVC (Windows). If this is intended, set _layout_ to 'ms'. The implicit default is deprecated and slated to become an error in Python 3.19.
    struct_NV2080_CTRL_NVLINK_DEVICE_INFO_v28_09._fields_ = [

tinyops/image/blur_test.py::test_blur_color[ksize0]
  /app/.venv/lib/python3.14/site-packages/tinygrad/runtime/autogen/nv/nv.py:3904: DeprecationWarning: Due to '_pack_', the 'struct_NV2080_CTRL_NVLINK_LINK_STATUS_INFO_v28_09' Structure will use memory layout compatible with MSVC (Windows). If this is intended, set _layout_ to 'ms'. The implicit default is deprecated and slated to become an error in Python 3.19.
    struct_NV2080_CTRL_NVLINK_LINK_STATUS_INFO_v28_09._fields_ = [

tinyops/image/blur_test.py::test_blur_color[ksize0]
  /app/.venv/lib/python3.14/site-packages/tinygrad/runtime/autogen/nv/nv.py:3927: DeprecationWarning: Due to '_pack_', the 'struct_NV2080_CTRL_CMD_NVLINK_GET_NVLINK_STATUS_PARAMS_v28_09' Structure will use memory layout compatible with MSVC (Windows). If this is intended, set _layout_ to 'ms'. The implicit default is deprecated and slated to become an error in Python 3.19.
    struct_NV2080_CTRL_CMD_NVLINK_GET_NVLINK_STATUS_PARAMS_v28_09._fields_ = [

tinyops/image/blur_test.py::test_blur_color[ksize0]
  /app/.venv/lib/python3.14/site-packages/tinygrad/runtime/autogen/nv/nv.py:3934: DeprecationWarning: Due to '_pack_', the 'struct_rpc_ctrl_get_nvlink_status_v28_09' Structure will use memory layout compatible with MSVC (Windows). If this is intended, set _layout_ to 'ms'. The implicit default is deprecated and slated to become an error in Python 3.19.
    struct_rpc_ctrl_get_nvlink_status_v28_09._fields_ = [

tinyops/image/blur_test.py::test_blur_color[ksize0]
  /app/.venv/lib/python3.14/site-packages/tinygrad/runtime/autogen/nv/nv.py:3949: DeprecationWarning: Due to '_pack_', the 'struct_NV0000_CTRL_SYSTEM_GET_P2P_CAPS_PARAMS_v1F_0D' Structure will use memory layout compatible with MSVC (Windows). If this is intended, set _layout_ to 'ms'. The implicit default is deprecated and slated to become an error in Python 3.19.
    struct_NV0000_CTRL_SYSTEM_GET_P2P_CAPS_PARAMS_v1F_0D._fields_ = [

tinyops/image/blur_test.py::test_blur_color[ksize0]
  /app/.venv/lib/python3.14/site-packages/tinygrad/runtime/autogen/nv/nv.py:3960: DeprecationWarning: Due to '_pack_', the 'struct_rpc_ctrl_get_p2p_caps_v1F_0D' Structure will use memory layout compatible with MSVC (Windows). If this is intended, set _layout_ to 'ms'. The implicit default is deprecated and slated to become an error in Python 3.19.
    struct_rpc_ctrl_get_p2p_caps_v1F_0D._fields_ = [

tinyops/image/blur_test.py::test_blur_color[ksize0]
  /app/.venv/lib/python3.14/site-packages/tinygrad/runtime/autogen/nv/nv.py:3978: DeprecationWarning: Due to '_pack_', the 'struct_NV0000_CTRL_P2P_CAPS_MATRIX_ROW_v18_0A' Structure will use memory layout compatible with MSVC (Windows). If this is intended, set _layout_ to 'ms'. The implicit default is deprecated and slated to become an error in Python 3.19.
    struct_NV0000_CTRL_P2P_CAPS_MATRIX_ROW_v18_0A._fields_ = [

tinyops/image/blur_test.py::test_blur_color[ksize0]
  /app/.venv/lib/python3.14/site-packages/tinygrad/runtime/autogen/nv/nv.py:3983: DeprecationWarning: Due to '_pack_', the 'struct_NV0000_CTRL_SYSTEM_GET_P2P_CAPS_MATRIX_PARAMS_v18_0A' Structure will use memory layout compatible with MSVC (Windows). If this is intended, set _layout_ to 'ms'. The implicit default is deprecated and slated to become an error in Python 3.19.
    struct_NV0000_CTRL_SYSTEM_GET_P2P_CAPS_MATRIX_PARAMS_v18_0A._fields_ = [

tinyops/image/blur_test.py::test_blur_color[ksize0]
  /app/.venv/lib/python3.14/site-packages/tinygrad/runtime/autogen/nv/nv.py:3996: DeprecationWarning: Due to '_pack_', the 'struct_rpc_ctrl_get_p2p_caps_matrix_v1A_0E' Structure will use memory layout compatible with MSVC (Windows). If this is intended, set _layout_ to 'ms'. The implicit default is deprecated and slated to become an error in Python 3.19.
    struct_rpc_ctrl_get_p2p_caps_matrix_v1A_0E._fields_ = [

tinyops/image/blur_test.py::test_blur_color[ksize0]
  /app/.venv/lib/python3.14/site-packages/tinygrad/runtime/autogen/nv/nv.py:4011: DeprecationWarning: Due to '_pack_', the 'struct_NVB0CC_CTRL_RESERVE_PM_AREA_SMPC_PARAMS_v1A_0F' Structure will use memory layout compatible with MSVC (Windows). If this is intended, set _layout_ to 'ms'. The implicit default is deprecated and slated to become an error in Python 3.19.
    struct_NVB0CC_CTRL_RESERVE_PM_AREA_SMPC_PARAMS_v1A_0F._fields_ = [

tinyops/image/blur_test.py::test_blur_color[ksize0]
  /app/.venv/lib/python3.14/site-packages/tinygrad/runtime/autogen/nv/nv.py:4016: DeprecationWarning: Due to '_pack_', the 'struct_rpc_ctrl_reserve_pm_area_smpc_v1A_0F' Structure will use memory layout compatible with MSVC (Windows). If this is intended, set _layout_ to 'ms'. The implicit default is deprecated and slated to become an error in Python 3.19.
    struct_rpc_ctrl_reserve_pm_area_smpc_v1A_0F._fields_ = [

tinyops/image/blur_test.py::test_blur_color[ksize0]
  /app/.venv/lib/python3.14/site-packages/tinygrad/runtime/autogen/nv/nv.py:4032: DeprecationWarning: Due to '_pack_', the 'struct_NVB0CC_CTRL_RESERVE_HWPM_LEGACY_PARAMS_v1A_0F' Structure will use memory layout compatible with MSVC (Windows). If this is intended, set _layout_ to 'ms'. The implicit default is deprecated and slated to become an error in Python 3.19.
    struct_NVB0CC_CTRL_RESERVE_HWPM_LEGACY_PARAMS_v1A_0F._fields_ = [

tinyops/image/blur_test.py::test_blur_color[ksize0]
  /app/.venv/lib/python3.14/site-packages/tinygrad/runtime/autogen/nv/nv.py:4037: DeprecationWarning: Due to '_pack_', the 'struct_rpc_ctrl_reserve_hwpm_legacy_v1A_0F' Structure will use memory layout compatible with MSVC (Windows). If this is intended, set _layout_ to 'ms'. The implicit default is deprecated and slated to become an error in Python 3.19.
    struct_rpc_ctrl_reserve_hwpm_legacy_v1A_0F._fields_ = [

tinyops/image/blur_test.py::test_blur_color[ksize0]
  /app/.venv/lib/python3.14/site-packages/tinygrad/runtime/autogen/nv/nv.py:4062: DeprecationWarning: Due to '_pack_', the 'struct_NVB0CC_CTRL_EXEC_REG_OPS_PARAMS_v1A_0F' Structure will use memory layout compatible with MSVC (Windows). If this is intended, set _layout_ to 'ms'. The implicit default is deprecated and slated to become an error in Python 3.19.
    struct_NVB0CC_CTRL_EXEC_REG_OPS_PARAMS_v1A_0F._fields_ = [

tinyops/image/blur_test.py::test_blur_color[ksize0]
  /app/.venv/lib/python3.14/site-packages/tinygrad/runtime/autogen/nv/nv.py:4072: DeprecationWarning: Due to '_pack_', the 'struct_rpc_ctrl_b0cc_exec_reg_ops_v1A_0F' Structure will use memory layout compatible with MSVC (Windows). If this is intended, set _layout_ to 'ms'. The implicit default is deprecated and slated to become an error in Python 3.19.
    struct_rpc_ctrl_b0cc_exec_reg_ops_v1A_0F._fields_ = [

tinyops/image/blur_test.py::test_blur_color[ksize0]
  /app/.venv/lib/python3.14/site-packages/tinygrad/runtime/autogen/nv/nv.py:4084: DeprecationWarning: Due to '_pack_', the 'struct_rpc_ctrl_bind_pm_resources_v1A_0F' Structure will use memory layout compatible with MSVC (Windows). If this is intended, set _layout_ to 'ms'. The implicit default is deprecated and slated to become an error in Python 3.19.
    struct_rpc_ctrl_bind_pm_resources_v1A_0F._fields_ = [

tinyops/image/blur_test.py::test_blur_color[ksize0]
  /app/.venv/lib/python3.14/site-packages/tinygrad/runtime/autogen/nv/nv.py:4098: DeprecationWarning: Due to '_pack_', the 'struct_NVB0CC_CTRL_ALLOC_PMA_STREAM_PARAMS_v1A_14' Structure will use memory layout compatible with MSVC (Windows). If this is intended, set _layout_ to 'ms'. The implicit default is deprecated and slated to become an error in Python 3.19.
    struct_NVB0CC_CTRL_ALLOC_PMA_STREAM_PARAMS_v1A_14._fields_ = [

tinyops/image/blur_test.py::test_blur_color[ksize0]
  /app/.venv/lib/python3.14/site-packages/tinygrad/runtime/autogen/nv/nv.py:4113: DeprecationWarning: Due to '_pack_', the 'struct_rpc_ctrl_alloc_pma_stream_v1A_14' Structure will use memory layout compatible with MSVC (Windows). If this is intended, set _layout_ to 'ms'. The implicit default is deprecated and slated to become an error in Python 3.19.
    struct_rpc_ctrl_alloc_pma_stream_v1A_14._fields_ = [

tinyops/image/blur_test.py::test_blur_color[ksize0]
  /app/.venv/lib/python3.14/site-packages/tinygrad/runtime/autogen/nv/nv.py:4128: DeprecationWarning: Due to '_pack_', the 'struct_NVB0CC_CTRL_PMA_STREAM_UPDATE_GET_PUT_PARAMS_v1A_14' Structure will use memory layout compatible with MSVC (Windows). If this is intended, set _layout_ to 'ms'. The implicit default is deprecated and slated to become an error in Python 3.19.
    struct_NVB0CC_CTRL_PMA_STREAM_UPDATE_GET_PUT_PARAMS_v1A_14._fields_ = [

tinyops/image/blur_test.py::test_blur_color[ksize0]
  /app/.venv/lib/python3.14/site-packages/tinygrad/runtime/autogen/nv/nv.py:4142: DeprecationWarning: Due to '_pack_', the 'struct_rpc_ctrl_pma_stream_update_get_put_v1A_14' Structure will use memory layout compatible with MSVC (Windows). If this is intended, set _layout_ to 'ms'. The implicit default is deprecated and slated to become an error in Python 3.19.
    struct_rpc_ctrl_pma_stream_update_get_put_v1A_14._fields_ = [

tinyops/image/blur_test.py::test_blur_color[ksize0]
  /app/.venv/lib/python3.14/site-packages/tinygrad/runtime/autogen/nv/nv.py:4160: DeprecationWarning: Due to '_pack_', the 'struct_NV2080_CTRL_FB_INFO_v1A_15' Structure will use memory layout compatible with MSVC (Windows). If this is intended, set _layout_ to 'ms'. The implicit default is deprecated and slated to become an error in Python 3.19.
    struct_NV2080_CTRL_FB_INFO_v1A_15._fields_ = [

tinyops/image/blur_test.py::test_blur_color[ksize0]
  /app/.venv/lib/python3.14/site-packages/tinygrad/runtime/autogen/nv/nv.py:4166: DeprecationWarning: Due to '_pack_', the 'struct_NV2080_CTRL_FB_GET_INFO_V2_PARAMS_v25_0A' Structure will use memory layout compatible with MSVC (Windows). If this is intended, set _layout_ to 'ms'. The implicit default is deprecated and slated to become an error in Python 3.19.
    struct_NV2080_CTRL_FB_GET_INFO_V2_PARAMS_v25_0A._fields_ = [

tinyops/image/blur_test.py::test_blur_color[ksize0]
  /app/.venv/lib/python3.14/site-packages/tinygrad/runtime/autogen/nv/nv.py:4172: DeprecationWarning: Due to '_pack_', the 'struct_rpc_ctrl_fb_get_info_v2_v25_0A' Structure will use memory layout compatible with MSVC (Windows). If this is intended, set _layout_ to 'ms'. The implicit default is deprecated and slated to become an error in Python 3.19.
    struct_rpc_ctrl_fb_get_info_v2_v25_0A._fields_ = [

tinyops/image/blur_test.py::test_blur_color[ksize0]
  /app/.venv/lib/python3.14/site-packages/tinygrad/runtime/autogen/nv/nv.py:4186: DeprecationWarning: Due to '_pack_', the 'struct_NV2080_CTRL_FB_GET_INFO_V2_PARAMS_v27_00' Structure will use memory layout compatible with MSVC (Windows). If this is intended, set _layout_ to 'ms'. The implicit default is deprecated and slated to become an error in Python 3.19.
    struct_NV2080_CTRL_FB_GET_INFO_V2_PARAMS_v27_00._fields_ = [

tinyops/image/blur_test.py::test_blur_color[ksize0]
  /app/.venv/lib/python3.14/site-packages/tinygrad/runtime/autogen/nv/nv.py:4192: DeprecationWarning: Due to '_pack_', the 'struct_rpc_ctrl_fb_get_info_v2_v27_00' Structure will use memory layout compatible with MSVC (Windows). If this is intended, set _layout_ to 'ms'. The implicit default is deprecated and slated to become an error in Python 3.19.
    struct_rpc_ctrl_fb_get_info_v2_v27_00._fields_ = [

tinyops/image/blur_test.py::test_blur_color[ksize0]
  /app/.venv/lib/python3.14/site-packages/tinygrad/runtime/autogen/nv/nv.py:4207: DeprecationWarning: Due to '_pack_', the 'struct_NV0080_CTRL_FIFO_SET_CHANNEL_PROPERTIES_PARAMS_v03_00' Structure will use memory layout compatible with MSVC (Windows). If this is intended, set _layout_ to 'ms'. The implicit default is deprecated and slated to become an error in Python 3.19.
    struct_NV0080_CTRL_FIFO_SET_CHANNEL_PROPERTIES_PARAMS_v03_00._fields_ = [

tinyops/image/blur_test.py::test_blur_color[ksize0]
  /app/.venv/lib/python3.14/site-packages/tinygrad/runtime/autogen/nv/nv.py:4214: DeprecationWarning: Due to '_pack_', the 'struct_rpc_ctrl_fifo_set_channel_properties_v1A_16' Structure will use memory layout compatible with MSVC (Windows). If this is intended, set _layout_ to 'ms'. The implicit default is deprecated and slated to become an error in Python 3.19.
    struct_rpc_ctrl_fifo_set_channel_properties_v1A_16._fields_ = [

tinyops/image/blur_test.py::test_blur_color[ksize0]
  /app/.venv/lib/python3.14/site-packages/tinygrad/runtime/autogen/nv/nv.py:4229: DeprecationWarning: Due to '_pack_', the 'struct_NV2080_CTRL_GPU_EVICT_CTX_PARAMS_v03_00' Structure will use memory layout compatible with MSVC (Windows). If this is intended, set _layout_ to 'ms'. The implicit default is deprecated and slated to become an error in Python 3.19.
    struct_NV2080_CTRL_GPU_EVICT_CTX_PARAMS_v03_00._fields_ = [

tinyops/image/blur_test.py::test_blur_color[ksize0]
  /app/.venv/lib/python3.14/site-packages/tinygrad/runtime/autogen/nv/nv.py:4238: DeprecationWarning: Due to '_pack_', the 'struct_rpc_ctrl_gpu_evict_ctx_v1A_1C' Structure will use memory layout compatible with MSVC (Windows). If this is intended, set _layout_ to 'ms'. The implicit default is deprecated and slated to become an error in Python 3.19.
    struct_rpc_ctrl_gpu_evict_ctx_v1A_1C._fields_ = [

tinyops/image/blur_test.py::test_blur_color[ksize0]
  /app/.venv/lib/python3.14/site-packages/tinygrad/runtime/autogen/nv/nv.py:4262: DeprecationWarning: Due to '_pack_', the 'struct_NV2080_CTRL_FB_FS_INFO_INVALID_QUERY_PARAMS_v1A_1D' Structure will use memory layout compatible with MSVC (Windows). If this is intended, set _layout_ to 'ms'. The implicit default is deprecated and slated to become an error in Python 3.19.
    struct_NV2080_CTRL_FB_FS_INFO_INVALID_QUERY_PARAMS_v1A_1D._fields_ = [

tinyops/image/blur_test.py::test_blur_color[ksize0]
  /app/.venv/lib/python3.14/site-packages/tinygrad/runtime/autogen/nv/nv.py:4270: DeprecationWarning: Due to '_pack_', the 'struct_NV2080_CTRL_FB_FS_INFO_FBP_MASK_PARAMS_v1A_1D' Structure will use memory layout compatible with MSVC (Windows). If this is intended, set _layout_ to 'ms'. The implicit default is deprecated and slated to become an error in Python 3.19.
    struct_NV2080_CTRL_FB_FS_INFO_FBP_MASK_PARAMS_v1A_1D._fields_ = [

tinyops/image/blur_test.py::test_blur_color[ksize0]
  /app/.venv/lib/python3.14/site-packages/tinygrad/runtime/autogen/nv/nv.py:4280: DeprecationWarning: Due to '_pack_', the 'struct_NV2080_CTRL_FB_FS_INFO_LTC_MASK_PARAMS_v1A_1D' Structure will use memory layout compatible with MSVC (Windows). If this is intended, set _layout_ to 'ms'. The implicit default is deprecated and slated to become an error in Python 3.19.
    struct_NV2080_CTRL_FB_FS_INFO_LTC_MASK_PARAMS_v1A_1D._fields_ = [

tinyops/image/blur_test.py::test_blur_color[ksize0]
  /app/.venv/lib/python3.14/site-packages/tinygrad/runtime/autogen/nv/nv.py:4289: DeprecationWarning: Due to '_pack_', the 'struct_NV2080_CTRL_FB_FS_INFO_LTS_MASK_PARAMS_v1A_1D' Structure will use memory layout compatible with MSVC (Windows). If this is intended, set _layout_ to 'ms'. The implicit default is deprecated and slated to become an error in Python 3.19.
    struct_NV2080_CTRL_FB_FS_INFO_LTS_MASK_PARAMS_v1A_1D._fields_ = [

tinyops/image/blur_test.py::test_blur_color[ksize0]
  /app/.venv/lib/python3.14/site-packages/tinygrad/runtime/autogen/nv/nv.py:4298: DeprecationWarning: Due to '_pack_', the 'struct_NV2080_CTRL_FB_FS_INFO_FBPA_MASK_PARAMS_v1A_1D' Structure will use memory layout compatible with MSVC (Windows). If this is intended, set _layout_ to 'ms'. The implicit default is deprecated and slated to become an error in Python 3.19.
    struct_NV2080_CTRL_FB_FS_INFO_FBPA_MASK_PARAMS_v1A_1D._fields_ = [

tinyops/image/blur_test.py::test_blur_color[ksize0]
  /app/.venv/lib/python3.14/site-packages/tinygrad/runtime/autogen/nv/nv.py:4307: DeprecationWarning: Due to '_pack_', the 'struct_NV2080_CTRL_FB_FS_INFO_ROP_MASK_PARAMS_v1A_1D' Structure will use memory layout compatible with MSVC (Windows). If this is intended, set _layout_ to 'ms'. The implicit default is deprecated and slated to become an error in Python 3.19.
    struct_NV2080_CTRL_FB_FS_INFO_ROP_MASK_PARAMS_v1A_1D._fields_ = [

tinyops/image/blur_test.py::test_blur_color[ksize0]
  /app/.venv/lib/python3.14/site-packages/tinygrad/runtime/autogen/nv/nv.py:4316: DeprecationWarning: Due to '_pack_', the 'struct_NV2080_CTRL_FB_FS_INFO_PROFILER_MON_LTC_MASK_PARAMS_v1A_1D' Structure will use memory layout compatible with MSVC (Windows). If this is intended, set _layout_ to 'ms'. The implicit default is deprecated and slated to become an error in Python 3.19.
    struct_NV2080_CTRL_FB_FS_INFO_PROFILER_MON_LTC_MASK_PARAMS_v1A_1D._fields_ = [

tinyops/image/blur_test.py::test_blur_color[ksize0]
  /app/.venv/lib/python3.14/site-packages/tinygrad/runtime/autogen/nv/nv.py:4326: DeprecationWarning: Due to '_pack_', the 'struct_NV2080_CTRL_FB_FS_INFO_PROFILER_MON_LTS_MASK_PARAMS_v1A_1D' Structure will use memory layout compatible with MSVC (Windows). If this is intended, set _layout_ to 'ms'. The implicit default is deprecated and slated to become an error in Python 3.19.
    struct_NV2080_CTRL_FB_FS_INFO_PROFILER_MON_LTS_MASK_PARAMS_v1A_1D._fields_ = [

tinyops/image/blur_test.py::test_blur_color[ksize0]
  /app/.venv/lib/python3.14/site-packages/tinygrad/runtime/autogen/nv/nv.py:4336: DeprecationWarning: Due to '_pack_', the 'struct_NV2080_CTRL_FB_FS_INFO_PROFILER_MON_FBPA_MASK_PARAMS_v1A_1D' Structure will use memory layout compatible with MSVC (Windows). If this is intended, set _layout_ to 'ms'. The implicit default is deprecated and slated to become an error in Python 3.19.
    struct_NV2080_CTRL_FB_FS_INFO_PROFILER_MON_FBPA_MASK_PARAMS_v1A_1D._fields_ = [

tinyops/image/blur_test.py::test_blur_color[ksize0]
  /app/.venv/lib/python3.14/site-packages/tinygrad/runtime/autogen/nv/nv.py:4346: DeprecationWarning: Due to '_pack_', the 'struct_NV2080_CTRL_FB_FS_INFO_PROFILER_MON_ROP_MASK_PARAMS_v1A_1D' Structure will use memory layout compatible with MSVC (Windows). If this is intended, set _layout_ to 'ms'. The implicit default is deprecated and slated to become an error in Python 3.19.
    struct_NV2080_CTRL_FB_FS_INFO_PROFILER_MON_ROP_MASK_PARAMS_v1A_1D._fields_ = [

tinyops/image/blur_test.py::test_blur_color[ksize0]
  /app/.venv/lib/python3.14/site-packages/tinygrad/runtime/autogen/nv/nv.py:4356: DeprecationWarning: Due to '_pack_', the 'struct_NV2080_CTRL_FB_FS_INFO_PROFILER_MON_FBPA_SUBP_MASK_PARAMS_v1A_1D' Structure will use memory layout compatible with MSVC (Windows). If this is intended, set _layout_ to 'ms'. The implicit default is deprecated and slated to become an error in Python 3.19.
    struct_NV2080_CTRL_FB_FS_INFO_PROFILER_MON_FBPA_SUBP_MASK_PARAMS_v1A_1D._fields_ = [

tinyops/image/blur_test.py::test_blur_color[ksize0]
  /app/.venv/lib/python3.14/site-packages/tinygrad/runtime/autogen/nv/nv.py:4366: DeprecationWarning: Due to '_pack_', the 'struct_NV2080_CTRL_FB_FS_INFO_FBPA_SUBP_MASK_PARAMS_v1A_1D' Structure will use memory layout compatible with MSVC (Windows). If this is intended, set _layout_ to 'ms'. The implicit default is deprecated and slated to become an error in Python 3.19.
    struct_NV2080_CTRL_FB_FS_INFO_FBPA_SUBP_MASK_PARAMS_v1A_1D._fields_ = [

tinyops/image/blur_test.py::test_blur_color[ksize0]
  /app/.venv/lib/python3.14/site-packages/tinygrad/runtime/autogen/nv/nv.py:4375: DeprecationWarning: Due to '_pack_', the 'struct_NV2080_CTRL_FB_FS_INFO_FBP_LOGICAL_MAP_PARAMS_v1A_1D' Structure will use memory layout compatible with MSVC (Windows). If this is intended, set _layout_ to 'ms'. The implicit default is deprecated and slated to become an error in Python 3.19.
    struct_NV2080_CTRL_FB_FS_INFO_FBP_LOGICAL_MAP_PARAMS_v1A_1D._fields_ = [

tinyops/image/blur_test.py::test_blur_color[ksize0]
  /app/.venv/lib/python3.14/site-packages/tinygrad/runtime/autogen/nv/nv.py:4381: DeprecationWarning: Due to '_pack_', the 'union_NV2080_CTRL_FB_FS_INFO_QUERY_DATA_v1A_1D' Union will use memory layout compatible with MSVC (Windows). If this is intended, set _layout_ to 'ms'. The implicit default is deprecated and slated to become an error in Python 3.19.
    union_NV2080_CTRL_FB_FS_INFO_QUERY_DATA_v1A_1D._fields_ = [

tinyops/image/blur_test.py::test_blur_color[ksize0]
  /app/.venv/lib/python3.14/site-packages/tinygrad/runtime/autogen/nv/nv.py:4399: DeprecationWarning: Due to '_pack_', the 'struct_NV2080_CTRL_FB_FS_INFO_QUERY_v1A_1D' Structure will use memory layout compatible with MSVC (Windows). If this is intended, set _layout_ to 'ms'. The implicit default is deprecated and slated to become an error in Python 3.19.
    struct_NV2080_CTRL_FB_FS_INFO_QUERY_v1A_1D._fields_ = [

tinyops/image/blur_test.py::test_blur_color[ksize0]
  /app/.venv/lib/python3.14/site-packages/tinygrad/runtime/autogen/nv/nv.py:4407: DeprecationWarning: Due to '_pack_', the 'struct_NV2080_CTRL_FB_GET_FS_INFO_PARAMS_v24_00' Structure will use memory layout compatible with MSVC (Windows). If this is intended, set _layout_ to 'ms'. The implicit default is deprecated and slated to become an error in Python 3.19.
    struct_NV2080_CTRL_FB_GET_FS_INFO_PARAMS_v24_00._fields_ = [

tinyops/image/blur_test.py::test_blur_color[ksize0]
  /app/.venv/lib/python3.14/site-packages/tinygrad/runtime/autogen/nv/nv.py:4414: DeprecationWarning: Due to '_pack_', the 'struct_rpc_ctrl_fb_get_fs_info_v24_00' Structure will use memory layout compatible with MSVC (Windows). If this is intended, set _layout_ to 'ms'. The implicit default is deprecated and slated to become an error in Python 3.19.
    struct_rpc_ctrl_fb_get_fs_info_v24_00._fields_ = [

tinyops/image/blur_test.py::test_blur_color[ksize0]
  /app/.venv/lib/python3.14/site-packages/tinygrad/runtime/autogen/nv/nv.py:4437: DeprecationWarning: Due to '_pack_', the 'struct_NV2080_CTRL_SYSL2_FS_INFO_SYSLTC_MASK_PARAMS_v26_04' Structure will use memory layout compatible with MSVC (Windows). If this is intended, set _layout_ to 'ms'. The implicit default is deprecated and slated to become an error in Python 3.19.
    struct_NV2080_CTRL_SYSL2_FS_INFO_SYSLTC_MASK_PARAMS_v26_04._fields_ = [

tinyops/image/blur_test.py::test_blur_color[ksize0]
  /app/.venv/lib/python3.14/site-packages/tinygrad/runtime/autogen/nv/nv.py:4446: DeprecationWarning: Due to '_pack_', the 'struct_NV2080_CTRL_FB_FS_INFO_PAC_MASK_PARAMS_v26_04' Structure will use memory layout compatible with MSVC (Windows). If this is intended, set _layout_ to 'ms'. The implicit default is deprecated and slated to become an error in Python 3.19.
    struct_NV2080_CTRL_FB_FS_INFO_PAC_MASK_PARAMS_v26_04._fields_ = [

tinyops/image/blur_test.py::test_blur_color[ksize0]
  /app/.venv/lib/python3.14/site-packages/tinygrad/runtime/autogen/nv/nv.py:4455: DeprecationWarning: Due to '_pack_', the 'struct_NV2080_CTRL_FB_FS_INFO_LOGICAL_LTC_MASK_PARAMS_v26_04' Structure will use memory layout compatible with MSVC (Windows). If this is intended, set _layout_ to 'ms'. The implicit default is deprecated and slated to become an error in Python 3.19.
    struct_NV2080_CTRL_FB_FS_INFO_LOGICAL_LTC_MASK_PARAMS_v26_04._fields_ = [

tinyops/image/blur_test.py::test_blur_color[ksize0]
  /app/.venv/lib/python3.14/site-packages/tinygrad/runtime/autogen/nv/nv.py:4465: DeprecationWarning: Due to '_pack_', the 'struct_NV2080_CTRL_FB_FS_INFO_PROFILER_MON_LOGICAL_LTC_MASK_PARAMS_v26_04' Structure will use memory layout compatible with MSVC (Windows). If this is intended, set _layout_ to 'ms'. The implicit default is deprecated and slated to become an error in Python 3.19.
    struct_NV2080_CTRL_FB_FS_INFO_PROFILER_MON_LOGICAL_LTC_MASK_PARAMS_v26_04._fields_ = [

tinyops/image/blur_test.py::test_blur_color[ksize0]
  /app/.venv/lib/python3.14/site-packages/tinygrad/runtime/autogen/nv/nv.py:4472: DeprecationWarning: Due to '_pack_', the 'union_NV2080_CTRL_FB_FS_INFO_QUERY_DATA_v26_04' Union will use memory layout compatible with MSVC (Windows). If this is intended, set _layout_ to 'ms'. The implicit default is deprecated and slated to become an error in Python 3.19.
    union_NV2080_CTRL_FB_FS_INFO_QUERY_DATA_v26_04._fields_ = [

tinyops/image/blur_test.py::test_blur_color[ksize0]
  /app/.venv/lib/python3.14/site-packages/tinygrad/runtime/autogen/nv/nv.py:4494: DeprecationWarning: Due to '_pack_', the 'struct_NV2080_CTRL_FB_FS_INFO_QUERY_v26_04' Structure will use memory layout compatible with MSVC (Windows). If this is intended, set _layout_ to 'ms'. The implicit default is deprecated and slated to become an error in Python 3.19.
    struct_NV2080_CTRL_FB_FS_INFO_QUERY_v26_04._fields_ = [

tinyops/image/blur_test.py::test_blur_color[ksize0]
  /app/.venv/lib/python3.14/site-packages/tinygrad/runtime/autogen/nv/nv.py:4502: DeprecationWarning: Due to '_pack_', the 'struct_NV2080_CTRL_FB_GET_FS_INFO_PARAMS_v26_04' Structure will use memory layout compatible with MSVC (Windows). If this is intended, set _layout_ to 'ms'. The implicit default is deprecated and slated to become an error in Python 3.19.
    struct_NV2080_CTRL_FB_GET_FS_INFO_PARAMS_v26_04._fields_ = [

tinyops/image/blur_test.py::test_blur_color[ksize0]
  /app/.venv/lib/python3.14/site-packages/tinygrad/runtime/autogen/nv/nv.py:4509: DeprecationWarning: Due to '_pack_', the 'struct_rpc_ctrl_fb_get_fs_info_v26_04' Structure will use memory layout compatible with MSVC (Windows). If this is intended, set _layout_ to 'ms'. The implicit default is deprecated and slated to become an error in Python 3.19.
    struct_rpc_ctrl_fb_get_fs_info_v26_04._fields_ = [

tinyops/image/blur_test.py::test_blur_color[ksize0]
  /app/.venv/lib/python3.14/site-packages/tinygrad/runtime/autogen/nv/nv.py:4533: DeprecationWarning: Due to '_pack_', the 'struct_NV2080_CTRL_GRMGR_GR_FS_INFO_GPC_COUNT_PARAMS_v1A_1D' Structure will use memory layout compatible with MSVC (Windows). If this is intended, set _layout_ to 'ms'. The implicit default is deprecated and slated to become an error in Python 3.19.
    struct_NV2080_CTRL_GRMGR_GR_FS_INFO_GPC_COUNT_PARAMS_v1A_1D._fields_ = [

tinyops/image/blur_test.py::test_blur_color[ksize0]
  /app/.venv/lib/python3.14/site-packages/tinygrad/runtime/autogen/nv/nv.py:4541: DeprecationWarning: Due to '_pack_', the 'struct_NV2080_CTRL_GRMGR_GR_FS_INFO_CHIPLET_GPC_MAP_PARAMS_v1A_1D' Structure will use memory layout compatible with MSVC (Windows). If this is intended, set _layout_ to 'ms'. The implicit default is deprecated and slated to become an error in Python 3.19.
    struct_NV2080_CTRL_GRMGR_GR_FS_INFO_CHIPLET_GPC_MAP_PARAMS_v1A_1D._fields_ = [

tinyops/image/blur_test.py::test_blur_color[ksize0]
  /app/.venv/lib/python3.14/site-packages/tinygrad/runtime/autogen/nv/nv.py:4550: DeprecationWarning: Due to '_pack_', the 'struct_NV2080_CTRL_GRMGR_GR_FS_INFO_TPC_MASK_PARAMS_v1A_1D' Structure will use memory layout compatible with MSVC (Windows). If this is intended, set _layout_ to 'ms'. The implicit default is deprecated and slated to become an error in Python 3.19.
    struct_NV2080_CTRL_GRMGR_GR_FS_INFO_TPC_MASK_PARAMS_v1A_1D._fields_ = [

tinyops/image/blur_test.py::test_blur_color[ksize0]
  /app/.venv/lib/python3.14/site-packages/tinygrad/runtime/autogen/nv/nv.py:4559: DeprecationWarning: Due to '_pack_', the 'struct_NV2080_CTRL_GRMGR_GR_FS_INFO_PPC_MASK_PARAMS_v1A_1D' Structure will use memory layout compatible with MSVC (Windows). If this is intended, set _layout_ to 'ms'. The implicit default is deprecated and slated to become an error in Python 3.19.
    struct_NV2080_CTRL_GRMGR_GR_FS_INFO_PPC_MASK_PARAMS_v1A_1D._fields_ = [

tinyops/image/blur_test.py::test_blur_color[ksize0]
  /app/.venv/lib/python3.14/site-packages/tinygrad/runtime/autogen/nv/nv.py:4568: DeprecationWarning: Due to '_pack_', the 'struct_NV2080_CTRL_GRMGR_GR_FS_INFO_PARTITION_CHIPLET_GPC_MAP_PARAMS_v1A_1D' Structure will use memory layout compatible with MSVC (Windows). If this is intended, set _layout_ to 'ms'. The implicit default is deprecated and slated to become an error in Python 3.19.
    struct_NV2080_CTRL_GRMGR_GR_FS_INFO_PARTITION_CHIPLET_GPC_MAP_PARAMS_v1A_1D._fields_ = [

tinyops/image/blur_test.py::test_blur_color[ksize0]
  /app/.venv/lib/python3.14/site-packages/tinygrad/runtime/autogen/nv/nv.py:4578: DeprecationWarning: Due to '_pack_', the 'struct_NV2080_CTRL_GRMGR_GR_FS_INFO_CHIPLET_SYSPIPE_MASK_PARAMS_v1A_1D' Structure will use memory layout compatible with MSVC (Windows). If this is intended, set _layout_ to 'ms'. The implicit default is deprecated and slated to become an error in Python 3.19.
    struct_NV2080_CTRL_GRMGR_GR_FS_INFO_CHIPLET_SYSPIPE_MASK_PARAMS_v1A_1D._fields_ = [

tinyops/image/blur_test.py::test_blur_color[ksize0]
  /app/.venv/lib/python3.14/site-packages/tinygrad/runtime/autogen/nv/nv.py:4586: DeprecationWarning: Due to '_pack_', the 'struct_NV2080_CTRL_GRMGR_GR_FS_INFO_PARTITION_CHIPLET_SYSPIPE_IDS_PARAMS_v1A_1D' Structure will use memory layout compatible with MSVC (Windows). If this is intended, set _layout_ to 'ms'. The implicit default is deprecated and slated to become an error in Python 3.19.
    struct_NV2080_CTRL_GRMGR_GR_FS_INFO_PARTITION_CHIPLET_SYSPIPE_IDS_PARAMS_v1A_1D._fields_ = [

tinyops/image/blur_test.py::test_blur_color[ksize0]
  /app/.venv/lib/python3.14/site-packages/tinygrad/runtime/autogen/nv/nv.py:4596: DeprecationWarning: Due to '_pack_', the 'struct_NV2080_CTRL_GRMGR_GR_FS_INFO_PROFILER_MON_GPC_MASK_PARAMS_v1A_1D' Structure will use memory layout compatible with MSVC (Windows). If this is intended, set _layout_ to 'ms'. The implicit default is deprecated and slated to become an error in Python 3.19.
    struct_NV2080_CTRL_GRMGR_GR_FS_INFO_PROFILER_MON_GPC_MASK_PARAMS_v1A_1D._fields_ = [

tinyops/image/blur_test.py::test_blur_color[ksize0]
  /app/.venv/lib/python3.14/site-packages/tinygrad/runtime/autogen/nv/nv.py:4606: DeprecationWarning: Due to '_pack_', the 'struct_NV2080_CTRL_GRMGR_GR_FS_INFO_PARTITION_SYSPIPE_ID_PARAMS_v1A_1D' Structure will use memory layout compatible with MSVC (Windows). If this is intended, set _layout_ to 'ms'. The implicit default is deprecated and slated to become an error in Python 3.19.
    struct_NV2080_CTRL_GRMGR_GR_FS_INFO_PARTITION_SYSPIPE_ID_PARAMS_v1A_1D._fields_ = [

tinyops/image/blur_test.py::test_blur_color[ksize0]
  /app/.venv/lib/python3.14/site-packages/tinygrad/runtime/autogen/nv/nv.py:4614: DeprecationWarning: Due to '_pack_', the 'struct_NV2080_CTRL_GRMGR_GR_FS_INFO_ROP_MASK_PARAMS_v1A_1D' Structure will use memory layout compatible with MSVC (Windows). If this is intended, set _layout_ to 'ms'. The implicit default is deprecated and slated to become an error in Python 3.19.
    struct_NV2080_CTRL_GRMGR_GR_FS_INFO_ROP_MASK_PARAMS_v1A_1D._fields_ = [

tinyops/image/blur_test.py::test_blur_color[ksize0]
  /app/.venv/lib/python3.14/site-packages/tinygrad/runtime/autogen/nv/nv.py:4620: DeprecationWarning: Due to '_pack_', the 'union_NV2080_CTRL_GRMGR_GR_FS_INFO_QUERY_DATA_v1A_1D' Union will use memory layout compatible with MSVC (Windows). If this is intended, set _layout_ to 'ms'. The implicit default is deprecated and slated to become an error in Python 3.19.
    union_NV2080_CTRL_GRMGR_GR_FS_INFO_QUERY_DATA_v1A_1D._fields_ = [

tinyops/image/blur_test.py::test_blur_color[ksize0]
  /app/.venv/lib/python3.14/site-packages/tinygrad/runtime/autogen/nv/nv.py:4635: DeprecationWarning: Due to '_pack_', the 'struct_NV2080_CTRL_GRMGR_GR_FS_INFO_QUERY_PARAMS_v1A_1D' Structure will use memory layout compatible with MSVC (Windows). If this is intended, set _layout_ to 'ms'. The implicit default is deprecated and slated to become an error in Python 3.19.
    struct_NV2080_CTRL_GRMGR_GR_FS_INFO_QUERY_PARAMS_v1A_1D._fields_ = [

tinyops/image/blur_test.py::test_blur_color[ksize0]
  /app/.venv/lib/python3.14/site-packages/tinygrad/runtime/autogen/nv/nv.py:4643: DeprecationWarning: Due to '_pack_', the 'struct_NV2080_CTRL_GRMGR_GET_GR_FS_INFO_PARAMS_v1A_1D' Structure will use memory layout compatible with MSVC (Windows). If this is intended, set _layout_ to 'ms'. The implicit default is deprecated and slated to become an error in Python 3.19.
    struct_NV2080_CTRL_GRMGR_GET_GR_FS_INFO_PARAMS_v1A_1D._fields_ = [

tinyops/image/blur_test.py::test_blur_color[ksize0]
  /app/.venv/lib/python3.14/site-packages/tinygrad/runtime/autogen/nv/nv.py:4650: DeprecationWarning: Due to '_pack_', the 'struct_rpc_ctrl_grmgr_get_gr_fs_info_v1A_1D' Structure will use memory layout compatible with MSVC (Windows). If this is intended, set _layout_ to 'ms'. The implicit default is deprecated and slated to become an error in Python 3.19.
    struct_rpc_ctrl_grmgr_get_gr_fs_info_v1A_1D._fields_ = [

tinyops/image/blur_test.py::test_blur_color[ksize0]
  /app/.venv/lib/python3.14/site-packages/tinygrad/runtime/autogen/nv/nv.py:4665: DeprecationWarning: Due to '_pack_', the 'struct_NVA06F_CTRL_STOP_CHANNEL_PARAMS_v1A_1E' Structure will use memory layout compatible with MSVC (Windows). If this is intended, set _layout_ to 'ms'. The implicit default is deprecated and slated to become an error in Python 3.19.
    struct_NVA06F_CTRL_STOP_CHANNEL_PARAMS_v1A_1E._fields_ = [

tinyops/image/blur_test.py::test_blur_color[ksize0]
  /app/.venv/lib/python3.14/site-packages/tinygrad/runtime/autogen/nv/nv.py:4670: DeprecationWarning: Due to '_pack_', the 'struct_rpc_ctrl_stop_channel_v1A_1E' Structure will use memory layout compatible with MSVC (Windows). If this is intended, set _layout_ to 'ms'. The implicit default is deprecated and slated to become an error in Python 3.19.
    struct_rpc_ctrl_stop_channel_v1A_1E._fields_ = [

tinyops/image/blur_test.py::test_blur_color[ksize0]
  /app/.venv/lib/python3.14/site-packages/tinygrad/runtime/autogen/nv/nv.py:4686: DeprecationWarning: Due to '_pack_', the 'struct_NV2080_CTRL_GR_PC_SAMPLING_MODE_PARAMS_v1A_1F' Structure will use memory layout compatible with MSVC (Windows). If this is intended, set _layout_ to 'ms'. The implicit default is deprecated and slated to become an error in Python 3.19.
    struct_NV2080_CTRL_GR_PC_SAMPLING_MODE_PARAMS_v1A_1F._fields_ = [

tinyops/image/blur_test.py::test_blur_color[ksize0]
  /app/.venv/lib/python3.14/site-packages/tinygrad/runtime/autogen/nv/nv.py:4693: DeprecationWarning: Due to '_pack_', the 'struct_rpc_ctrl_gr_pc_sampling_mode_v1A_1F' Structure will use memory layout compatible with MSVC (Windows). If this is intended, set _layout_ to 'ms'. The implicit default is deprecated and slated to become an error in Python 3.19.
    struct_rpc_ctrl_gr_pc_sampling_mode_v1A_1F._fields_ = [

tinyops/image/blur_test.py::test_blur_color[ksize0]
  /app/.venv/lib/python3.14/site-packages/tinygrad/runtime/autogen/nv/nv.py:4711: DeprecationWarning: Due to '_pack_', the 'struct_PERF_RATED_TDP_RM_INTERNAL_STATE_STRUCT_v1A_1F' Structure will use memory layout compatible with MSVC (Windows). If this is intended, set _layout_ to 'ms'. The implicit default is deprecated and slated to become an error in Python 3.19.
    struct_PERF_RATED_TDP_RM_INTERNAL_STATE_STRUCT_v1A_1F._fields_ = [

tinyops/image/blur_test.py::test_blur_color[ksize0]
  /app/.venv/lib/python3.14/site-packages/tinygrad/runtime/autogen/nv/nv.py:4733: DeprecationWarning: Due to '_pack_', the 'struct_NV2080_CTRL_PERF_RATED_TDP_STATUS_PARAMS_v1A_1F' Structure will use memory layout compatible with MSVC (Windows). If this is intended, set _layout_ to 'ms'. The implicit default is deprecated and slated to become an error in Python 3.19.
    struct_NV2080_CTRL_PERF_RATED_TDP_STATUS_PARAMS_v1A_1F._fields_ = [

tinyops/image/blur_test.py::test_blur_color[ksize0]
  /app/.venv/lib/python3.14/site-packages/tinygrad/runtime/autogen/nv/nv.py:4740: DeprecationWarning: Due to '_pack_', the 'struct_rpc_ctrl_perf_rated_tdp_get_status_v1A_1F' Structure will use memory layout compatible with MSVC (Windows). If this is intended, set _layout_ to 'ms'. The implicit default is deprecated and slated to become an error in Python 3.19.
    struct_rpc_ctrl_perf_rated_tdp_get_status_v1A_1F._fields_ = [

tinyops/image/blur_test.py::test_blur_color[ksize0]
  /app/.venv/lib/python3.14/site-packages/tinygrad/runtime/autogen/nv/nv.py:4772: DeprecationWarning: Due to '_pack_', the 'struct_NV2080_CTRL_PERF_RATED_TDP_CONTROL_PARAMS_v1A_1F' Structure will use memory layout compatible with MSVC (Windows). If this is intended, set _layout_ to 'ms'. The implicit default is deprecated and slated to become an error in Python 3.19.
    struct_NV2080_CTRL_PERF_RATED_TDP_CONTROL_PARAMS_v1A_1F._fields_ = [

tinyops/image/blur_test.py::test_blur_color[ksize0]
  /app/.venv/lib/python3.14/site-packages/tinygrad/runtime/autogen/nv/nv.py:4778: DeprecationWarning: Due to '_pack_', the 'struct_rpc_ctrl_perf_rated_tdp_set_control_v1A_1F' Structure will use memory layout compatible with MSVC (Windows). If this is intended, set _layout_ to 'ms'. The implicit default is deprecated and slated to become an error in Python 3.19.
    struct_rpc_ctrl_perf_rated_tdp_set_control_v1A_1F._fields_ = [

tinyops/image/blur_test.py::test_blur_color[ksize0]
  /app/.venv/lib/python3.14/site-packages/tinygrad/runtime/autogen/nv/nv.py:4793: DeprecationWarning: Due to '_pack_', the 'struct_NV2080_CTRL_CMD_TIMER_SET_GR_TICK_FREQ_PARAMS_v1A_1F' Structure will use memory layout compatible with MSVC (Windows). If this is intended, set _layout_ to 'ms'. The implicit default is deprecated and slated to become an error in Python 3.19.
    struct_NV2080_CTRL_CMD_TIMER_SET_GR_TICK_FREQ_PARAMS_v1A_1F._fields_ = [

tinyops/image/blur_test.py::test_blur_color[ksize0]
  /app/.venv/lib/python3.14/site-packages/tinygrad/runtime/autogen/nv/nv.py:4798: DeprecationWarning: Due to '_pack_', the 'struct_rpc_ctrl_timer_set_gr_tick_freq_v1A_1F' Structure will use memory layout compatible with MSVC (Windows). If this is intended, set _layout_ to 'ms'. The implicit default is deprecated and slated to become an error in Python 3.19.
    struct_rpc_ctrl_timer_set_gr_tick_freq_v1A_1F._fields_ = [

tinyops/image/blur_test.py::test_blur_color[ksize0]
  /app/.venv/lib/python3.14/site-packages/tinygrad/runtime/autogen/nv/nv.py:4814: DeprecationWarning: Due to '_pack_', the 'struct_NVB0CC_CTRL_FREE_PMA_STREAM_PARAMS_v1A_1F' Structure will use memory layout compatible with MSVC (Windows). If this is intended, set _layout_ to 'ms'. The implicit default is deprecated and slated to become an error in Python 3.19.
    struct_NVB0CC_CTRL_FREE_PMA_STREAM_PARAMS_v1A_1F._fields_ = [

tinyops/image/blur_test.py::test_blur_color[ksize0]
  /app/.venv/lib/python3.14/site-packages/tinygrad/runtime/autogen/nv/nv.py:4819: DeprecationWarning: Due to '_pack_', the 'struct_rpc_ctrl_free_pma_stream_v1A_1F' Structure will use memory layout compatible with MSVC (Windows). If this is intended, set _layout_ to 'ms'. The implicit default is deprecated and slated to become an error in Python 3.19.
    struct_rpc_ctrl_free_pma_stream_v1A_1F._fields_ = [

tinyops/image/blur_test.py::test_blur_color[ksize0]
  /app/.venv/lib/python3.14/site-packages/tinygrad/runtime/autogen/nv/nv.py:4834: DeprecationWarning: Due to '_pack_', the 'struct_NV2080_CTRL_FIFO_SETUP_VF_ZOMBIE_SUBCTX_PDB_PARAMS_v1A_23' Structure will use memory layout compatible with MSVC (Windows). If this is intended, set _layout_ to 'ms'. The implicit default is deprecated and slated to become an error in Python 3.19.
    struct_NV2080_CTRL_FIFO_SETUP_VF_ZOMBIE_SUBCTX_PDB_PARAMS_v1A_23._fields_ = [

tinyops/image/blur_test.py::test_blur_color[ksize0]
  /app/.venv/lib/python3.14/site-packages/tinygrad/runtime/autogen/nv/nv.py:4842: DeprecationWarning: Due to '_pack_', the 'struct_rpc_ctrl_fifo_setup_vf_zombie_subctx_pdb_v1A_23' Structure will use memory layout compatible with MSVC (Windows). If this is intended, set _layout_ to 'ms'. The implicit default is deprecated and slated to become an error in Python 3.19.
    struct_rpc_ctrl_fifo_setup_vf_zombie_subctx_pdb_v1A_23._fields_ = [

tinyops/image/blur_test.py::test_blur_color[ksize0]
  /app/.venv/lib/python3.14/site-packages/tinygrad/runtime/autogen/nv/nv.py:4857: DeprecationWarning: Due to '_pack_', the 'struct_NV83DE_CTRL_DEBUG_SET_SINGLE_SM_SINGLE_STEP_PARAMS_v1C_02' Structure will use memory layout compatible with MSVC (Windows). If this is intended, set _layout_ to 'ms'. The implicit default is deprecated and slated to become an error in Python 3.19.
    struct_NV83DE_CTRL_DEBUG_SET_SINGLE_SM_SINGLE_STEP_PARAMS_v1C_02._fields_ = [

tinyops/image/blur_test.py::test_blur_color[ksize0]
  /app/.venv/lib/python3.14/site-packages/tinygrad/runtime/autogen/nv/nv.py:4864: DeprecationWarning: Due to '_pack_', the 'struct_rpc_ctrl_dbg_set_single_sm_single_step_v1C_02' Structure will use memory layout compatible with MSVC (Windows). If this is intended, set _layout_ to 'ms'. The implicit default is deprecated and slated to become an error in Python 3.19.
    struct_rpc_ctrl_dbg_set_single_sm_single_step_v1C_02._fields_ = [

tinyops/image/blur_test.py::test_blur_color[ksize0]
  /app/.venv/lib/python3.14/site-packages/tinygrad/runtime/autogen/nv/nv.py:4890: DeprecationWarning: Due to '_pack_', the 'struct_NV0080_CTRL_GR_TPC_PARTITION_MODE_PARAMS_v1C_04' Structure will use memory layout compatible with MSVC (Windows). If this is intended, set _layout_ to 'ms'. The implicit default is deprecated and slated to become an error in Python 3.19.
    struct_NV0080_CTRL_GR_TPC_PARTITION_MODE_PARAMS_v1C_04._fields_ = [

tinyops/image/blur_test.py::test_blur_color[ksize0]
  /app/.venv/lib/python3.14/site-packages/tinygrad/runtime/autogen/nv/nv.py:4899: DeprecationWarning: Due to '_pack_', the 'struct_rpc_ctrl_gr_get_tpc_partition_mode_v1C_04' Structure will use memory layout compatible with MSVC (Windows). If this is intended, set _layout_ to 'ms'. The implicit default is deprecated and slated to become an error in Python 3.19.
    struct_rpc_ctrl_gr_get_tpc_partition_mode_v1C_04._fields_ = [

tinyops/image/blur_test.py::test_blur_color[ksize0]
  /app/.venv/lib/python3.14/site-packages/tinygrad/runtime/autogen/nv/nv.py:4911: DeprecationWarning: Due to '_pack_', the 'struct_rpc_ctrl_gr_set_tpc_partition_mode_v1C_04' Structure will use memory layout compatible with MSVC (Windows). If this is intended, set _layout_ to 'ms'. The implicit default is deprecated and slated to become an error in Python 3.19.
    struct_rpc_ctrl_gr_set_tpc_partition_mode_v1C_04._fields_ = [

tinyops/image/blur_test.py::test_blur_color[ksize0]
  /app/.venv/lib/python3.14/site-packages/tinygrad/runtime/autogen/nv/nv.py:4929: DeprecationWarning: Due to '_pack_', the 'struct_NV2080_CTRL_INTERNAL_MEMDESC_INFO_v1E_07' Structure will use memory layout compatible with MSVC (Windows). If this is intended, set _layout_ to 'ms'. The implicit default is deprecated and slated to become an error in Python 3.19.
    struct_NV2080_CTRL_INTERNAL_MEMDESC_INFO_v1E_07._fields_ = [

tinyops/image/blur_test.py::test_blur_color[ksize0]
  /app/.venv/lib/python3.14/site-packages/tinygrad/runtime/autogen/nv/nv.py:4938: DeprecationWarning: Due to '_pack_', the 'struct_NVA06C_CTRL_INTERNAL_PROMOTE_FAULT_METHOD_BUFFERS_PARAMS_v1E_07' Structure will use memory layout compatible with MSVC (Windows). If this is intended, set _layout_ to 'ms'. The implicit default is deprecated and slated to become an error in Python 3.19.
    struct_NVA06C_CTRL_INTERNAL_PROMOTE_FAULT_METHOD_BUFFERS_PARAMS_v1E_07._fields_ = [

tinyops/image/blur_test.py::test_blur_color[ksize0]
  /app/.venv/lib/python3.14/site-packages/tinygrad/runtime/autogen/nv/nv.py:4946: DeprecationWarning: Due to '_pack_', the 'struct_rpc_ctrl_internal_promote_fault_method_buffers_v1E_07' Structure will use memory layout compatible with MSVC (Windows). If this is intended, set _layout_ to 'ms'. The implicit default is deprecated and slated to become an error in Python 3.19.
    struct_rpc_ctrl_internal_promote_fault_method_buffers_v1E_07._fields_ = [

tinyops/image/blur_test.py::test_blur_color[ksize0]
  /app/.venv/lib/python3.14/site-packages/tinygrad/runtime/autogen/nv/nv.py:4961: DeprecationWarning: Due to '_pack_', the 'struct_NV2080_CTRL_CMD_INTERNAL_MEMSYS_SET_ZBC_REFERENCED_v1F_05' Structure will use memory layout compatible with MSVC (Windows). If this is intended, set _layout_ to 'ms'. The implicit default is deprecated and slated to become an error in Python 3.19.
    struct_NV2080_CTRL_CMD_INTERNAL_MEMSYS_SET_ZBC_REFERENCED_v1F_05._fields_ = [

tinyops/image/blur_test.py::test_blur_color[ksize0]
  /app/.venv/lib/python3.14/site-packages/tinygrad/runtime/autogen/nv/nv.py:4966: DeprecationWarning: Due to '_pack_', the 'struct_rpc_ctrl_internal_memsys_set_zbc_referenced_v1F_05' Structure will use memory layout compatible with MSVC (Windows). If this is intended, set _layout_ to 'ms'. The implicit default is deprecated and slated to become an error in Python 3.19.
    struct_rpc_ctrl_internal_memsys_set_zbc_referenced_v1F_05._fields_ = [

tinyops/image/blur_test.py::test_blur_color[ksize0]
  /app/.venv/lib/python3.14/site-packages/tinygrad/runtime/autogen/nv/nv.py:4982: DeprecationWarning: Due to '_pack_', the 'struct_NV00F8_CTRL_DESCRIBE_PARAMS_v1E_0C' Structure will use memory layout compatible with MSVC (Windows). If this is intended, set _layout_ to 'ms'. The implicit default is deprecated and slated to become an error in Python 3.19.
    struct_NV00F8_CTRL_DESCRIBE_PARAMS_v1E_0C._fields_ = [

tinyops/image/blur_test.py::test_blur_color[ksize0]
  /app/.venv/lib/python3.14/site-packages/tinygrad/runtime/autogen/nv/nv.py:4991: DeprecationWarning: Due to '_pack_', the 'struct_rpc_ctrl_fabric_memory_describe_v1E_0C' Structure will use memory layout compatible with MSVC (Windows). If this is intended, set _layout_ to 'ms'. The implicit default is deprecated and slated to become an error in Python 3.19.
    struct_rpc_ctrl_fabric_memory_describe_v1E_0C._fields_ = [

tinyops/image/blur_test.py::test_blur_color[ksize0]
  /app/.venv/lib/python3.14/site-packages/tinygrad/runtime/autogen/nv/nv.py:5006: DeprecationWarning: Due to '_pack_', the 'struct_NV2080_CTRL_FLA_GET_FABRIC_MEM_STATS_PARAMS_v1E_0C' Structure will use memory layout compatible with MSVC (Windows). If this is intended, set _layout_ to 'ms'. The implicit default is deprecated and slated to become an error in Python 3.19.
    struct_NV2080_CTRL_FLA_GET_FABRIC_MEM_STATS_PARAMS_v1E_0C._fields_ = [

tinyops/image/blur_test.py::test_blur_color[ksize0]
  /app/.venv/lib/python3.14/site-packages/tinygrad/runtime/autogen/nv/nv.py:5012: DeprecationWarning: Due to '_pack_', the 'struct_rpc_ctrl_fabric_mem_stats_v1E_0C' Structure will use memory layout compatible with MSVC (Windows). If this is intended, set _layout_ to 'ms'. The implicit default is deprecated and slated to become an error in Python 3.19.
    struct_rpc_ctrl_fabric_mem_stats_v1E_0C._fields_ = [

tinyops/image/blur_test.py::test_blur_color[ksize0]
  /app/.venv/lib/python3.14/site-packages/tinygrad/runtime/autogen/nv/nv.py:5027: DeprecationWarning: Due to '_pack_', the 'struct_NV2080_CTRL_BUS_SET_P2P_MAPPING_PARAMS_v21_03' Structure will use memory layout compatible with MSVC (Windows). If this is intended, set _layout_ to 'ms'. The implicit default is deprecated and slated to become an error in Python 3.19.
    struct_NV2080_CTRL_BUS_SET_P2P_MAPPING_PARAMS_v21_03._fields_ = [

tinyops/image/blur_test.py::test_blur_color[ksize0]
  /app/.venv/lib/python3.14/site-packages/tinygrad/runtime/autogen/nv/nv.py:5038: DeprecationWarning: Due to '_pack_', the 'struct_rpc_ctrl_bus_set_p2p_mapping_v21_03' Structure will use memory layout compatible with MSVC (Windows). If this is intended, set _layout_ to 'ms'. The implicit default is deprecated and slated to become an error in Python 3.19.
    struct_rpc_ctrl_bus_set_p2p_mapping_v21_03._fields_ = [

tinyops/image/blur_test.py::test_blur_color[ksize0]
  /app/.venv/lib/python3.14/site-packages/tinygrad/runtime/autogen/nv/nv.py:5052: DeprecationWarning: Due to '_pack_', the 'struct_NV2080_CTRL_BUS_SET_P2P_MAPPING_PARAMS_v29_08' Structure will use memory layout compatible with MSVC (Windows). If this is intended, set _layout_ to 'ms'. The implicit default is deprecated and slated to become an error in Python 3.19.
    struct_NV2080_CTRL_BUS_SET_P2P_MAPPING_PARAMS_v29_08._fields_ = [

tinyops/image/blur_test.py::test_blur_color[ksize0]
  /app/.venv/lib/python3.14/site-packages/tinygrad/runtime/autogen/nv/nv.py:5065: DeprecationWarning: Due to '_pack_', the 'struct_rpc_ctrl_bus_set_p2p_mapping_v29_08' Structure will use memory layout compatible with MSVC (Windows). If this is intended, set _layout_ to 'ms'. The implicit default is deprecated and slated to become an error in Python 3.19.
    struct_rpc_ctrl_bus_set_p2p_mapping_v29_08._fields_ = [

tinyops/image/blur_test.py::test_blur_color[ksize0]
  /app/.venv/lib/python3.14/site-packages/tinygrad/runtime/autogen/nv/nv.py:5080: DeprecationWarning: Due to '_pack_', the 'struct_NV2080_CTRL_BUS_UNSET_P2P_MAPPING_PARAMS_v21_03' Structure will use memory layout compatible with MSVC (Windows). If this is intended, set _layout_ to 'ms'. The implicit default is deprecated and slated to become an error in Python 3.19.
    struct_NV2080_CTRL_BUS_UNSET_P2P_MAPPING_PARAMS_v21_03._fields_ = [

tinyops/image/blur_test.py::test_blur_color[ksize0]
  /app/.venv/lib/python3.14/site-packages/tinygrad/runtime/autogen/nv/nv.py:5090: DeprecationWarning: Due to '_pack_', the 'struct_rpc_ctrl_bus_unset_p2p_mapping_v21_03' Structure will use memory layout compatible with MSVC (Windows). If this is intended, set _layout_ to 'ms'. The implicit default is deprecated and slated to become an error in Python 3.19.
    struct_rpc_ctrl_bus_unset_p2p_mapping_v21_03._fields_ = [

tinyops/image/blur_test.py::test_blur_color[ksize0]
  /app/.venv/lib/python3.14/site-packages/tinygrad/runtime/autogen/nv/nv.py:5108: DeprecationWarning: Due to '_pack_', the 'struct_NV2080_CTRL_GPU_INFO_v25_11' Structure will use memory layout compatible with MSVC (Windows). If this is intended, set _layout_ to 'ms'. The implicit default is deprecated and slated to become an error in Python 3.19.
    struct_NV2080_CTRL_GPU_INFO_v25_11._fields_ = [

tinyops/image/blur_test.py::test_blur_color[ksize0]
  /app/.venv/lib/python3.14/site-packages/tinygrad/runtime/autogen/nv/nv.py:5114: DeprecationWarning: Due to '_pack_', the 'struct_NV2080_CTRL_GPU_GET_INFO_V2_PARAMS_v25_11' Structure will use memory layout compatible with MSVC (Windows). If this is intended, set _layout_ to 'ms'. The implicit default is deprecated and slated to become an error in Python 3.19.
    struct_NV2080_CTRL_GPU_GET_INFO_V2_PARAMS_v25_11._fields_ = [

tinyops/image/blur_test.py::test_blur_color[ksize0]
  /app/.venv/lib/python3.14/site-packages/tinygrad/runtime/autogen/nv/nv.py:5120: DeprecationWarning: Due to '_pack_', the 'struct_rpc_ctrl_gpu_get_info_v2_v25_11' Structure will use memory layout compatible with MSVC (Windows). If this is intended, set _layout_ to 'ms'. The implicit default is deprecated and slated to become an error in Python 3.19.
    struct_rpc_ctrl_gpu_get_info_v2_v25_11._fields_ = [

tinyops/image/blur_test.py::test_blur_color[ksize0]
  /app/.venv/lib/python3.14/site-packages/tinygrad/runtime/autogen/nv/nv.py:5132: DeprecationWarning: Due to '_pack_', the 'struct_rpc_update_gpm_guest_buffer_info_v27_01' Structure will use memory layout compatible with MSVC (Windows). If this is intended, set _layout_ to 'ms'. The implicit default is deprecated and slated to become an error in Python 3.19.
    struct_rpc_update_gpm_guest_buffer_info_v27_01._fields_ = [

tinyops/image/blur_test.py::test_blur_color[ksize0]
  /app/.venv/lib/python3.14/site-packages/tinygrad/runtime/autogen/nv/nv.py:5150: DeprecationWarning: Due to '_pack_', the 'struct_NVB0CC_CTRL_INTERNAL_QUIESCE_PMA_CHANNEL_PARAMS_v1C_08' Structure will use memory layout compatible with MSVC (Windows). If this is intended, set _layout_ to 'ms'. The implicit default is deprecated and slated to become an error in Python 3.19.
    struct_NVB0CC_CTRL_INTERNAL_QUIESCE_PMA_CHANNEL_PARAMS_v1C_08._fields_ = [

tinyops/image/blur_test.py::test_blur_color[ksize0]
  /app/.venv/lib/python3.14/site-packages/tinygrad/runtime/autogen/nv/nv.py:5157: DeprecationWarning: Due to '_pack_', the 'struct_rpc_ctrl_internal_quiesce_pma_channel_v1C_08' Structure will use memory layout compatible with MSVC (Windows). If this is intended, set _layout_ to 'ms'. The implicit default is deprecated and slated to become an error in Python 3.19.
    struct_rpc_ctrl_internal_quiesce_pma_channel_v1C_08._fields_ = [

tinyops/image/blur_test.py::test_blur_color[ksize0]
  /app/.venv/lib/python3.14/site-packages/tinygrad/runtime/autogen/nv/nv.py:5172: DeprecationWarning: Due to '_pack_', the 'struct_NVB0CC_CTRL_INTERNAL_SRIOV_PROMOTE_PMA_STREAM_PARAMS_v1C_0C' Structure will use memory layout compatible with MSVC (Windows). If this is intended, set _layout_ to 'ms'. The implicit default is deprecated and slated to become an error in Python 3.19.
    struct_NVB0CC_CTRL_INTERNAL_SRIOV_PROMOTE_PMA_STREAM_PARAMS_v1C_0C._fields_ = [

tinyops/image/blur_test.py::test_blur_color[ksize0]
  /app/.venv/lib/python3.14/site-packages/tinygrad/runtime/autogen/nv/nv.py:5184: DeprecationWarning: Due to '_pack_', the 'struct_rpc_ctrl_internal_sriov_promote_pma_stream_v1C_0C' Structure will use memory layout compatible with MSVC (Windows). If this is intended, set _layout_ to 'ms'. The implicit default is deprecated and slated to become an error in Python 3.19.
    struct_rpc_ctrl_internal_sriov_promote_pma_stream_v1C_0C._fields_ = [

tinyops/image/blur_test.py::test_blur_color[ksize0]
  /app/.venv/lib/python3.14/site-packages/tinygrad/runtime/autogen/nv/nv.py:5202: DeprecationWarning: Due to '_pack_', the 'struct_NVC637_CTRL_EXEC_PARTITIONS_INFO_v24_05' Structure will use memory layout compatible with MSVC (Windows). If this is intended, set _layout_ to 'ms'. The implicit default is deprecated and slated to become an error in Python 3.19.
    struct_NVC637_CTRL_EXEC_PARTITIONS_INFO_v24_05._fields_ = [

tinyops/image/blur_test.py::test_blur_color[ksize0]
  /app/.venv/lib/python3.14/site-packages/tinygrad/runtime/autogen/nv/nv.py:5218: DeprecationWarning: Due to '_pack_', the 'struct_NVC637_CTRL_EXEC_PARTITIONS_CREATE_PARAMS_v24_05' Structure will use memory layout compatible with MSVC (Windows). If this is intended, set _layout_ to 'ms'. The implicit default is deprecated and slated to become an error in Python 3.19.
    struct_NVC637_CTRL_EXEC_PARTITIONS_CREATE_PARAMS_v24_05._fields_ = [

tinyops/image/blur_test.py::test_blur_color[ksize0]
  /app/.venv/lib/python3.14/site-packages/tinygrad/runtime/autogen/nv/nv.py:5227: DeprecationWarning: Due to '_pack_', the 'struct_rpc_ctrl_exec_partitions_create_v24_05' Structure will use memory layout compatible with MSVC (Windows). If this is intended, set _layout_ to 'ms'. The implicit default is deprecated and slated to become an error in Python 3.19.
    struct_rpc_ctrl_exec_partitions_create_v24_05._fields_ = [

tinyops/image/blur_test.py::test_blur_color[ksize0]
  /app/.venv/lib/python3.14/site-packages/tinygrad/runtime/autogen/nv/nv.py:5243: DeprecationWarning: Due to '_pack_', the 'struct_NV2080_CTRL_FLA_SETUP_INSTANCE_MEM_BLOCK_PARAMS_v13_04' Structure will use memory layout compatible with MSVC (Windows). If this is intended, set _layout_ to 'ms'. The implicit default is deprecated and slated to become an error in Python 3.19.
    struct_NV2080_CTRL_FLA_SETUP_INSTANCE_MEM_BLOCK_PARAMS_v13_04._fields_ = [

tinyops/image/blur_test.py::test_blur_color[ksize0]
  /app/.venv/lib/python3.14/site-packages/tinygrad/runtime/autogen/nv/nv.py:5250: DeprecationWarning: Due to '_pack_', the 'struct_rpc_ctrl_fla_setup_instance_mem_block_v21_05' Structure will use memory layout compatible with MSVC (Windows). If this is intended, set _layout_ to 'ms'. The implicit default is deprecated and slated to become an error in Python 3.19.
    struct_rpc_ctrl_fla_setup_instance_mem_block_v21_05._fields_ = [

tinyops/image/blur_test.py::test_blur_color[ksize0]
  /app/.venv/lib/python3.14/site-packages/tinygrad/runtime/autogen/nv/nv.py:5265: DeprecationWarning: Due to '_pack_', the 'struct_NVB0CC_CTRL_GET_TOTAL_HS_CREDITS_PARAMS_v21_08' Structure will use memory layout compatible with MSVC (Windows). If this is intended, set _layout_ to 'ms'. The implicit default is deprecated and slated to become an error in Python 3.19.
    struct_NVB0CC_CTRL_GET_TOTAL_HS_CREDITS_PARAMS_v21_08._fields_ = [

tinyops/image/blur_test.py::test_blur_color[ksize0]
  /app/.venv/lib/python3.14/site-packages/tinygrad/runtime/autogen/nv/nv.py:5270: DeprecationWarning: Due to '_pack_', the 'struct_rpc_ctrl_get_total_hs_credits_v21_08' Structure will use memory layout compatible with MSVC (Windows). If this is intended, set _layout_ to 'ms'. The implicit default is deprecated and slated to become an error in Python 3.19.
    struct_rpc_ctrl_get_total_hs_credits_v21_08._fields_ = [

tinyops/image/blur_test.py::test_blur_color[ksize0]
  /app/.venv/lib/python3.14/site-packages/tinygrad/runtime/autogen/nv/nv.py:5288: DeprecationWarning: Due to '_pack_', the 'struct_NVB0CC_CTRL_PMA_STREAM_HS_CREDITS_STATUS_v21_08' Structure will use memory layout compatible with MSVC (Windows). If this is intended, set _layout_ to 'ms'. The implicit default is deprecated and slated to become an error in Python 3.19.
    struct_NVB0CC_CTRL_PMA_STREAM_HS_CREDITS_STATUS_v21_08._fields_ = [

tinyops/image/blur_test.py::test_blur_color[ksize0]
  /app/.venv/lib/python3.14/site-packages/tinygrad/runtime/autogen/nv/nv.py:5297: DeprecationWarning: Due to '_pack_', the 'struct_NVB0CC_CTRL_PMA_STREAM_HS_CREDITS_INFO_v21_08' Structure will use memory layout compatible with MSVC (Windows). If this is intended, set _layout_ to 'ms'. The implicit default is deprecated and slated to become an error in Python 3.19.
    struct_NVB0CC_CTRL_PMA_STREAM_HS_CREDITS_INFO_v21_08._fields_ = [

tinyops/image/blur_test.py::test_blur_color[ksize0]
  /app/.venv/lib/python3.14/site-packages/tinygrad/runtime/autogen/nv/nv.py:5304: DeprecationWarning: Due to '_pack_', the 'struct_NVB0CC_CTRL_GET_HS_CREDITS_PARAMS_v21_08' Structure will use memory layout compatible with MSVC (Windows). If this is intended, set _layout_ to 'ms'. The implicit default is deprecated and slated to become an error in Python 3.19.
    struct_NVB0CC_CTRL_GET_HS_CREDITS_PARAMS_v21_08._fields_ = [

tinyops/image/blur_test.py::test_blur_color[ksize0]
  /app/.venv/lib/python3.14/site-packages/tinygrad/runtime/autogen/nv/nv.py:5312: DeprecationWarning: Due to '_pack_', the 'struct_rpc_ctrl_get_hs_credits_v21_08' Structure will use memory layout compatible with MSVC (Windows). If this is intended, set _layout_ to 'ms'. The implicit default is deprecated and slated to become an error in Python 3.19.
    struct_rpc_ctrl_get_hs_credits_v21_08._fields_ = [

tinyops/image/blur_test.py::test_blur_color[ksize0]
  /app/.venv/lib/python3.14/site-packages/tinygrad/runtime/autogen/nv/nv.py:5333: DeprecationWarning: Due to '_pack_', the 'struct_NVB0CC_CTRL_RESERVE_HES_CWD_PARAMS_v29_07' Structure will use memory layout compatible with MSVC (Windows). If this is intended, set _layout_ to 'ms'. The implicit default is deprecated and slated to become an error in Python 3.19.
    struct_NVB0CC_CTRL_RESERVE_HES_CWD_PARAMS_v29_07._fields_ = [

tinyops/image/blur_test.py::test_blur_color[ksize0]
  /app/.venv/lib/python3.14/site-packages/tinygrad/runtime/autogen/nv/nv.py:5338: DeprecationWarning: Due to '_pack_', the 'struct_NVB0CC_CTRL_HES_RESERVATION_UNION_v29_07' Structure will use memory layout compatible with MSVC (Windows). If this is intended, set _layout_ to 'ms'. The implicit default is deprecated and slated to become an error in Python 3.19.
    struct_NVB0CC_CTRL_HES_RESERVATION_UNION_v29_07._fields_ = [

tinyops/image/blur_test.py::test_blur_color[ksize0]
  /app/.venv/lib/python3.14/site-packages/tinygrad/runtime/autogen/nv/nv.py:5343: DeprecationWarning: Due to '_pack_', the 'struct_NVB0CC_CTRL_RESERVE_HES_PARAMS_v29_07' Structure will use memory layout compatible with MSVC (Windows). If this is intended, set _layout_ to 'ms'. The implicit default is deprecated and slated to become an error in Python 3.19.
    struct_NVB0CC_CTRL_RESERVE_HES_PARAMS_v29_07._fields_ = [

tinyops/image/blur_test.py::test_blur_color[ksize0]
  /app/.venv/lib/python3.14/site-packages/tinygrad/runtime/autogen/nv/nv.py:5350: DeprecationWarning: Due to '_pack_', the 'struct_rpc_ctrl_reserve_hes_v29_07' Structure will use memory layout compatible with MSVC (Windows). If this is intended, set _layout_ to 'ms'. The implicit default is deprecated and slated to become an error in Python 3.19.
    struct_rpc_ctrl_reserve_hes_v29_07._fields_ = [

tinyops/image/blur_test.py::test_blur_color[ksize0]
  /app/.venv/lib/python3.14/site-packages/tinygrad/runtime/autogen/nv/nv.py:5365: DeprecationWarning: Due to '_pack_', the 'struct_NVB0CC_CTRL_RELEASE_HES_PARAMS_v29_07' Structure will use memory layout compatible with MSVC (Windows). If this is intended, set _layout_ to 'ms'. The implicit default is deprecated and slated to become an error in Python 3.19.
    struct_NVB0CC_CTRL_RELEASE_HES_PARAMS_v29_07._fields_ = [

tinyops/image/blur_test.py::test_blur_color[ksize0]
  /app/.venv/lib/python3.14/site-packages/tinygrad/runtime/autogen/nv/nv.py:5370: DeprecationWarning: Due to '_pack_', the 'struct_rpc_ctrl_release_hes_v29_07' Structure will use memory layout compatible with MSVC (Windows). If this is intended, set _layout_ to 'ms'. The implicit default is deprecated and slated to become an error in Python 3.19.
    struct_rpc_ctrl_release_hes_v29_07._fields_ = [

tinyops/image/blur_test.py::test_blur_color[ksize0]
  /app/.venv/lib/python3.14/site-packages/tinygrad/runtime/autogen/nv/nv.py:5385: DeprecationWarning: Due to '_pack_', the 'struct_NVB0CC_CTRL_RESERVE_CCUPROF_PARAMS_v29_07' Structure will use memory layout compatible with MSVC (Windows). If this is intended, set _layout_ to 'ms'. The implicit default is deprecated and slated to become an error in Python 3.19.
    struct_NVB0CC_CTRL_RESERVE_CCUPROF_PARAMS_v29_07._fields_ = [

tinyops/image/blur_test.py::test_blur_color[ksize0]
  /app/.venv/lib/python3.14/site-packages/tinygrad/runtime/autogen/nv/nv.py:5390: DeprecationWarning: Due to '_pack_', the 'struct_rpc_ctrl_reserve_ccu_prof_v29_07' Structure will use memory layout compatible with MSVC (Windows). If this is intended, set _layout_ to 'ms'. The implicit default is deprecated and slated to become an error in Python 3.19.
    struct_rpc_ctrl_reserve_ccu_prof_v29_07._fields_ = [

tinyops/image/blur_test.py::test_blur_color[ksize0]
  /app/.venv/lib/python3.14/site-packages/tinygrad/runtime/autogen/nv/nv.py:5403: DeprecationWarning: Due to '_pack_', the 'struct_rpc_ctrl_release_ccu_prof_v29_07' Structure will use memory layout compatible with MSVC (Windows). If this is intended, set _layout_ to 'ms'. The implicit default is deprecated and slated to become an error in Python 3.19.
    struct_rpc_ctrl_release_ccu_prof_v29_07._fields_ = [

tinyops/image/blur_test.py::test_blur_color[ksize0]
  /app/.venv/lib/python3.14/site-packages/tinygrad/runtime/autogen/nv/nv.py:5417: DeprecationWarning: Due to '_pack_', the 'struct_NVB0CC_CTRL_SET_HS_CREDITS_PARAMS_v21_08' Structure will use memory layout compatible with MSVC (Windows). If this is intended, set _layout_ to 'ms'. The implicit default is deprecated and slated to become an error in Python 3.19.
    struct_NVB0CC_CTRL_SET_HS_CREDITS_PARAMS_v21_08._fields_ = [

tinyops/image/blur_test.py::test_blur_color[ksize0]
  /app/.venv/lib/python3.14/site-packages/tinygrad/runtime/autogen/nv/nv.py:5425: DeprecationWarning: Due to '_pack_', the 'struct_rpc_ctrl_set_hs_credits_v21_08' Structure will use memory layout compatible with MSVC (Windows). If this is intended, set _layout_ to 'ms'. The implicit default is deprecated and slated to become an error in Python 3.19.
    struct_rpc_ctrl_set_hs_credits_v21_08._fields_ = [

tinyops/image/blur_test.py::test_blur_color[ksize0]
  /app/.venv/lib/python3.14/site-packages/tinygrad/runtime/autogen/nv/nv.py:5437: DeprecationWarning: Due to '_pack_', the 'struct_rpc_ctrl_pm_area_pc_sampler_v21_0B' Structure will use memory layout compatible with MSVC (Windows). If this is intended, set _layout_ to 'ms'. The implicit default is deprecated and slated to become an error in Python 3.19.
    struct_rpc_ctrl_pm_area_pc_sampler_v21_0B._fields_ = [

tinyops/image/blur_test.py::test_blur_color[ksize0]
  /app/.venv/lib/python3.14/site-packages/tinygrad/runtime/autogen/nv/nv.py:5452: DeprecationWarning: Due to '_pack_', the 'struct_NVC637_CTRL_EXEC_PARTITIONS_DELETE_PARAMS_v18_05' Structure will use memory layout compatible with MSVC (Windows). If this is intended, set _layout_ to 'ms'. The implicit default is deprecated and slated to become an error in Python 3.19.
    struct_NVC637_CTRL_EXEC_PARTITIONS_DELETE_PARAMS_v18_05._fields_ = [

tinyops/image/blur_test.py::test_blur_color[ksize0]
  /app/.venv/lib/python3.14/site-packages/tinygrad/runtime/autogen/nv/nv.py:5458: DeprecationWarning: Due to '_pack_', the 'struct_rpc_ctrl_exec_partitions_delete_v1F_0A' Structure will use memory layout compatible with MSVC (Windows). If this is intended, set _layout_ to 'ms'. The implicit default is deprecated and slated to become an error in Python 3.19.
    struct_rpc_ctrl_exec_partitions_delete_v1F_0A._fields_ = [

tinyops/image/blur_test.py::test_blur_color[ksize0]
  /app/.venv/lib/python3.14/site-packages/tinygrad/runtime/autogen/nv/nv.py:5473: DeprecationWarning: Due to '_pack_', the 'struct_NVC36F_CTRL_CMD_GPFIFO_GET_WORK_SUBMIT_TOKEN_PARAMS_v08_00' Structure will use memory layout compatible with MSVC (Windows). If this is intended, set _layout_ to 'ms'. The implicit default is deprecated and slated to become an error in Python 3.19.
    struct_NVC36F_CTRL_CMD_GPFIFO_GET_WORK_SUBMIT_TOKEN_PARAMS_v08_00._fields_ = [

tinyops/image/blur_test.py::test_blur_color[ksize0]
  /app/.venv/lib/python3.14/site-packages/tinygrad/runtime/autogen/nv/nv.py:5478: DeprecationWarning: Due to '_pack_', the 'struct_rpc_ctrl_gpfifo_get_work_submit_token_v1F_0A' Structure will use memory layout compatible with MSVC (Windows). If this is intended, set _layout_ to 'ms'. The implicit default is deprecated and slated to become an error in Python 3.19.
    struct_rpc_ctrl_gpfifo_get_work_submit_token_v1F_0A._fields_ = [

tinyops/image/blur_test.py::test_blur_color[ksize0]
  /app/.venv/lib/python3.14/site-packages/tinygrad/runtime/autogen/nv/nv.py:5493: DeprecationWarning: Due to '_pack_', the 'struct_NVC36F_CTRL_GPFIFO_SET_WORK_SUBMIT_TOKEN_NOTIF_INDEX_PARAMS_v16_04' Structure will use memory layout compatible with MSVC (Windows). If this is intended, set _layout_ to 'ms'. The implicit default is deprecated and slated to become an error in Python 3.19.
    struct_NVC36F_CTRL_GPFIFO_SET_WORK_SUBMIT_TOKEN_NOTIF_INDEX_PARAMS_v16_04._fields_ = [

tinyops/image/blur_test.py::test_blur_color[ksize0]
  /app/.venv/lib/python3.14/site-packages/tinygrad/runtime/autogen/nv/nv.py:5498: DeprecationWarning: Due to '_pack_', the 'struct_rpc_ctrl_gpfifo_set_work_submit_token_notif_index_v1F_0A' Structure will use memory layout compatible with MSVC (Windows). If this is intended, set _layout_ to 'ms'. The implicit default is deprecated and slated to become an error in Python 3.19.
    struct_rpc_ctrl_gpfifo_set_work_submit_token_notif_index_v1F_0A._fields_ = [

tinyops/image/blur_test.py::test_blur_color[ksize0]
  /app/.venv/lib/python3.14/site-packages/tinygrad/runtime/autogen/nv/nv.py:5513: DeprecationWarning: Due to '_pack_', the 'struct_NV90E6_CTRL_MASTER_GET_VIRTUAL_FUNCTION_ERROR_CONT_INTR_MASK_PARAMS_v18_0B' Structure will use memory layout compatible with MSVC (Windows). If this is intended, set _layout_ to 'ms'. The implicit default is deprecated and slated to become an error in Python 3.19.
    struct_NV90E6_CTRL_MASTER_GET_VIRTUAL_FUNCTION_ERROR_CONT_INTR_MASK_PARAMS_v18_0B._fields_ = [

tinyops/image/blur_test.py::test_blur_color[ksize0]
  /app/.venv/lib/python3.14/site-packages/tinygrad/runtime/autogen/nv/nv.py:5519: DeprecationWarning: Due to '_pack_', the 'struct_rpc_ctrl_master_get_virtual_function_error_cont_intr_mask_v1F_0D' Structure will use memory layout compatible with MSVC (Windows). If this is intended, set _layout_ to 'ms'. The implicit default is deprecated and slated to become an error in Python 3.19.
    struct_rpc_ctrl_master_get_virtual_function_error_cont_intr_mask_v1F_0D._fields_ = [

tinyops/image/blur_test.py::test_blur_color[ksize0]
  /app/.venv/lib/python3.14/site-packages/tinygrad/runtime/autogen/nv/nv.py:5531: DeprecationWarning: Due to '_pack_', the 'struct_rpc_save_hibernation_data_v1E_0E' Structure will use memory layout compatible with MSVC (Windows). If this is intended, set _layout_ to 'ms'. The implicit default is deprecated and slated to become an error in Python 3.19.
    struct_rpc_save_hibernation_data_v1E_0E._fields_ = [

tinyops/image/blur_test.py::test_blur_color[ksize0]
  /app/.venv/lib/python3.14/site-packages/tinygrad/runtime/autogen/nv/nv.py:5542: DeprecationWarning: Due to '_pack_', the 'struct_rpc_restore_hibernation_data_v1E_0E' Structure will use memory layout compatible with MSVC (Windows). If this is intended, set _layout_ to 'ms'. The implicit default is deprecated and slated to become an error in Python 3.19.
    struct_rpc_restore_hibernation_data_v1E_0E._fields_ = [

tinyops/image/blur_test.py::test_blur_color[ksize0]
  /app/.venv/lib/python3.14/site-packages/tinygrad/runtime/autogen/nv/nv.py:5556: DeprecationWarning: Due to '_pack_', the 'struct_NV0090_CTRL_GET_MMU_DEBUG_MODE_PARAMS_v1E_06' Structure will use memory layout compatible with MSVC (Windows). If this is intended, set _layout_ to 'ms'. The implicit default is deprecated and slated to become an error in Python 3.19.
    struct_NV0090_CTRL_GET_MMU_DEBUG_MODE_PARAMS_v1E_06._fields_ = [

tinyops/image/blur_test.py::test_blur_color[ksize0]
  /app/.venv/lib/python3.14/site-packages/tinygrad/runtime/autogen/nv/nv.py:5561: DeprecationWarning: Due to '_pack_', the 'struct_rpc_ctrl_get_mmu_debug_mode_v1E_06' Structure will use memory layout compatible with MSVC (Windows). If this is intended, set _layout_ to 'ms'. The implicit default is deprecated and slated to become an error in Python 3.19.
    struct_rpc_ctrl_get_mmu_debug_mode_v1E_06._fields_ = [

tinyops/image/blur_test.py::test_blur_color[ksize0]
  /app/.venv/lib/python3.14/site-packages/tinygrad/runtime/autogen/nv/nv.py:5574: DeprecationWarning: Due to '_pack_', the 'struct_rpc_disable_channels_v1E_0B' Structure will use memory layout compatible with MSVC (Windows). If this is intended, set _layout_ to 'ms'. The implicit default is deprecated and slated to become an error in Python 3.19.
    struct_rpc_disable_channels_v1E_0B._fields_ = [

tinyops/image/blur_test.py::test_blur_color[ksize0]
  /app/.venv/lib/python3.14/site-packages/tinygrad/runtime/autogen/nv/nv.py:5587: DeprecationWarning: Due to '_pack_', the 'struct_NV2080_CTRL_GPU_MIGRATABLE_OPS_PARAMS_v21_07' Structure will use memory layout compatible with MSVC (Windows). If this is intended, set _layout_ to 'ms'. The implicit default is deprecated and slated to become an error in Python 3.19.
    struct_NV2080_CTRL_GPU_MIGRATABLE_OPS_PARAMS_v21_07._fields_ = [

tinyops/image/blur_test.py::test_blur_color[ksize0]
  /app/.venv/lib/python3.14/site-packages/tinygrad/runtime/autogen/nv/nv.py:5598: DeprecationWarning: Due to '_pack_', the 'struct_rpc_ctrl_gpu_migratable_ops_v21_07' Structure will use memory layout compatible with MSVC (Windows). If this is intended, set _layout_ to 'ms'. The implicit default is deprecated and slated to become an error in Python 3.19.
    struct_rpc_ctrl_gpu_migratable_ops_v21_07._fields_ = [

tinyops/image/blur_test.py::test_blur_color[ksize0]
  /app/.venv/lib/python3.14/site-packages/tinygrad/runtime/autogen/nv/nv.py:5610: DeprecationWarning: Due to '_pack_', the 'struct_rpc_invalidate_tlb_v23_03' Structure will use memory layout compatible with MSVC (Windows). If this is intended, set _layout_ to 'ms'. The implicit default is deprecated and slated to become an error in Python 3.19.
    struct_rpc_invalidate_tlb_v23_03._fields_ = [

tinyops/image/blur_test.py::test_blur_color[ksize0]
  /app/.venv/lib/python3.14/site-packages/tinygrad/runtime/autogen/nv/nv.py:5622: DeprecationWarning: Due to '_pack_', the 'struct_rpc_get_brand_caps_v25_12' Structure will use memory layout compatible with MSVC (Windows). If this is intended, set _layout_ to 'ms'. The implicit default is deprecated and slated to become an error in Python 3.19.
    struct_rpc_get_brand_caps_v25_12._fields_ = [

tinyops/image/blur_test.py::test_blur_color[ksize0]
  /app/.venv/lib/python3.14/site-packages/tinygrad/runtime/autogen/nv/nv.py:5632: DeprecationWarning: Due to '_pack_', the 'struct_rpc_gsp_set_system_info_v17_00' Structure will use memory layout compatible with MSVC (Windows). If this is intended, set _layout_ to 'ms'. The implicit default is deprecated and slated to become an error in Python 3.19.
    struct_rpc_gsp_set_system_info_v17_00._fields_ = [

tinyops/image/blur_test.py::test_blur_color[ksize0]
  /app/.venv/lib/python3.14/site-packages/tinygrad/runtime/autogen/nv/nv.py:5642: DeprecationWarning: Due to '_pack_', the 'struct_rpc_gsp_rm_alloc_v03_00' Structure will use memory layout compatible with MSVC (Windows). If this is intended, set _layout_ to 'ms'. The implicit default is deprecated and slated to become an error in Python 3.19.
    struct_rpc_gsp_rm_alloc_v03_00._fields_ = [

tinyops/image/blur_test.py::test_blur_color[ksize0]
  /app/.venv/lib/python3.14/site-packages/tinygrad/runtime/autogen/nv/nv.py:5660: DeprecationWarning: Due to '_pack_', the 'struct_rpc_gsp_rm_control_v03_00' Structure will use memory layout compatible with MSVC (Windows). If this is intended, set _layout_ to 'ms'. The implicit default is deprecated and slated to become an error in Python 3.19.
    struct_rpc_gsp_rm_control_v03_00._fields_ = [

tinyops/image/blur_test.py::test_blur_color[ksize0]
  /app/.venv/lib/python3.14/site-packages/tinygrad/runtime/autogen/nv/nv.py:5676: DeprecationWarning: Due to '_pack_', the 'struct_rpc_dump_protobuf_component_v18_12' Structure will use memory layout compatible with MSVC (Windows). If this is intended, set _layout_ to 'ms'. The implicit default is deprecated and slated to become an error in Python 3.19.
    struct_rpc_dump_protobuf_component_v18_12._fields_ = [

tinyops/image/blur_test.py::test_blur_color[ksize0]
  /app/.venv/lib/python3.14/site-packages/tinygrad/runtime/autogen/nv/nv.py:5692: DeprecationWarning: Due to '_pack_', the 'struct_rpc_run_cpu_sequencer_v17_00' Structure will use memory layout compatible with MSVC (Windows). If this is intended, set _layout_ to 'ms'. The implicit default is deprecated and slated to become an error in Python 3.19.
    struct_rpc_run_cpu_sequencer_v17_00._fields_ = [

tinyops/image/blur_test.py::test_blur_color[ksize0]
  /app/.venv/lib/python3.14/site-packages/tinygrad/runtime/autogen/nv/nv.py:5705: DeprecationWarning: Due to '_pack_', the 'struct_rpc_post_event_v17_00' Structure will use memory layout compatible with MSVC (Windows). If this is intended, set _layout_ to 'ms'. The implicit default is deprecated and slated to become an error in Python 3.19.
    struct_rpc_post_event_v17_00._fields_ = [

tinyops/image/blur_test.py::test_blur_color[ksize0]
  /app/.venv/lib/python3.14/site-packages/tinygrad/runtime/autogen/nv/nv.py:5725: DeprecationWarning: Due to '_pack_', the 'struct_rpc_rc_triggered_v17_02' Structure will use memory layout compatible with MSVC (Windows). If this is intended, set _layout_ to 'ms'. The implicit default is deprecated and slated to become an error in Python 3.19.
    struct_rpc_rc_triggered_v17_02._fields_ = [

tinyops/image/blur_test.py::test_blur_color[ksize0]
  /app/.venv/lib/python3.14/site-packages/tinygrad/runtime/autogen/nv/nv.py:5749: DeprecationWarning: Due to '_pack_', the 'struct_rpc_os_error_log_v17_00' Structure will use memory layout compatible with MSVC (Windows). If this is intended, set _layout_ to 'ms'. The implicit default is deprecated and slated to become an error in Python 3.19.
    struct_rpc_os_error_log_v17_00._fields_ = [

tinyops/image/blur_test.py::test_blur_color[ksize0]
  /app/.venv/lib/python3.14/site-packages/tinygrad/runtime/autogen/nv/nv.py:5762: DeprecationWarning: Due to '_pack_', the 'struct_rpc_rg_line_intr_v17_00' Structure will use memory layout compatible with MSVC (Windows). If this is intended, set _layout_ to 'ms'. The implicit default is deprecated and slated to become an error in Python 3.19.
    struct_rpc_rg_line_intr_v17_00._fields_ = [

tinyops/image/blur_test.py::test_blur_color[ksize0]
  /app/.venv/lib/python3.14/site-packages/tinygrad/runtime/autogen/nv/nv.py:5773: DeprecationWarning: Due to '_pack_', the 'struct_rpc_display_modeset_v01_00' Structure will use memory layout compatible with MSVC (Windows). If this is intended, set _layout_ to 'ms'. The implicit default is deprecated and slated to become an error in Python 3.19.
    struct_rpc_display_modeset_v01_00._fields_ = [

tinyops/image/blur_test.py::test_blur_color[ksize0]
  /app/.venv/lib/python3.14/site-packages/tinygrad/runtime/autogen/nv/nv.py:5789: DeprecationWarning: Due to '_pack_', the 'struct_NV2080_CTRL_PERF_GET_GPUMON_PERFMON_UTIL_SAMPLES_V2_PARAMS_v1F_0E' Structure will use memory layout compatible with MSVC (Windows). If this is intended, set _layout_ to 'ms'. The implicit default is deprecated and slated to become an error in Python 3.19.
    struct_NV2080_CTRL_PERF_GET_GPUMON_PERFMON_UTIL_SAMPLES_V2_PARAMS_v1F_0E._fields_ = [

tinyops/image/blur_test.py::test_blur_color[ksize0]
  /app/.venv/lib/python3.14/site-packages/tinygrad/runtime/autogen/nv/nv.py:5799: DeprecationWarning: Due to '_pack_', the 'struct_rpc_gpuacct_perfmon_util_samples_v1F_0E' Structure will use memory layout compatible with MSVC (Windows). If this is intended, set _layout_ to 'ms'. The implicit default is deprecated and slated to become an error in Python 3.19.
    struct_rpc_gpuacct_perfmon_util_samples_v1F_0E._fields_ = [

tinyops/image/blur_test.py::test_blur_color[ksize0]
  /app/.venv/lib/python3.14/site-packages/tinygrad/runtime/autogen/nv/nv.py:5809: DeprecationWarning: Due to '_pack_', the 'struct_rpc_vgpu_gsp_plugin_triggered_v17_00' Structure will use memory layout compatible with MSVC (Windows). If this is intended, set _layout_ to 'ms'. The implicit default is deprecated and slated to become an error in Python 3.19.
    struct_rpc_vgpu_gsp_plugin_triggered_v17_00._fields_ = [

tinyops/image/blur_test.py::test_blur_color[ksize0]
  /app/.venv/lib/python3.14/site-packages/tinygrad/runtime/autogen/nv/nv.py:5820: DeprecationWarning: Due to '_pack_', the 'struct_rpc_vgpu_config_event_v17_00' Structure will use memory layout compatible with MSVC (Windows). If this is intended, set _layout_ to 'ms'. The implicit default is deprecated and slated to become an error in Python 3.19.
    struct_rpc_vgpu_config_event_v17_00._fields_ = [

tinyops/image/blur_test.py::test_blur_color[ksize0]
  /app/.venv/lib/python3.14/site-packages/tinygrad/runtime/autogen/nv/nv.py:5830: DeprecationWarning: Due to '_pack_', the 'struct_rpc_dce_rm_init_v01_00' Structure will use memory layout compatible with MSVC (Windows). If this is intended, set _layout_ to 'ms'. The implicit default is deprecated and slated to become an error in Python 3.19.
    struct_rpc_dce_rm_init_v01_00._fields_ = [

tinyops/image/blur_test.py::test_blur_color[ksize0]
  /app/.venv/lib/python3.14/site-packages/tinygrad/runtime/autogen/nv/nv.py:5842: DeprecationWarning: Due to '_pack_', the 'struct_rpc_sim_read_v1E_01' Structure will use memory layout compatible with MSVC (Windows). If this is intended, set _layout_ to 'ms'. The implicit default is deprecated and slated to become an error in Python 3.19.
    struct_rpc_sim_read_v1E_01._fields_ = [

tinyops/image/blur_test.py::test_blur_color[ksize0]
  /app/.venv/lib/python3.14/site-packages/tinygrad/runtime/autogen/nv/nv.py:5854: DeprecationWarning: Due to '_pack_', the 'struct_rpc_sim_write_v1E_01' Structure will use memory layout compatible with MSVC (Windows). If this is intended, set _layout_ to 'ms'. The implicit default is deprecated and slated to become an error in Python 3.19.
    struct_rpc_sim_write_v1E_01._fields_ = [

tinyops/image/blur_test.py::test_blur_color[ksize0]
  /app/.venv/lib/python3.14/site-packages/tinygrad/runtime/autogen/nv/nv.py:5867: DeprecationWarning: Due to '_pack_', the 'struct_rpc_ucode_libos_print_v1E_08' Structure will use memory layout compatible with MSVC (Windows). If this is intended, set _layout_ to 'ms'. The implicit default is deprecated and slated to become an error in Python 3.19.
    struct_rpc_ucode_libos_print_v1E_08._fields_ = [

tinyops/image/blur_test.py::test_blur_color[ksize0]
  /app/.venv/lib/python3.14/site-packages/tinygrad/runtime/autogen/nv/nv.py:5879: DeprecationWarning: Due to '_pack_', the 'struct_rpc_init_done_v17_00' Structure will use memory layout compatible with MSVC (Windows). If this is intended, set _layout_ to 'ms'. The implicit default is deprecated and slated to become an error in Python 3.19.
    struct_rpc_init_done_v17_00._fields_ = [

tinyops/image/blur_test.py::test_blur_color[ksize0]
  /app/.venv/lib/python3.14/site-packages/tinygrad/runtime/autogen/nv/nv.py:5889: DeprecationWarning: Due to '_pack_', the 'struct_rpc_semaphore_schedule_callback_v17_00' Structure will use memory layout compatible with MSVC (Windows). If this is intended, set _layout_ to 'ms'. The implicit default is deprecated and slated to become an error in Python 3.19.
    struct_rpc_semaphore_schedule_callback_v17_00._fields_ = [

tinyops/image/blur_test.py::test_blur_color[ksize0]
  /app/.venv/lib/python3.14/site-packages/tinygrad/runtime/autogen/nv/nv.py:5905: DeprecationWarning: Due to '_pack_', the 'struct_rpc_timed_semaphore_release_v01_00' Structure will use memory layout compatible with MSVC (Windows). If this is intended, set _layout_ to 'ms'. The implicit default is deprecated and slated to become an error in Python 3.19.
    struct_rpc_timed_semaphore_release_v01_00._fields_ = [

tinyops/image/blur_test.py::test_blur_color[ksize0]
  /app/.venv/lib/python3.14/site-packages/tinygrad/runtime/autogen/nv/nv.py:5925: DeprecationWarning: Due to '_pack_', the 'struct_NV2080_CTRL_INTERNAL_PERF_GPU_BOOST_SYNC_SET_LIMITS_PARAMS_v17_00' Structure will use memory layout compatible with MSVC (Windows). If this is intended, set _layout_ to 'ms'. The implicit default is deprecated and slated to become an error in Python 3.19.
    struct_NV2080_CTRL_INTERNAL_PERF_GPU_BOOST_SYNC_SET_LIMITS_PARAMS_v17_00._fields_ = [

tinyops/image/blur_test.py::test_blur_color[ksize0]
  /app/.venv/lib/python3.14/site-packages/tinygrad/runtime/autogen/nv/nv.py:5933: DeprecationWarning: Due to '_pack_', the 'struct_rpc_perf_gpu_boost_sync_limits_callback_v17_00' Structure will use memory layout compatible with MSVC (Windows). If this is intended, set _layout_ to 'ms'. The implicit default is deprecated and slated to become an error in Python 3.19.
    struct_rpc_perf_gpu_boost_sync_limits_callback_v17_00._fields_ = [

tinyops/image/blur_test.py::test_blur_color[ksize0]
  /app/.venv/lib/python3.14/site-packages/tinygrad/runtime/autogen/nv/nv.py:5943: DeprecationWarning: Due to '_pack_', the 'struct_rpc_perf_bridgeless_info_update_v17_00' Structure will use memory layout compatible with MSVC (Windows). If this is intended, set _layout_ to 'ms'. The implicit default is deprecated and slated to become an error in Python 3.19.
    struct_rpc_perf_bridgeless_info_update_v17_00._fields_ = [

tinyops/image/blur_test.py::test_blur_color[ksize0]
  /app/.venv/lib/python3.14/site-packages/tinygrad/runtime/autogen/nv/nv.py:5953: DeprecationWarning: Due to '_pack_', the 'struct_rpc_nvlink_fault_up_v17_00' Structure will use memory layout compatible with MSVC (Windows). If this is intended, set _layout_ to 'ms'. The implicit default is deprecated and slated to become an error in Python 3.19.
    struct_rpc_nvlink_fault_up_v17_00._fields_ = [

tinyops/image/blur_test.py::test_blur_color[ksize0]
  /app/.venv/lib/python3.14/site-packages/tinygrad/runtime/autogen/nv/nv.py:5966: DeprecationWarning: Due to '_pack_', the 'struct_NV2080_CTRL_NVLINK_INBAND_RECEIVED_DATA_256_PARAMS_v17_00' Structure will use memory layout compatible with MSVC (Windows). If this is intended, set _layout_ to 'ms'. The implicit default is deprecated and slated to become an error in Python 3.19.
    struct_NV2080_CTRL_NVLINK_INBAND_RECEIVED_DATA_256_PARAMS_v17_00._fields_ = [

tinyops/image/blur_test.py::test_blur_color[ksize0]
  /app/.venv/lib/python3.14/site-packages/tinygrad/runtime/autogen/nv/nv.py:5972: DeprecationWarning: Due to '_pack_', the 'struct_rpc_nvlink_inband_received_data_256_v17_00' Structure will use memory layout compatible with MSVC (Windows). If this is intended, set _layout_ to 'ms'. The implicit default is deprecated and slated to become an error in Python 3.19.
    struct_rpc_nvlink_inband_received_data_256_v17_00._fields_ = [

tinyops/image/blur_test.py::test_blur_color[ksize0]
  /app/.venv/lib/python3.14/site-packages/tinygrad/runtime/autogen/nv/nv.py:5985: DeprecationWarning: Due to '_pack_', the 'struct_NV2080_CTRL_NVLINK_INBAND_RECEIVED_DATA_512_PARAMS_v17_00' Structure will use memory layout compatible with MSVC (Windows). If this is intended, set _layout_ to 'ms'. The implicit default is deprecated and slated to become an error in Python 3.19.
    struct_NV2080_CTRL_NVLINK_INBAND_RECEIVED_DATA_512_PARAMS_v17_00._fields_ = [

tinyops/image/blur_test.py::test_blur_color[ksize0]
  /app/.venv/lib/python3.14/site-packages/tinygrad/runtime/autogen/nv/nv.py:5991: DeprecationWarning: Due to '_pack_', the 'struct_rpc_nvlink_inband_received_data_512_v17_00' Structure will use memory layout compatible with MSVC (Windows). If this is intended, set _layout_ to 'ms'. The implicit default is deprecated and slated to become an error in Python 3.19.
    struct_rpc_nvlink_inband_received_data_512_v17_00._fields_ = [

tinyops/image/blur_test.py::test_blur_color[ksize0]
  /app/.venv/lib/python3.14/site-packages/tinygrad/runtime/autogen/nv/nv.py:6004: DeprecationWarning: Due to '_pack_', the 'struct_NV2080_CTRL_NVLINK_INBAND_RECEIVED_DATA_1024_PARAMS_v17_00' Structure will use memory layout compatible with MSVC (Windows). If this is intended, set _layout_ to 'ms'. The implicit default is deprecated and slated to become an error in Python 3.19.
    struct_NV2080_CTRL_NVLINK_INBAND_RECEIVED_DATA_1024_PARAMS_v17_00._fields_ = [

tinyops/image/blur_test.py::test_blur_color[ksize0]
  /app/.venv/lib/python3.14/site-packages/tinygrad/runtime/autogen/nv/nv.py:6010: DeprecationWarning: Due to '_pack_', the 'struct_rpc_nvlink_inband_received_data_1024_v17_00' Structure will use memory layout compatible with MSVC (Windows). If this is intended, set _layout_ to 'ms'. The implicit default is deprecated and slated to become an error in Python 3.19.
    struct_rpc_nvlink_inband_received_data_1024_v17_00._fields_ = [

tinyops/image/blur_test.py::test_blur_color[ksize0]
  /app/.venv/lib/python3.14/site-packages/tinygrad/runtime/autogen/nv/nv.py:6023: DeprecationWarning: Due to '_pack_', the 'struct_NV2080_CTRL_NVLINK_INBAND_RECEIVED_DATA_2048_PARAMS_v17_00' Structure will use memory layout compatible with MSVC (Windows). If this is intended, set _layout_ to 'ms'. The implicit default is deprecated and slated to become an error in Python 3.19.
    struct_NV2080_CTRL_NVLINK_INBAND_RECEIVED_DATA_2048_PARAMS_v17_00._fields_ = [

tinyops/image/blur_test.py::test_blur_color[ksize0]
  /app/.venv/lib/python3.14/site-packages/tinygrad/runtime/autogen/nv/nv.py:6029: DeprecationWarning: Due to '_pack_', the 'struct_rpc_nvlink_inband_received_data_2048_v17_00' Structure will use memory layout compatible with MSVC (Windows). If this is intended, set _layout_ to 'ms'. The implicit default is deprecated and slated to become an error in Python 3.19.
    struct_rpc_nvlink_inband_received_data_2048_v17_00._fields_ = [

tinyops/image/blur_test.py::test_blur_color[ksize0]
  /app/.venv/lib/python3.14/site-packages/tinygrad/runtime/autogen/nv/nv.py:6042: DeprecationWarning: Due to '_pack_', the 'struct_NV2080_CTRL_NVLINK_INBAND_RECEIVED_DATA_4096_PARAMS_v17_00' Structure will use memory layout compatible with MSVC (Windows). If this is intended, set _layout_ to 'ms'. The implicit default is deprecated and slated to become an error in Python 3.19.
    struct_NV2080_CTRL_NVLINK_INBAND_RECEIVED_DATA_4096_PARAMS_v17_00._fields_ = [

tinyops/image/blur_test.py::test_blur_color[ksize0]
  /app/.venv/lib/python3.14/site-packages/tinygrad/runtime/autogen/nv/nv.py:6048: DeprecationWarning: Due to '_pack_', the 'struct_rpc_nvlink_inband_received_data_4096_v17_00' Structure will use memory layout compatible with MSVC (Windows). If this is intended, set _layout_ to 'ms'. The implicit default is deprecated and slated to become an error in Python 3.19.
    struct_rpc_nvlink_inband_received_data_4096_v17_00._fields_ = [

tinyops/image/blur_test.py::test_blur_color[ksize0]
  /app/.venv/lib/python3.14/site-packages/tinygrad/runtime/autogen/nv/nv.py:6061: DeprecationWarning: Due to '_pack_', the 'struct_NV2080_CTRL_NVLINK_IS_GPU_DEGRADED_PARAMS_v17_00' Structure will use memory layout compatible with MSVC (Windows). If this is intended, set _layout_ to 'ms'. The implicit default is deprecated and slated to become an error in Python 3.19.
    struct_NV2080_CTRL_NVLINK_IS_GPU_DEGRADED_PARAMS_v17_00._fields_ = [

tinyops/image/blur_test.py::test_blur_color[ksize0]
  /app/.venv/lib/python3.14/site-packages/tinygrad/runtime/autogen/nv/nv.py:6068: DeprecationWarning: Due to '_pack_', the 'struct_rpc_nvlink_is_gpu_degraded_v17_00' Structure will use memory layout compatible with MSVC (Windows). If this is intended, set _layout_ to 'ms'. The implicit default is deprecated and slated to become an error in Python 3.19.
    struct_rpc_nvlink_is_gpu_degraded_v17_00._fields_ = [

tinyops/image/blur_test.py::test_blur_color[ksize0]
  /app/.venv/lib/python3.14/site-packages/tinygrad/runtime/autogen/nv/nv.py:6081: DeprecationWarning: Due to '_pack_', the 'struct_NV2080_CTRL_NVLINK_FATAL_ERROR_RECOVERY_PARAMS_v17_00' Structure will use memory layout compatible with MSVC (Windows). If this is intended, set _layout_ to 'ms'. The implicit default is deprecated and slated to become an error in Python 3.19.
    struct_NV2080_CTRL_NVLINK_FATAL_ERROR_RECOVERY_PARAMS_v17_00._fields_ = [

tinyops/image/blur_test.py::test_blur_color[ksize0]
  /app/.venv/lib/python3.14/site-packages/tinygrad/runtime/autogen/nv/nv.py:6087: DeprecationWarning: Due to '_pack_', the 'struct_rpc_nvlink_fatal_error_recovery_v17_00' Structure will use memory layout compatible with MSVC (Windows). If this is intended, set _layout_ to 'ms'. The implicit default is deprecated and slated to become an error in Python 3.19.
    struct_rpc_nvlink_fatal_error_recovery_v17_00._fields_ = [

tinyops/image/blur_test.py::test_blur_color[ksize0]
  /app/.venv/lib/python3.14/site-packages/tinygrad/runtime/autogen/nv/nv.py:6097: DeprecationWarning: Due to '_pack_', the 'struct_rpc_update_gsp_trace_v01_00' Structure will use memory layout compatible with MSVC (Windows). If this is intended, set _layout_ to 'ms'. The implicit default is deprecated and slated to become an error in Python 3.19.
    struct_rpc_update_gsp_trace_v01_00._fields_ = [

tinyops/image/blur_test.py::test_blur_color[ksize0]
  /app/.venv/lib/python3.14/site-packages/tinygrad/runtime/autogen/nv/nv.py:6108: DeprecationWarning: Due to '_pack_', the 'struct_rpc_gsp_post_nocat_record_v01_00' Structure will use memory layout compatible with MSVC (Windows). If this is intended, set _layout_ to 'ms'. The implicit default is deprecated and slated to become an error in Python 3.19.
    struct_rpc_gsp_post_nocat_record_v01_00._fields_ = [

tinyops/image/blur_test.py::test_blur_color[ksize0]
  /app/.venv/lib/python3.14/site-packages/tinygrad/runtime/autogen/nv/nv.py:6118: DeprecationWarning: Due to '_pack_', the 'struct_rpc_extdev_intr_service_v17_00' Structure will use memory layout compatible with MSVC (Windows). If this is intended, set _layout_ to 'ms'. The implicit default is deprecated and slated to become an error in Python 3.19.
    struct_rpc_extdev_intr_service_v17_00._fields_ = [

tinyops/image/blur_test.py::test_blur_color[ksize0]
  /app/.venv/lib/python3.14/site-packages/tinygrad/runtime/autogen/nv/nv.py:6143: DeprecationWarning: Due to '_pack_', the 'struct_NV2080_CTRL_INTERNAL_PFM_REQ_HNDLR_STATE_SYNC_DATA_SMBPBI_v21_04' Structure will use memory layout compatible with MSVC (Windows). If this is intended, set _layout_ to 'ms'. The implicit default is deprecated and slated to become an error in Python 3.19.
    struct_NV2080_CTRL_INTERNAL_PFM_REQ_HNDLR_STATE_SYNC_DATA_SMBPBI_v21_04._fields_ = [

tinyops/image/blur_test.py::test_blur_color[ksize0]
  /app/.venv/lib/python3.14/site-packages/tinygrad/runtime/autogen/nv/nv.py:6149: DeprecationWarning: Due to '_pack_', the 'union_NV2080_CTRL_INTERNAL_PFM_REQ_HNDLR_STATE_SYNC_DATA_type_v21_04' Union will use memory layout compatible with MSVC (Windows). If this is intended, set _layout_ to 'ms'. The implicit default is deprecated and slated to become an error in Python 3.19.
    union_NV2080_CTRL_INTERNAL_PFM_REQ_HNDLR_STATE_SYNC_DATA_type_v21_04._fields_ = [

tinyops/image/blur_test.py::test_blur_color[ksize0]
  /app/.venv/lib/python3.14/site-packages/tinygrad/runtime/autogen/nv/nv.py:6154: DeprecationWarning: Due to '_pack_', the 'struct_NV2080_CTRL_INTERNAL_PFM_REQ_HNDLR_STATE_SYNC_data_v21_04' Structure will use memory layout compatible with MSVC (Windows). If this is intended, set _layout_ to 'ms'. The implicit default is deprecated and slated to become an error in Python 3.19.
    struct_NV2080_CTRL_INTERNAL_PFM_REQ_HNDLR_STATE_SYNC_data_v21_04._fields_ = [

tinyops/image/blur_test.py::test_blur_color[ksize0]
  /app/.venv/lib/python3.14/site-packages/tinygrad/runtime/autogen/nv/nv.py:6161: DeprecationWarning: Due to '_pack_', the 'struct_NV2080_CTRL_INTERNAL_PFM_REQ_HNDLR_STATE_SYNC_PARAMS_v21_04' Structure will use memory layout compatible with MSVC (Windows). If this is intended, set _layout_ to 'ms'. The implicit default is deprecated and slated to become an error in Python 3.19.
    struct_NV2080_CTRL_INTERNAL_PFM_REQ_HNDLR_STATE_SYNC_PARAMS_v21_04._fields_ = [

tinyops/image/blur_test.py::test_blur_color[ksize0]
  /app/.venv/lib/python3.14/site-packages/tinygrad/runtime/autogen/nv/nv.py:6168: DeprecationWarning: Due to '_pack_', the 'struct_rpc_pfm_req_hndlr_state_sync_callback_v21_04' Structure will use memory layout compatible with MSVC (Windows). If this is intended, set _layout_ to 'ms'. The implicit default is deprecated and slated to become an error in Python 3.19.
    struct_rpc_pfm_req_hndlr_state_sync_callback_v21_04._fields_ = [

tinyops/image/blur_test.py::test_blur_color[ksize0]
  /app/.venv/lib/python3.14/site-packages/tinygrad/runtime/autogen/nv/nv.py:6178: DeprecationWarning: Due to '_pack_', the 'struct_rpc_vgpu_gsp_mig_ci_config_v21_03' Structure will use memory layout compatible with MSVC (Windows). If this is intended, set _layout_ to 'ms'. The implicit default is deprecated and slated to become an error in Python 3.19.
    struct_rpc_vgpu_gsp_mig_ci_config_v21_03._fields_ = [

tinyops/image/blur_test.py::test_blur_color[ksize0]
  /app/.venv/lib/python3.14/site-packages/tinygrad/runtime/autogen/nv/nv.py:6192: DeprecationWarning: Due to '_pack_', the 'struct_rpc_gsp_lockdown_notice_v17_00' Structure will use memory layout compatible with MSVC (Windows). If this is intended, set _layout_ to 'ms'. The implicit default is deprecated and slated to become an error in Python 3.19.
    struct_rpc_gsp_lockdown_notice_v17_00._fields_ = [

tinyops/image/blur_test.py::test_blur_color[ksize0]
  /app/.venv/lib/python3.14/site-packages/tinygrad/runtime/autogen/nv/nv.py:6211: DeprecationWarning: Due to '_pack_', the 'struct_NV2080_CTRL_GPU_QUERY_ECC_EXCEPTION_STATUS_v15_01' Structure will use memory layout compatible with MSVC (Windows). If this is intended, set _layout_ to 'ms'. The implicit default is deprecated and slated to become an error in Python 3.19.
    struct_NV2080_CTRL_GPU_QUERY_ECC_EXCEPTION_STATUS_v15_01._fields_ = [

tinyops/image/blur_test.py::test_blur_color[ksize0]
  /app/.venv/lib/python3.14/site-packages/tinygrad/runtime/autogen/nv/nv.py:6216: DeprecationWarning: Due to '_pack_', the 'struct_NV2080_CTRL_GPU_QUERY_ECC_UNIT_STATUS_v15_01' Structure will use memory layout compatible with MSVC (Windows). If this is intended, set _layout_ to 'ms'. The implicit default is deprecated and slated to become an error in Python 3.19.
    struct_NV2080_CTRL_GPU_QUERY_ECC_UNIT_STATUS_v15_01._fields_ = [

tinyops/image/blur_test.py::test_blur_color[ksize0]
  /app/.venv/lib/python3.14/site-packages/tinygrad/runtime/autogen/nv/nv.py:6228: DeprecationWarning: Due to '_pack_', the 'struct_NV2080_CTRL_GPU_QUERY_ECC_STATUS_DEPRECATED_RPC_PARAMS_v24_06' Structure will use memory layout compatible with MSVC (Windows). If this is intended, set _layout_ to 'ms'. The implicit default is deprecated and slated to become an error in Python 3.19.
    struct_NV2080_CTRL_GPU_QUERY_ECC_STATUS_DEPRECATED_RPC_PARAMS_v24_06._fields_ = [

tinyops/image/blur_test.py::test_blur_color[ksize0]
  /app/.venv/lib/python3.14/site-packages/tinygrad/runtime/autogen/nv/nv.py:6236: DeprecationWarning: Due to '_pack_', the 'struct_rpc_ctrl_gpu_query_ecc_status_v24_06' Structure will use memory layout compatible with MSVC (Windows). If this is intended, set _layout_ to 'ms'. The implicit default is deprecated and slated to become an error in Python 3.19.
    struct_rpc_ctrl_gpu_query_ecc_status_v24_06._fields_ = [

tinyops/image/blur_test.py::test_blur_color[ksize0]
  /app/.venv/lib/python3.14/site-packages/tinygrad/runtime/autogen/nv/nv.py:6250: DeprecationWarning: Due to '_pack_', the 'struct_NV2080_CTRL_GPU_QUERY_ECC_STATUS_PARAMS_v26_02' Structure will use memory layout compatible with MSVC (Windows). If this is intended, set _layout_ to 'ms'. The implicit default is deprecated and slated to become an error in Python 3.19.
    struct_NV2080_CTRL_GPU_QUERY_ECC_STATUS_PARAMS_v26_02._fields_ = [

tinyops/image/blur_test.py::test_blur_color[ksize0]
  /app/.venv/lib/python3.14/site-packages/tinygrad/runtime/autogen/nv/nv.py:6258: DeprecationWarning: Due to '_pack_', the 'struct_rpc_ctrl_gpu_query_ecc_status_v26_02' Structure will use memory layout compatible with MSVC (Windows). If this is intended, set _layout_ to 'ms'. The implicit default is deprecated and slated to become an error in Python 3.19.
    struct_rpc_ctrl_gpu_query_ecc_status_v26_02._fields_ = [

tinyops/image/blur_test.py::test_blur_color[ksize0]
  /app/.venv/lib/python3.14/site-packages/tinygrad/runtime/autogen/nv/nv.py:6273: DeprecationWarning: Due to '_pack_', the 'struct_NV83DE_CTRL_DEBUG_GET_MODE_MMU_DEBUG_PARAMS_v25_04' Structure will use memory layout compatible with MSVC (Windows). If this is intended, set _layout_ to 'ms'. The implicit default is deprecated and slated to become an error in Python 3.19.
    struct_NV83DE_CTRL_DEBUG_GET_MODE_MMU_DEBUG_PARAMS_v25_04._fields_ = [

tinyops/image/blur_test.py::test_blur_color[ksize0]
  /app/.venv/lib/python3.14/site-packages/tinygrad/runtime/autogen/nv/nv.py:6278: DeprecationWarning: Due to '_pack_', the 'struct_rpc_ctrl_dbg_get_mode_mmu_debug_v25_04' Structure will use memory layout compatible with MSVC (Windows). If this is intended, set _layout_ to 'ms'. The implicit default is deprecated and slated to become an error in Python 3.19.
    struct_rpc_ctrl_dbg_get_mode_mmu_debug_v25_04._fields_ = [

tinyops/image/blur_test.py::test_blur_color[ksize0]
  /app/.venv/lib/python3.14/site-packages/tinygrad/runtime/autogen/nv/nv.py:6293: DeprecationWarning: Due to '_pack_', the 'struct_NV83DE_CTRL_DEBUG_GET_MODE_MMU_GCC_DEBUG_PARAMS_v29_07' Structure will use memory layout compatible with MSVC (Windows). If this is intended, set _layout_ to 'ms'. The implicit default is deprecated and slated to become an error in Python 3.19.
    struct_NV83DE_CTRL_DEBUG_GET_MODE_MMU_GCC_DEBUG_PARAMS_v29_07._fields_ = [

tinyops/image/blur_test.py::test_blur_color[ksize0]
  /app/.venv/lib/python3.14/site-packages/tinygrad/runtime/autogen/nv/nv.py:6298: DeprecationWarning: Due to '_pack_', the 'struct_rpc_ctrl_dbg_get_mode_mmu_gcc_debug_v29_07' Structure will use memory layout compatible with MSVC (Windows). If this is intended, set _layout_ to 'ms'. The implicit default is deprecated and slated to become an error in Python 3.19.
    struct_rpc_ctrl_dbg_get_mode_mmu_gcc_debug_v29_07._fields_ = [

tinyops/image/blur_test.py::test_blur_color[ksize0]
  /app/.venv/lib/python3.14/site-packages/tinygrad/runtime/autogen/nv/nv.py:6310: DeprecationWarning: Due to '_pack_', the 'struct_rpc_ctrl_cmd_internal_gpu_start_fabric_probe_v25_09' Structure will use memory layout compatible with MSVC (Windows). If this is intended, set _layout_ to 'ms'. The implicit default is deprecated and slated to become an error in Python 3.19.
    struct_rpc_ctrl_cmd_internal_gpu_start_fabric_probe_v25_09._fields_ = [

tinyops/image/blur_test.py::test_blur_color[ksize0]
  /app/.venv/lib/python3.14/site-packages/tinygrad/runtime/autogen/nv/nv.py:6323: DeprecationWarning: Due to '_pack_', the 'struct_NV2080_CTRL_NVLINK_INBAND_RECEIVED_DATA_PARAMS_v25_0C' Structure will use memory layout compatible with MSVC (Windows). If this is intended, set _layout_ to 'ms'. The implicit default is deprecated and slated to become an error in Python 3.19.
    struct_NV2080_CTRL_NVLINK_INBAND_RECEIVED_DATA_PARAMS_v25_0C._fields_ = [

tinyops/image/blur_test.py::test_blur_color[ksize0]
  /app/.venv/lib/python3.14/site-packages/tinygrad/runtime/autogen/nv/nv.py:6329: DeprecationWarning: Due to '_pack_', the 'struct_rpc_ctrl_nvlink_get_inband_received_data_v25_0C' Structure will use memory layout compatible with MSVC (Windows). If this is intended, set _layout_ to 'ms'. The implicit default is deprecated and slated to become an error in Python 3.19.
    struct_rpc_ctrl_nvlink_get_inband_received_data_v25_0C._fields_ = [

tinyops/image/blur_test.py::test_blur_color[ksize0]
  /app/.venv/lib/python3.14/site-packages/tinygrad/runtime/autogen/nv/nv.py:6342: DeprecationWarning: Due to '_pack_', the 'struct_rpc_fecs_error_v26_02' Structure will use memory layout compatible with MSVC (Windows). If this is intended, set _layout_ to 'ms'. The implicit default is deprecated and slated to become an error in Python 3.19.
    struct_rpc_fecs_error_v26_02._fields_ = [

tinyops/image/blur_test.py::test_blur_color[ksize0]
  /app/.venv/lib/python3.14/site-packages/tinygrad/runtime/autogen/nv/nv.py:6354: DeprecationWarning: Due to '_pack_', the 'struct_rpc_ctrl_cmd_nvlink_inband_send_data_v26_05' Structure will use memory layout compatible with MSVC (Windows). If this is intended, set _layout_ to 'ms'. The implicit default is deprecated and slated to become an error in Python 3.19.
    struct_rpc_ctrl_cmd_nvlink_inband_send_data_v26_05._fields_ = [

tinyops/image/blur_test.py::test_blur_color[ksize0]
  /app/.venv/lib/python3.14/site-packages/tinygrad/runtime/autogen/nv/nv.py:6365: DeprecationWarning: Due to '_pack_', the 'struct_rpc_ctrl_cmd_internal_control_gsp_trace_v28_00' Structure will use memory layout compatible with MSVC (Windows). If this is intended, set _layout_ to 'ms'. The implicit default is deprecated and slated to become an error in Python 3.19.
    struct_rpc_ctrl_cmd_internal_control_gsp_trace_v28_00._fields_ = [

tinyops/image/blur_test.py::test_blur_color[ksize0]
  /app/.venv/lib/python3.14/site-packages/tinygrad/runtime/autogen/nv/nv.py:6381: DeprecationWarning: Due to '_pack_', the 'struct_rpc_recovery_action_v28_01' Structure will use memory layout compatible with MSVC (Windows). If this is intended, set _layout_ to 'ms'. The implicit default is deprecated and slated to become an error in Python 3.19.
    struct_rpc_recovery_action_v28_01._fields_ = [

tinyops/image/blur_test.py::test_blur_color[ksize0]
  /app/.venv/lib/python3.14/site-packages/tinygrad/runtime/autogen/nv/nv.py:6399: DeprecationWarning: Due to '_pack_', the 'struct_NV2080_CTRL_GSP_LIBOS_POOL_STATS_v29_02' Structure will use memory layout compatible with MSVC (Windows). If this is intended, set _layout_ to 'ms'. The implicit default is deprecated and slated to become an error in Python 3.19.
    struct_NV2080_CTRL_GSP_LIBOS_POOL_STATS_v29_02._fields_ = [

tinyops/image/blur_test.py::test_blur_color[ksize0]
  /app/.venv/lib/python3.14/site-packages/tinygrad/runtime/autogen/nv/nv.py:6406: DeprecationWarning: Due to '_pack_', the 'struct_NV2080_CTRL_CMD_GSP_GET_LIBOS_HEAP_STATS_PARAMS_v29_02' Structure will use memory layout compatible with MSVC (Windows). If this is intended, set _layout_ to 'ms'. The implicit default is deprecated and slated to become an error in Python 3.19.
    struct_NV2080_CTRL_CMD_GSP_GET_LIBOS_HEAP_STATS_PARAMS_v29_02._fields_ = [

tinyops/image/blur_test.py::test_blur_color[ksize0]
  /app/.venv/lib/python3.14/site-packages/tinygrad/runtime/autogen/nv/nv.py:6414: DeprecationWarning: Due to '_pack_', the 'struct_rpc_ctrl_subdevice_get_libos_heap_stats_v29_02' Structure will use memory layout compatible with MSVC (Windows). If this is intended, set _layout_ to 'ms'. The implicit default is deprecated and slated to become an error in Python 3.19.
    struct_rpc_ctrl_subdevice_get_libos_heap_stats_v29_02._fields_ = [

tinyops/image/blur_test.py::test_blur_color[ksize0]
  /app/.venv/lib/python3.14/site-packages/tinygrad/runtime/autogen/nv/nv.py:6441: DeprecationWarning: Due to '_pack_', the 'struct_GSP_MSG_QUEUE_ELEMENT' Structure will use memory layout compatible with MSVC (Windows). If this is intended, set _layout_ to 'ms'. The implicit default is deprecated and slated to become an error in Python 3.19.
    struct_GSP_MSG_QUEUE_ELEMENT._fields_ = [

tinyops/image/blur_test.py::test_blur_color[ksize0]
  /app/.venv/lib/python3.14/site-packages/tinygrad/runtime/autogen/nv/nv.py:6455: DeprecationWarning: Due to '_pack_', the 'union_rpc_message_rpc_union_field_v03_00' Union will use memory layout compatible with MSVC (Windows). If this is intended, set _layout_ to 'ms'. The implicit default is deprecated and slated to become an error in Python 3.19.
    union_rpc_message_rpc_union_field_v03_00._fields_ = [

tinyops/image/blur_test.py::test_blur_color[ksize0]
  /app/.venv/lib/python3.14/site-packages/tinygrad/runtime/autogen/nv/nv.py:6466: DeprecationWarning: Due to '_pack_', the 'struct_rpc_message_header_v03_00' Structure will use memory layout compatible with MSVC (Windows). If this is intended, set _layout_ to 'ms'. The implicit default is deprecated and slated to become an error in Python 3.19.
    struct_rpc_message_header_v03_00._fields_ = [

tinyops/image/blur_test.py::test_blur_color[ksize0]
  /app/.venv/lib/python3.14/site-packages/tinygrad/runtime/autogen/nv/nv.py:6502: DeprecationWarning: Due to '_pack_', the 'struct_PACKED_REGISTRY_ENTRY' Structure will use memory layout compatible with MSVC (Windows). If this is intended, set _layout_ to 'ms'. The implicit default is deprecated and slated to become an error in Python 3.19.
    struct_PACKED_REGISTRY_ENTRY._fields_ = [

tinyops/image/blur_test.py::test_blur_color[ksize0]
  /app/.venv/lib/python3.14/site-packages/tinygrad/runtime/autogen/nv/nv.py:6515: DeprecationWarning: Due to '_pack_', the 'struct_PACKED_REGISTRY_TABLE' Structure will use memory layout compatible with MSVC (Windows). If this is intended, set _layout_ to 'ms'. The implicit default is deprecated and slated to become an error in Python 3.19.
    struct_PACKED_REGISTRY_TABLE._fields_ = [

tinyops/image/blur_test.py::test_blur_color[ksize0]
  /app/.venv/lib/python3.14/site-packages/tinygrad/runtime/autogen/nv/nv.py:6538: DeprecationWarning: Due to '_pack_', the 'struct_c__SA_ACPI_DSM_CACHE' Structure will use memory layout compatible with MSVC (Windows). If this is intended, set _layout_ to 'ms'. The implicit default is deprecated and slated to become an error in Python 3.19.
    struct_c__SA_ACPI_DSM_CACHE._fields_ = [

tinyops/image/blur_test.py::test_blur_color[ksize0]
  /app/.venv/lib/python3.14/site-packages/tinygrad/runtime/autogen/nv/nv.py:6588: DeprecationWarning: Due to '_pack_', the 'struct_c__SA_ACPI_DATA' Structure will use memory layout compatible with MSVC (Windows). If this is intended, set _layout_ to 'ms'. The implicit default is deprecated and slated to become an error in Python 3.19.
    struct_c__SA_ACPI_DATA._fields_ = [

tinyops/image/blur_test.py::test_blur_color[ksize0]
  /app/.venv/lib/python3.14/site-packages/tinygrad/runtime/autogen/nv/nv.py:6606: DeprecationWarning: Due to '_pack_', the 'struct_DOD_METHOD_DATA' Structure will use memory layout compatible with MSVC (Windows). If this is intended, set _layout_ to 'ms'. The implicit default is deprecated and slated to become an error in Python 3.19.
    struct_DOD_METHOD_DATA._fields_ = [

tinyops/image/blur_test.py::test_blur_color[ksize0]
  /app/.venv/lib/python3.14/site-packages/tinygrad/runtime/autogen/nv/nv.py:6617: DeprecationWarning: Due to '_pack_', the 'struct_JT_METHOD_DATA' Structure will use memory layout compatible with MSVC (Windows). If this is intended, set _layout_ to 'ms'. The implicit default is deprecated and slated to become an error in Python 3.19.
    struct_JT_METHOD_DATA._fields_ = [

tinyops/image/blur_test.py::test_blur_color[ksize0]
  /app/.venv/lib/python3.14/site-packages/tinygrad/runtime/autogen/nv/nv.py:6630: DeprecationWarning: Due to '_pack_', the 'struct_MUX_METHOD_DATA_ELEMENT' Structure will use memory layout compatible with MSVC (Windows). If this is intended, set _layout_ to 'ms'. The implicit default is deprecated and slated to become an error in Python 3.19.
    struct_MUX_METHOD_DATA_ELEMENT._fields_ = [

tinyops/image/blur_test.py::test_blur_color[ksize0]
  /app/.venv/lib/python3.14/site-packages/tinygrad/runtime/autogen/nv/nv.py:6641: DeprecationWarning: Due to '_pack_', the 'struct_MUX_METHOD_DATA' Structure will use memory layout compatible with MSVC (Windows). If this is intended, set _layout_ to 'ms'. The implicit default is deprecated and slated to become an error in Python 3.19.
    struct_MUX_METHOD_DATA._fields_ = [

tinyops/image/blur_test.py::test_blur_color[ksize0]
  /app/.venv/lib/python3.14/site-packages/tinygrad/runtime/autogen/nv/nv.py:6653: DeprecationWarning: Due to '_pack_', the 'struct_CAPS_METHOD_DATA' Structure will use memory layout compatible with MSVC (Windows). If this is intended, set _layout_ to 'ms'. The implicit default is deprecated and slated to become an error in Python 3.19.
    struct_CAPS_METHOD_DATA._fields_ = [

tinyops/image/blur_test.py::test_blur_color[ksize0]
  /app/.venv/lib/python3.14/site-packages/tinygrad/runtime/autogen/nv/nv.py:6663: DeprecationWarning: Due to '_pack_', the 'struct_ACPI_METHOD_DATA' Structure will use memory layout compatible with MSVC (Windows). If this is intended, set _layout_ to 'ms'. The implicit default is deprecated and slated to become an error in Python 3.19.
    struct_ACPI_METHOD_DATA._fields_ = [

tinyops/image/blur_test.py::test_blur_color[ksize0]
  /app/.venv/lib/python3.14/site-packages/tinygrad/runtime/autogen/nv/nv.py:6860: DeprecationWarning: Due to '_pack_', the 'struct_c__SA_BUSINFO' Structure will use memory layout compatible with MSVC (Windows). If this is intended, set _layout_ to 'ms'. The implicit default is deprecated and slated to become an error in Python 3.19.
    struct_c__SA_BUSINFO._fields_ = [

tinyops/image/blur_test.py::test_blur_color[ksize0]
  /app/.venv/lib/python3.14/site-packages/tinygrad/runtime/autogen/nv/nv.py:6874: DeprecationWarning: Due to '_pack_', the 'struct_GSP_VF_INFO' Structure will use memory layout compatible with MSVC (Windows). If this is intended, set _layout_ to 'ms'. The implicit default is deprecated and slated to become an error in Python 3.19.
    struct_GSP_VF_INFO._fields_ = [

tinyops/image/blur_test.py::test_blur_color[ksize0]
  /app/.venv/lib/python3.14/site-packages/tinygrad/runtime/autogen/nv/nv.py:6891: DeprecationWarning: Due to '_pack_', the 'struct_c__SA_GSP_PCIE_CONFIG_REG' Structure will use memory layout compatible with MSVC (Windows). If this is intended, set _layout_ to 'ms'. The implicit default is deprecated and slated to become an error in Python 3.19.
    struct_c__SA_GSP_PCIE_CONFIG_REG._fields_ = [

tinyops/image/blur_test.py::test_blur_color[ksize0]
  /app/.venv/lib/python3.14/site-packages/tinygrad/runtime/autogen/nv/nv.py:6900: DeprecationWarning: Due to '_pack_', the 'struct_c__SA_EcidManufacturingInfo' Structure will use memory layout compatible with MSVC (Windows). If this is intended, set _layout_ to 'ms'. The implicit default is deprecated and slated to become an error in Python 3.19.
    struct_c__SA_EcidManufacturingInfo._fields_ = [

tinyops/image/blur_test.py::test_blur_color[ksize0]
  /app/.venv/lib/python3.14/site-packages/tinygrad/runtime/autogen/nv/nv.py:6911: DeprecationWarning: Due to '_pack_', the 'struct_c__SA_FW_WPR_LAYOUT_OFFSET' Structure will use memory layout compatible with MSVC (Windows). If this is intended, set _layout_ to 'ms'. The implicit default is deprecated and slated to become an error in Python 3.19.
    struct_c__SA_FW_WPR_LAYOUT_OFFSET._fields_ = [

tinyops/image/blur_test.py::test_blur_color[ksize0]
  /app/.venv/lib/python3.14/site-packages/tinygrad/runtime/autogen/nv/nv.py:6924: DeprecationWarning: Due to '_pack_', the 'struct_NV2080_CTRL_GPU_GET_GID_INFO_PARAMS' Structure will use memory layout compatible with MSVC (Windows). If this is intended, set _layout_ to 'ms'. The implicit default is deprecated and slated to become an error in Python 3.19.
    struct_NV2080_CTRL_GPU_GET_GID_INFO_PARAMS._fields_ = [

tinyops/image/blur_test.py::test_blur_color[ksize0]
  /app/.venv/lib/python3.14/site-packages/tinygrad/runtime/autogen/nv/nv.py:6935: DeprecationWarning: Due to '_pack_', the 'struct_NV2080_CTRL_BIOS_GET_SKU_INFO_PARAMS' Structure will use memory layout compatible with MSVC (Windows). If this is intended, set _layout_ to 'ms'. The implicit default is deprecated and slated to become an error in Python 3.19.
    struct_NV2080_CTRL_BIOS_GET_SKU_INFO_PARAMS._fields_ = [

tinyops/image/blur_test.py::test_blur_color[ksize0]
  /app/.venv/lib/python3.14/site-packages/tinygrad/runtime/autogen/nv/nv.py:6956: DeprecationWarning: Due to '_pack_', the 'struct_NV2080_CTRL_CMD_FB_GET_FB_REGION_FB_REGION_INFO' Structure will use memory layout compatible with MSVC (Windows). If this is intended, set _layout_ to 'ms'. The implicit default is deprecated and slated to become an error in Python 3.19.
    struct_NV2080_CTRL_CMD_FB_GET_FB_REGION_FB_REGION_INFO._fields_ = [

tinyops/image/blur_test.py::test_blur_color[ksize0]
  /app/.venv/lib/python3.14/site-packages/tinygrad/runtime/autogen/nv/nv.py:6968: DeprecationWarning: Due to '_pack_', the 'struct_NV2080_CTRL_CMD_FB_GET_FB_REGION_INFO_PARAMS' Structure will use memory layout compatible with MSVC (Windows). If this is intended, set _layout_ to 'ms'. The implicit default is deprecated and slated to become an error in Python 3.19.
    struct_NV2080_CTRL_CMD_FB_GET_FB_REGION_INFO_PARAMS._fields_ = [

tinyops/image/blur_test.py::test_blur_color[ksize0]
  /app/.venv/lib/python3.14/site-packages/tinygrad/runtime/autogen/nv/nv.py:6978: DeprecationWarning: Due to '_pack_', the 'struct_NV0080_CTRL_GPU_GET_SRIOV_CAPS_PARAMS' Structure will use memory layout compatible with MSVC (Windows). If this is intended, set _layout_ to 'ms'. The implicit default is deprecated and slated to become an error in Python 3.19.
    struct_NV0080_CTRL_GPU_GET_SRIOV_CAPS_PARAMS._fields_ = [

tinyops/image/blur_test.py::test_blur_color[ksize0]
  /app/.venv/lib/python3.14/site-packages/tinygrad/runtime/autogen/nv/nv.py:7002: DeprecationWarning: Due to '_pack_', the 'struct_GspStaticConfigInfo_t' Structure will use memory layout compatible with MSVC (Windows). If this is intended, set _layout_ to 'ms'. The implicit default is deprecated and slated to become an error in Python 3.19.
    struct_GspStaticConfigInfo_t._fields_ = [

tinyops/image/blur_test.py::test_blur_color[ksize0]
  /app/.venv/lib/python3.14/site-packages/tinygrad/runtime/autogen/nv/nv.py:7070: DeprecationWarning: Due to '_pack_', the 'struct_GspSystemInfo' Structure will use memory layout compatible with MSVC (Windows). If this is intended, set _layout_ to 'ms'. The implicit default is deprecated and slated to become an error in Python 3.19.
    struct_GspSystemInfo._fields_ = [

tinyops/image/blur_test.py::test_blur_color[ksize0]
  /app/.venv/lib/python3.14/site-packages/tinygrad/runtime/autogen/nv/nv.py:7179: DeprecationWarning: Due to '_pack_', the 'struct_c__SA_FALCON_APPLICATION_INTERFACE_HEADER_V1' Structure will use memory layout compatible with MSVC (Windows). If this is intended, set _layout_ to 'ms'. The implicit default is deprecated and slated to become an error in Python 3.19.
    struct_c__SA_FALCON_APPLICATION_INTERFACE_HEADER_V1._fields_ = [

tinyops/image/blur_test.py::test_blur_color[ksize0]
  /app/.venv/lib/python3.14/site-packages/tinygrad/runtime/autogen/nv/nv.py:7191: DeprecationWarning: Due to '_pack_', the 'struct_c__SA_FALCON_APPLICATION_INTERFACE_ENTRY_V1' Structure will use memory layout compatible with MSVC (Windows). If this is intended, set _layout_ to 'ms'. The implicit default is deprecated and slated to become an error in Python 3.19.
    struct_c__SA_FALCON_APPLICATION_INTERFACE_ENTRY_V1._fields_ = [

tinyops/image/blur_test.py::test_blur_color[ksize0]
  /app/.venv/lib/python3.14/site-packages/tinygrad/runtime/autogen/nv/nv.py:7201: DeprecationWarning: Due to '_pack_', the 'struct_c__SA_FALCON_APPLICATION_INTERFACE_DMEM_MAPPER_V3' Structure will use memory layout compatible with MSVC (Windows). If this is intended, set _layout_ to 'ms'. The implicit default is deprecated and slated to become an error in Python 3.19.
    struct_c__SA_FALCON_APPLICATION_INTERFACE_DMEM_MAPPER_V3._fields_ = [

tinyops/image/blur_test.py::test_blur_color[ksize0]
  /app/.venv/lib/python3.14/site-packages/tinygrad/runtime/autogen/nv/nv.py:7226: DeprecationWarning: Due to '_pack_', the 'struct_BIT_HEADER_V1_00' Structure will use memory layout compatible with MSVC (Windows). If this is intended, set _layout_ to 'ms'. The implicit default is deprecated and slated to become an error in Python 3.19.
    struct_BIT_HEADER_V1_00._fields_ = [

tinyops/image/blur_test.py::test_blur_color[ksize0]
  /app/.venv/lib/python3.14/site-packages/tinygrad/runtime/autogen/nv/nv.py:7241: DeprecationWarning: Due to '_pack_', the 'struct_BIT_TOKEN_V1_00' Structure will use memory layout compatible with MSVC (Windows). If this is intended, set _layout_ to 'ms'. The implicit default is deprecated and slated to become an error in Python 3.19.
    struct_BIT_TOKEN_V1_00._fields_ = [

tinyops/image/blur_test.py::test_blur_color[ksize0]
  /app/.venv/lib/python3.14/site-packages/tinygrad/runtime/autogen/nv/nv.py:7253: DeprecationWarning: Due to '_pack_', the 'struct_c__SA_BIT_DATA_BIOSDATA_BINVER' Structure will use memory layout compatible with MSVC (Windows). If this is intended, set _layout_ to 'ms'. The implicit default is deprecated and slated to become an error in Python 3.19.
    struct_c__SA_BIT_DATA_BIOSDATA_BINVER._fields_ = [

tinyops/image/blur_test.py::test_blur_color[ksize0]
  /app/.venv/lib/python3.14/site-packages/tinygrad/runtime/autogen/nv/nv.py:7263: DeprecationWarning: Due to '_pack_', the 'struct_c__SA_BIT_DATA_FALCON_DATA_V2' Structure will use memory layout compatible with MSVC (Windows). If this is intended, set _layout_ to 'ms'. The implicit default is deprecated and slated to become an error in Python 3.19.
    struct_c__SA_BIT_DATA_FALCON_DATA_V2._fields_ = [

tinyops/image/blur_test.py::test_blur_color[ksize0]
  /app/.venv/lib/python3.14/site-packages/tinygrad/runtime/autogen/nv/nv.py:7272: DeprecationWarning: Due to '_pack_', the 'struct_c__SA_FALCON_UCODE_TABLE_HDR_V1' Structure will use memory layout compatible with MSVC (Windows). If this is intended, set _layout_ to 'ms'. The implicit default is deprecated and slated to become an error in Python 3.19.
    struct_c__SA_FALCON_UCODE_TABLE_HDR_V1._fields_ = [

tinyops/image/blur_test.py::test_blur_color[ksize0]
  /app/.venv/lib/python3.14/site-packages/tinygrad/runtime/autogen/nv/nv.py:7286: DeprecationWarning: Due to '_pack_', the 'struct_c__SA_FALCON_UCODE_TABLE_ENTRY_V1' Structure will use memory layout compatible with MSVC (Windows). If this is intended, set _layout_ to 'ms'. The implicit default is deprecated and slated to become an error in Python 3.19.
    struct_c__SA_FALCON_UCODE_TABLE_ENTRY_V1._fields_ = [

tinyops/image/blur_test.py::test_blur_color[ksize0]
  /app/.venv/lib/python3.14/site-packages/tinygrad/runtime/autogen/nv/nv.py:7297: DeprecationWarning: Due to '_pack_', the 'struct_c__SA_FALCON_UCODE_DESC_HEADER' Structure will use memory layout compatible with MSVC (Windows). If this is intended, set _layout_ to 'ms'. The implicit default is deprecated and slated to become an error in Python 3.19.
    struct_c__SA_FALCON_UCODE_DESC_HEADER._fields_ = [

tinyops/image/blur_test.py::test_blur_color[ksize0]
  /app/.venv/lib/python3.14/site-packages/tinygrad/runtime/autogen/nv/nv.py:7306: DeprecationWarning: Due to '_pack_', the 'struct_c__SA_FALCON_UCODE_DESC_V3' Structure will use memory layout compatible with MSVC (Windows). If this is intended, set _layout_ to 'ms'. The implicit default is deprecated and slated to become an error in Python 3.19.
    struct_c__SA_FALCON_UCODE_DESC_V3._fields_ = [

tinyops/image/blur_test.py::test_blur_color[ksize0]
  /app/.venv/lib/python3.14/site-packages/tinygrad/runtime/autogen/nv/nv.py:7328: DeprecationWarning: Due to '_pack_', the 'struct_c__SA_FWSECLIC_READ_VBIOS_DESC' Structure will use memory layout compatible with MSVC (Windows). If this is intended, set _layout_ to 'ms'. The implicit default is deprecated and slated to become an error in Python 3.19.
    struct_c__SA_FWSECLIC_READ_VBIOS_DESC._fields_ = [

tinyops/image/blur_test.py::test_blur_color[ksize0]
  /app/.venv/lib/python3.14/site-packages/tinygrad/runtime/autogen/nv/nv.py:7341: DeprecationWarning: Due to '_pack_', the 'struct_c__SA_FWSECLIC_FRTS_REGION_DESC' Structure will use memory layout compatible with MSVC (Windows). If this is intended, set _layout_ to 'ms'. The implicit default is deprecated and slated to become an error in Python 3.19.
    struct_c__SA_FWSECLIC_FRTS_REGION_DESC._fields_ = [

tinyops/image/blur_test.py::test_blur_color[ksize0]
  /app/.venv/lib/python3.14/site-packages/tinygrad/runtime/autogen/nv/nv.py:7350: DeprecationWarning: Due to '_pack_', the 'struct_c__SA_FWSECLIC_FRTS_CMD' Structure will use memory layout compatible with MSVC (Windows). If this is intended, set _layout_ to 'ms'. The implicit default is deprecated and slated to become an error in Python 3.19.
    class struct_c__SA_FWSECLIC_FRTS_CMD(Structure):

tinyops/image/blur_test.py::test_blur_color[ksize0]
  /app/.venv/lib/python3.14/site-packages/tinygrad/runtime/autogen/cuda.py:241: DeprecationWarning: Due to '_pack_', the 'struct_CUuuid_st' Structure will use memory layout compatible with MSVC (Windows). If this is intended, set _layout_ to 'ms'. The implicit default is deprecated and slated to become an error in Python 3.19.
    struct_CUuuid_st._fields_ = [

tinyops/image/blur_test.py::test_blur_color[ksize0]
  /app/.venv/lib/python3.14/site-packages/tinygrad/runtime/autogen/cuda.py:250: DeprecationWarning: Due to '_pack_', the 'struct_CUipcEventHandle_st' Structure will use memory layout compatible with MSVC (Windows). If this is intended, set _layout_ to 'ms'. The implicit default is deprecated and slated to become an error in Python 3.19.
    struct_CUipcEventHandle_st._fields_ = [

tinyops/image/blur_test.py::test_blur_color[ksize0]
  /app/.venv/lib/python3.14/site-packages/tinygrad/runtime/autogen/cuda.py:260: DeprecationWarning: Due to '_pack_', the 'struct_CUipcMemHandle_st' Structure will use memory layout compatible with MSVC (Windows). If this is intended, set _layout_ to 'ms'. The implicit default is deprecated and slated to become an error in Python 3.19.
    struct_CUipcMemHandle_st._fields_ = [

tinyops/image/blur_test.py::test_blur_color[ksize0]
  /app/.venv/lib/python3.14/site-packages/tinygrad/runtime/autogen/cuda.py:474: DeprecationWarning: Due to '_pack_', the 'union_CUstreamMemOpWaitValueParams_st_0' Union will use memory layout compatible with MSVC (Windows). If this is intended, set _layout_ to 'ms'. The implicit default is deprecated and slated to become an error in Python 3.19.
    union_CUstreamMemOpWaitValueParams_st_0._fields_ = [

tinyops/image/blur_test.py::test_blur_color[ksize0]
  /app/.venv/lib/python3.14/site-packages/tinygrad/runtime/autogen/cuda.py:481: DeprecationWarning: Due to '_pack_', the 'struct_CUstreamMemOpWaitValueParams_st' Structure will use memory layout compatible with MSVC (Windows). If this is intended, set _layout_ to 'ms'. The implicit default is deprecated and slated to become an error in Python 3.19.
    struct_CUstreamMemOpWaitValueParams_st._fields_ = [

tinyops/image/blur_test.py::test_blur_color[ksize0]
  /app/.venv/lib/python3.14/site-packages/tinygrad/runtime/autogen/cuda.py:498: DeprecationWarning: Due to '_pack_', the 'union_CUstreamMemOpWriteValueParams_st_0' Union will use memory layout compatible with MSVC (Windows). If this is intended, set _layout_ to 'ms'. The implicit default is deprecated and slated to become an error in Python 3.19.
    union_CUstreamMemOpWriteValueParams_st_0._fields_ = [

tinyops/image/blur_test.py::test_blur_color[ksize0]
  /app/.venv/lib/python3.14/site-packages/tinygrad/runtime/autogen/cuda.py:505: DeprecationWarning: Due to '_pack_', the 'struct_CUstreamMemOpWriteValueParams_st' Structure will use memory layout compatible with MSVC (Windows). If this is intended, set _layout_ to 'ms'. The implicit default is deprecated and slated to become an error in Python 3.19.
    struct_CUstreamMemOpWriteValueParams_st._fields_ = [

tinyops/image/blur_test.py::test_blur_color[ksize0]
  /app/.venv/lib/python3.14/site-packages/tinygrad/runtime/autogen/cuda.py:519: DeprecationWarning: Due to '_pack_', the 'struct_CUstreamMemOpFlushRemoteWritesParams_st' Structure will use memory layout compatible with MSVC (Windows). If this is intended, set _layout_ to 'ms'. The implicit default is deprecated and slated to become an error in Python 3.19.
    struct_CUstreamMemOpFlushRemoteWritesParams_st._fields_ = [

tinyops/image/blur_test.py::test_blur_color[ksize0]
  /app/.venv/lib/python3.14/site-packages/tinygrad/runtime/autogen/cuda.py:528: DeprecationWarning: Due to '_pack_', the 'struct_CUstreamMemOpMemoryBarrierParams_st' Structure will use memory layout compatible with MSVC (Windows). If this is intended, set _layout_ to 'ms'. The implicit default is deprecated and slated to become an error in Python 3.19.
    struct_CUstreamMemOpMemoryBarrierParams_st._fields_ = [

tinyops/image/blur_test.py::test_blur_color[ksize0]
  /app/.venv/lib/python3.14/site-packages/tinygrad/runtime/autogen/cuda.py:534: DeprecationWarning: Due to '_pack_', the 'union_CUstreamBatchMemOpParams_union' Union will use memory layout compatible with MSVC (Windows). If this is intended, set _layout_ to 'ms'. The implicit default is deprecated and slated to become an error in Python 3.19.
    union_CUstreamBatchMemOpParams_union._fields_ = [

tinyops/image/blur_test.py::test_blur_color[ksize0]
  /app/.venv/lib/python3.14/site-packages/tinygrad/runtime/autogen/cuda.py:549: DeprecationWarning: Due to '_pack_', the 'struct_CUDA_BATCH_MEM_OP_NODE_PARAMS_st' Structure will use memory layout compatible with MSVC (Windows). If this is intended, set _layout_ to 'ms'. The implicit default is deprecated and slated to become an error in Python 3.19.
    struct_CUDA_BATCH_MEM_OP_NODE_PARAMS_st._fields_ = [

tinyops/image/blur_test.py::test_blur_color[ksize0]
  /app/.venv/lib/python3.14/site-packages/tinygrad/runtime/autogen/cuda.py:965: DeprecationWarning: Due to '_pack_', the 'struct_CUdevprop_st' Structure will use memory layout compatible with MSVC (Windows). If this is intended, set _layout_ to 'ms'. The implicit default is deprecated and slated to become an error in Python 3.19.
    struct_CUdevprop_st._fields_ = [

tinyops/image/blur_test.py::test_blur_color[ksize0]
  /app/.venv/lib/python3.14/site-packages/tinygrad/runtime/autogen/cuda.py:1441: DeprecationWarning: Due to '_pack_', the 'struct_CUaccessPolicyWindow_st' Structure will use memory layout compatible with MSVC (Windows). If this is intended, set _layout_ to 'ms'. The implicit default is deprecated and slated to become an error in Python 3.19.
    struct_CUaccessPolicyWindow_st._fields_ = [

tinyops/image/blur_test.py::test_blur_color[ksize0]
  /app/.venv/lib/python3.14/site-packages/tinygrad/runtime/autogen/cuda.py:1456: DeprecationWarning: Due to '_pack_', the 'struct_CUDA_KERNEL_NODE_PARAMS_st' Structure will use memory layout compatible with MSVC (Windows). If this is intended, set _layout_ to 'ms'. The implicit default is deprecated and slated to become an error in Python 3.19.
    struct_CUDA_KERNEL_NODE_PARAMS_st._fields_ = [

tinyops/image/blur_test.py::test_blur_color[ksize0]
  /app/.venv/lib/python3.14/site-packages/tinygrad/runtime/autogen/cuda.py:1475: DeprecationWarning: Due to '_pack_', the 'struct_CUDA_KERNEL_NODE_PARAMS_v2_st' Structure will use memory layout compatible with MSVC (Windows). If this is intended, set _layout_ to 'ms'. The implicit default is deprecated and slated to become an error in Python 3.19.
    struct_CUDA_KERNEL_NODE_PARAMS_v2_st._fields_ = [

tinyops/image/blur_test.py::test_blur_color[ksize0]
  /app/.venv/lib/python3.14/site-packages/tinygrad/runtime/autogen/cuda.py:1497: DeprecationWarning: Due to '_pack_', the 'struct_CUDA_MEMSET_NODE_PARAMS_st' Structure will use memory layout compatible with MSVC (Windows). If this is intended, set _layout_ to 'ms'. The implicit default is deprecated and slated to become an error in Python 3.19.
    struct_CUDA_MEMSET_NODE_PARAMS_st._fields_ = [

tinyops/image/blur_test.py::test_blur_color[ksize0]
  /app/.venv/lib/python3.14/site-packages/tinygrad/runtime/autogen/cuda.py:1512: DeprecationWarning: Due to '_pack_', the 'struct_CUDA_HOST_NODE_PARAMS_st' Structure will use memory layout compatible with MSVC (Windows). If this is intended, set _layout_ to 'ms'. The implicit default is deprecated and slated to become an error in Python 3.19.
    struct_CUDA_HOST_NODE_PARAMS_st._fields_ = [

tinyops/image/blur_test.py::test_blur_color[ksize0]
  /app/.venv/lib/python3.14/site-packages/tinygrad/runtime/autogen/cuda.py:1573: DeprecationWarning: Due to '_pack_', the 'struct_CUDA_GRAPH_INSTANTIATE_PARAMS_st' Structure will use memory layout compatible with MSVC (Windows). If this is intended, set _layout_ to 'ms'. The implicit default is deprecated and slated to become an error in Python 3.19.
    struct_CUDA_GRAPH_INSTANTIATE_PARAMS_st._fields_ = [

tinyops/image/blur_test.py::test_blur_color[ksize0]
  /app/.venv/lib/python3.14/site-packages/tinygrad/runtime/autogen/cuda.py:1625: DeprecationWarning: Due to '_pack_', the 'struct_CUlaunchMemSyncDomainMap_st' Structure will use memory layout compatible with MSVC (Windows). If this is intended, set _layout_ to 'ms'. The implicit default is deprecated and slated to become an error in Python 3.19.
    struct_CUlaunchMemSyncDomainMap_st._fields_ = [

tinyops/image/blur_test.py::test_blur_color[ksize0]
  /app/.venv/lib/python3.14/site-packages/tinygrad/runtime/autogen/cuda.py:1667: DeprecationWarning: Due to '_pack_', the 'struct_CUlaunchAttributeValue_union_clusterDim' Structure will use memory layout compatible with MSVC (Windows). If this is intended, set _layout_ to 'ms'. The implicit default is deprecated and slated to become an error in Python 3.19.
    struct_CUlaunchAttributeValue_union_clusterDim._fields_ = [

tinyops/image/blur_test.py::test_blur_color[ksize0]
  /app/.venv/lib/python3.14/site-packages/tinygrad/runtime/autogen/cuda.py:1677: DeprecationWarning: Due to '_pack_', the 'struct_CUlaunchAttributeValue_union_programmaticEvent' Structure will use memory layout compatible with MSVC (Windows). If this is intended, set _layout_ to 'ms'. The implicit default is deprecated and slated to become an error in Python 3.19.
    struct_CUlaunchAttributeValue_union_programmaticEvent._fields_ = [

tinyops/image/blur_test.py::test_blur_color[ksize0]
  /app/.venv/lib/python3.14/site-packages/tinygrad/runtime/autogen/cuda.py:1684: DeprecationWarning: Due to '_pack_', the 'union_CUlaunchAttributeValue_union' Union will use memory layout compatible with MSVC (Windows). If this is intended, set _layout_ to 'ms'. The implicit default is deprecated and slated to become an error in Python 3.19.
    union_CUlaunchAttributeValue_union._fields_ = [

tinyops/image/blur_test.py::test_blur_color[ksize0]
  /app/.venv/lib/python3.14/site-packages/tinygrad/runtime/autogen/cuda.py:1704: DeprecationWarning: Due to '_pack_', the 'struct_CUlaunchAttribute_st' Structure will use memory layout compatible with MSVC (Windows). If this is intended, set _layout_ to 'ms'. The implicit default is deprecated and slated to become an error in Python 3.19.
    struct_CUlaunchAttribute_st._fields_ = [

tinyops/image/blur_test.py::test_blur_color[ksize0]
  /app/.venv/lib/python3.14/site-packages/tinygrad/runtime/autogen/cuda.py:1715: DeprecationWarning: Due to '_pack_', the 'struct_CUlaunchConfig_st' Structure will use memory layout compatible with MSVC (Windows). If this is intended, set _layout_ to 'ms'. The implicit default is deprecated and slated to become an error in Python 3.19.
    struct_CUlaunchConfig_st._fields_ = [

tinyops/image/blur_test.py::test_blur_color[ksize0]
  /app/.venv/lib/python3.14/site-packages/tinygrad/runtime/autogen/cuda.py:1806: DeprecationWarning: Due to '_pack_', the 'struct_CUexecAffinitySmCount_st' Structure will use memory layout compatible with MSVC (Windows). If this is intended, set _layout_ to 'ms'. The implicit default is deprecated and slated to become an error in Python 3.19.
    struct_CUexecAffinitySmCount_st._fields_ = [

tinyops/image/blur_test.py::test_blur_color[ksize0]
  /app/.venv/lib/python3.14/site-packages/tinygrad/runtime/autogen/cuda.py:1815: DeprecationWarning: Due to '_pack_', the 'union_CUexecAffinityParam_st_param' Union will use memory layout compatible with MSVC (Windows). If this is intended, set _layout_ to 'ms'. The implicit default is deprecated and slated to become an error in Python 3.19.
    class union_CUexecAffinityParam_st_param(Union):

tinyops/image/blur_test.py::test_blur_color[ksize0]
  /app/.venv/lib/python3.14/site-packages/tinygrad/runtime/autogen/cuda.py:1822: DeprecationWarning: Due to '_pack_', the 'struct_CUexecAffinityParam_st' Structure will use memory layout compatible with MSVC (Windows). If this is intended, set _layout_ to 'ms'. The implicit default is deprecated and slated to become an error in Python 3.19.
    struct_CUexecAffinityParam_st._fields_ = [

tinyops/image/blur_test.py::test_blur_color[ksize0]
  /app/.venv/lib/python3.14/site-packages/tinygrad/runtime/autogen/cuda.py:1846: DeprecationWarning: Due to '_pack_', the 'struct_CUlibraryHostUniversalFunctionAndDataTable_st' Structure will use memory layout compatible with MSVC (Windows). If this is intended, set _layout_ to 'ms'. The implicit default is deprecated and slated to become an error in Python 3.19.
    struct_CUlibraryHostUniversalFunctionAndDataTable_st._fields_ = [

tinyops/image/blur_test.py::test_blur_color[ksize0]
  /app/.venv/lib/python3.14/site-packages/tinygrad/runtime/autogen/cuda.py:2068: DeprecationWarning: Due to '_pack_', the 'struct_CUDA_MEMCPY2D_st' Structure will use memory layout compatible with MSVC (Windows). If this is intended, set _layout_ to 'ms'. The implicit default is deprecated and slated to become an error in Python 3.19.
    struct_CUDA_MEMCPY2D_st._fields_ = [

tinyops/image/blur_test.py::test_blur_color[ksize0]
  /app/.venv/lib/python3.14/site-packages/tinygrad/runtime/autogen/cuda.py:2095: DeprecationWarning: Due to '_pack_', the 'struct_CUDA_MEMCPY3D_st' Structure will use memory layout compatible with MSVC (Windows). If this is intended, set _layout_ to 'ms'. The implicit default is deprecated and slated to become an error in Python 3.19.
    struct_CUDA_MEMCPY3D_st._fields_ = [

tinyops/image/blur_test.py::test_blur_color[ksize0]
  /app/.venv/lib/python3.14/site-packages/tinygrad/runtime/autogen/cuda.py:2131: DeprecationWarning: Due to '_pack_', the 'struct_CUDA_MEMCPY3D_PEER_st' Structure will use memory layout compatible with MSVC (Windows). If this is intended, set _layout_ to 'ms'. The implicit default is deprecated and slated to become an error in Python 3.19.
    struct_CUDA_MEMCPY3D_PEER_st._fields_ = [

tinyops/image/blur_test.py::test_blur_color[ksize0]
  /app/.venv/lib/python3.14/site-packages/tinygrad/runtime/autogen/cuda.py:2167: DeprecationWarning: Due to '_pack_', the 'struct_CUDA_ARRAY_DESCRIPTOR_st' Structure will use memory layout compatible with MSVC (Windows). If this is intended, set _layout_ to 'ms'. The implicit default is deprecated and slated to become an error in Python 3.19.
    struct_CUDA_ARRAY_DESCRIPTOR_st._fields_ = [

tinyops/image/blur_test.py::test_blur_color[ksize0]
  /app/.venv/lib/python3.14/site-packages/tinygrad/runtime/autogen/cuda.py:2180: DeprecationWarning: Due to '_pack_', the 'struct_CUDA_ARRAY3D_DESCRIPTOR_st' Structure will use memory layout compatible with MSVC (Windows). If this is intended, set _layout_ to 'ms'. The implicit default is deprecated and slated to become an error in Python 3.19.
    struct_CUDA_ARRAY3D_DESCRIPTOR_st._fields_ = [

tinyops/image/blur_test.py::test_blur_color[ksize0]
  /app/.venv/lib/python3.14/site-packages/tinygrad/runtime/autogen/cuda.py:2199: DeprecationWarning: Due to '_pack_', the 'struct_CUDA_ARRAY_SPARSE_PROPERTIES_st_tileExtent' Structure will use memory layout compatible with MSVC (Windows). If this is intended, set _layout_ to 'ms'. The implicit default is deprecated and slated to become an error in Python 3.19.
    struct_CUDA_ARRAY_SPARSE_PROPERTIES_st_tileExtent._fields_ = [

tinyops/image/blur_test.py::test_blur_color[ksize0]
  /app/.venv/lib/python3.14/site-packages/tinygrad/runtime/autogen/cuda.py:2206: DeprecationWarning: Due to '_pack_', the 'struct_CUDA_ARRAY_SPARSE_PROPERTIES_st' Structure will use memory layout compatible with MSVC (Windows). If this is intended, set _layout_ to 'ms'. The implicit default is deprecated and slated to become an error in Python 3.19.
    struct_CUDA_ARRAY_SPARSE_PROPERTIES_st._fields_ = [

tinyops/image/blur_test.py::test_blur_color[ksize0]
  /app/.venv/lib/python3.14/site-packages/tinygrad/runtime/autogen/cuda.py:2221: DeprecationWarning: Due to '_pack_', the 'struct_CUDA_ARRAY_MEMORY_REQUIREMENTS_st' Structure will use memory layout compatible with MSVC (Windows). If this is intended, set _layout_ to 'ms'. The implicit default is deprecated and slated to become an error in Python 3.19.
    struct_CUDA_ARRAY_MEMORY_REQUIREMENTS_st._fields_ = [

tinyops/image/blur_test.py::test_blur_color[ksize0]
  /app/.venv/lib/python3.14/site-packages/tinygrad/runtime/autogen/cuda.py:2239: DeprecationWarning: Due to '_pack_', the 'struct_CUDA_RESOURCE_DESC_st_0_array' Structure will use memory layout compatible with MSVC (Windows). If this is intended, set _layout_ to 'ms'. The implicit default is deprecated and slated to become an error in Python 3.19.
    struct_CUDA_RESOURCE_DESC_st_0_array._fields_ = [

tinyops/image/blur_test.py::test_blur_color[ksize0]
  /app/.venv/lib/python3.14/site-packages/tinygrad/runtime/autogen/cuda.py:2247: DeprecationWarning: Due to '_pack_', the 'struct_CUDA_RESOURCE_DESC_st_0_mipmap' Structure will use memory layout compatible with MSVC (Windows). If this is intended, set _layout_ to 'ms'. The implicit default is deprecated and slated to become an error in Python 3.19.
    struct_CUDA_RESOURCE_DESC_st_0_mipmap._fields_ = [

tinyops/image/blur_test.py::test_blur_color[ksize0]
  /app/.venv/lib/python3.14/site-packages/tinygrad/runtime/autogen/cuda.py:2255: DeprecationWarning: Due to '_pack_', the 'struct_CUDA_RESOURCE_DESC_st_0_linear' Structure will use memory layout compatible with MSVC (Windows). If this is intended, set _layout_ to 'ms'. The implicit default is deprecated and slated to become an error in Python 3.19.
    struct_CUDA_RESOURCE_DESC_st_0_linear._fields_ = [

tinyops/image/blur_test.py::test_blur_color[ksize0]
  /app/.venv/lib/python3.14/site-packages/tinygrad/runtime/autogen/cuda.py:2266: DeprecationWarning: Due to '_pack_', the 'struct_CUDA_RESOURCE_DESC_st_0_pitch2D' Structure will use memory layout compatible with MSVC (Windows). If this is intended, set _layout_ to 'ms'. The implicit default is deprecated and slated to become an error in Python 3.19.
    struct_CUDA_RESOURCE_DESC_st_0_pitch2D._fields_ = [

tinyops/image/blur_test.py::test_blur_color[ksize0]
  /app/.venv/lib/python3.14/site-packages/tinygrad/runtime/autogen/cuda.py:2279: DeprecationWarning: Due to '_pack_', the 'struct_CUDA_RESOURCE_DESC_st_0_reserved' Structure will use memory layout compatible with MSVC (Windows). If this is intended, set _layout_ to 'ms'. The implicit default is deprecated and slated to become an error in Python 3.19.
    struct_CUDA_RESOURCE_DESC_st_0_reserved._fields_ = [

tinyops/image/blur_test.py::test_blur_color[ksize0]
  /app/.venv/lib/python3.14/site-packages/tinygrad/runtime/autogen/cuda.py:2284: DeprecationWarning: Due to '_pack_', the 'union_CUDA_RESOURCE_DESC_st_res' Union will use memory layout compatible with MSVC (Windows). If this is intended, set _layout_ to 'ms'. The implicit default is deprecated and slated to become an error in Python 3.19.
    union_CUDA_RESOURCE_DESC_st_res._fields_ = [

tinyops/image/blur_test.py::test_blur_color[ksize0]
  /app/.venv/lib/python3.14/site-packages/tinygrad/runtime/autogen/cuda.py:2293: DeprecationWarning: Due to '_pack_', the 'struct_CUDA_RESOURCE_DESC_st' Structure will use memory layout compatible with MSVC (Windows). If this is intended, set _layout_ to 'ms'. The implicit default is deprecated and slated to become an error in Python 3.19.
    struct_CUDA_RESOURCE_DESC_st._fields_ = [

tinyops/image/blur_test.py::test_blur_color[ksize0]
  /app/.venv/lib/python3.14/site-packages/tinygrad/runtime/autogen/cuda.py:2307: DeprecationWarning: Due to '_pack_', the 'struct_CUDA_TEXTURE_DESC_st' Structure will use memory layout compatible with MSVC (Windows). If this is intended, set _layout_ to 'ms'. The implicit default is deprecated and slated to become an error in Python 3.19.
    struct_CUDA_TEXTURE_DESC_st._fields_ = [

tinyops/image/blur_test.py::test_blur_color[ksize0]
  /app/.venv/lib/python3.14/site-packages/tinygrad/runtime/autogen/cuda.py:2403: DeprecationWarning: Due to '_pack_', the 'struct_CUDA_RESOURCE_VIEW_DESC_st' Structure will use memory layout compatible with MSVC (Windows). If this is intended, set _layout_ to 'ms'. The implicit default is deprecated and slated to become an error in Python 3.19.
    struct_CUDA_RESOURCE_VIEW_DESC_st._fields_ = [

tinyops/image/blur_test.py::test_blur_color[ksize0]
  /app/.venv/lib/python3.14/site-packages/tinygrad/runtime/autogen/cuda.py:2422: DeprecationWarning: Due to '_pack_', the 'struct_CUtensorMap_st' Structure will use memory layout compatible with MSVC (Windows). If this is intended, set _layout_ to 'ms'. The implicit default is deprecated and slated to become an error in Python 3.19.
    struct_CUtensorMap_st._fields_ = [

tinyops/image/blur_test.py::test_blur_color[ksize0]
  /app/.venv/lib/python3.14/site-packages/tinygrad/runtime/autogen/cuda.py:2518: DeprecationWarning: Due to '_pack_', the 'struct_CUDA_POINTER_ATTRIBUTE_P2P_TOKENS_st' Structure will use memory layout compatible with MSVC (Windows). If this is intended, set _layout_ to 'ms'. The implicit default is deprecated and slated to become an error in Python 3.19.
    struct_CUDA_POINTER_ATTRIBUTE_P2P_TOKENS_st._fields_ = [

tinyops/image/blur_test.py::test_blur_color[ksize0]
  /app/.venv/lib/python3.14/site-packages/tinygrad/runtime/autogen/cuda.py:2543: DeprecationWarning: Due to '_pack_', the 'struct_CUDA_LAUNCH_PARAMS_st' Structure will use memory layout compatible with MSVC (Windows). If this is intended, set _layout_ to 'ms'. The implicit default is deprecated and slated to become an error in Python 3.19.
    struct_CUDA_LAUNCH_PARAMS_st._fields_ = [

tinyops/image/blur_test.py::test_blur_color[ksize0]
  /app/.venv/lib/python3.14/site-packages/tinygrad/runtime/autogen/cuda.py:2592: DeprecationWarning: Due to '_pack_', the 'struct_CUDA_EXTERNAL_MEMORY_HANDLE_DESC_st_0_win32' Structure will use memory layout compatible with MSVC (Windows). If this is intended, set _layout_ to 'ms'. The implicit default is deprecated and slated to become an error in Python 3.19.
    struct_CUDA_EXTERNAL_MEMORY_HANDLE_DESC_st_0_win32._fields_ = [

tinyops/image/blur_test.py::test_blur_color[ksize0]
  /app/.venv/lib/python3.14/site-packages/tinygrad/runtime/autogen/cuda.py:2598: DeprecationWarning: Due to '_pack_', the 'union_CUDA_EXTERNAL_MEMORY_HANDLE_DESC_st_handle' Union will use memory layout compatible with MSVC (Windows). If this is intended, set _layout_ to 'ms'. The implicit default is deprecated and slated to become an error in Python 3.19.
    union_CUDA_EXTERNAL_MEMORY_HANDLE_DESC_st_handle._fields_ = [

tinyops/image/blur_test.py::test_blur_color[ksize0]
  /app/.venv/lib/python3.14/site-packages/tinygrad/runtime/autogen/cuda.py:2606: DeprecationWarning: Due to '_pack_', the 'struct_CUDA_EXTERNAL_MEMORY_HANDLE_DESC_st' Structure will use memory layout compatible with MSVC (Windows). If this is intended, set _layout_ to 'ms'. The implicit default is deprecated and slated to become an error in Python 3.19.
    struct_CUDA_EXTERNAL_MEMORY_HANDLE_DESC_st._fields_ = [

tinyops/image/blur_test.py::test_blur_color[ksize0]
  /app/.venv/lib/python3.14/site-packages/tinygrad/runtime/autogen/cuda.py:2622: DeprecationWarning: Due to '_pack_', the 'struct_CUDA_EXTERNAL_MEMORY_BUFFER_DESC_st' Structure will use memory layout compatible with MSVC (Windows). If this is intended, set _layout_ to 'ms'. The implicit default is deprecated and slated to become an error in Python 3.19.
    struct_CUDA_EXTERNAL_MEMORY_BUFFER_DESC_st._fields_ = [

tinyops/image/blur_test.py::test_blur_color[ksize0]
  /app/.venv/lib/python3.14/site-packages/tinygrad/runtime/autogen/cuda.py:2636: DeprecationWarning: Due to '_pack_', the 'struct_CUDA_EXTERNAL_MEMORY_MIPMAPPED_ARRAY_DESC_st' Structure will use memory layout compatible with MSVC (Windows). If this is intended, set _layout_ to 'ms'. The implicit default is deprecated and slated to become an error in Python 3.19.
    struct_CUDA_EXTERNAL_MEMORY_MIPMAPPED_ARRAY_DESC_st._fields_ = [

tinyops/image/blur_test.py::test_blur_color[ksize0]
  /app/.venv/lib/python3.14/site-packages/tinygrad/runtime/autogen/cuda.py:2683: DeprecationWarning: Due to '_pack_', the 'struct_CUDA_EXTERNAL_SEMAPHORE_HANDLE_DESC_st_0_win32' Structure will use memory layout compatible with MSVC (Windows). If this is intended, set _layout_ to 'ms'. The implicit default is deprecated and slated to become an error in Python 3.19.
    struct_CUDA_EXTERNAL_SEMAPHORE_HANDLE_DESC_st_0_win32._fields_ = [

tinyops/image/blur_test.py::test_blur_color[ksize0]
  /app/.venv/lib/python3.14/site-packages/tinygrad/runtime/autogen/cuda.py:2689: DeprecationWarning: Due to '_pack_', the 'union_CUDA_EXTERNAL_SEMAPHORE_HANDLE_DESC_st_handle' Union will use memory layout compatible with MSVC (Windows). If this is intended, set _layout_ to 'ms'. The implicit default is deprecated and slated to become an error in Python 3.19.
    union_CUDA_EXTERNAL_SEMAPHORE_HANDLE_DESC_st_handle._fields_ = [

tinyops/image/blur_test.py::test_blur_color[ksize0]
  /app/.venv/lib/python3.14/site-packages/tinygrad/runtime/autogen/cuda.py:2697: DeprecationWarning: Due to '_pack_', the 'struct_CUDA_EXTERNAL_SEMAPHORE_HANDLE_DESC_st' Structure will use memory layout compatible with MSVC (Windows). If this is intended, set _layout_ to 'ms'. The implicit default is deprecated and slated to become an error in Python 3.19.
    struct_CUDA_EXTERNAL_SEMAPHORE_HANDLE_DESC_st._fields_ = [

tinyops/image/blur_test.py::test_blur_color[ksize0]
  /app/.venv/lib/python3.14/site-packages/tinygrad/runtime/autogen/cuda.py:2718: DeprecationWarning: Due to '_pack_', the 'struct_CUDA_EXTERNAL_SEMAPHORE_SIGNAL_PARAMS_st_0_fence' Structure will use memory layout compatible with MSVC (Windows). If this is intended, set _layout_ to 'ms'. The implicit default is deprecated and slated to become an error in Python 3.19.
    struct_CUDA_EXTERNAL_SEMAPHORE_SIGNAL_PARAMS_st_0_fence._fields_ = [

tinyops/image/blur_test.py::test_blur_color[ksize0]
  /app/.venv/lib/python3.14/site-packages/tinygrad/runtime/autogen/cuda.py:2726: DeprecationWarning: Due to '_pack_', the 'union_CUDA_EXTERNAL_SEMAPHORE_SIGNAL_PARAMS_st_0_nvSciSync' Union will use memory layout compatible with MSVC (Windows). If this is intended, set _layout_ to 'ms'. The implicit default is deprecated and slated to become an error in Python 3.19.
    union_CUDA_EXTERNAL_SEMAPHORE_SIGNAL_PARAMS_st_0_nvSciSync._fields_ = [

tinyops/image/blur_test.py::test_blur_color[ksize0]
  /app/.venv/lib/python3.14/site-packages/tinygrad/runtime/autogen/cuda.py:2735: DeprecationWarning: Due to '_pack_', the 'struct_CUDA_EXTERNAL_SEMAPHORE_SIGNAL_PARAMS_st_0_keyedMutex' Structure will use memory layout compatible with MSVC (Windows). If this is intended, set _layout_ to 'ms'. The implicit default is deprecated and slated to become an error in Python 3.19.
    struct_CUDA_EXTERNAL_SEMAPHORE_SIGNAL_PARAMS_st_0_keyedMutex._fields_ = [

tinyops/image/blur_test.py::test_blur_color[ksize0]
  /app/.venv/lib/python3.14/site-packages/tinygrad/runtime/autogen/cuda.py:2740: DeprecationWarning: Due to '_pack_', the 'struct_CUDA_EXTERNAL_SEMAPHORE_SIGNAL_PARAMS_st_params' Structure will use memory layout compatible with MSVC (Windows). If this is intended, set _layout_ to 'ms'. The implicit default is deprecated and slated to become an error in Python 3.19.
    struct_CUDA_EXTERNAL_SEMAPHORE_SIGNAL_PARAMS_st_params._fields_ = [

tinyops/image/blur_test.py::test_blur_color[ksize0]
  /app/.venv/lib/python3.14/site-packages/tinygrad/runtime/autogen/cuda.py:2748: DeprecationWarning: Due to '_pack_', the 'struct_CUDA_EXTERNAL_SEMAPHORE_SIGNAL_PARAMS_st' Structure will use memory layout compatible with MSVC (Windows). If this is intended, set _layout_ to 'ms'. The implicit default is deprecated and slated to become an error in Python 3.19.
    struct_CUDA_EXTERNAL_SEMAPHORE_SIGNAL_PARAMS_st._fields_ = [

tinyops/image/blur_test.py::test_blur_color[ksize0]
  /app/.venv/lib/python3.14/site-packages/tinygrad/runtime/autogen/cuda.py:2767: DeprecationWarning: Due to '_pack_', the 'struct_CUDA_EXTERNAL_SEMAPHORE_WAIT_PARAMS_st_0_fence' Structure will use memory layout compatible with MSVC (Windows). If this is intended, set _layout_ to 'ms'. The implicit default is deprecated and slated to become an error in Python 3.19.
    struct_CUDA_EXTERNAL_SEMAPHORE_WAIT_PARAMS_st_0_fence._fields_ = [

tinyops/image/blur_test.py::test_blur_color[ksize0]
  /app/.venv/lib/python3.14/site-packages/tinygrad/runtime/autogen/cuda.py:2775: DeprecationWarning: Due to '_pack_', the 'union_CUDA_EXTERNAL_SEMAPHORE_WAIT_PARAMS_st_0_nvSciSync' Union will use memory layout compatible with MSVC (Windows). If this is intended, set _layout_ to 'ms'. The implicit default is deprecated and slated to become an error in Python 3.19.
    union_CUDA_EXTERNAL_SEMAPHORE_WAIT_PARAMS_st_0_nvSciSync._fields_ = [

tinyops/image/blur_test.py::test_blur_color[ksize0]
  /app/.venv/lib/python3.14/site-packages/tinygrad/runtime/autogen/cuda.py:2784: DeprecationWarning: Due to '_pack_', the 'struct_CUDA_EXTERNAL_SEMAPHORE_WAIT_PARAMS_st_0_keyedMutex' Structure will use memory layout compatible with MSVC (Windows). If this is intended, set _layout_ to 'ms'. The implicit default is deprecated and slated to become an error in Python 3.19.
    struct_CUDA_EXTERNAL_SEMAPHORE_WAIT_PARAMS_st_0_keyedMutex._fields_ = [

tinyops/image/blur_test.py::test_blur_color[ksize0]
  /app/.venv/lib/python3.14/site-packages/tinygrad/runtime/autogen/cuda.py:2791: DeprecationWarning: Due to '_pack_', the 'struct_CUDA_EXTERNAL_SEMAPHORE_WAIT_PARAMS_st_params' Structure will use memory layout compatible with MSVC (Windows). If this is intended, set _layout_ to 'ms'. The implicit default is deprecated and slated to become an error in Python 3.19.
    struct_CUDA_EXTERNAL_SEMAPHORE_WAIT_PARAMS_st_params._fields_ = [

tinyops/image/blur_test.py::test_blur_color[ksize0]
  /app/.venv/lib/python3.14/site-packages/tinygrad/runtime/autogen/cuda.py:2799: DeprecationWarning: Due to '_pack_', the 'struct_CUDA_EXTERNAL_SEMAPHORE_WAIT_PARAMS_st' Structure will use memory layout compatible with MSVC (Windows). If this is intended, set _layout_ to 'ms'. The implicit default is deprecated and slated to become an error in Python 3.19.
    struct_CUDA_EXTERNAL_SEMAPHORE_WAIT_PARAMS_st._fields_ = [

tinyops/image/blur_test.py::test_blur_color[ksize0]
  /app/.venv/lib/python3.14/site-packages/tinygrad/runtime/autogen/cuda.py:2812: DeprecationWarning: Due to '_pack_', the 'struct_CUDA_EXT_SEM_SIGNAL_NODE_PARAMS_st' Structure will use memory layout compatible with MSVC (Windows). If this is intended, set _layout_ to 'ms'. The implicit default is deprecated and slated to become an error in Python 3.19.
    struct_CUDA_EXT_SEM_SIGNAL_NODE_PARAMS_st._fields_ = [

tinyops/image/blur_test.py::test_blur_color[ksize0]
  /app/.venv/lib/python3.14/site-packages/tinygrad/runtime/autogen/cuda.py:2825: DeprecationWarning: Due to '_pack_', the 'struct_CUDA_EXT_SEM_WAIT_NODE_PARAMS_st' Structure will use memory layout compatible with MSVC (Windows). If this is intended, set _layout_ to 'ms'. The implicit default is deprecated and slated to become an error in Python 3.19.
    struct_CUDA_EXT_SEM_WAIT_NODE_PARAMS_st._fields_ = [

tinyops/image/blur_test.py::test_blur_color[ksize0]
  /app/.venv/lib/python3.14/site-packages/tinygrad/runtime/autogen/cuda.py:2954: DeprecationWarning: Due to '_pack_', the 'union_CUarrayMapInfo_st_resource' Union will use memory layout compatible with MSVC (Windows). If this is intended, set _layout_ to 'ms'. The implicit default is deprecated and slated to become an error in Python 3.19.
    union_CUarrayMapInfo_st_resource._fields_ = [

tinyops/image/blur_test.py::test_blur_color[ksize0]
  /app/.venv/lib/python3.14/site-packages/tinygrad/runtime/autogen/cuda.py:2966: DeprecationWarning: Due to '_pack_', the 'struct_CUarrayMapInfo_st_1_sparseLevel' Structure will use memory layout compatible with MSVC (Windows). If this is intended, set _layout_ to 'ms'. The implicit default is deprecated and slated to become an error in Python 3.19.
    struct_CUarrayMapInfo_st_1_sparseLevel._fields_ = [

tinyops/image/blur_test.py::test_blur_color[ksize0]
  /app/.venv/lib/python3.14/site-packages/tinygrad/runtime/autogen/cuda.py:2981: DeprecationWarning: Due to '_pack_', the 'struct_CUarrayMapInfo_st_1_miptail' Structure will use memory layout compatible with MSVC (Windows). If this is intended, set _layout_ to 'ms'. The implicit default is deprecated and slated to become an error in Python 3.19.
    struct_CUarrayMapInfo_st_1_miptail._fields_ = [

tinyops/image/blur_test.py::test_blur_color[ksize0]
  /app/.venv/lib/python3.14/site-packages/tinygrad/runtime/autogen/cuda.py:2989: DeprecationWarning: Due to '_pack_', the 'union_CUarrayMapInfo_st_subresource' Union will use memory layout compatible with MSVC (Windows). If this is intended, set _layout_ to 'ms'. The implicit default is deprecated and slated to become an error in Python 3.19.
    union_CUarrayMapInfo_st_subresource._fields_ = [

tinyops/image/blur_test.py::test_blur_color[ksize0]
  /app/.venv/lib/python3.14/site-packages/tinygrad/runtime/autogen/cuda.py:2999: DeprecationWarning: Due to '_pack_', the 'union_CUarrayMapInfo_st_memHandle' Union will use memory layout compatible with MSVC (Windows). If this is intended, set _layout_ to 'ms'. The implicit default is deprecated and slated to become an error in Python 3.19.
    union_CUarrayMapInfo_st_memHandle._fields_ = [

tinyops/image/blur_test.py::test_blur_color[ksize0]
  /app/.venv/lib/python3.14/site-packages/tinygrad/runtime/autogen/cuda.py:3004: DeprecationWarning: Due to '_pack_', the 'struct_CUarrayMapInfo_st' Structure will use memory layout compatible with MSVC (Windows). If this is intended, set _layout_ to 'ms'. The implicit default is deprecated and slated to become an error in Python 3.19.
    struct_CUarrayMapInfo_st._fields_ = [

tinyops/image/blur_test.py::test_blur_color[ksize0]
  /app/.venv/lib/python3.14/site-packages/tinygrad/runtime/autogen/cuda.py:3026: DeprecationWarning: Due to '_pack_', the 'struct_CUmemLocation_st' Structure will use memory layout compatible with MSVC (Windows). If this is intended, set _layout_ to 'ms'. The implicit default is deprecated and slated to become an error in Python 3.19.
    struct_CUmemLocation_st._fields_ = [

tinyops/image/blur_test.py::test_blur_color[ksize0]
  /app/.venv/lib/python3.14/site-packages/tinygrad/runtime/autogen/cuda.py:3051: DeprecationWarning: Due to '_pack_', the 'struct_CUmemAllocationProp_st_allocFlags' Structure will use memory layout compatible with MSVC (Windows). If this is intended, set _layout_ to 'ms'. The implicit default is deprecated and slated to become an error in Python 3.19.
    struct_CUmemAllocationProp_st_allocFlags._fields_ = [

tinyops/image/blur_test.py::test_blur_color[ksize0]
  /app/.venv/lib/python3.14/site-packages/tinygrad/runtime/autogen/cuda.py:3059: DeprecationWarning: Due to '_pack_', the 'struct_CUmemAllocationProp_st' Structure will use memory layout compatible with MSVC (Windows). If this is intended, set _layout_ to 'ms'. The implicit default is deprecated and slated to become an error in Python 3.19.
    struct_CUmemAllocationProp_st._fields_ = [

tinyops/image/blur_test.py::test_blur_color[ksize0]
  /app/.venv/lib/python3.14/site-packages/tinygrad/runtime/autogen/cuda.py:3069: DeprecationWarning: Due to '_pack_', the 'struct_CUmemAccessDesc_st' Structure will use memory layout compatible with MSVC (Windows). If this is intended, set _layout_ to 'ms'. The implicit default is deprecated and slated to become an error in Python 3.19.
    class struct_CUmemAccessDesc_st(Structure):

tinyops/image/blur_test.py::test_blur_color[ksize0]
  /app/.venv/lib/python3.14/site-packages/tinygrad/runtime/autogen/cuda.py:3107: DeprecationWarning: Due to '_pack_', the 'struct_CUgraphExecUpdateResultInfo_st' Structure will use memory layout compatible with MSVC (Windows). If this is intended, set _layout_ to 'ms'. The implicit default is deprecated and slated to become an error in Python 3.19.
    struct_CUgraphExecUpdateResultInfo_st._fields_ = [

tinyops/image/blur_test.py::test_blur_color[ksize0]
  /app/.venv/lib/python3.14/site-packages/tinygrad/runtime/autogen/cuda.py:3143: DeprecationWarning: Due to '_pack_', the 'struct_CUmemPoolProps_st' Structure will use memory layout compatible with MSVC (Windows). If this is intended, set _layout_ to 'ms'. The implicit default is deprecated and slated to become an error in Python 3.19.
    struct_CUmemPoolProps_st._fields_ = [

tinyops/image/blur_test.py::test_blur_color[ksize0]
  /app/.venv/lib/python3.14/site-packages/tinygrad/runtime/autogen/cuda.py:3157: DeprecationWarning: Due to '_pack_', the 'struct_CUmemPoolPtrExportData_st' Structure will use memory layout compatible with MSVC (Windows). If this is intended, set _layout_ to 'ms'. The implicit default is deprecated and slated to become an error in Python 3.19.
    struct_CUmemPoolPtrExportData_st._fields_ = [

tinyops/image/blur_test.py::test_blur_color[ksize0]
  /app/.venv/lib/python3.14/site-packages/tinygrad/runtime/autogen/cuda.py:3167: DeprecationWarning: Due to '_pack_', the 'struct_CUDA_MEM_ALLOC_NODE_PARAMS_st' Structure will use memory layout compatible with MSVC (Windows). If this is intended, set _layout_ to 'ms'. The implicit default is deprecated and slated to become an error in Python 3.19.
    struct_CUDA_MEM_ALLOC_NODE_PARAMS_st._fields_ = [

tinyops/image/blur_test.py::test_blur_color[ksize0]
  /app/.venv/lib/python3.14/site-packages/tinygrad/runtime/autogen/cuda.py:5638: DeprecationWarning: Due to '_pack_', the 'struct_CUDA_MEMCPY2D_v1_st' Structure will use memory layout compatible with MSVC (Windows). If this is intended, set _layout_ to 'ms'. The implicit default is deprecated and slated to become an error in Python 3.19.
    struct_CUDA_MEMCPY2D_v1_st._fields_ = [

tinyops/image/blur_test.py::test_blur_color[ksize0]
  /app/.venv/lib/python3.14/site-packages/tinygrad/runtime/autogen/cuda.py:5666: DeprecationWarning: Due to '_pack_', the 'struct_CUDA_MEMCPY3D_v1_st' Structure will use memory layout compatible with MSVC (Windows). If this is intended, set _layout_ to 'ms'. The implicit default is deprecated and slated to become an error in Python 3.19.
    struct_CUDA_MEMCPY3D_v1_st._fields_ = [

tinyops/image/blur_test.py::test_blur_color[ksize0]
  /app/.venv/lib/python3.14/site-packages/tinygrad/runtime/autogen/cuda.py:5704: DeprecationWarning: Due to '_pack_', the 'struct_CUDA_ARRAY_DESCRIPTOR_v1_st' Structure will use memory layout compatible with MSVC (Windows). If this is intended, set _layout_ to 'ms'. The implicit default is deprecated and slated to become an error in Python 3.19.
    struct_CUDA_ARRAY_DESCRIPTOR_v1_st._fields_ = [

tinyops/image/blur_test.py::test_blur_color[ksize0]
  /app/.venv/lib/python3.14/site-packages/tinygrad/runtime/autogen/cuda.py:5716: DeprecationWarning: Due to '_pack_', the 'struct_CUDA_ARRAY3D_DESCRIPTOR_v1_st' Structure will use memory layout compatible with MSVC (Windows). If this is intended, set _layout_ to 'ms'. The implicit default is deprecated and slated to become an error in Python 3.19.
    struct_CUDA_ARRAY3D_DESCRIPTOR_v1_st._fields_ = [

tinyops/image/blur_test.py::test_blur_color[ksize0]
  /app/.venv/lib/python3.14/site-packages/tinygrad/runtime/autogen/kgsl.py:374: DeprecationWarning: Due to '_pack_', the 'struct_kgsl_devinfo' Structure will use memory layout compatible with MSVC (Windows). If this is intended, set _layout_ to 'ms'. The implicit default is deprecated and slated to become an error in Python 3.19.
    struct_kgsl_devinfo._fields_ = [

tinyops/image/blur_test.py::test_blur_color[ksize0]
  /app/.venv/lib/python3.14/site-packages/tinygrad/runtime/autogen/kgsl.py:389: DeprecationWarning: Due to '_pack_', the 'struct_kgsl_devmemstore' Structure will use memory layout compatible with MSVC (Windows). If this is intended, set _layout_ to 'ms'. The implicit default is deprecated and slated to become an error in Python 3.19.
    struct_kgsl_devmemstore._fields_ = [

tinyops/image/blur_test.py::test_blur_color[ksize0]
  /app/.venv/lib/python3.14/site-packages/tinygrad/runtime/autogen/kgsl.py:419: DeprecationWarning: Due to '_pack_', the 'struct_kgsl_shadowprop' Structure will use memory layout compatible with MSVC (Windows). If this is intended, set _layout_ to 'ms'. The implicit default is deprecated and slated to become an error in Python 3.19.
    struct_kgsl_shadowprop._fields_ = [

tinyops/image/blur_test.py::test_blur_color[ksize0]
  /app/.venv/lib/python3.14/site-packages/tinygrad/runtime/autogen/kgsl.py:430: DeprecationWarning: Due to '_pack_', the 'struct_kgsl_version' Structure will use memory layout compatible with MSVC (Windows). If this is intended, set _layout_ to 'ms'. The implicit default is deprecated and slated to become an error in Python 3.19.
    struct_kgsl_version._fields_ = [

tinyops/image/blur_test.py::test_blur_color[ksize0]
  /app/.venv/lib/python3.14/site-packages/tinygrad/runtime/autogen/kgsl.py:441: DeprecationWarning: Due to '_pack_', the 'struct_kgsl_sp_generic_mem' Structure will use memory layout compatible with MSVC (Windows). If this is intended, set _layout_ to 'ms'. The implicit default is deprecated and slated to become an error in Python 3.19.
    struct_kgsl_sp_generic_mem._fields_ = [

tinyops/image/blur_test.py::test_blur_color[ksize0]
  /app/.venv/lib/python3.14/site-packages/tinygrad/runtime/autogen/kgsl.py:450: DeprecationWarning: Due to '_pack_', the 'struct_kgsl_ucode_version' Structure will use memory layout compatible with MSVC (Windows). If this is intended, set _layout_ to 'ms'. The implicit default is deprecated and slated to become an error in Python 3.19.
    struct_kgsl_ucode_version._fields_ = [

tinyops/image/blur_test.py::test_blur_color[ksize0]
  /app/.venv/lib/python3.14/site-packages/tinygrad/runtime/autogen/kgsl.py:459: DeprecationWarning: Due to '_pack_', the 'struct_kgsl_gpmu_version' Structure will use memory layout compatible with MSVC (Windows). If this is intended, set _layout_ to 'ms'. The implicit default is deprecated and slated to become an error in Python 3.19.
    struct_kgsl_gpmu_version._fields_ = [

tinyops/image/blur_test.py::test_blur_color[ksize0]
  /app/.venv/lib/python3.14/site-packages/tinygrad/runtime/autogen/kgsl.py:469: DeprecationWarning: Due to '_pack_', the 'struct_kgsl_ibdesc' Structure will use memory layout compatible with MSVC (Windows). If this is intended, set _layout_ to 'ms'. The implicit default is deprecated and slated to become an error in Python 3.19.
    struct_kgsl_ibdesc._fields_ = [

tinyops/image/blur_test.py::test_blur_color[ksize0]
  /app/.venv/lib/python3.14/site-packages/tinygrad/runtime/autogen/kgsl.py:481: DeprecationWarning: Due to '_pack_', the 'struct_kgsl_cmdbatch_profiling_buffer' Structure will use memory layout compatible with MSVC (Windows). If this is intended, set _layout_ to 'ms'. The implicit default is deprecated and slated to become an error in Python 3.19.
    struct_kgsl_cmdbatch_profiling_buffer._fields_ = [

tinyops/image/blur_test.py::test_blur_color[ksize0]
  /app/.venv/lib/python3.14/site-packages/tinygrad/runtime/autogen/kgsl.py:493: DeprecationWarning: Due to '_pack_', the 'struct_kgsl_device_getproperty' Structure will use memory layout compatible with MSVC (Windows). If this is intended, set _layout_ to 'ms'. The implicit default is deprecated and slated to become an error in Python 3.19.
    struct_kgsl_device_getproperty._fields_ = [

tinyops/image/blur_test.py::test_blur_color[ksize0]
  /app/.venv/lib/python3.14/site-packages/tinygrad/runtime/autogen/kgsl.py:506: DeprecationWarning: Due to '_pack_', the 'struct_kgsl_device_waittimestamp' Structure will use memory layout compatible with MSVC (Windows). If this is intended, set _layout_ to 'ms'. The implicit default is deprecated and slated to become an error in Python 3.19.
    struct_kgsl_device_waittimestamp._fields_ = [

tinyops/image/blur_test.py::test_blur_color[ksize0]
  /app/.venv/lib/python3.14/site-packages/tinygrad/runtime/autogen/kgsl.py:516: DeprecationWarning: Due to '_pack_', the 'struct_kgsl_device_waittimestamp_ctxtid' Structure will use memory layout compatible with MSVC (Windows). If this is intended, set _layout_ to 'ms'. The implicit default is deprecated and slated to become an error in Python 3.19.
    struct_kgsl_device_waittimestamp_ctxtid._fields_ = [

tinyops/image/blur_test.py::test_blur_color[ksize0]
  /app/.venv/lib/python3.14/site-packages/tinygrad/runtime/autogen/kgsl.py:527: DeprecationWarning: Due to '_pack_', the 'struct_kgsl_ringbuffer_issueibcmds' Structure will use memory layout compatible with MSVC (Windows). If this is intended, set _layout_ to 'ms'. The implicit default is deprecated and slated to become an error in Python 3.19.
    struct_kgsl_ringbuffer_issueibcmds._fields_ = [

tinyops/image/blur_test.py::test_blur_color[ksize0]
  /app/.venv/lib/python3.14/site-packages/tinygrad/runtime/autogen/kgsl.py:542: DeprecationWarning: Due to '_pack_', the 'struct_kgsl_cmdstream_readtimestamp' Structure will use memory layout compatible with MSVC (Windows). If this is intended, set _layout_ to 'ms'. The implicit default is deprecated and slated to become an error in Python 3.19.
    struct_kgsl_cmdstream_readtimestamp._fields_ = [

tinyops/image/blur_test.py::test_blur_color[ksize0]
  /app/.venv/lib/python3.14/site-packages/tinygrad/runtime/autogen/kgsl.py:553: DeprecationWarning: Due to '_pack_', the 'struct_kgsl_cmdstream_freememontimestamp' Structure will use memory layout compatible with MSVC (Windows). If this is intended, set _layout_ to 'ms'. The implicit default is deprecated and slated to become an error in Python 3.19.
    struct_kgsl_cmdstream_freememontimestamp._fields_ = [

tinyops/image/blur_test.py::test_blur_color[ksize0]
  /app/.venv/lib/python3.14/site-packages/tinygrad/runtime/autogen/kgsl.py:565: DeprecationWarning: Due to '_pack_', the 'struct_kgsl_drawctxt_create' Structure will use memory layout compatible with MSVC (Windows). If this is intended, set _layout_ to 'ms'. The implicit default is deprecated and slated to become an error in Python 3.19.
    struct_kgsl_drawctxt_create._fields_ = [

tinyops/image/blur_test.py::test_blur_color[ksize0]
  /app/.venv/lib/python3.14/site-packages/tinygrad/runtime/autogen/kgsl.py:575: DeprecationWarning: Due to '_pack_', the 'struct_kgsl_drawctxt_destroy' Structure will use memory layout compatible with MSVC (Windows). If this is intended, set _layout_ to 'ms'. The implicit default is deprecated and slated to become an error in Python 3.19.
    struct_kgsl_drawctxt_destroy._fields_ = [

tinyops/image/blur_test.py::test_blur_color[ksize0]
  /app/.venv/lib/python3.14/site-packages/tinygrad/runtime/autogen/kgsl.py:584: DeprecationWarning: Due to '_pack_', the 'struct_kgsl_map_user_mem' Structure will use memory layout compatible with MSVC (Windows). If this is intended, set _layout_ to 'ms'. The implicit default is deprecated and slated to become an error in Python 3.19.
    struct_kgsl_map_user_mem._fields_ = [

tinyops/image/blur_test.py::test_blur_color[ksize0]
  /app/.venv/lib/python3.14/site-packages/tinygrad/runtime/autogen/kgsl.py:600: DeprecationWarning: Due to '_pack_', the 'struct_kgsl_cmdstream_readtimestamp_ctxtid' Structure will use memory layout compatible with MSVC (Windows). If this is intended, set _layout_ to 'ms'. The implicit default is deprecated and slated to become an error in Python 3.19.
    struct_kgsl_cmdstream_readtimestamp_ctxtid._fields_ = [

tinyops/image/blur_test.py::test_blur_color[ksize0]
  /app/.venv/lib/python3.14/site-packages/tinygrad/runtime/autogen/kgsl.py:611: DeprecationWarning: Due to '_pack_', the 'struct_kgsl_cmdstream_freememontimestamp_ctxtid' Structure will use memory layout compatible with MSVC (Windows). If this is intended, set _layout_ to 'ms'. The implicit default is deprecated and slated to become an error in Python 3.19.
    struct_kgsl_cmdstream_freememontimestamp_ctxtid._fields_ = [

tinyops/image/blur_test.py::test_blur_color[ksize0]
  /app/.venv/lib/python3.14/site-packages/tinygrad/runtime/autogen/kgsl.py:624: DeprecationWarning: Due to '_pack_', the 'struct_kgsl_sharedmem_from_pmem' Structure will use memory layout compatible with MSVC (Windows). If this is intended, set _layout_ to 'ms'. The implicit default is deprecated and slated to become an error in Python 3.19.
    struct_kgsl_sharedmem_from_pmem._fields_ = [

tinyops/image/blur_test.py::test_blur_color[ksize0]
  /app/.venv/lib/python3.14/site-packages/tinygrad/runtime/autogen/kgsl.py:637: DeprecationWarning: Due to '_pack_', the 'struct_kgsl_sharedmem_free' Structure will use memory layout compatible with MSVC (Windows). If this is intended, set _layout_ to 'ms'. The implicit default is deprecated and slated to become an error in Python 3.19.
    struct_kgsl_sharedmem_free._fields_ = [

tinyops/image/blur_test.py::test_blur_color[ksize0]
  /app/.venv/lib/python3.14/site-packages/tinygrad/runtime/autogen/kgsl.py:647: DeprecationWarning: Due to '_pack_', the 'struct_kgsl_cff_user_event' Structure will use memory layout compatible with MSVC (Windows). If this is intended, set _layout_ to 'ms'. The implicit default is deprecated and slated to become an error in Python 3.19.
    struct_kgsl_cff_user_event._fields_ = [

tinyops/image/blur_test.py::test_blur_color[ksize0]
  /app/.venv/lib/python3.14/site-packages/tinygrad/runtime/autogen/kgsl.py:663: DeprecationWarning: Due to '_pack_', the 'struct_kgsl_gmem_desc' Structure will use memory layout compatible with MSVC (Windows). If this is intended, set _layout_ to 'ms'. The implicit default is deprecated and slated to become an error in Python 3.19.
    struct_kgsl_gmem_desc._fields_ = [

tinyops/image/blur_test.py::test_blur_color[ksize0]
  /app/.venv/lib/python3.14/site-packages/tinygrad/runtime/autogen/kgsl.py:675: DeprecationWarning: Due to '_pack_', the 'struct_kgsl_buffer_desc' Structure will use memory layout compatible with MSVC (Windows). If this is intended, set _layout_ to 'ms'. The implicit default is deprecated and slated to become an error in Python 3.19.
    struct_kgsl_buffer_desc._fields_ = [

tinyops/image/blur_test.py::test_blur_color[ksize0]
  /app/.venv/lib/python3.14/site-packages/tinygrad/runtime/autogen/kgsl.py:688: DeprecationWarning: Due to '_pack_', the 'struct_kgsl_bind_gmem_shadow' Structure will use memory layout compatible with MSVC (Windows). If this is intended, set _layout_ to 'ms'. The implicit default is deprecated and slated to become an error in Python 3.19.
    struct_kgsl_bind_gmem_shadow._fields_ = [

tinyops/image/blur_test.py::test_blur_color[ksize0]
  /app/.venv/lib/python3.14/site-packages/tinygrad/runtime/autogen/kgsl.py:703: DeprecationWarning: Due to '_pack_', the 'struct_kgsl_sharedmem_from_vmalloc' Structure will use memory layout compatible with MSVC (Windows). If this is intended, set _layout_ to 'ms'. The implicit default is deprecated and slated to become an error in Python 3.19.
    struct_kgsl_sharedmem_from_vmalloc._fields_ = [

tinyops/image/blur_test.py::test_blur_color[ksize0]
  /app/.venv/lib/python3.14/site-packages/tinygrad/runtime/autogen/kgsl.py:714: DeprecationWarning: Due to '_pack_', the 'struct_kgsl_drawctxt_set_bin_base_offset' Structure will use memory layout compatible with MSVC (Windows). If this is intended, set _layout_ to 'ms'. The implicit default is deprecated and slated to become an error in Python 3.19.
    struct_kgsl_drawctxt_set_bin_base_offset._fields_ = [

tinyops/image/blur_test.py::test_blur_color[ksize0]
  /app/.venv/lib/python3.14/site-packages/tinygrad/runtime/autogen/kgsl.py:741: DeprecationWarning: Due to '_pack_', the 'struct_kgsl_cmdwindow_write' Structure will use memory layout compatible with MSVC (Windows). If this is intended, set _layout_ to 'ms'. The implicit default is deprecated and slated to become an error in Python 3.19.
    struct_kgsl_cmdwindow_write._fields_ = [

tinyops/image/blur_test.py::test_blur_color[ksize0]
  /app/.venv/lib/python3.14/site-packages/tinygrad/runtime/autogen/kgsl.py:752: DeprecationWarning: Due to '_pack_', the 'struct_kgsl_gpumem_alloc' Structure will use memory layout compatible with MSVC (Windows). If this is intended, set _layout_ to 'ms'. The implicit default is deprecated and slated to become an error in Python 3.19.
    struct_kgsl_gpumem_alloc._fields_ = [

tinyops/image/blur_test.py::test_blur_color[ksize0]
  /app/.venv/lib/python3.14/site-packages/tinygrad/runtime/autogen/kgsl.py:764: DeprecationWarning: Due to '_pack_', the 'struct_kgsl_cff_syncmem' Structure will use memory layout compatible with MSVC (Windows). If this is intended, set _layout_ to 'ms'. The implicit default is deprecated and slated to become an error in Python 3.19.
    struct_kgsl_cff_syncmem._fields_ = [

tinyops/image/blur_test.py::test_blur_color[ksize0]
  /app/.venv/lib/python3.14/site-packages/tinygrad/runtime/autogen/kgsl.py:775: DeprecationWarning: Due to '_pack_', the 'struct_kgsl_timestamp_event' Structure will use memory layout compatible with MSVC (Windows). If this is intended, set _layout_ to 'ms'. The implicit default is deprecated and slated to become an error in Python 3.19.
    struct_kgsl_timestamp_event._fields_ = [

tinyops/image/blur_test.py::test_blur_color[ksize0]
  /app/.venv/lib/python3.14/site-packages/tinygrad/runtime/autogen/kgsl.py:790: DeprecationWarning: Due to '_pack_', the 'struct_kgsl_timestamp_event_genlock' Structure will use memory layout compatible with MSVC (Windows). If this is intended, set _layout_ to 'ms'. The implicit default is deprecated and slated to become an error in Python 3.19.
    struct_kgsl_timestamp_event_genlock._fields_ = [

tinyops/image/blur_test.py::test_blur_color[ksize0]
  /app/.venv/lib/python3.14/site-packages/tinygrad/runtime/autogen/kgsl.py:798: DeprecationWarning: Due to '_pack_', the 'struct_kgsl_timestamp_event_fence' Structure will use memory layout compatible with MSVC (Windows). If this is intended, set _layout_ to 'ms'. The implicit default is deprecated and slated to become an error in Python 3.19.
    struct_kgsl_timestamp_event_fence._fields_ = [

tinyops/image/blur_test.py::test_blur_color[ksize0]
  /app/.venv/lib/python3.14/site-packages/tinygrad/runtime/autogen/kgsl.py:806: DeprecationWarning: Due to '_pack_', the 'struct_kgsl_gpumem_alloc_id' Structure will use memory layout compatible with MSVC (Windows). If this is intended, set _layout_ to 'ms'. The implicit default is deprecated and slated to become an error in Python 3.19.
    struct_kgsl_gpumem_alloc_id._fields_ = [

tinyops/image/blur_test.py::test_blur_color[ksize0]
  /app/.venv/lib/python3.14/site-packages/tinygrad/runtime/autogen/kgsl.py:820: DeprecationWarning: Due to '_pack_', the 'struct_kgsl_gpumem_free_id' Structure will use memory layout compatible with MSVC (Windows). If this is intended, set _layout_ to 'ms'. The implicit default is deprecated and slated to become an error in Python 3.19.
    struct_kgsl_gpumem_free_id._fields_ = [

tinyops/image/blur_test.py::test_blur_color[ksize0]
  /app/.venv/lib/python3.14/site-packages/tinygrad/runtime/autogen/kgsl.py:830: DeprecationWarning: Due to '_pack_', the 'struct_kgsl_gpumem_get_info' Structure will use memory layout compatible with MSVC (Windows). If this is intended, set _layout_ to 'ms'. The implicit default is deprecated and slated to become an error in Python 3.19.
    struct_kgsl_gpumem_get_info._fields_ = [

tinyops/image/blur_test.py::test_blur_color[ksize0]
  /app/.venv/lib/python3.14/site-packages/tinygrad/runtime/autogen/kgsl.py:845: DeprecationWarning: Due to '_pack_', the 'struct_kgsl_gpumem_sync_cache' Structure will use memory layout compatible with MSVC (Windows). If this is intended, set _layout_ to 'ms'. The implicit default is deprecated and slated to become an error in Python 3.19.
    struct_kgsl_gpumem_sync_cache._fields_ = [

tinyops/image/blur_test.py::test_blur_color[ksize0]
  /app/.venv/lib/python3.14/site-packages/tinygrad/runtime/autogen/kgsl.py:858: DeprecationWarning: Due to '_pack_', the 'struct_kgsl_perfcounter_get' Structure will use memory layout compatible with MSVC (Windows). If this is intended, set _layout_ to 'ms'. The implicit default is deprecated and slated to become an error in Python 3.19.
    struct_kgsl_perfcounter_get._fields_ = [

tinyops/image/blur_test.py::test_blur_color[ksize0]
  /app/.venv/lib/python3.14/site-packages/tinygrad/runtime/autogen/kgsl.py:871: DeprecationWarning: Due to '_pack_', the 'struct_kgsl_perfcounter_put' Structure will use memory layout compatible with MSVC (Windows). If this is intended, set _layout_ to 'ms'. The implicit default is deprecated and slated to become an error in Python 3.19.
    struct_kgsl_perfcounter_put._fields_ = [

tinyops/image/blur_test.py::test_blur_color[ksize0]
  /app/.venv/lib/python3.14/site-packages/tinygrad/runtime/autogen/kgsl.py:882: DeprecationWarning: Due to '_pack_', the 'struct_kgsl_perfcounter_query' Structure will use memory layout compatible with MSVC (Windows). If this is intended, set _layout_ to 'ms'. The implicit default is deprecated and slated to become an error in Python 3.19.
    struct_kgsl_perfcounter_query._fields_ = [

tinyops/image/blur_test.py::test_blur_color[ksize0]
  /app/.venv/lib/python3.14/site-packages/tinygrad/runtime/autogen/kgsl.py:896: DeprecationWarning: Due to '_pack_', the 'struct_kgsl_perfcounter_read_group' Structure will use memory layout compatible with MSVC (Windows). If this is intended, set _layout_ to 'ms'. The implicit default is deprecated and slated to become an error in Python 3.19.
    struct_kgsl_perfcounter_read_group._fields_ = [

tinyops/image/blur_test.py::test_blur_color[ksize0]
  /app/.venv/lib/python3.14/site-packages/tinygrad/runtime/autogen/kgsl.py:906: DeprecationWarning: Due to '_pack_', the 'struct_kgsl_perfcounter_read' Structure will use memory layout compatible with MSVC (Windows). If this is intended, set _layout_ to 'ms'. The implicit default is deprecated and slated to become an error in Python 3.19.
    struct_kgsl_perfcounter_read._fields_ = [

tinyops/image/blur_test.py::test_blur_color[ksize0]
  /app/.venv/lib/python3.14/site-packages/tinygrad/runtime/autogen/kgsl.py:918: DeprecationWarning: Due to '_pack_', the 'struct_kgsl_gpumem_sync_cache_bulk' Structure will use memory layout compatible with MSVC (Windows). If this is intended, set _layout_ to 'ms'. The implicit default is deprecated and slated to become an error in Python 3.19.
    struct_kgsl_gpumem_sync_cache_bulk._fields_ = [

tinyops/image/blur_test.py::test_blur_color[ksize0]
  /app/.venv/lib/python3.14/site-packages/tinygrad/runtime/autogen/kgsl.py:930: DeprecationWarning: Due to '_pack_', the 'struct_kgsl_cmd_syncpoint_timestamp' Structure will use memory layout compatible with MSVC (Windows). If this is intended, set _layout_ to 'ms'. The implicit default is deprecated and slated to become an error in Python 3.19.
    struct_kgsl_cmd_syncpoint_timestamp._fields_ = [

tinyops/image/blur_test.py::test_blur_color[ksize0]
  /app/.venv/lib/python3.14/site-packages/tinygrad/runtime/autogen/kgsl.py:939: DeprecationWarning: Due to '_pack_', the 'struct_kgsl_cmd_syncpoint_fence' Structure will use memory layout compatible with MSVC (Windows). If this is intended, set _layout_ to 'ms'. The implicit default is deprecated and slated to become an error in Python 3.19.
    struct_kgsl_cmd_syncpoint_fence._fields_ = [

tinyops/image/blur_test.py::test_blur_color[ksize0]
  /app/.venv/lib/python3.14/site-packages/tinygrad/runtime/autogen/kgsl.py:947: DeprecationWarning: Due to '_pack_', the 'struct_kgsl_cmd_syncpoint' Structure will use memory layout compatible with MSVC (Windows). If this is intended, set _layout_ to 'ms'. The implicit default is deprecated and slated to become an error in Python 3.19.
    struct_kgsl_cmd_syncpoint._fields_ = [

tinyops/image/blur_test.py::test_blur_color[ksize0]
  /app/.venv/lib/python3.14/site-packages/tinygrad/runtime/autogen/kgsl.py:958: DeprecationWarning: Due to '_pack_', the 'struct_kgsl_submit_commands' Structure will use memory layout compatible with MSVC (Windows). If this is intended, set _layout_ to 'ms'. The implicit default is deprecated and slated to become an error in Python 3.19.
    struct_kgsl_submit_commands._fields_ = [

tinyops/image/blur_test.py::test_blur_color[ksize0]
  /app/.venv/lib/python3.14/site-packages/tinygrad/runtime/autogen/kgsl.py:975: DeprecationWarning: Due to '_pack_', the 'struct_kgsl_device_constraint' Structure will use memory layout compatible with MSVC (Windows). If this is intended, set _layout_ to 'ms'. The implicit default is deprecated and slated to become an error in Python 3.19.
    struct_kgsl_device_constraint._fields_ = [

tinyops/image/blur_test.py::test_blur_color[ksize0]
  /app/.venv/lib/python3.14/site-packages/tinygrad/runtime/autogen/kgsl.py:986: DeprecationWarning: Due to '_pack_', the 'struct_kgsl_device_constraint_pwrlevel' Structure will use memory layout compatible with MSVC (Windows). If this is intended, set _layout_ to 'ms'. The implicit default is deprecated and slated to become an error in Python 3.19.
    struct_kgsl_device_constraint_pwrlevel._fields_ = [

tinyops/image/blur_test.py::test_blur_color[ksize0]
  /app/.venv/lib/python3.14/site-packages/tinygrad/runtime/autogen/kgsl.py:994: DeprecationWarning: Due to '_pack_', the 'struct_kgsl_syncsource_create' Structure will use memory layout compatible with MSVC (Windows). If this is intended, set _layout_ to 'ms'. The implicit default is deprecated and slated to become an error in Python 3.19.
    struct_kgsl_syncsource_create._fields_ = [

tinyops/image/blur_test.py::test_blur_color[ksize0]
  /app/.venv/lib/python3.14/site-packages/tinygrad/runtime/autogen/kgsl.py:1004: DeprecationWarning: Due to '_pack_', the 'struct_kgsl_syncsource_destroy' Structure will use memory layout compatible with MSVC (Windows). If this is intended, set _layout_ to 'ms'. The implicit default is deprecated and slated to become an error in Python 3.19.
    struct_kgsl_syncsource_destroy._fields_ = [

tinyops/image/blur_test.py::test_blur_color[ksize0]
  /app/.venv/lib/python3.14/site-packages/tinygrad/runtime/autogen/kgsl.py:1014: DeprecationWarning: Due to '_pack_', the 'struct_kgsl_syncsource_create_fence' Structure will use memory layout compatible with MSVC (Windows). If this is intended, set _layout_ to 'ms'. The implicit default is deprecated and slated to become an error in Python 3.19.
    struct_kgsl_syncsource_create_fence._fields_ = [

tinyops/image/blur_test.py::test_blur_color[ksize0]
  /app/.venv/lib/python3.14/site-packages/tinygrad/runtime/autogen/kgsl.py:1025: DeprecationWarning: Due to '_pack_', the 'struct_kgsl_syncsource_signal_fence' Structure will use memory layout compatible with MSVC (Windows). If this is intended, set _layout_ to 'ms'. The implicit default is deprecated and slated to become an error in Python 3.19.
    struct_kgsl_syncsource_signal_fence._fields_ = [

tinyops/image/blur_test.py::test_blur_color[ksize0]
  /app/.venv/lib/python3.14/site-packages/tinygrad/runtime/autogen/kgsl.py:1036: DeprecationWarning: Due to '_pack_', the 'struct_kgsl_cff_sync_gpuobj' Structure will use memory layout compatible with MSVC (Windows). If this is intended, set _layout_ to 'ms'. The implicit default is deprecated and slated to become an error in Python 3.19.
    struct_kgsl_cff_sync_gpuobj._fields_ = [

tinyops/image/blur_test.py::test_blur_color[ksize0]
  /app/.venv/lib/python3.14/site-packages/tinygrad/runtime/autogen/kgsl.py:1048: DeprecationWarning: Due to '_pack_', the 'struct_kgsl_gpuobj_alloc' Structure will use memory layout compatible with MSVC (Windows). If this is intended, set _layout_ to 'ms'. The implicit default is deprecated and slated to become an error in Python 3.19.
    struct_kgsl_gpuobj_alloc._fields_ = [

tinyops/image/blur_test.py::test_blur_color[ksize0]
  /app/.venv/lib/python3.14/site-packages/tinygrad/runtime/autogen/kgsl.py:1063: DeprecationWarning: Due to '_pack_', the 'struct_kgsl_gpuobj_free' Structure will use memory layout compatible with MSVC (Windows). If this is intended, set _layout_ to 'ms'. The implicit default is deprecated and slated to become an error in Python 3.19.
    struct_kgsl_gpuobj_free._fields_ = [

tinyops/image/blur_test.py::test_blur_color[ksize0]
  /app/.venv/lib/python3.14/site-packages/tinygrad/runtime/autogen/kgsl.py:1077: DeprecationWarning: Due to '_pack_', the 'struct_kgsl_gpu_event_timestamp' Structure will use memory layout compatible with MSVC (Windows). If this is intended, set _layout_ to 'ms'. The implicit default is deprecated and slated to become an error in Python 3.19.
    struct_kgsl_gpu_event_timestamp._fields_ = [

tinyops/image/blur_test.py::test_blur_color[ksize0]
  /app/.venv/lib/python3.14/site-packages/tinygrad/runtime/autogen/kgsl.py:1086: DeprecationWarning: Due to '_pack_', the 'struct_kgsl_gpu_event_fence' Structure will use memory layout compatible with MSVC (Windows). If this is intended, set _layout_ to 'ms'. The implicit default is deprecated and slated to become an error in Python 3.19.
    struct_kgsl_gpu_event_fence._fields_ = [

tinyops/image/blur_test.py::test_blur_color[ksize0]
  /app/.venv/lib/python3.14/site-packages/tinygrad/runtime/autogen/kgsl.py:1094: DeprecationWarning: Due to '_pack_', the 'struct_kgsl_gpuobj_info' Structure will use memory layout compatible with MSVC (Windows). If this is intended, set _layout_ to 'ms'. The implicit default is deprecated and slated to become an error in Python 3.19.
    struct_kgsl_gpuobj_info._fields_ = [

tinyops/image/blur_test.py::test_blur_color[ksize0]
  /app/.venv/lib/python3.14/site-packages/tinygrad/runtime/autogen/kgsl.py:1109: DeprecationWarning: Due to '_pack_', the 'struct_kgsl_gpuobj_import' Structure will use memory layout compatible with MSVC (Windows). If this is intended, set _layout_ to 'ms'. The implicit default is deprecated and slated to become an error in Python 3.19.
    struct_kgsl_gpuobj_import._fields_ = [

tinyops/image/blur_test.py::test_blur_color[ksize0]
  /app/.venv/lib/python3.14/site-packages/tinygrad/runtime/autogen/kgsl.py:1122: DeprecationWarning: Due to '_pack_', the 'struct_kgsl_gpuobj_import_dma_buf' Structure will use memory layout compatible with MSVC (Windows). If this is intended, set _layout_ to 'ms'. The implicit default is deprecated and slated to become an error in Python 3.19.
    struct_kgsl_gpuobj_import_dma_buf._fields_ = [

tinyops/image/blur_test.py::test_blur_color[ksize0]
  /app/.venv/lib/python3.14/site-packages/tinygrad/runtime/autogen/kgsl.py:1130: DeprecationWarning: Due to '_pack_', the 'struct_kgsl_gpuobj_import_useraddr' Structure will use memory layout compatible with MSVC (Windows). If this is intended, set _layout_ to 'ms'. The implicit default is deprecated and slated to become an error in Python 3.19.
    struct_kgsl_gpuobj_import_useraddr._fields_ = [

tinyops/image/blur_test.py::test_blur_color[ksize0]
  /app/.venv/lib/python3.14/site-packages/tinygrad/runtime/autogen/kgsl.py:1138: DeprecationWarning: Due to '_pack_', the 'struct_kgsl_gpuobj_sync_obj' Structure will use memory layout compatible with MSVC (Windows). If this is intended, set _layout_ to 'ms'. The implicit default is deprecated and slated to become an error in Python 3.19.
    struct_kgsl_gpuobj_sync_obj._fields_ = [

tinyops/image/blur_test.py::test_blur_color[ksize0]
  /app/.venv/lib/python3.14/site-packages/tinygrad/runtime/autogen/kgsl.py:1149: DeprecationWarning: Due to '_pack_', the 'struct_kgsl_gpuobj_sync' Structure will use memory layout compatible with MSVC (Windows). If this is intended, set _layout_ to 'ms'. The implicit default is deprecated and slated to become an error in Python 3.19.
    struct_kgsl_gpuobj_sync._fields_ = [

tinyops/image/blur_test.py::test_blur_color[ksize0]
  /app/.venv/lib/python3.14/site-packages/tinygrad/runtime/autogen/kgsl.py:1160: DeprecationWarning: Due to '_pack_', the 'struct_kgsl_command_object' Structure will use memory layout compatible with MSVC (Windows). If this is intended, set _layout_ to 'ms'. The implicit default is deprecated and slated to become an error in Python 3.19.
    struct_kgsl_command_object._fields_ = [

tinyops/image/blur_test.py::test_blur_color[ksize0]
  /app/.venv/lib/python3.14/site-packages/tinygrad/runtime/autogen/kgsl.py:1172: DeprecationWarning: Due to '_pack_', the 'struct_kgsl_command_syncpoint' Structure will use memory layout compatible with MSVC (Windows). If this is intended, set _layout_ to 'ms'. The implicit default is deprecated and slated to become an error in Python 3.19.
    struct_kgsl_command_syncpoint._fields_ = [

tinyops/image/blur_test.py::test_blur_color[ksize0]
  /app/.venv/lib/python3.14/site-packages/tinygrad/runtime/autogen/kgsl.py:1183: DeprecationWarning: Due to '_pack_', the 'struct_kgsl_gpu_command' Structure will use memory layout compatible with MSVC (Windows). If this is intended, set _layout_ to 'ms'. The implicit default is deprecated and slated to become an error in Python 3.19.
    struct_kgsl_gpu_command._fields_ = [

tinyops/image/blur_test.py::test_blur_color[ksize0]
  /app/.venv/lib/python3.14/site-packages/tinygrad/runtime/autogen/kgsl.py:1203: DeprecationWarning: Due to '_pack_', the 'struct_kgsl_preemption_counters_query' Structure will use memory layout compatible with MSVC (Windows). If this is intended, set _layout_ to 'ms'. The implicit default is deprecated and slated to become an error in Python 3.19.
    struct_kgsl_preemption_counters_query._fields_ = [

tinyops/image/blur_test.py::test_blur_color[ksize0]
  /app/.venv/lib/python3.14/site-packages/tinygrad/runtime/autogen/kgsl.py:1216: DeprecationWarning: Due to '_pack_', the 'struct_kgsl_gpuobj_set_info' Structure will use memory layout compatible with MSVC (Windows). If this is intended, set _layout_ to 'ms'. The implicit default is deprecated and slated to become an error in Python 3.19.
    struct_kgsl_gpuobj_set_info._fields_ = [

tinyops/image/blur_test.py::test_blur_color[ksize0]
  /app/.venv/lib/python3.14/site-packages/tinygrad/runtime/autogen/opencl.py:716: DeprecationWarning: Due to '_pack_', the 'struct__cl_image_format' Structure will use memory layout compatible with MSVC (Windows). If this is intended, set _layout_ to 'ms'. The implicit default is deprecated and slated to become an error in Python 3.19.
    struct__cl_image_format._fields_ = [

tinyops/image/blur_test.py::test_blur_color[ksize0]
  /app/.venv/lib/python3.14/site-packages/tinygrad/runtime/autogen/opencl.py:729: DeprecationWarning: Due to '_pack_', the 'union__cl_image_desc_0' Union will use memory layout compatible with MSVC (Windows). If this is intended, set _layout_ to 'ms'. The implicit default is deprecated and slated to become an error in Python 3.19.
    union__cl_image_desc_0._fields_ = [

tinyops/image/blur_test.py::test_blur_color[ksize0]
  /app/.venv/lib/python3.14/site-packages/tinygrad/runtime/autogen/opencl.py:736: DeprecationWarning: Due to '_pack_', the 'struct__cl_image_desc' Structure will use memory layout compatible with MSVC (Windows). If this is intended, set _layout_ to 'ms'. The implicit default is deprecated and slated to become an error in Python 3.19.
    struct__cl_image_desc._fields_ = [

tinyops/image/blur_test.py::test_blur_color[ksize0]
  /app/.venv/lib/python3.14/site-packages/tinygrad/runtime/autogen/opencl.py:755: DeprecationWarning: Due to '_pack_', the 'struct__cl_buffer_region' Structure will use memory layout compatible with MSVC (Windows). If this is intended, set _layout_ to 'ms'. The implicit default is deprecated and slated to become an error in Python 3.19.
    struct__cl_buffer_region._fields_ = [

tinyops/image/blur_test.py::test_blur_color[ksize0]
  /app/.venv/lib/python3.14/site-packages/tinygrad/runtime/autogen/opencl.py:765: DeprecationWarning: Due to '_pack_', the 'struct__cl_name_version' Structure will use memory layout compatible with MSVC (Windows). If this is intended, set _layout_ to 'ms'. The implicit default is deprecated and slated to become an error in Python 3.19.
    struct__cl_name_version._fields_ = [

-- Docs: https://docs.pytest.org/en/stable/how-to/capture-warnings.html
====================== 53 passed, 2433 warnings in 8.92s =======================
